Archive member included to satisfy reference by file (symbol)

/home/albertojor/riscv64-unknown-elf-gcc-8.3.0-2019.08.0-x86_64-linux-ubuntu14/bin/../lib/gcc/riscv64-unknown-elf/8.3.0/../../../../riscv64-unknown-elf/lib/rv32imac/ilp32/libc_nano.a(lib_a-printf.o)
                              /tmp/ccafaId4.o (printf)
/home/albertojor/riscv64-unknown-elf-gcc-8.3.0-2019.08.0-x86_64-linux-ubuntu14/bin/../lib/gcc/riscv64-unknown-elf/8.3.0/../../../../riscv64-unknown-elf/lib/rv32imac/ilp32/libc_nano.a(lib_a-putchar.o)
                              /tmp/ccafaId4.o (putchar)
/home/albertojor/riscv64-unknown-elf-gcc-8.3.0-2019.08.0-x86_64-linux-ubuntu14/bin/../lib/gcc/riscv64-unknown-elf/8.3.0/../../../../riscv64-unknown-elf/lib/rv32imac/ilp32/libc_nano.a(lib_a-putc.o)
                              /home/albertojor/riscv64-unknown-elf-gcc-8.3.0-2019.08.0-x86_64-linux-ubuntu14/bin/../lib/gcc/riscv64-unknown-elf/8.3.0/../../../../riscv64-unknown-elf/lib/rv32imac/ilp32/libc_nano.a(lib_a-putchar.o) (_putc_r)
/home/albertojor/riscv64-unknown-elf-gcc-8.3.0-2019.08.0-x86_64-linux-ubuntu14/bin/../lib/gcc/riscv64-unknown-elf/8.3.0/../../../../riscv64-unknown-elf/lib/rv32imac/ilp32/libc_nano.a(lib_a-puts.o)
                              /tmp/ccafaId4.o (puts)
/home/albertojor/riscv64-unknown-elf-gcc-8.3.0-2019.08.0-x86_64-linux-ubuntu14/bin/../lib/gcc/riscv64-unknown-elf/8.3.0/../../../../riscv64-unknown-elf/lib/rv32imac/ilp32/libc_nano.a(lib_a-wbuf.o)
                              /home/albertojor/riscv64-unknown-elf-gcc-8.3.0-2019.08.0-x86_64-linux-ubuntu14/bin/../lib/gcc/riscv64-unknown-elf/8.3.0/../../../../riscv64-unknown-elf/lib/rv32imac/ilp32/libc_nano.a(lib_a-putc.o) (__swbuf_r)
/home/albertojor/riscv64-unknown-elf-gcc-8.3.0-2019.08.0-x86_64-linux-ubuntu14/bin/../lib/gcc/riscv64-unknown-elf/8.3.0/../../../../riscv64-unknown-elf/lib/rv32imac/ilp32/libc_nano.a(lib_a-wsetup.o)
                              /home/albertojor/riscv64-unknown-elf-gcc-8.3.0-2019.08.0-x86_64-linux-ubuntu14/bin/../lib/gcc/riscv64-unknown-elf/8.3.0/../../../../riscv64-unknown-elf/lib/rv32imac/ilp32/libc_nano.a(lib_a-puts.o) (__swsetup_r)
/home/albertojor/riscv64-unknown-elf-gcc-8.3.0-2019.08.0-x86_64-linux-ubuntu14/bin/../lib/gcc/riscv64-unknown-elf/8.3.0/../../../../riscv64-unknown-elf/lib/rv32imac/ilp32/libc_nano.a(lib_a-fflush.o)
                              /home/albertojor/riscv64-unknown-elf-gcc-8.3.0-2019.08.0-x86_64-linux-ubuntu14/bin/../lib/gcc/riscv64-unknown-elf/8.3.0/../../../../riscv64-unknown-elf/lib/rv32imac/ilp32/libc_nano.a(lib_a-wbuf.o) (_fflush_r)
/home/albertojor/riscv64-unknown-elf-gcc-8.3.0-2019.08.0-x86_64-linux-ubuntu14/bin/../lib/gcc/riscv64-unknown-elf/8.3.0/../../../../riscv64-unknown-elf/lib/rv32imac/ilp32/libc_nano.a(lib_a-findfp.o)
                              /home/albertojor/riscv64-unknown-elf-gcc-8.3.0-2019.08.0-x86_64-linux-ubuntu14/bin/../lib/gcc/riscv64-unknown-elf/8.3.0/../../../../riscv64-unknown-elf/lib/rv32imac/ilp32/libc_nano.a(lib_a-printf.o) (__sinit)
/home/albertojor/riscv64-unknown-elf-gcc-8.3.0-2019.08.0-x86_64-linux-ubuntu14/bin/../lib/gcc/riscv64-unknown-elf/8.3.0/../../../../riscv64-unknown-elf/lib/rv32imac/ilp32/libc_nano.a(lib_a-fwalk.o)
                              /home/albertojor/riscv64-unknown-elf-gcc-8.3.0-2019.08.0-x86_64-linux-ubuntu14/bin/../lib/gcc/riscv64-unknown-elf/8.3.0/../../../../riscv64-unknown-elf/lib/rv32imac/ilp32/libc_nano.a(lib_a-findfp.o) (_fwalk)
/home/albertojor/riscv64-unknown-elf-gcc-8.3.0-2019.08.0-x86_64-linux-ubuntu14/bin/../lib/gcc/riscv64-unknown-elf/8.3.0/../../../../riscv64-unknown-elf/lib/rv32imac/ilp32/libc_nano.a(lib_a-impure.o)
                              /home/albertojor/riscv64-unknown-elf-gcc-8.3.0-2019.08.0-x86_64-linux-ubuntu14/bin/../lib/gcc/riscv64-unknown-elf/8.3.0/../../../../riscv64-unknown-elf/lib/rv32imac/ilp32/libc_nano.a(lib_a-fflush.o) (_global_impure_ptr)
/home/albertojor/riscv64-unknown-elf-gcc-8.3.0-2019.08.0-x86_64-linux-ubuntu14/bin/../lib/gcc/riscv64-unknown-elf/8.3.0/../../../../riscv64-unknown-elf/lib/rv32imac/ilp32/libc_nano.a(lib_a-makebuf.o)
                              /home/albertojor/riscv64-unknown-elf-gcc-8.3.0-2019.08.0-x86_64-linux-ubuntu14/bin/../lib/gcc/riscv64-unknown-elf/8.3.0/../../../../riscv64-unknown-elf/lib/rv32imac/ilp32/libc_nano.a(lib_a-wsetup.o) (__smakebuf_r)
/home/albertojor/riscv64-unknown-elf-gcc-8.3.0-2019.08.0-x86_64-linux-ubuntu14/bin/../lib/gcc/riscv64-unknown-elf/8.3.0/../../../../riscv64-unknown-elf/lib/rv32imac/ilp32/libc_nano.a(lib_a-memset.o)
                              /home/albertojor/riscv64-unknown-elf-gcc-8.3.0-2019.08.0-x86_64-linux-ubuntu14/bin/../lib/gcc/riscv64-unknown-elf/8.3.0/../../../../riscv64-unknown-elf/lib/rv32imac/ilp32/libc_nano.a(lib_a-findfp.o) (memset)
/home/albertojor/riscv64-unknown-elf-gcc-8.3.0-2019.08.0-x86_64-linux-ubuntu14/bin/../lib/gcc/riscv64-unknown-elf/8.3.0/../../../../riscv64-unknown-elf/lib/rv32imac/ilp32/libc_nano.a(lib_a-nano-freer.o)
[...]
Memory Configuration

Name             Origin             Length             Attributes
flash            0x0000000020400000 0x000000001fc00000 axrl !w
itim             0x0000000008000000 0x0000000000004000 xw !arl
ram              0x0000000080000000 0x0000000000080000 axw !rl
*default*        0x0000000000000000 0xffffffffffffffff

Linker script and memory map

LOAD /tmp/ccafaId4.o
START GROUP
LOAD /home/albertojor/riscv64-unknown-elf-gcc-8.3.0-2019.08.0-x86_64-linux-ubuntu14/bin/../lib/gcc/riscv64-unknown-elf/8.3.0/../../../../riscv64-unknown-elf/lib/rv32imac/ilp32/libc_nano.a
LOAD /home/albertojor/riscv64-unknown-elf-gcc-8.3.0-2019.08.0-x86_64-linux-ubuntu14/bin/../lib/gcc/riscv64-unknown-elf/8.3.0/rv32imac/ilp32/libgcc.a
LOAD /home/albertojor/riscv64-unknown-elf-gcc-8.3.0-2019.08.0-x86_64-linux-ubuntu14/bin/../lib/gcc/riscv64-unknown-elf/8.3.0/../../../../riscv64-unknown-elf/lib/rv32imac/ilp32/libm.a
LOAD /home/albertojor/GitHub/freedom-e-sdk/bsp/freedom-e310-arty-xmem/install/lib/debug//libmetal.a
LOAD /home/albertojor/GitHub/freedom-e-sdk/bsp/freedom-e310-arty-xmem/install/lib/debug//libmetal-gloss.a
END GROUP
                0x0000000000000400                __stack_size = DEFINED (__stack_size)?__stack_size:0x400
                [!provide]                        PROVIDE (__stack_size = __stack_size)
                0x0000000000000800                __heap_size = DEFINED (__heap_size)?__heap_size:0x800
                0x0000000000000000                PROVIDE (__metal_boot_hart = 0x0)
                0x0000000000000000                PROVIDE (__metal_chicken_bit = 0x0)

.init           0x0000000020400000      0x194
 *(.text.metal.init.enter)
 .text.metal.init.enter
                0x0000000020400000       0x60 /home/albertojor/GitHub/freedom-e-sdk/bsp/freedom-e310-arty-xmem/install/lib/debug//libmetal.a(libriscv__mmachine__freedom-e310-arty-xmem_a-entry.o)
                0x0000000020400000                _enter
 *(.text.metal.init.*)
 *fill*         0x0000000020400060        0x0 
 .text.metal.init.trapvec
                0x0000000020400060        0xe /home/albertojor/GitHub/freedom-e-sdk/bsp/freedom-e310-arty-xmem/install/lib/debug//libmetal.a(libriscv__mmachine__freedom-e310-arty-xmem_a-entry.o)
 .text.metal.init.__register_frame_info
                0x000000002040006e        0x2 /home/albertojor/GitHub/freedom-e-sdk/bsp/freedom-e310-arty-xmem/install/lib/debug//libmetal.a(libriscv__mmachine__freedom-e310-arty-xmem_a-entry.o)
                0x000000002040006e                __register_frame_info
 *(SORT_NONE(.init))
 .init          0x0000000020400070        0xe /home/albertojor/GitHub/freedom-e-sdk/bsp/freedom-e310-arty-xmem/install/lib/debug//libmetal.a(libriscv__mmachine__freedom-e310-arty-xmem_a-synchronize_harts.o)
                0x0000000020400070                __metal_synchronize_harts
 *(.text.libgloss.start)
 .text.libgloss.start
                0x000000002040007e      0x116 /home/albertojor/GitHub/freedom-e-sdk/bsp/freedom-e310-arty-xmem/install/lib/debug//libmetal-gloss.a(crt0.o)
                0x000000002040007e                _start
                0x0000000020400174                _init
                0x0000000020400174                _fini
                0x0000000020400176                secondary_main

.fini
 *(SORT_NONE(.fini))

.text           0x0000000020400200     0x4f80
 *(.text.unlikely .text.unlikely.*)
 *(.text.startup .text.startup.*)
 *(.text .text.*)
 .text.printC   0x0000000020400200       0xb8 /tmp/ccafaId4.o
                0x0000000020400200                printC
 .text.RAND     0x00000000204002b8       0x44 /tmp/ccafaId4.o
                0x00000000204002b8                RAND
 .text.SEED     0x00000000204002fc       0x20 /tmp/ccafaId4.o
                0x00000000204002fc                SEED
 .text.rdcycle  0x000000002040031c       0x1e /tmp/ccafaId4.o
                0x000000002040031c                rdcycle
 .text.main     0x000000002040033a       0xb6 /tmp/ccafaId4.o
                0x000000002040033a                main
 .text.printf   0x00000000204003f0       0x44 /home/albertojor/riscv64-unknown-elf-gcc-8.3.0-2019.08.0-x86_64-linux-ubuntu14/bin/../lib/gcc/riscv64-unknown-elf/8.3.0/../../../../riscv64-unknown-elf/lib/rv32imac/ilp32/libc_nano.a(lib_a-printf.o)
                0x00000000204003f0                printf
                0x00000000204003f0                iprintf
 .text.putchar  0x0000000020400434       0x2c /home/albertojor/riscv64-unknown-elf-gcc-8.3.0-2019.08.0-x86_64-linux-ubuntu14/bin/../lib/gcc/riscv64-unknown-elf/8.3.0/../../../../riscv64-unknown-elf/lib/rv32imac/ilp32/libc_nano.a(lib_a-putchar.o)
                0x0000000020400434                putchar
 .text._putc_r  0x0000000020400460       0x82 /home/albertojor/riscv64-unknown-elf-gcc-8.3.0-2019.08.0-x86_64-linux-ubuntu14/bin/../lib/gcc/riscv64-unknown-elf/8.3.0/../../../../riscv64-unknown-elf/lib/rv32imac/ilp32/libc_nano.a(lib_a-putc.o)
                0x0000000020400460                _putc_r
 .text._puts_r  0x00000000204004e2       0xda /home/albertojor/riscv64-unknown-elf-gcc-8.3.0-2019.08.0-x86_64-linux-ubuntu14/bin/../lib/gcc/riscv64-unknown-elf/8.3.0/../../../../riscv64-unknown-elf/lib/rv32imac/ilp32/libc_nano.a(lib_a-puts.o)
                0x00000000204004e2                _puts_r
 .text.puts     0x00000000204005bc        0xe /home/albertojor/riscv64-unknown-elf-gcc-8.3.0-2019.08.0-x86_64-linux-ubuntu14/bin/../lib/gcc/riscv64-unknown-elf/8.3.0/../../../../riscv64-unknown-elf/lib/rv32imac/ilp32/libc_nano.a(lib_a-puts.o)
                0x00000000204005bc                puts
 .text.__swbuf_r
                0x00000000204005ca       0xc0 /home/albertojor/riscv64-unknown-elf-gcc-8.3.0-2019.08.0-x86_64-linux-ubuntu14/bin/../lib/gcc/riscv64-unknown-elf/8.3.0/../../../../riscv64-unknown-elf/lib/rv32imac/ilp32/libc_nano.a(lib_a-wbuf.o)
                0x00000000204005ca                __swbuf_r
 .text.__swsetup_r
                0x000000002040068a      0x110 /home/albertojor/riscv64-unknown-elf-gcc-8.3.0-2019.08.0-x86_64-linux-ubuntu14/bin/../lib/gcc/riscv64-unknown-elf/8.3.0/../../../../riscv64-unknown-elf/lib/rv32imac/ilp32/libc_nano.a(lib_a-wsetup.o)
                0x000000002040068a                __swsetup_r
 .text.__sflush_r
                0x000000002040079a      0x14a /home/albertojor/riscv64-unknown-elf-gcc-8.3.0-2019.08.0-x86_64-linux-ubuntu14/bin/../lib/gcc/riscv64-unknown-elf/8.3.0/../../../../riscv64-unknown-elf/lib/rv32imac/ilp32/libc_nano.a(lib_a-fflush.o)
                0x000000002040079a                __sflush_r
 .text._fflush_r
                0x00000000204008e4       0x64 /home/albertojor/riscv64-unknown-elf-gcc-8.3.0-2019.08.0-x86_64-linux-ubuntu14/bin/../lib/gcc/riscv64-unknown-elf/8.3.0/../../../../riscv64-unknown-elf/lib/rv32imac/ilp32/libc_nano.a(lib_a-fflush.o)
                0x00000000204008e4                _fflush_r
 .text.std      0x0000000020400948       0x68 /home/albertojor/riscv64-unknown-elf-gcc-8.3.0-2019.08.0-x86_64-linux-ubuntu14/bin/../lib/gcc/riscv64-unknown-elf/8.3.0/../../../../riscv64-unknown-elf/lib/rv32imac/ilp32/libc_nano.a(lib_a-findfp.o)
 .text._cleanup_r
                0x00000000204009b0        0xa /home/albertojor/riscv64-unknown-elf-gcc-8.3.0-2019.08.0-x86_64-linux-ubuntu14/bin/../lib/gcc/riscv64-unknown-elf/8.3.0/../../../../riscv64-unknown-elf/lib/rv32imac/ilp32/libc_nano.a(lib_a-findfp.o)
                0x00000000204009b0                _cleanup_r
 .text.__sfmoreglue
                0x00000000204009ba       0x44 /home/albertojor/riscv64-unknown-elf-gcc-8.3.0-2019.08.0-x86_64-linux-ubuntu14/bin/../lib/gcc/riscv64-unknown-elf/8.3.0/../../../../riscv64-unknown-elf/lib/rv32imac/ilp32/libc_nano.a(lib_a-findfp.o)
                0x00000000204009ba                __sfmoreglue
 .text.__sinit  0x00000000204009fe       0x6a /home/albertojor/riscv64-unknown-elf-gcc-8.3.0-2019.08.0-x86_64-linux-ubuntu14/bin/../lib/gcc/riscv64-unknown-elf/8.3.0/../../../../riscv64-unknown-elf/lib/rv32imac/ilp32/libc_nano.a(lib_a-findfp.o)
                0x00000000204009fe                __sinit
 .text.__sfp    0x0000000020400a68       0x9e /home/albertojor/riscv64-unknown-elf-gcc-8.3.0-2019.08.0-x86_64-linux-ubuntu14/bin/../lib/gcc/riscv64-unknown-elf/8.3.0/../../../../riscv64-unknown-elf/lib/rv32imac/ilp32/libc_nano.a(lib_a-findfp.o)
                0x0000000020400a68                __sfp
 .text._fwalk_reent
                0x0000000020400b06       0x6c /home/albertojor/riscv64-unknown-elf-gcc-8.3.0-2019.08.0-x86_64-linux-ubuntu14/bin/../lib/gcc/riscv64-unknown-elf/8.3.0/../../../../riscv64-unknown-elf/lib/rv32imac/ilp32/libc_nano.a(lib_a-fwalk.o)
                0x0000000020400b06                _fwalk_reent
 .text.__swhatbuf_r
                0x0000000020400b72       0x58 /home/albertojor/riscv64-unknown-elf-gcc-8.3.0-2019.08.0-x86_64-linux-ubuntu14/bin/../lib/gcc/riscv64-unknown-elf/8.3.0/../../../../riscv64-unknown-elf/lib/rv32imac/ilp32/libc_nano.a(lib_a-makebuf.o)
                0x0000000020400b72                __swhatbuf_r
 .text.__smakebuf_r
                0x0000000020400bca       0x9c /home/albertojor/riscv64-unknown-elf-gcc-8.3.0-2019.08.0-x86_64-linux-ubuntu14/bin/../lib/gcc/riscv64-unknown-elf/8.3.0/../../../../riscv64-unknown-elf/lib/rv32imac/ilp32/libc_nano.a(lib_a-makebuf.o)
                0x0000000020400bca                __smakebuf_r
 .text          0x0000000020400c66       0xa8 /home/albertojor/riscv64-unknown-elf-gcc-8.3.0-2019.08.0-x86_64-linux-ubuntu14/bin/../lib/gcc/riscv64-unknown-elf/8.3.0/../../../../riscv64-unknown-elf/lib/rv32imac/ilp32/libc_nano.a(lib_a-memset.o)
                0x0000000020400c66                memset
 .text._free_r  0x0000000020400d0e       0xac /home/albertojor/riscv64-unknown-elf-gcc-8.3.0-2019.08.0-x86_64-linux-ubuntu14/bin/../lib/gcc/riscv64-unknown-elf/8.3.0/../../../../riscv64-unknown-elf/lib/rv32imac/ilp32/libc_nano.a(lib_a-nano-freer.o)
                0x0000000020400d0e                _free_r
 .text._malloc_r
                0x0000000020400dba       0xde /home/albertojor/riscv64-unknown-elf-gcc-8.3.0-2019.08.0-x86_64-linux-ubuntu14/bin/../lib/gcc/riscv64-unknown-elf/8.3.0/../../../../riscv64-unknown-elf/lib/rv32imac/ilp32/libc_nano.a(lib_a-nano-mallocr.o)
                0x0000000020400dba                _malloc_r
 .text.__sfputc_r
                0x0000000020400e98       0x2a /home/albertojor/riscv64-unknown-elf-gcc-8.3.0-2019.08.0-x86_64-linux-ubuntu14/bin/../lib/gcc/riscv64-unknown-elf/8.3.0/../../../../riscv64-unknown-elf/lib/rv32imac/ilp32/libc_nano.a(lib_a-nano-vfprintf.o)
 .text.__sfputs_r
                0x0000000020400ec2       0x42 /home/albertojor/riscv64-unknown-elf-gcc-8.3.0-2019.08.0-x86_64-linux-ubuntu14/bin/../lib/gcc/riscv64-unknown-elf/8.3.0/../../../../riscv64-unknown-elf/lib/rv32imac/ilp32/libc_nano.a(lib_a-nano-vfprintf.o)
                0x0000000020400ec2                __sfputs_r
 .text._vfprintf_r
                0x0000000020400f04      0x298 /home/albertojor/riscv64-unknown-elf-gcc-8.3.0-2019.08.0-x86_64-linux-ubuntu14/bin/../lib/gcc/riscv64-unknown-elf/8.3.0/../../../../riscv64-unknown-elf/lib/rv32imac/ilp32/libc_nano.a(lib_a-nano-vfprintf.o)
                0x0000000020400f04                _vfiprintf_r
                0x0000000020400f04                _vfprintf_r
 .text._sbrk_r  0x000000002040119c       0x28 /home/albertojor/riscv64-unknown-elf-gcc-8.3.0-2019.08.0-x86_64-linux-ubuntu14/bin/../lib/gcc/riscv64-unknown-elf/8.3.0/../../../../riscv64-unknown-elf/lib/rv32imac/ilp32/libc_nano.a(lib_a-sbrkr.o)
                0x000000002040119c                _sbrk_r
 .text.__sread  0x00000000204011c4       0x30 /home/albertojor/riscv64-unknown-elf-gcc-8.3.0-2019.08.0-x86_64-linux-ubuntu14/bin/../lib/gcc/riscv64-unknown-elf/8.3.0/../../../../riscv64-unknown-elf/lib/rv32imac/ilp32/libc_nano.a(lib_a-stdio.o)
                0x00000000204011c4                __sread
 .text.__swrite
                0x00000000204011f4       0x4e /home/albertojor/riscv64-unknown-elf-gcc-8.3.0-2019.08.0-x86_64-linux-ubuntu14/bin/../lib/gcc/riscv64-unknown-elf/8.3.0/../../../../riscv64-unknown-elf/lib/rv32imac/ilp32/libc_nano.a(lib_a-stdio.o)
                0x00000000204011f4                __swrite
 .text.__sseek  0x0000000020401242       0x36 /home/albertojor/riscv64-unknown-elf-gcc-8.3.0-2019.08.0-x86_64-linux-ubuntu14/bin/../lib/gcc/riscv64-unknown-elf/8.3.0/../../../../riscv64-unknown-elf/lib/rv32imac/ilp32/libc_nano.a(lib_a-stdio.o)
                0x0000000020401242                __sseek
 .text.__sclose
                0x0000000020401278        0x6 /home/albertojor/riscv64-unknown-elf-gcc-8.3.0-2019.08.0-x86_64-linux-ubuntu14/bin/../lib/gcc/riscv64-unknown-elf/8.3.0/../../../../riscv64-unknown-elf/lib/rv32imac/ilp32/libc_nano.a(lib_a-stdio.o)
                0x0000000020401278                __sclose
 .text._write_r
                0x000000002040127e       0x2c /home/albertojor/riscv64-unknown-elf-gcc-8.3.0-2019.08.0-x86_64-linux-ubuntu14/bin/../lib/gcc/riscv64-unknown-elf/8.3.0/../../../../riscv64-unknown-elf/lib/rv32imac/ilp32/libc_nano.a(lib_a-writer.o)
                0x000000002040127e                _write_r
 .text._close_r
                0x00000000204012aa       0x28 /home/albertojor/riscv64-unknown-elf-gcc-8.3.0-2019.08.0-x86_64-linux-ubuntu14/bin/../lib/gcc/riscv64-unknown-elf/8.3.0/../../../../riscv64-unknown-elf/lib/rv32imac/ilp32/libc_nano.a(lib_a-closer.o)
                0x00000000204012aa                _close_r
 .text._fstat_r
                0x00000000204012d2       0x2a /home/albertojor/riscv64-unknown-elf-gcc-8.3.0-2019.08.0-x86_64-linux-ubuntu14/bin/../lib/gcc/riscv64-unknown-elf/8.3.0/../../../../riscv64-unknown-elf/lib/rv32imac/ilp32/libc_nano.a(lib_a-fstatr.o)
                0x00000000204012d2                _fstat_r
 .text._isatty_r
                0x00000000204012fc       0x28 /home/albertojor/riscv64-unknown-elf-gcc-8.3.0-2019.08.0-x86_64-linux-ubuntu14/bin/../lib/gcc/riscv64-unknown-elf/8.3.0/../../../../riscv64-unknown-elf/lib/rv32imac/ilp32/libc_nano.a(lib_a-isattyr.o)
                0x00000000204012fc                _isatty_r
 .text._lseek_r
                0x0000000020401324       0x2c /home/albertojor/riscv64-unknown-elf-gcc-8.3.0-2019.08.0-x86_64-linux-ubuntu14/bin/../lib/gcc/riscv64-unknown-elf/8.3.0/../../../../riscv64-unknown-elf/lib/rv32imac/ilp32/libc_nano.a(lib_a-lseekr.o)
                0x0000000020401324                _lseek_r
 .text.memchr   0x0000000020401350       0x1a /home/albertojor/riscv64-unknown-elf-gcc-8.3.0-2019.08.0-x86_64-linux-ubuntu14/bin/../lib/gcc/riscv64-unknown-elf/8.3.0/../../../../riscv64-unknown-elf/lib/rv32imac/ilp32/libc_nano.a(lib_a-memchr.o)
                0x0000000020401350                memchr
 .text.__malloc_lock
                0x000000002040136a        0x2 /home/albertojor/riscv64-unknown-elf-gcc-8.3.0-2019.08.0-x86_64-linux-ubuntu14/bin/../lib/gcc/riscv64-unknown-elf/8.3.0/../../../../riscv64-unknown-elf/lib/rv32imac/ilp32/libc_nano.a(lib_a-mlock.o)
                0x000000002040136a                __malloc_lock
 .text.__malloc_unlock
                0x000000002040136c        0x2 /home/albertojor/riscv64-unknown-elf-gcc-8.3.0-2019.08.0-x86_64-linux-ubuntu14/bin/../lib/gcc/riscv64-unknown-elf/8.3.0/../../../../riscv64-unknown-elf/lib/rv32imac/ilp32/libc_nano.a(lib_a-mlock.o)
                0x000000002040136c                __malloc_unlock
 .text._printf_common
                0x000000002040136e      0x10c /home/albertojor/riscv64-unknown-elf-gcc-8.3.0-2019.08.0-x86_64-linux-ubuntu14/bin/../lib/gcc/riscv64-unknown-elf/8.3.0/../../../../riscv64-unknown-elf/lib/rv32imac/ilp32/libc_nano.a(lib_a-nano-vfprintf_i.o)
                0x000000002040136e                _printf_common
 .text._printf_i
                0x000000002040147a      0x2a2 /home/albertojor/riscv64-unknown-elf-gcc-8.3.0-2019.08.0-x86_64-linux-ubuntu14/bin/../lib/gcc/riscv64-unknown-elf/8.3.0/../../../../riscv64-unknown-elf/lib/rv32imac/ilp32/libc_nano.a(lib_a-nano-vfprintf_i.o)
                0x000000002040147a                _printf_i
 .text._read_r  0x000000002040171c       0x2c /home/albertojor/riscv64-unknown-elf-gcc-8.3.0-2019.08.0-x86_64-linux-ubuntu14/bin/../lib/gcc/riscv64-unknown-elf/8.3.0/../../../../riscv64-unknown-elf/lib/rv32imac/ilp32/libc_nano.a(lib_a-readr.o)
                0x000000002040171c                _read_r
 .text._close   0x0000000020401748       0x22 /home/albertojor/GitHub/freedom-e-sdk/bsp/freedom-e310-arty-xmem/install/lib/debug//libmetal-gloss.a(sys_close.o)
                0x0000000020401748                _close
 .text._fstat   0x000000002040176a       0x26 /home/albertojor/GitHub/freedom-e-sdk/bsp/freedom-e310-arty-xmem/install/lib/debug//libmetal-gloss.a(sys_fstat.o)
                0x000000002040176a                _fstat
 .text._isatty  0x0000000020401790       0x20 /home/albertojor/GitHub/freedom-e-sdk/bsp/freedom-e310-arty-xmem/install/lib/debug//libmetal-gloss.a(sys_isatty.o)
                0x0000000020401790                _isatty
 .text._lseek   0x00000000204017b0       0x2a /home/albertojor/GitHub/freedom-e-sdk/bsp/freedom-e310-arty-xmem/install/lib/debug//libmetal-gloss.a(sys_lseek.o)
                0x00000000204017b0                _lseek
 .text._read    0x00000000204017da       0x2a /home/albertojor/GitHub/freedom-e-sdk/bsp/freedom-e310-arty-xmem/install/lib/debug//libmetal-gloss.a(sys_read.o)
                0x00000000204017da                _read
 .text._sbrk    0x0000000020401804       0x7a /home/albertojor/GitHub/freedom-e-sdk/bsp/freedom-e310-arty-xmem/install/lib/debug//libmetal-gloss.a(sys_sbrk.o)
                0x0000000020401804                _sbrk
 .text._write   0x000000002040187e       0x6e /home/albertojor/GitHub/freedom-e-sdk/bsp/freedom-e310-arty-xmem/install/lib/debug//libmetal-gloss.a(sys_write.o)
                0x000000002040187e                _write
 .text.atexit   0x00000000204018ec        0xa /home/albertojor/riscv64-unknown-elf-gcc-8.3.0-2019.08.0-x86_64-linux-ubuntu14/bin/../lib/gcc/riscv64-unknown-elf/8.3.0/../../../../riscv64-unknown-elf/lib/rv32imac/ilp32/libc_nano.a(lib_a-atexit.o)
                0x00000000204018ec                atexit
 .text.__errno  0x00000000204018f6        0xc /home/albertojor/riscv64-unknown-elf-gcc-8.3.0-2019.08.0-x86_64-linux-ubuntu14/bin/../lib/gcc/riscv64-unknown-elf/8.3.0/../../../../riscv64-unknown-elf/lib/rv32imac/ilp32/libc_nano.a(lib_a-errno.o)
                0x00000000204018f6                __errno
 .text.exit     0x0000000020401902       0x2c /home/albertojor/riscv64-unknown-elf-gcc-8.3.0-2019.08.0-x86_64-linux-ubuntu14/bin/../lib/gcc/riscv64-unknown-elf/8.3.0/../../../../riscv64-unknown-elf/lib/rv32imac/ilp32/libc_nano.a(lib_a-exit.o)
                0x0000000020401902                exit
 .text.__libc_fini_array
                0x000000002040192e       0x38 /home/albertojor/riscv64-unknown-elf-gcc-8.3.0-2019.08.0-x86_64-linux-ubuntu14/bin/../lib/gcc/riscv64-unknown-elf/8.3.0/../../../../riscv64-unknown-elf/lib/rv32imac/ilp32/libc_nano.a(lib_a-fini.o)
                0x000000002040192e                __libc_fini_array
 .text.__libc_init_array
                0x0000000020401966       0x6a /home/albertojor/riscv64-unknown-elf-gcc-8.3.0-2019.08.0-x86_64-linux-ubuntu14/bin/../lib/gcc/riscv64-unknown-elf/8.3.0/../../../../riscv64-unknown-elf/lib/rv32imac/ilp32/libc_nano.a(lib_a-init.o)
                0x0000000020401966                __libc_init_array
 .text.__register_exitproc
                0x00000000204019d0       0x84 /home/albertojor/riscv64-unknown-elf-gcc-8.3.0-2019.08.0-x86_64-linux-ubuntu14/bin/../lib/gcc/riscv64-unknown-elf/8.3.0/../../../../riscv64-unknown-elf/lib/rv32imac/ilp32/libc_nano.a(lib_a-__atexit.o)
                0x00000000204019d0                __register_exitproc
 .text.__call_exitprocs
                0x0000000020401a54       0xc8 /home/albertojor/riscv64-unknown-elf-gcc-8.3.0-2019.08.0-x86_64-linux-ubuntu14/bin/../lib/gcc/riscv64-unknown-elf/8.3.0/../../../../riscv64-unknown-elf/lib/rv32imac/ilp32/libc_nano.a(lib_a-__call_atexit.o)
                0x0000000020401a54                __call_exitprocs
 .text.metal_tty_putc
                0x0000000020401b1c       0x2c /home/albertojor/GitHub/freedom-e-sdk/bsp/freedom-e310-arty-xmem/install/lib/debug//libmetal.a(libriscv__mmachine__freedom-e310-arty-xmem_a-tty.o)
                0x0000000020401b1c                metal_tty_putc
 .text.metal_tty_putc_raw
                0x0000000020401b48       0x26 /home/albertojor/GitHub/freedom-e-sdk/bsp/freedom-e310-arty-xmem/install/lib/debug//libmetal.a(libriscv__mmachine__freedom-e310-arty-xmem_a-tty.o)
                0x0000000020401b48                metal_tty_putc_raw
 .text.metal_tty_init
                0x0000000020401b6e       0x22 /home/albertojor/GitHub/freedom-e-sdk/bsp/freedom-e310-arty-xmem/install/lib/debug//libmetal.a(libriscv__mmachine__freedom-e310-arty-xmem_a-tty.o)
 .text.metal_uart_init
                0x0000000020401b90       0x2c /home/albertojor/GitHub/freedom-e-sdk/bsp/freedom-e310-arty-xmem/install/lib/debug//libmetal.a(libriscv__mmachine__freedom-e310-arty-xmem_a-uart.o)
                0x0000000020401b90                metal_uart_init
 .text.metal_uart_putc
                0x0000000020401bbc       0x2e /home/albertojor/GitHub/freedom-e-sdk/bsp/freedom-e310-arty-xmem/install/lib/debug//libmetal.a(libriscv__mmachine__freedom-e310-arty-xmem_a-uart.o)
                0x0000000020401bbc                metal_uart_putc
 .text.metal_uart_set_baud_rate
                0x0000000020401bea       0x2e /home/albertojor/GitHub/freedom-e-sdk/bsp/freedom-e310-arty-xmem/install/lib/debug//libmetal.a(libriscv__mmachine__freedom-e310-arty-xmem_a-uart.o)
                0x0000000020401bea                metal_uart_set_baud_rate
 .text.__metal_driver_sifive_clint0_control_base
                0x0000000020401c18       0x26 /home/albertojor/GitHub/freedom-e-sdk/bsp/freedom-e310-arty-xmem/install/lib/debug//libmetal.a(libriscv__mmachine__freedom-e310-arty-xmem_a-riscv_clint0.o)
 .text.__metal_driver_sifive_clint0_num_interrupts
                0x0000000020401c3e       0x24 /home/albertojor/GitHub/freedom-e-sdk/bsp/freedom-e310-arty-xmem/install/lib/debug//libmetal.a(libriscv__mmachine__freedom-e310-arty-xmem_a-riscv_clint0.o)
 .text.__metal_driver_sifive_clint0_interrupt_parents
                0x0000000020401c62       0x3c /home/albertojor/GitHub/freedom-e-sdk/bsp/freedom-e310-arty-xmem/install/lib/debug//libmetal.a(libriscv__mmachine__freedom-e310-arty-xmem_a-riscv_clint0.o)
 .text.__metal_driver_sifive_clint0_interrupt_lines
                0x0000000020401c9e       0x30 /home/albertojor/GitHub/freedom-e-sdk/bsp/freedom-e310-arty-xmem/install/lib/debug//libmetal.a(libriscv__mmachine__freedom-e310-arty-xmem_a-riscv_clint0.o)
 .text.__metal_clint0_mtime_get
                0x0000000020401cce       0x9a /home/albertojor/GitHub/freedom-e-sdk/bsp/freedom-e310-arty-xmem/install/lib/debug//libmetal.a(libriscv__mmachine__freedom-e310-arty-xmem_a-riscv_clint0.o)
                0x0000000020401cce                __metal_clint0_mtime_get
 .text.__metal_driver_riscv_clint0_mtimecmp_set
                0x0000000020401d68       0x96 /home/albertojor/GitHub/freedom-e-sdk/bsp/freedom-e310-arty-xmem/install/lib/debug//libmetal.a(libriscv__mmachine__freedom-e310-arty-xmem_a-riscv_clint0.o)
                0x0000000020401d68                __metal_driver_riscv_clint0_mtimecmp_set
 .text._get_cpu_intc
                0x0000000020401dfe       0x36 /home/albertojor/GitHub/freedom-e-sdk/bsp/freedom-e310-arty-xmem/install/lib/debug//libmetal.a(libriscv__mmachine__freedom-e310-arty-xmem_a-riscv_clint0.o)
 .text.__metal_driver_riscv_clint0_init
                0x0000000020401e34       0x88 /home/albertojor/GitHub/freedom-e-sdk/bsp/freedom-e310-arty-xmem/install/lib/debug//libmetal.a(libriscv__mmachine__freedom-e310-arty-xmem_a-riscv_clint0.o)
                0x0000000020401e34                __metal_driver_riscv_clint0_init
 .text.__metal_driver_riscv_clint0_register
                0x0000000020401ebc       0xda /home/albertojor/GitHub/freedom-e-sdk/bsp/freedom-e310-arty-xmem/install/lib/debug//libmetal.a(libriscv__mmachine__freedom-e310-arty-xmem_a-riscv_clint0.o)
                0x0000000020401ebc                __metal_driver_riscv_clint0_register
 .text.__metal_driver_riscv_clint0_vector_register
                0x0000000020401f96       0x28 /home/albertojor/GitHub/freedom-e-sdk/bsp/freedom-e310-arty-xmem/install/lib/debug//libmetal.a(libriscv__mmachine__freedom-e310-arty-xmem_a-riscv_clint0.o)
                0x0000000020401f96                __metal_driver_riscv_clint0_vector_register
 .text.__metal_driver_riscv_clint0_get_vector_mode
                0x0000000020401fbe       0x1c /home/albertojor/GitHub/freedom-e-sdk/bsp/freedom-e310-arty-xmem/install/lib/debug//libmetal.a(libriscv__mmachine__freedom-e310-arty-xmem_a-riscv_clint0.o)
                0x0000000020401fbe                __metal_driver_riscv_clint0_get_vector_mode
 .text.__metal_driver_riscv_clint0_set_vector_mode
                0x0000000020401fda       0x54 /home/albertojor/GitHub/freedom-e-sdk/bsp/freedom-e310-arty-xmem/install/lib/debug//libmetal.a(libriscv__mmachine__freedom-e310-arty-xmem_a-riscv_clint0.o)
                0x0000000020401fda                __metal_driver_riscv_clint0_set_vector_mode
 .text.__metal_driver_riscv_clint0_enable
                0x000000002040202e       0xb2 /home/albertojor/GitHub/freedom-e-sdk/bsp/freedom-e310-arty-xmem/install/lib/debug//libmetal.a(libriscv__mmachine__freedom-e310-arty-xmem_a-riscv_clint0.o)
                0x000000002040202e                __metal_driver_riscv_clint0_enable
 .text.__metal_driver_riscv_clint0_disable
                0x00000000204020e0       0xb2 /home/albertojor/GitHub/freedom-e-sdk/bsp/freedom-e310-arty-xmem/install/lib/debug//libmetal.a(libriscv__mmachine__freedom-e310-arty-xmem_a-riscv_clint0.o)
                0x00000000204020e0                __metal_driver_riscv_clint0_disable
 .text.__metal_driver_riscv_clint0_command_request
                0x0000000020402192      0x136 /home/albertojor/GitHub/freedom-e-sdk/bsp/freedom-e310-arty-xmem/install/lib/debug//libmetal.a(libriscv__mmachine__freedom-e310-arty-xmem_a-riscv_clint0.o)
                0x0000000020402192                __metal_driver_riscv_clint0_command_request
 .text.__metal_driver_riscv_clint0_clear_interrupt
                0x00000000204022c8       0x34 /home/albertojor/GitHub/freedom-e-sdk/bsp/freedom-e310-arty-xmem/install/lib/debug//libmetal.a(libriscv__mmachine__freedom-e310-arty-xmem_a-riscv_clint0.o)
                0x00000000204022c8                __metal_driver_riscv_clint0_clear_interrupt
 .text.__metal_driver_riscv_clint0_set_interrupt
                0x00000000204022fc       0x34 /home/albertojor/GitHub/freedom-e-sdk/bsp/freedom-e310-arty-xmem/install/lib/debug//libmetal.a(libriscv__mmachine__freedom-e310-arty-xmem_a-riscv_clint0.o)
                0x00000000204022fc                __metal_driver_riscv_clint0_set_interrupt
 .text.__metal_driver_cpu_hartid
                0x0000000020402330       0x24 /home/albertojor/GitHub/freedom-e-sdk/bsp/freedom-e310-arty-xmem/install/lib/debug//libmetal.a(libriscv__mmachine__freedom-e310-arty-xmem_a-riscv_cpu.o)
 .text.__metal_driver_cpu_timebase
                0x0000000020402354       0x2a /home/albertojor/GitHub/freedom-e-sdk/bsp/freedom-e310-arty-xmem/install/lib/debug//libmetal.a(libriscv__mmachine__freedom-e310-arty-xmem_a-riscv_cpu.o)
 .text.__metal_driver_cpu_interrupt_controller
                0x000000002040237e       0x2a /home/albertojor/GitHub/freedom-e-sdk/bsp/freedom-e310-arty-xmem/install/lib/debug//libmetal.a(libriscv__mmachine__freedom-e310-arty-xmem_a-riscv_cpu.o)
 .text.__metal_driver_cpu_get
                0x00000000204023a8       0x2c /home/albertojor/GitHub/freedom-e-sdk/bsp/freedom-e310-arty-xmem/install/lib/debug//libmetal.a(libriscv__mmachine__freedom-e310-arty-xmem_a-riscv_cpu.o)
                0x00000000204023a8                __metal_driver_cpu_get
 .text.__metal_myhart_id
                0x00000000204023d4       0x1a /home/albertojor/GitHub/freedom-e-sdk/bsp/freedom-e310-arty-xmem/install/lib/debug//libmetal.a(libriscv__mmachine__freedom-e310-arty-xmem_a-riscv_cpu.o)
                0x00000000204023d4                __metal_myhart_id
 .text.__metal_interrupt_global_enable
                0x00000000204023ee       0x18 /home/albertojor/GitHub/freedom-e-sdk/bsp/freedom-e310-arty-xmem/install/lib/debug//libmetal.a(libriscv__mmachine__freedom-e310-arty-xmem_a-riscv_cpu.o)
                0x00000000204023ee                __metal_interrupt_global_enable
 .text.__metal_interrupt_global_disable
                0x0000000020402406       0x18 /home/albertojor/GitHub/freedom-e-sdk/bsp/freedom-e310-arty-xmem/install/lib/debug//libmetal.a(libriscv__mmachine__freedom-e310-arty-xmem_a-riscv_cpu.o)
                0x0000000020402406                __metal_interrupt_global_disable
 .text.__metal_interrupt_software_enable
                0x000000002040241e       0x18 /home/albertojor/GitHub/freedom-e-sdk/bsp/freedom-e310-arty-xmem/install/lib/debug//libmetal.a(libriscv__mmachine__freedom-e310-arty-xmem_a-riscv_cpu.o)
                0x000000002040241e                __metal_interrupt_software_enable
 .text.__metal_interrupt_software_disable
                0x0000000020402436       0x18 /home/albertojor/GitHub/freedom-e-sdk/bsp/freedom-e310-arty-xmem/install/lib/debug//libmetal.a(libriscv__mmachine__freedom-e310-arty-xmem_a-riscv_cpu.o)
                0x0000000020402436                __metal_interrupt_software_disable
 .text.__metal_interrupt_timer_enable
                0x000000002040244e       0x1a /home/albertojor/GitHub/freedom-e-sdk/bsp/freedom-e310-arty-xmem/install/lib/debug//libmetal.a(libriscv__mmachine__freedom-e310-arty-xmem_a-riscv_cpu.o)
                0x000000002040244e                __metal_interrupt_timer_enable
 .text.__metal_interrupt_timer_disable
                0x0000000020402468       0x1a /home/albertojor/GitHub/freedom-e-sdk/bsp/freedom-e310-arty-xmem/install/lib/debug//libmetal.a(libriscv__mmachine__freedom-e310-arty-xmem_a-riscv_cpu.o)
                0x0000000020402468                __metal_interrupt_timer_disable
 .text.__metal_interrupt_external_enable
                0x0000000020402482       0x1c /home/albertojor/GitHub/freedom-e-sdk/bsp/freedom-e310-arty-xmem/install/lib/debug//libmetal.a(libriscv__mmachine__freedom-e310-arty-xmem_a-riscv_cpu.o)
                0x0000000020402482                __metal_interrupt_external_enable
 .text.__metal_interrupt_external_disable
                0x000000002040249e       0x1c /home/albertojor/GitHub/freedom-e-sdk/bsp/freedom-e310-arty-xmem/install/lib/debug//libmetal.a(libriscv__mmachine__freedom-e310-arty-xmem_a-riscv_cpu.o)
                0x000000002040249e                __metal_interrupt_external_disable
 .text.__metal_interrupt_local_enable
                0x00000000204024ba       0x2c /home/albertojor/GitHub/freedom-e-sdk/bsp/freedom-e310-arty-xmem/install/lib/debug//libmetal.a(libriscv__mmachine__freedom-e310-arty-xmem_a-riscv_cpu.o)
                0x00000000204024ba                __metal_interrupt_local_enable
 .text.__metal_interrupt_local_disable
                0x00000000204024e6       0x2c /home/albertojor/GitHub/freedom-e-sdk/bsp/freedom-e310-arty-xmem/install/lib/debug//libmetal.a(libriscv__mmachine__freedom-e310-arty-xmem_a-riscv_cpu.o)
                0x00000000204024e6                __metal_interrupt_local_disable
 .text.__metal_default_exception_handler
                0x0000000020402512       0x18 /home/albertojor/GitHub/freedom-e-sdk/bsp/freedom-e310-arty-xmem/install/lib/debug//libmetal.a(libriscv__mmachine__freedom-e310-arty-xmem_a-riscv_cpu.o)
                0x0000000020402512                __metal_default_exception_handler
 .text.__metal_default_interrupt_handler
                0x000000002040252a       0x18 /home/albertojor/GitHub/freedom-e-sdk/bsp/freedom-e310-arty-xmem/install/lib/debug//libmetal.a(libriscv__mmachine__freedom-e310-arty-xmem_a-riscv_cpu.o)
                0x000000002040252a                __metal_default_interrupt_handler
 .text.metal_interrupt_vector_handler
                0x0000000020402542       0x2e /home/albertojor/GitHub/freedom-e-sdk/bsp/freedom-e310-arty-xmem/install/lib/debug//libmetal.a(libriscv__mmachine__freedom-e310-arty-xmem_a-riscv_cpu.o)
                0x0000000020402542                metal_interrupt_vector_handler
 .text.metal_software_interrupt_vector_handler
                0x0000000020402570       0x8e /home/albertojor/GitHub/freedom-e-sdk/bsp/freedom-e310-arty-xmem/install/lib/debug//libmetal.a(libriscv__mmachine__freedom-e310-arty-xmem_a-riscv_cpu.o)
                0x0000000020402570                metal_software_interrupt_vector_handler
 .text.__metal_default_sw_handler
                0x00000000204025fe       0x64 /home/albertojor/GitHub/freedom-e-sdk/bsp/freedom-e310-arty-xmem/install/lib/debug//libmetal.a(libriscv__mmachine__freedom-e310-arty-xmem_a-riscv_cpu.o)
                0x00000000204025fe                __metal_default_sw_handler
 .text.metal_timer_interrupt_vector_handler
                0x0000000020402662       0x8e /home/albertojor/GitHub/freedom-e-sdk/bsp/freedom-e310-arty-xmem/install/lib/debug//libmetal.a(libriscv__mmachine__freedom-e310-arty-xmem_a-riscv_cpu.o)
                0x0000000020402662                metal_timer_interrupt_vector_handler
 .text.__metal_default_timer_handler
                0x00000000204026f0       0x66 /home/albertojor/GitHub/freedom-e-sdk/bsp/freedom-e310-arty-xmem/install/lib/debug//libmetal.a(libriscv__mmachine__freedom-e310-arty-xmem_a-riscv_cpu.o)
                0x00000000204026f0                __metal_default_timer_handler
 *fill*         0x0000000020402756       0x2a 
 .text.__metal_exception_handler
                0x0000000020402780      0x174 /home/albertojor/GitHub/freedom-e-sdk/bsp/freedom-e310-arty-xmem/install/lib/debug//libmetal.a(libriscv__mmachine__freedom-e310-arty-xmem_a-riscv_cpu.o)
                0x0000000020402780                __metal_exception_handler
 .text.metal_lc0_interrupt_vector_handler
                0x00000000204028f4       0x92 /home/albertojor/GitHub/freedom-e-sdk/bsp/freedom-e310-arty-xmem/install/lib/debug//libmetal.a(libriscv__mmachine__freedom-e310-arty-xmem_a-riscv_cpu.o)
                0x00000000204028f4                metal_lc0_interrupt_vector_handler
 .text.metal_lc1_interrupt_vector_handler
                0x0000000020402986       0x92 /home/albertojor/GitHub/freedom-e-sdk/bsp/freedom-e310-arty-xmem/install/lib/debug//libmetal.a(libriscv__mmachine__freedom-e310-arty-xmem_a-riscv_cpu.o)
                0x0000000020402986                metal_lc1_interrupt_vector_handler
 .text.metal_lc2_interrupt_vector_handler
                0x0000000020402a18       0x92 /home/albertojor/GitHub/freedom-e-sdk/bsp/freedom-e310-arty-xmem/install/lib/debug//libmetal.a(libriscv__mmachine__freedom-e310-arty-xmem_a-riscv_cpu.o)
                0x0000000020402a18                metal_lc2_interrupt_vector_handler
 .text.metal_lc3_interrupt_vector_handler
                0x0000000020402aaa       0x92 /home/albertojor/GitHub/freedom-e-sdk/bsp/freedom-e310-arty-xmem/install/lib/debug//libmetal.a(libriscv__mmachine__freedom-e310-arty-xmem_a-riscv_cpu.o)
                0x0000000020402aaa                metal_lc3_interrupt_vector_handler
 .text.metal_lc4_interrupt_vector_handler
                0x0000000020402b3c       0x92 /home/albertojor/GitHub/freedom-e-sdk/bsp/freedom-e310-arty-xmem/install/lib/debug//libmetal.a(libriscv__mmachine__freedom-e310-arty-xmem_a-riscv_cpu.o)
                0x0000000020402b3c                metal_lc4_interrupt_vector_handler
 .text.metal_lc5_interrupt_vector_handler
                0x0000000020402bce       0x92 /home/albertojor/GitHub/freedom-e-sdk/bsp/freedom-e310-arty-xmem/install/lib/debug//libmetal.a(libriscv__mmachine__freedom-e310-arty-xmem_a-riscv_cpu.o)
                0x0000000020402bce                metal_lc5_interrupt_vector_handler
 .text.metal_lc6_interrupt_vector_handler
                0x0000000020402c60       0x92 /home/albertojor/GitHub/freedom-e-sdk/bsp/freedom-e310-arty-xmem/install/lib/debug//libmetal.a(libriscv__mmachine__freedom-e310-arty-xmem_a-riscv_cpu.o)
                0x0000000020402c60                metal_lc6_interrupt_vector_handler
 .text.metal_lc7_interrupt_vector_handler
                0x0000000020402cf2       0x92 /home/albertojor/GitHub/freedom-e-sdk/bsp/freedom-e310-arty-xmem/install/lib/debug//libmetal.a(libriscv__mmachine__freedom-e310-arty-xmem_a-riscv_cpu.o)
                0x0000000020402cf2                metal_lc7_interrupt_vector_handler
 .text.metal_lc8_interrupt_vector_handler
                0x0000000020402d84       0x92 /home/albertojor/GitHub/freedom-e-sdk/bsp/freedom-e310-arty-xmem/install/lib/debug//libmetal.a(libriscv__mmachine__freedom-e310-arty-xmem_a-riscv_cpu.o)
                0x0000000020402d84                metal_lc8_interrupt_vector_handler
 .text.metal_lc9_interrupt_vector_handler
                0x0000000020402e16       0x92 /home/albertojor/GitHub/freedom-e-sdk/bsp/freedom-e310-arty-xmem/install/lib/debug//libmetal.a(libriscv__mmachine__freedom-e310-arty-xmem_a-riscv_cpu.o)
                0x0000000020402e16                metal_lc9_interrupt_vector_handler
 .text.metal_lc10_interrupt_vector_handler
                0x0000000020402ea8       0x92 /home/albertojor/GitHub/freedom-e-sdk/bsp/freedom-e310-arty-xmem/install/lib/debug//libmetal.a(libriscv__mmachine__freedom-e310-arty-xmem_a-riscv_cpu.o)
                0x0000000020402ea8                metal_lc10_interrupt_vector_handler
 .text.metal_lc11_interrupt_vector_handler
                0x0000000020402f3a       0x92 /home/albertojor/GitHub/freedom-e-sdk/bsp/freedom-e310-arty-xmem/install/lib/debug//libmetal.a(libriscv__mmachine__freedom-e310-arty-xmem_a-riscv_cpu.o)
                0x0000000020402f3a                metal_lc11_interrupt_vector_handler
 .text.metal_lc12_interrupt_vector_handler
                0x0000000020402fcc       0x92 /home/albertojor/GitHub/freedom-e-sdk/bsp/freedom-e310-arty-xmem/install/lib/debug//libmetal.a(libriscv__mmachine__freedom-e310-arty-xmem_a-riscv_cpu.o)
                0x0000000020402fcc                metal_lc12_interrupt_vector_handler
 .text.metal_lc13_interrupt_vector_handler
                0x000000002040305e       0x92 /home/albertojor/GitHub/freedom-e-sdk/bsp/freedom-e310-arty-xmem/install/lib/debug//libmetal.a(libriscv__mmachine__freedom-e310-arty-xmem_a-riscv_cpu.o)
                0x000000002040305e                metal_lc13_interrupt_vector_handler
 .text.metal_lc14_interrupt_vector_handler
                0x00000000204030f0       0x92 /home/albertojor/GitHub/freedom-e-sdk/bsp/freedom-e310-arty-xmem/install/lib/debug//libmetal.a(libriscv__mmachine__freedom-e310-arty-xmem_a-riscv_cpu.o)
                0x00000000204030f0                metal_lc14_interrupt_vector_handler
 .text.metal_lc15_interrupt_vector_handler
                0x0000000020403182       0x92 /home/albertojor/GitHub/freedom-e-sdk/bsp/freedom-e310-arty-xmem/install/lib/debug//libmetal.a(libriscv__mmachine__freedom-e310-arty-xmem_a-riscv_cpu.o)
                0x0000000020403182                metal_lc15_interrupt_vector_handler
 .text.__metal_controller_interrupt_vector_mode
                0x0000000020403214       0x50 /home/albertojor/GitHub/freedom-e-sdk/bsp/freedom-e310-arty-xmem/install/lib/debug//libmetal.a(libriscv__mmachine__freedom-e310-arty-xmem_a-riscv_cpu.o)
                0x0000000020403214                __metal_controller_interrupt_vector_mode
 .text.__metal_controller_interrupt_vector
                0x0000000020403264       0x98 /home/albertojor/GitHub/freedom-e-sdk/bsp/freedom-e310-arty-xmem/install/lib/debug//libmetal.a(libriscv__mmachine__freedom-e310-arty-xmem_a-riscv_cpu.o)
                0x0000000020403264                __metal_controller_interrupt_vector
 .text.__metal_valid_interrupt_id
                0x00000000204032fc       0x38 /home/albertojor/GitHub/freedom-e-sdk/bsp/freedom-e310-arty-xmem/install/lib/debug//libmetal.a(libriscv__mmachine__freedom-e310-arty-xmem_a-riscv_cpu.o)
                0x00000000204032fc                __metal_valid_interrupt_id
 .text.__metal_local_interrupt_enable
                0x0000000020403334       0xbc /home/albertojor/GitHub/freedom-e-sdk/bsp/freedom-e310-arty-xmem/install/lib/debug//libmetal.a(libriscv__mmachine__freedom-e310-arty-xmem_a-riscv_cpu.o)
                0x0000000020403334                __metal_local_interrupt_enable
 .text.__metal_exception_register
                0x00000000204033f0       0x4e /home/albertojor/GitHub/freedom-e-sdk/bsp/freedom-e310-arty-xmem/install/lib/debug//libmetal.a(libriscv__mmachine__freedom-e310-arty-xmem_a-riscv_cpu.o)
                0x00000000204033f0                __metal_exception_register
 .text.__metal_driver_riscv_cpu_controller_interrupt_init
                0x000000002040343e      0x13e /home/albertojor/GitHub/freedom-e-sdk/bsp/freedom-e310-arty-xmem/install/lib/debug//libmetal.a(libriscv__mmachine__freedom-e310-arty-xmem_a-riscv_cpu.o)
                0x000000002040343e                __metal_driver_riscv_cpu_controller_interrupt_init
 .text.__metal_driver_riscv_cpu_controller_interrupt_register
                0x000000002040357c      0x14e /home/albertojor/GitHub/freedom-e-sdk/bsp/freedom-e310-arty-xmem/install/lib/debug//libmetal.a(libriscv__mmachine__freedom-e310-arty-xmem_a-riscv_cpu.o)
                0x000000002040357c                __metal_driver_riscv_cpu_controller_interrupt_register
 .text.__metal_driver_riscv_cpu_controller_interrupt_enable
                0x00000000204036ca       0x2a /home/albertojor/GitHub/freedom-e-sdk/bsp/freedom-e310-arty-xmem/install/lib/debug//libmetal.a(libriscv__mmachine__freedom-e310-arty-xmem_a-riscv_cpu.o)
                0x00000000204036ca                __metal_driver_riscv_cpu_controller_interrupt_enable
 .text.__metal_driver_riscv_cpu_controller_interrupt_disable
                0x00000000204036f4       0x2a /home/albertojor/GitHub/freedom-e-sdk/bsp/freedom-e310-arty-xmem/install/lib/debug//libmetal.a(libriscv__mmachine__freedom-e310-arty-xmem_a-riscv_cpu.o)
                0x00000000204036f4                __metal_driver_riscv_cpu_controller_interrupt_disable
 .text.__metal_driver_riscv_cpu_controller_get_vector_mode
                0x000000002040371e       0x1c /home/albertojor/GitHub/freedom-e-sdk/bsp/freedom-e310-arty-xmem/install/lib/debug//libmetal.a(libriscv__mmachine__freedom-e310-arty-xmem_a-riscv_cpu.o)
                0x000000002040371e                __metal_driver_riscv_cpu_controller_get_vector_mode
 .text.__metal_driver_riscv_cpu_controller_set_vector_mode
                0x000000002040373a       0x5c /home/albertojor/GitHub/freedom-e-sdk/bsp/freedom-e310-arty-xmem/install/lib/debug//libmetal.a(libriscv__mmachine__freedom-e310-arty-xmem_a-riscv_cpu.o)
                0x000000002040373a                __metal_driver_riscv_cpu_controller_set_vector_mode
 .text.__metal_driver_riscv_cpu_controller_command_request
                0x0000000020403796       0x1c /home/albertojor/GitHub/freedom-e-sdk/bsp/freedom-e310-arty-xmem/install/lib/debug//libmetal.a(libriscv__mmachine__freedom-e310-arty-xmem_a-riscv_cpu.o)
                0x0000000020403796                __metal_driver_riscv_cpu_controller_command_request
 .text.__metal_driver_cpu_mcycle_get
                0x00000000204037b2       0x72 /home/albertojor/GitHub/freedom-e-sdk/bsp/freedom-e310-arty-xmem/install/lib/debug//libmetal.a(libriscv__mmachine__freedom-e310-arty-xmem_a-riscv_cpu.o)
                0x00000000204037b2                __metal_driver_cpu_mcycle_get
 .text.__metal_driver_cpu_timebase_get
                0x0000000020403824       0x46 /home/albertojor/GitHub/freedom-e-sdk/bsp/freedom-e310-arty-xmem/install/lib/debug//libmetal.a(libriscv__mmachine__freedom-e310-arty-xmem_a-riscv_cpu.o)
                0x0000000020403824                __metal_driver_cpu_timebase_get
 .text.__metal_driver_cpu_mtime_get
                0x000000002040386a       0x66 /home/albertojor/GitHub/freedom-e-sdk/bsp/freedom-e310-arty-xmem/install/lib/debug//libmetal.a(libriscv__mmachine__freedom-e310-arty-xmem_a-riscv_cpu.o)
                0x000000002040386a                __metal_driver_cpu_mtime_get
 .text.__metal_driver_cpu_mtimecmp_set
                0x00000000204038d0       0x76 /home/albertojor/GitHub/freedom-e-sdk/bsp/freedom-e310-arty-xmem/install/lib/debug//libmetal.a(libriscv__mmachine__freedom-e310-arty-xmem_a-riscv_cpu.o)
                0x00000000204038d0                __metal_driver_cpu_mtimecmp_set
 .text.__metal_driver_cpu_timer_controller_interrupt
                0x0000000020403946       0x16 /home/albertojor/GitHub/freedom-e-sdk/bsp/freedom-e310-arty-xmem/install/lib/debug//libmetal.a(libriscv__mmachine__freedom-e310-arty-xmem_a-riscv_cpu.o)
                0x0000000020403946                __metal_driver_cpu_timer_controller_interrupt
 .text.__metal_driver_cpu_get_timer_interrupt_id
                0x000000002040395c       0x14 /home/albertojor/GitHub/freedom-e-sdk/bsp/freedom-e310-arty-xmem/install/lib/debug//libmetal.a(libriscv__mmachine__freedom-e310-arty-xmem_a-riscv_cpu.o)
                0x000000002040395c                __metal_driver_cpu_get_timer_interrupt_id
 .text.__metal_driver_cpu_sw_controller_interrupt
                0x0000000020403970       0x16 /home/albertojor/GitHub/freedom-e-sdk/bsp/freedom-e310-arty-xmem/install/lib/debug//libmetal.a(libriscv__mmachine__freedom-e310-arty-xmem_a-riscv_cpu.o)
                0x0000000020403970                __metal_driver_cpu_sw_controller_interrupt
 .text.__metal_driver_cpu_get_sw_interrupt_id
                0x0000000020403986       0x14 /home/albertojor/GitHub/freedom-e-sdk/bsp/freedom-e310-arty-xmem/install/lib/debug//libmetal.a(libriscv__mmachine__freedom-e310-arty-xmem_a-riscv_cpu.o)
                0x0000000020403986                __metal_driver_cpu_get_sw_interrupt_id
 .text.__metal_driver_cpu_set_sw_ipi
                0x000000002040399a       0x62 /home/albertojor/GitHub/freedom-e-sdk/bsp/freedom-e310-arty-xmem/install/lib/debug//libmetal.a(libriscv__mmachine__freedom-e310-arty-xmem_a-riscv_cpu.o)
                0x000000002040399a                __metal_driver_cpu_set_sw_ipi
 .text.__metal_driver_cpu_clear_sw_ipi
                0x00000000204039fc       0x62 /home/albertojor/GitHub/freedom-e-sdk/bsp/freedom-e310-arty-xmem/install/lib/debug//libmetal.a(libriscv__mmachine__freedom-e310-arty-xmem_a-riscv_cpu.o)
                0x00000000204039fc                __metal_driver_cpu_clear_sw_ipi
 .text.__metal_driver_cpu_get_msip
                0x0000000020403a5e       0x60 /home/albertojor/GitHub/freedom-e-sdk/bsp/freedom-e310-arty-xmem/install/lib/debug//libmetal.a(libriscv__mmachine__freedom-e310-arty-xmem_a-riscv_cpu.o)
                0x0000000020403a5e                __metal_driver_cpu_get_msip
 .text.__metal_driver_cpu_controller_interrupt
                0x0000000020403abe       0x20 /home/albertojor/GitHub/freedom-e-sdk/bsp/freedom-e310-arty-xmem/install/lib/debug//libmetal.a(libriscv__mmachine__freedom-e310-arty-xmem_a-riscv_cpu.o)
                0x0000000020403abe                __metal_driver_cpu_controller_interrupt
 .text.__metal_driver_cpu_exception_register
                0x0000000020403ade       0x46 /home/albertojor/GitHub/freedom-e-sdk/bsp/freedom-e310-arty-xmem/install/lib/debug//libmetal.a(libriscv__mmachine__freedom-e310-arty-xmem_a-riscv_cpu.o)
                0x0000000020403ade                __metal_driver_cpu_exception_register
 .text.__metal_driver_cpu_get_instruction_length
                0x0000000020403b24       0x2e /home/albertojor/GitHub/freedom-e-sdk/bsp/freedom-e310-arty-xmem/install/lib/debug//libmetal.a(libriscv__mmachine__freedom-e310-arty-xmem_a-riscv_cpu.o)
                0x0000000020403b24                __metal_driver_cpu_get_instruction_length
 .text.__metal_driver_cpu_get_exception_pc
                0x0000000020403b52       0x1e /home/albertojor/GitHub/freedom-e-sdk/bsp/freedom-e310-arty-xmem/install/lib/debug//libmetal.a(libriscv__mmachine__freedom-e310-arty-xmem_a-riscv_cpu.o)
                0x0000000020403b52                __metal_driver_cpu_get_exception_pc
 .text.__metal_driver_cpu_set_exception_pc
                0x0000000020403b70       0x20 /home/albertojor/GitHub/freedom-e-sdk/bsp/freedom-e310-arty-xmem/install/lib/debug//libmetal.a(libriscv__mmachine__freedom-e310-arty-xmem_a-riscv_cpu.o)
                0x0000000020403b70                __metal_driver_cpu_set_exception_pc
 .text.__metal_driver_sifive_plic0_control_base
                0x0000000020403b90       0x2a /home/albertojor/GitHub/freedom-e-sdk/bsp/freedom-e310-arty-xmem/install/lib/debug//libmetal.a(libriscv__mmachine__freedom-e310-arty-xmem_a-riscv_plic0.o)
 .text.__metal_driver_sifive_plic0_num_interrupts
                0x0000000020403bba       0x28 /home/albertojor/GitHub/freedom-e-sdk/bsp/freedom-e310-arty-xmem/install/lib/debug//libmetal.a(libriscv__mmachine__freedom-e310-arty-xmem_a-riscv_plic0.o)
 .text.__metal_driver_sifive_plic0_max_priority
                0x0000000020403be2       0x28 /home/albertojor/GitHub/freedom-e-sdk/bsp/freedom-e310-arty-xmem/install/lib/debug//libmetal.a(libriscv__mmachine__freedom-e310-arty-xmem_a-riscv_plic0.o)
 .text.__metal_driver_sifive_plic0_interrupt_parents
                0x0000000020403c0a       0x28 /home/albertojor/GitHub/freedom-e-sdk/bsp/freedom-e310-arty-xmem/install/lib/debug//libmetal.a(libriscv__mmachine__freedom-e310-arty-xmem_a-riscv_plic0.o)
 .text.__metal_driver_sifive_plic0_interrupt_lines
                0x0000000020403c32       0x22 /home/albertojor/GitHub/freedom-e-sdk/bsp/freedom-e310-arty-xmem/install/lib/debug//libmetal.a(libriscv__mmachine__freedom-e310-arty-xmem_a-riscv_plic0.o)
 .text.__metal_plic0_claim_interrupt
                0x0000000020403c54       0x2e /home/albertojor/GitHub/freedom-e-sdk/bsp/freedom-e310-arty-xmem/install/lib/debug//libmetal.a(libriscv__mmachine__freedom-e310-arty-xmem_a-riscv_plic0.o)
                0x0000000020403c54                __metal_plic0_claim_interrupt
 .text.__metal_plic0_complete_interrupt
                0x0000000020403c82       0x38 /home/albertojor/GitHub/freedom-e-sdk/bsp/freedom-e310-arty-xmem/install/lib/debug//libmetal.a(libriscv__mmachine__freedom-e310-arty-xmem_a-riscv_plic0.o)
                0x0000000020403c82                __metal_plic0_complete_interrupt
 .text.__metal_plic0_set_threshold
                0x0000000020403cba       0x38 /home/albertojor/GitHub/freedom-e-sdk/bsp/freedom-e310-arty-xmem/install/lib/debug//libmetal.a(libriscv__mmachine__freedom-e310-arty-xmem_a-riscv_plic0.o)
                0x0000000020403cba                __metal_plic0_set_threshold
 .text.__metal_plic0_get_threshold
                0x0000000020403cf2       0x2c /home/albertojor/GitHub/freedom-e-sdk/bsp/freedom-e310-arty-xmem/install/lib/debug//libmetal.a(libriscv__mmachine__freedom-e310-arty-xmem_a-riscv_plic0.o)
                0x0000000020403cf2                __metal_plic0_get_threshold
 .text.__metal_plic0_set_priority
                0x0000000020403d1e       0x62 /home/albertojor/GitHub/freedom-e-sdk/bsp/freedom-e310-arty-xmem/install/lib/debug//libmetal.a(libriscv__mmachine__freedom-e310-arty-xmem_a-riscv_plic0.o)
                0x0000000020403d1e                __metal_plic0_set_priority
 .text.__metal_plic0_get_priority
                0x0000000020403d80       0x34 /home/albertojor/GitHub/freedom-e-sdk/bsp/freedom-e310-arty-xmem/install/lib/debug//libmetal.a(libriscv__mmachine__freedom-e310-arty-xmem_a-riscv_plic0.o)
                0x0000000020403d80                __metal_plic0_get_priority
 .text.__metal_plic0_enable
                0x0000000020403db4       0x8c /home/albertojor/GitHub/freedom-e-sdk/bsp/freedom-e310-arty-xmem/install/lib/debug//libmetal.a(libriscv__mmachine__freedom-e310-arty-xmem_a-riscv_plic0.o)
                0x0000000020403db4                __metal_plic0_enable
 .text.__metal_plic0_default_handler
                0x0000000020403e40       0x18 /home/albertojor/GitHub/freedom-e-sdk/bsp/freedom-e310-arty-xmem/install/lib/debug//libmetal.a(libriscv__mmachine__freedom-e310-arty-xmem_a-riscv_plic0.o)
                0x0000000020403e40                __metal_plic0_default_handler
 .text.__metal_plic0_handler
                0x0000000020403e58       0x8e /home/albertojor/GitHub/freedom-e-sdk/bsp/freedom-e310-arty-xmem/install/lib/debug//libmetal.a(libriscv__mmachine__freedom-e310-arty-xmem_a-riscv_plic0.o)
                0x0000000020403e58                __metal_plic0_handler
 .text.__metal_driver_riscv_plic0_init
                0x0000000020403ee6      0x13c /home/albertojor/GitHub/freedom-e-sdk/bsp/freedom-e310-arty-xmem/install/lib/debug//libmetal.a(libriscv__mmachine__freedom-e310-arty-xmem_a-riscv_plic0.o)
                0x0000000020403ee6                __metal_driver_riscv_plic0_init
 .text.__metal_driver_riscv_plic0_register
                0x0000000020404022       0xc0 /home/albertojor/GitHub/freedom-e-sdk/bsp/freedom-e310-arty-xmem/install/lib/debug//libmetal.a(libriscv__mmachine__freedom-e310-arty-xmem_a-riscv_plic0.o)
                0x0000000020404022                __metal_driver_riscv_plic0_register
 .text.__metal_driver_riscv_plic0_enable
                0x00000000204040e2       0x48 /home/albertojor/GitHub/freedom-e-sdk/bsp/freedom-e310-arty-xmem/install/lib/debug//libmetal.a(libriscv__mmachine__freedom-e310-arty-xmem_a-riscv_plic0.o)
                0x00000000204040e2                __metal_driver_riscv_plic0_enable
 .text.__metal_driver_riscv_plic0_disable
                0x000000002040412a       0x48 /home/albertojor/GitHub/freedom-e-sdk/bsp/freedom-e310-arty-xmem/install/lib/debug//libmetal.a(libriscv__mmachine__freedom-e310-arty-xmem_a-riscv_plic0.o)
                0x000000002040412a                __metal_driver_riscv_plic0_disable
 .text.__metal_driver_sifive_gpio0_base
                0x0000000020404172       0x26 /home/albertojor/GitHub/freedom-e-sdk/bsp/freedom-e310-arty-xmem/install/lib/debug//libmetal.a(libriscv__mmachine__freedom-e310-arty-xmem_a-sifive_gpio0.o)
 .text.__metal_driver_sifive_gpio0_interrupt_parent
                0x0000000020404198       0x2a /home/albertojor/GitHub/freedom-e-sdk/bsp/freedom-e310-arty-xmem/install/lib/debug//libmetal.a(libriscv__mmachine__freedom-e310-arty-xmem_a-sifive_gpio0.o)
 .text.__metal_driver_sifive_gpio0_interrupt_lines
                0x00000000204041c2      0x1b4 /home/albertojor/GitHub/freedom-e-sdk/bsp/freedom-e310-arty-xmem/install/lib/debug//libmetal.a(libriscv__mmachine__freedom-e310-arty-xmem_a-sifive_gpio0.o)
 .text.__metal_driver_sifive_gpio0_enable_input
                0x0000000020404376       0x3e /home/albertojor/GitHub/freedom-e-sdk/bsp/freedom-e310-arty-xmem/install/lib/debug//libmetal.a(libriscv__mmachine__freedom-e310-arty-xmem_a-sifive_gpio0.o)
                0x0000000020404376                __metal_driver_sifive_gpio0_enable_input
 .text.__metal_driver_sifive_gpio0_disable_input
                0x00000000204043b4       0x44 /home/albertojor/GitHub/freedom-e-sdk/bsp/freedom-e310-arty-xmem/install/lib/debug//libmetal.a(libriscv__mmachine__freedom-e310-arty-xmem_a-sifive_gpio0.o)
                0x00000000204043b4                __metal_driver_sifive_gpio0_disable_input
 .text.__metal_driver_sifive_gpio0_input
                0x00000000204043f8       0x28 /home/albertojor/GitHub/freedom-e-sdk/bsp/freedom-e310-arty-xmem/install/lib/debug//libmetal.a(libriscv__mmachine__freedom-e310-arty-xmem_a-sifive_gpio0.o)
                0x00000000204043f8                __metal_driver_sifive_gpio0_input
 .text.__metal_driver_sifive_gpio0_output
                0x0000000020404420       0x2a /home/albertojor/GitHub/freedom-e-sdk/bsp/freedom-e310-arty-xmem/install/lib/debug//libmetal.a(libriscv__mmachine__freedom-e310-arty-xmem_a-sifive_gpio0.o)
                0x0000000020404420                __metal_driver_sifive_gpio0_output
 .text.__metal_driver_sifive_gpio0_disable_output
                0x000000002040444a       0x46 /home/albertojor/GitHub/freedom-e-sdk/bsp/freedom-e310-arty-xmem/install/lib/debug//libmetal.a(libriscv__mmachine__freedom-e310-arty-xmem_a-sifive_gpio0.o)
                0x000000002040444a                __metal_driver_sifive_gpio0_disable_output
 .text.__metal_driver_sifive_gpio0_enable_output
                0x0000000020404490       0x40 /home/albertojor/GitHub/freedom-e-sdk/bsp/freedom-e310-arty-xmem/install/lib/debug//libmetal.a(libriscv__mmachine__freedom-e310-arty-xmem_a-sifive_gpio0.o)
                0x0000000020404490                __metal_driver_sifive_gpio0_enable_output
 .text.__metal_driver_sifive_gpio0_output_set
                0x00000000204044d0       0x40 /home/albertojor/GitHub/freedom-e-sdk/bsp/freedom-e310-arty-xmem/install/lib/debug//libmetal.a(libriscv__mmachine__freedom-e310-arty-xmem_a-sifive_gpio0.o)
                0x00000000204044d0                __metal_driver_sifive_gpio0_output_set
 .text.__metal_driver_sifive_gpio0_output_clear
                0x0000000020404510       0x46 /home/albertojor/GitHub/freedom-e-sdk/bsp/freedom-e310-arty-xmem/install/lib/debug//libmetal.a(libriscv__mmachine__freedom-e310-arty-xmem_a-sifive_gpio0.o)
                0x0000000020404510                __metal_driver_sifive_gpio0_output_clear
 .text.__metal_driver_sifive_gpio0_output_toggle
                0x0000000020404556       0x40 /home/albertojor/GitHub/freedom-e-sdk/bsp/freedom-e310-arty-xmem/install/lib/debug//libmetal.a(libriscv__mmachine__freedom-e310-arty-xmem_a-sifive_gpio0.o)
                0x0000000020404556                __metal_driver_sifive_gpio0_output_toggle
 .text.__metal_driver_sifive_gpio0_enable_io
                0x0000000020404596       0x68 /home/albertojor/GitHub/freedom-e-sdk/bsp/freedom-e310-arty-xmem/install/lib/debug//libmetal.a(libriscv__mmachine__freedom-e310-arty-xmem_a-sifive_gpio0.o)
                0x0000000020404596                __metal_driver_sifive_gpio0_enable_io
 .text.__metal_driver_sifive_gpio0_disable_io
                0x00000000204045fe       0x4a /home/albertojor/GitHub/freedom-e-sdk/bsp/freedom-e310-arty-xmem/install/lib/debug//libmetal.a(libriscv__mmachine__freedom-e310-arty-xmem_a-sifive_gpio0.o)
                0x00000000204045fe                __metal_driver_sifive_gpio0_disable_io
 .text.__metal_driver_sifive_gpio0_config_int
                0x0000000020404648      0x206 /home/albertojor/GitHub/freedom-e-sdk/bsp/freedom-e310-arty-xmem/install/lib/debug//libmetal.a(libriscv__mmachine__freedom-e310-arty-xmem_a-sifive_gpio0.o)
                0x0000000020404648                __metal_driver_sifive_gpio0_config_int
 .text.__metal_driver_sifive_gpio0_clear_int
                0x000000002040484e      0x188 /home/albertojor/GitHub/freedom-e-sdk/bsp/freedom-e310-arty-xmem/install/lib/debug//libmetal.a(libriscv__mmachine__freedom-e310-arty-xmem_a-sifive_gpio0.o)
                0x000000002040484e                __metal_driver_sifive_gpio0_clear_int
 .text.__metal_driver_gpio_interrupt_controller
                0x00000000204049d6       0x20 /home/albertojor/GitHub/freedom-e-sdk/bsp/freedom-e310-arty-xmem/install/lib/debug//libmetal.a(libriscv__mmachine__freedom-e310-arty-xmem_a-sifive_gpio0.o)
                0x00000000204049d6                __metal_driver_gpio_interrupt_controller
 .text.__metal_driver_gpio_get_interrupt_id
                0x00000000204049f6       0x2e /home/albertojor/GitHub/freedom-e-sdk/bsp/freedom-e310-arty-xmem/install/lib/debug//libmetal.a(libriscv__mmachine__freedom-e310-arty-xmem_a-sifive_gpio0.o)
                0x00000000204049f6                __metal_driver_gpio_get_interrupt_id
 .text.__metal_driver_sifive_uart0_control_base
                0x0000000020404a24       0x2a /home/albertojor/GitHub/freedom-e-sdk/bsp/freedom-e310-arty-xmem/install/lib/debug//libmetal.a(libriscv__mmachine__freedom-e310-arty-xmem_a-sifive_uart0.o)
 .text.__metal_driver_sifive_uart0_interrupt_parent
                0x0000000020404a4e       0x2e /home/albertojor/GitHub/freedom-e-sdk/bsp/freedom-e310-arty-xmem/install/lib/debug//libmetal.a(libriscv__mmachine__freedom-e310-arty-xmem_a-sifive_uart0.o)
 .text.__metal_driver_sifive_uart0_interrupt_line
                0x0000000020404a7c       0x28 /home/albertojor/GitHub/freedom-e-sdk/bsp/freedom-e310-arty-xmem/install/lib/debug//libmetal.a(libriscv__mmachine__freedom-e310-arty-xmem_a-sifive_uart0.o)
 .text.__metal_driver_sifive_uart0_clock
                0x0000000020404aa4       0x2e /home/albertojor/GitHub/freedom-e-sdk/bsp/freedom-e310-arty-xmem/install/lib/debug//libmetal.a(libriscv__mmachine__freedom-e310-arty-xmem_a-sifive_uart0.o)
 .text.__metal_driver_sifive_uart0_pinmux
                0x0000000020404ad2       0x2a /home/albertojor/GitHub/freedom-e-sdk/bsp/freedom-e310-arty-xmem/install/lib/debug//libmetal.a(libriscv__mmachine__freedom-e310-arty-xmem_a-sifive_uart0.o)
 .text.__metal_driver_sifive_uart0_pinmux_output_selector
                0x0000000020404afc       0x2a /home/albertojor/GitHub/freedom-e-sdk/bsp/freedom-e310-arty-xmem/install/lib/debug//libmetal.a(libriscv__mmachine__freedom-e310-arty-xmem_a-sifive_uart0.o)
 .text.__metal_driver_sifive_uart0_pinmux_source_selector
                0x0000000020404b26       0x2a /home/albertojor/GitHub/freedom-e-sdk/bsp/freedom-e310-arty-xmem/install/lib/debug//libmetal.a(libriscv__mmachine__freedom-e310-arty-xmem_a-sifive_uart0.o)
 .text.__metal_driver_sifive_uart0_interrupt_controller
                0x0000000020404b50       0x1e /home/albertojor/GitHub/freedom-e-sdk/bsp/freedom-e310-arty-xmem/install/lib/debug//libmetal.a(libriscv__mmachine__freedom-e310-arty-xmem_a-sifive_uart0.o)
                0x0000000020404b50                __metal_driver_sifive_uart0_interrupt_controller
 .text.__metal_driver_sifive_uart0_get_interrupt_id
                0x0000000020404b6e       0x22 /home/albertojor/GitHub/freedom-e-sdk/bsp/freedom-e310-arty-xmem/install/lib/debug//libmetal.a(libriscv__mmachine__freedom-e310-arty-xmem_a-sifive_uart0.o)
                0x0000000020404b6e                __metal_driver_sifive_uart0_get_interrupt_id
 .text.__metal_driver_sifive_uart0_txready
                0x0000000020404b90       0x32 /home/albertojor/GitHub/freedom-e-sdk/bsp/freedom-e310-arty-xmem/install/lib/debug//libmetal.a(libriscv__mmachine__freedom-e310-arty-xmem_a-sifive_uart0.o)
                0x0000000020404b90                __metal_driver_sifive_uart0_txready
 .text.__metal_driver_sifive_uart0_putc
                0x0000000020404bc2       0x3e /home/albertojor/GitHub/freedom-e-sdk/bsp/freedom-e310-arty-xmem/install/lib/debug//libmetal.a(libriscv__mmachine__freedom-e310-arty-xmem_a-sifive_uart0.o)
                0x0000000020404bc2                __metal_driver_sifive_uart0_putc
 .text.__metal_driver_sifive_uart0_getc
                0x0000000020404c00       0x54 /home/albertojor/GitHub/freedom-e-sdk/bsp/freedom-e310-arty-xmem/install/lib/debug//libmetal.a(libriscv__mmachine__freedom-e310-arty-xmem_a-sifive_uart0.o)
                0x0000000020404c00                __metal_driver_sifive_uart0_getc
 .text.__metal_driver_sifive_uart0_get_baud_rate
                0x0000000020404c54       0x20 /home/albertojor/GitHub/freedom-e-sdk/bsp/freedom-e310-arty-xmem/install/lib/debug//libmetal.a(libriscv__mmachine__freedom-e310-arty-xmem_a-sifive_uart0.o)
                0x0000000020404c54                __metal_driver_sifive_uart0_get_baud_rate
 .text.__metal_driver_sifive_uart0_set_baud_rate
                0x0000000020404c74       0x9c /home/albertojor/GitHub/freedom-e-sdk/bsp/freedom-e310-arty-xmem/install/lib/debug//libmetal.a(libriscv__mmachine__freedom-e310-arty-xmem_a-sifive_uart0.o)
                0x0000000020404c74                __metal_driver_sifive_uart0_set_baud_rate
 .text.pre_rate_change_callback_func
                0x0000000020404d10       0xd8 /home/albertojor/GitHub/freedom-e-sdk/bsp/freedom-e310-arty-xmem/install/lib/debug//libmetal.a(libriscv__mmachine__freedom-e310-arty-xmem_a-sifive_uart0.o)
 .text.post_rate_change_callback_func
                0x0000000020404de8       0x30 /home/albertojor/GitHub/freedom-e-sdk/bsp/freedom-e310-arty-xmem/install/lib/debug//libmetal.a(libriscv__mmachine__freedom-e310-arty-xmem_a-sifive_uart0.o)
 .text.__metal_driver_sifive_uart0_init
                0x0000000020404e18       0xd2 /home/albertojor/GitHub/freedom-e-sdk/bsp/freedom-e310-arty-xmem/install/lib/debug//libmetal.a(libriscv__mmachine__freedom-e310-arty-xmem_a-sifive_uart0.o)
                0x0000000020404e18                __metal_driver_sifive_uart0_init
 .text._metal_clock_append_to_callbacks
                0x0000000020404eea       0x54 /home/albertojor/GitHub/freedom-e-sdk/bsp/freedom-e310-arty-xmem/install/lib/debug//libmetal.a(libriscv__mmachine__freedom-e310-arty-xmem_a-clock.o)
                0x0000000020404eea                _metal_clock_append_to_callbacks
 .text.metal_clock_register_pre_rate_change_callback
                0x0000000020404f3e       0x30 /home/albertojor/GitHub/freedom-e-sdk/bsp/freedom-e310-arty-xmem/install/lib/debug//libmetal.a(libriscv__mmachine__freedom-e310-arty-xmem_a-clock.o)
                0x0000000020404f3e                metal_clock_register_pre_rate_change_callback
 .text.metal_clock_register_post_rate_change_callback
                0x0000000020404f6e       0x30 /home/albertojor/GitHub/freedom-e-sdk/bsp/freedom-e310-arty-xmem/install/lib/debug//libmetal.a(libriscv__mmachine__freedom-e310-arty-xmem_a-clock.o)
                0x0000000020404f6e                metal_clock_register_post_rate_change_callback
 .text.metal_cpu_interrupt_controller
                0x0000000020404f9e       0x26 /home/albertojor/GitHub/freedom-e-sdk/bsp/freedom-e310-arty-xmem/install/lib/debug//libmetal.a(libriscv__mmachine__freedom-e310-arty-xmem_a-cpu.o)
                0x0000000020404f9e                metal_cpu_interrupt_controller
 .text.metal_cpu_get
                0x0000000020404fc4       0x2a /home/albertojor/GitHub/freedom-e-sdk/bsp/freedom-e310-arty-xmem/install/lib/debug//libmetal.a(libriscv__mmachine__freedom-e310-arty-xmem_a-cpu.o)
                0x0000000020404fc4                metal_cpu_get
 .text.metal_cpu_get_current_hartid
                0x0000000020404fee       0x1a /home/albertojor/GitHub/freedom-e-sdk/bsp/freedom-e310-arty-xmem/install/lib/debug//libmetal.a(libriscv__mmachine__freedom-e310-arty-xmem_a-cpu.o)
                0x0000000020404fee                metal_cpu_get_current_hartid
 .text.metal_shutdown
                0x0000000020405008        0xe /home/albertojor/GitHub/freedom-e-sdk/bsp/freedom-e310-arty-xmem/install/lib/debug//libmetal.a(libriscv__mmachine__freedom-e310-arty-xmem_a-shutdown.o)
                0x0000000020405008                metal_shutdown
 *fill*         0x0000000020405016       0x6a 
 .text          0x0000000020405080       0x80 /home/albertojor/GitHub/freedom-e-sdk/bsp/freedom-e310-arty-xmem/install/lib/debug//libmetal.a(libriscv__mmachine__freedom-e310-arty-xmem_a-vector.o)
                0x0000000020405080                __metal_vector_table
 .text.__metal_driver_fixed_clock_rate
                0x0000000020405100       0x2e /home/albertojor/GitHub/freedom-e-sdk/bsp/freedom-e310-arty-xmem/install/lib/debug//libmetal.a(libriscv__mmachine__freedom-e310-arty-xmem_a-fixed-clock.o)
 .text.__metal_driver_fixed_clock_get_rate_hz
                0x000000002040512e       0x1e /home/albertojor/GitHub/freedom-e-sdk/bsp/freedom-e310-arty-xmem/install/lib/debug//libmetal.a(libriscv__mmachine__freedom-e310-arty-xmem_a-fixed-clock.o)
                0x000000002040512e                __metal_driver_fixed_clock_get_rate_hz
 .text.__metal_driver_fixed_clock_set_rate_hz
                0x000000002040514c       0x22 /home/albertojor/GitHub/freedom-e-sdk/bsp/freedom-e310-arty-xmem/install/lib/debug//libmetal.a(libriscv__mmachine__freedom-e310-arty-xmem_a-fixed-clock.o)
                0x000000002040514c                __metal_driver_fixed_clock_set_rate_hz
 .text._exit    0x000000002040516e       0x12 /home/albertojor/GitHub/freedom-e-sdk/bsp/freedom-e310-arty-xmem/install/lib/debug//libmetal-gloss.a(sys_exit.o)
                0x000000002040516e                _exit
 *(.gnu.linkonce.t.*)
                [!provide]                        PROVIDE (__etext = .)
                [!provide]                        PROVIDE (_etext = .)
                [!provide]                        PROVIDE (etext = .)

.rodata         0x0000000020405180      0x4e0
 *(.rdata)
 *(.rodata .rodata.*)
 .rodata        0x0000000020405180       0xef /tmp/ccafaId4.o
 *fill*         0x000000002040526f        0x1 
 .rodata.__sf_fake_stderr
                0x0000000020405270       0x20 /home/albertojor/riscv64-unknown-elf-gcc-8.3.0-2019.08.0-x86_64-linux-ubuntu14/bin/../lib/gcc/riscv64-unknown-elf/8.3.0/../../../../riscv64-unknown-elf/lib/rv32imac/ilp32/libc_nano.a(lib_a-findfp.o)
                0x0000000020405270                __sf_fake_stderr
 .rodata.__sf_fake_stdin
                0x0000000020405290       0x20 /home/albertojor/riscv64-unknown-elf-gcc-8.3.0-2019.08.0-x86_64-linux-ubuntu14/bin/../lib/gcc/riscv64-unknown-elf/8.3.0/../../../../riscv64-unknown-elf/lib/rv32imac/ilp32/libc_nano.a(lib_a-findfp.o)
                0x0000000020405290                __sf_fake_stdin
 .rodata.__sf_fake_stdout
                0x00000000204052b0       0x20 /home/albertojor/riscv64-unknown-elf-gcc-8.3.0-2019.08.0-x86_64-linux-ubuntu14/bin/../lib/gcc/riscv64-unknown-elf/8.3.0/../../../../riscv64-unknown-elf/lib/rv32imac/ilp32/libc_nano.a(lib_a-findfp.o)
                0x00000000204052b0                __sf_fake_stdout
 .rodata._vfprintf_r.str1.4
                0x00000000204052d0       0x13 /home/albertojor/riscv64-unknown-elf-gcc-8.3.0-2019.08.0-x86_64-linux-ubuntu14/bin/../lib/gcc/riscv64-unknown-elf/8.3.0/../../../../riscv64-unknown-elf/lib/rv32imac/ilp32/libc_nano.a(lib_a-nano-vfprintf.o)
 *fill*         0x00000000204052e3        0x1 
 .rodata._printf_i.str1.4
                0x00000000204052e4       0x28 /home/albertojor/riscv64-unknown-elf-gcc-8.3.0-2019.08.0-x86_64-linux-ubuntu14/bin/../lib/gcc/riscv64-unknown-elf/8.3.0/../../../../riscv64-unknown-elf/lib/rv32imac/ilp32/libc_nano.a(lib_a-nano-vfprintf_i.o)
                                         0x25 (size before relaxing)
 .rodata.libgloss.start
                0x000000002040530c       0x11 /home/albertojor/GitHub/freedom-e-sdk/bsp/freedom-e310-arty-xmem/install/lib/debug//libmetal-gloss.a(crt0.o)
 *fill*         0x000000002040531d        0x3 
 .rodata.__metal_driver_vtable_riscv_clint0
                0x0000000020405320       0x4c /home/albertojor/GitHub/freedom-e-sdk/bsp/freedom-e310-arty-xmem/install/lib/debug//libmetal.a(libriscv__mmachine__freedom-e310-arty-xmem_a-riscv_clint0.o)
                0x0000000020405320                __metal_driver_vtable_riscv_clint0
 .rodata.__metal_controller_interrupt_vector
                0x000000002040536c       0x14 /home/albertojor/GitHub/freedom-e-sdk/bsp/freedom-e310-arty-xmem/install/lib/debug//libmetal.a(libriscv__mmachine__freedom-e310-arty-xmem_a-riscv_cpu.o)
 .rodata.__metal_valid_interrupt_id
                0x0000000020405380       0x74 /home/albertojor/GitHub/freedom-e-sdk/bsp/freedom-e310-arty-xmem/install/lib/debug//libmetal.a(libriscv__mmachine__freedom-e310-arty-xmem_a-riscv_cpu.o)
 .rodata.__metal_local_interrupt_enable
                0x00000000204053f4       0x80 /home/albertojor/GitHub/freedom-e-sdk/bsp/freedom-e310-arty-xmem/install/lib/debug//libmetal.a(libriscv__mmachine__freedom-e310-arty-xmem_a-riscv_cpu.o)
 .rodata.__metal_driver_riscv_cpu_controller_interrupt_register
                0x0000000020405474       0x74 /home/albertojor/GitHub/freedom-e-sdk/bsp/freedom-e310-arty-xmem/install/lib/debug//libmetal.a(libriscv__mmachine__freedom-e310-arty-xmem_a-riscv_cpu.o)
 .rodata.__metal_driver_vtable_riscv_cpu_intc
                0x00000000204054e8       0x4c /home/albertojor/GitHub/freedom-e-sdk/bsp/freedom-e310-arty-xmem/install/lib/debug//libmetal.a(libriscv__mmachine__freedom-e310-arty-xmem_a-riscv_cpu.o)
                0x00000000204054e8                __metal_driver_vtable_riscv_cpu_intc
 .rodata.__metal_driver_vtable_cpu
                0x0000000020405534       0x40 /home/albertojor/GitHub/freedom-e-sdk/bsp/freedom-e310-arty-xmem/install/lib/debug//libmetal.a(libriscv__mmachine__freedom-e310-arty-xmem_a-riscv_cpu.o)
                0x0000000020405534                __metal_driver_vtable_cpu
 .rodata.__metal_driver_vtable_riscv_plic0
                0x0000000020405574       0x4c /home/albertojor/GitHub/freedom-e-sdk/bsp/freedom-e310-arty-xmem/install/lib/debug//libmetal.a(libriscv__mmachine__freedom-e310-arty-xmem_a-riscv_plic0.o)
                0x0000000020405574                __metal_driver_vtable_riscv_plic0
 .rodata.__metal_driver_sifive_gpio0_config_int
                0x00000000204055c0       0x20 /home/albertojor/GitHub/freedom-e-sdk/bsp/freedom-e310-arty-xmem/install/lib/debug//libmetal.a(libriscv__mmachine__freedom-e310-arty-xmem_a-sifive_gpio0.o)
 .rodata.__metal_driver_sifive_gpio0_clear_int
                0x00000000204055e0       0x20 /home/albertojor/GitHub/freedom-e-sdk/bsp/freedom-e310-arty-xmem/install/lib/debug//libmetal.a(libriscv__mmachine__freedom-e310-arty-xmem_a-sifive_gpio0.o)
 .rodata.__metal_driver_vtable_sifive_gpio0
                0x0000000020405600       0x3c /home/albertojor/GitHub/freedom-e-sdk/bsp/freedom-e310-arty-xmem/install/lib/debug//libmetal.a(libriscv__mmachine__freedom-e310-arty-xmem_a-sifive_gpio0.o)
                0x0000000020405600                __metal_driver_vtable_sifive_gpio0
 .rodata.__metal_driver_vtable_sifive_uart0
                0x000000002040563c       0x20 /home/albertojor/GitHub/freedom-e-sdk/bsp/freedom-e310-arty-xmem/install/lib/debug//libmetal.a(libriscv__mmachine__freedom-e310-arty-xmem_a-sifive_uart0.o)
                0x000000002040563c                __metal_driver_vtable_sifive_uart0
 *(.gnu.linkonce.r.*)
                0x0000000020405660                . = ALIGN (0x8)
 *fill*         0x000000002040565c        0x4 
 *(.srodata.cst16)
 *(.srodata.cst8)
 *(.srodata.cst4)
 *(.srodata.cst2)
 *(.srodata .srodata.*)

.rela.dyn       0x0000000020405660        0x0
 .rela.text._vfprintf_r
                0x0000000020405660        0x0 /tmp/ccafaId4.o
 .rela.text._sbrk_r
                0x0000000020405660        0x0 /tmp/ccafaId4.o
 .rela.text._write_r
                0x0000000020405660        0x0 /tmp/ccafaId4.o
 .rela.text._close_r
                0x0000000020405660        0x0 /tmp/ccafaId4.o
 .rela.text._fstat_r
                0x0000000020405660        0x0 /tmp/ccafaId4.o
 .rela.text._isatty_r
                0x0000000020405660        0x0 /tmp/ccafaId4.o
 .rela.text._lseek_r
                0x0000000020405660        0x0 /tmp/ccafaId4.o
 .rela.text._read_r
                0x0000000020405660        0x0 /tmp/ccafaId4.o
 .rela.text.metal.init.enter
                0x0000000020405660        0x0 /tmp/ccafaId4.o
 .rela.text.libgloss.start
                0x0000000020405660        0x0 /tmp/ccafaId4.o
 .rela.sdata.brk
                0x0000000020405660        0x0 /tmp/ccafaId4.o
 .rela.text._sbrk
                0x0000000020405660        0x0 /tmp/ccafaId4.o
 .rela.text.__libc_fini_array
                0x0000000020405660        0x0 /tmp/ccafaId4.o
 .rela.text.__libc_init_array
                0x0000000020405660        0x0 /tmp/ccafaId4.o
 .rela.text.__register_exitproc
                0x0000000020405660        0x0 /tmp/ccafaId4.o
 .rela.text.__metal_driver_cpu_get
                0x0000000020405660        0x0 /tmp/ccafaId4.o
 .rela.text.metal_software_interrupt_vector_handler
                0x0000000020405660        0x0 /tmp/ccafaId4.o
 .rela.text.__metal_default_sw_handler
                0x0000000020405660        0x0 /tmp/ccafaId4.o
 .rela.text.metal_timer_interrupt_vector_handler
                0x0000000020405660        0x0 /tmp/ccafaId4.o
 .rela.text.__metal_exception_handler
                0x0000000020405660        0x0 /tmp/ccafaId4.o
 .rela.text.metal_lc0_interrupt_vector_handler
                0x0000000020405660        0x0 /tmp/ccafaId4.o
 .rela.text.metal_lc1_interrupt_vector_handler
                0x0000000020405660        0x0 /tmp/ccafaId4.o
 .rela.text.metal_lc2_interrupt_vector_handler
                0x0000000020405660        0x0 /tmp/ccafaId4.o
 .rela.text.metal_lc3_interrupt_vector_handler
                0x0000000020405660        0x0 /tmp/ccafaId4.o
 .rela.text.metal_lc4_interrupt_vector_handler
                0x0000000020405660        0x0 /tmp/ccafaId4.o
 .rela.text.metal_lc5_interrupt_vector_handler
                0x0000000020405660        0x0 /tmp/ccafaId4.o
 .rela.text.metal_lc6_interrupt_vector_handler
                0x0000000020405660        0x0 /tmp/ccafaId4.o
 .rela.text.metal_lc7_interrupt_vector_handler
                0x0000000020405660        0x0 /tmp/ccafaId4.o
 .rela.text.metal_lc8_interrupt_vector_handler
                0x0000000020405660        0x0 /tmp/ccafaId4.o
 .rela.text.metal_lc9_interrupt_vector_handler
                0x0000000020405660        0x0 /tmp/ccafaId4.o
 .rela.text.metal_lc10_interrupt_vector_handler
                0x0000000020405660        0x0 /tmp/ccafaId4.o
 .rela.text.metal_lc11_interrupt_vector_handler
                0x0000000020405660        0x0 /tmp/ccafaId4.o
 .rela.text.metal_lc12_interrupt_vector_handler
                0x0000000020405660        0x0 /tmp/ccafaId4.o
 .rela.text.metal_lc13_interrupt_vector_handler
                0x0000000020405660        0x0 /tmp/ccafaId4.o
 .rela.text.metal_lc14_interrupt_vector_handler
                0x0000000020405660        0x0 /tmp/ccafaId4.o
 .rela.text.metal_lc15_interrupt_vector_handler
                0x0000000020405660        0x0 /tmp/ccafaId4.o
 .rela.text.metal_cpu_get
                0x0000000020405660        0x0 /tmp/ccafaId4.o
 .rela.text     0x0000000020405660        0x0 /tmp/ccafaId4.o
                0x0000000020405660                . = ALIGN (0x8)

.preinit_array  0x0000000020405660        0x0
                0x0000000020405660                PROVIDE (__preinit_array_start = .)
 *(.preinit_array)
                0x0000000020405660                PROVIDE (__preinit_array_end = .)

.init_array     0x0000000020405660        0x4
                0x0000000020405660                PROVIDE (__init_array_start = .)
 *(SORT_BY_INIT_PRIORITY(.init_array.*) SORT_BY_INIT_PRIORITY(.ctors.*))
 *(.init_array EXCLUDE_FILE(*crtend?.o *crtend.o *crtbegin?.o *crtbegin.o) .ctors)
 .init_array    0x0000000020405660        0x4 /home/albertojor/GitHub/freedom-e-sdk/bsp/freedom-e310-arty-xmem/install/lib/debug//libmetal.a(libriscv__mmachine__freedom-e310-arty-xmem_a-tty.o)
                0x0000000020405664                PROVIDE (__init_array_end = .)

.fini_array     0x0000000020405664        0x0
                0x0000000020405664                PROVIDE (__fini_array_start = .)
 *(SORT_BY_INIT_PRIORITY(.fini_array.*) SORT_BY_INIT_PRIORITY(.dtors.*))
 *(.fini_array EXCLUDE_FILE(*crtend?.o *crtend.o *crtbegin?.o *crtbegin.o) .dtors)
                0x0000000020405664                PROVIDE (__fini_array_end = .)

.ctors
 *crtbegin.o(.ctors)
 *crtbegin?.o(.ctors)
 *(EXCLUDE_FILE(*crtend?.o *crtend.o) .ctors)
 *(SORT_BY_NAME(.ctors.*))
 *(.ctors)

.dtors
 *crtbegin.o(.dtors)
 *crtbegin?.o(.dtors)
 *(EXCLUDE_FILE(*crtend?.o *crtend.o) .dtors)
 *(SORT_BY_NAME(.dtors.*))
 *(.dtors)

.itim           0x0000000008000000        0x0 load address 0x0000000020405668
 *(.itim .itim.*)
                0x0000000020405668                PROVIDE (metal_segment_itim_source_start = LOADADDR (.itim))
                0x0000000008000000                PROVIDE (metal_segment_itim_target_start = ADDR (.itim))
                0x0000000008000000                PROVIDE (metal_segment_itim_target_end = (ADDR (.itim) + SIZEOF (.itim)))

.data           0x0000000080000000      0x770 load address 0x0000000020405668
 *(.data .data.*)
 .data.impure_data
                0x0000000080000000       0x60 /home/albertojor/riscv64-unknown-elf-gcc-8.3.0-2019.08.0-x86_64-linux-ubuntu14/bin/../lib/gcc/riscv64-unknown-elf/8.3.0/../../../../riscv64-unknown-elf/lib/rv32imac/ilp32/libc_nano.a(lib_a-impure.o)
 .data.__metal_dt_clock_0
                0x0000000080000060        0xc /home/albertojor/GitHub/freedom-e-sdk/bsp/freedom-e310-arty-xmem/install/lib/debug//libmetal.a(libriscv__mmachine__freedom-e310-arty-xmem_a-inline.o)
                0x0000000080000060                __metal_dt_clock_0
 *fill*         0x000000008000006c        0x4 
 .data.__metal_dt_cpu_0_interrupt_controller
                0x0000000080000070      0x3b8 /home/albertojor/GitHub/freedom-e-sdk/bsp/freedom-e310-arty-xmem/install/lib/debug//libmetal.a(libriscv__mmachine__freedom-e310-arty-xmem_a-inline.o)
                0x0000000080000070                __metal_dt_cpu_0_interrupt_controller
 .data.__metal_dt_interrupt_controller_c000000
                0x0000000080000428      0x300 /home/albertojor/GitHub/freedom-e-sdk/bsp/freedom-e310-arty-xmem/install/lib/debug//libmetal.a(libriscv__mmachine__freedom-e310-arty-xmem_a-inline.o)
                0x0000000080000428                __metal_dt_interrupt_controller_c000000
 .data.__metal_dt_serial_10013000
                0x0000000080000728       0x20 /home/albertojor/GitHub/freedom-e-sdk/bsp/freedom-e310-arty-xmem/install/lib/debug//libmetal.a(libriscv__mmachine__freedom-e310-arty-xmem_a-inline.o)
                0x0000000080000728                __metal_dt_serial_10013000
 *(.gnu.linkonce.d.*)
                0x0000000080000748                . = ALIGN (0x8)
                0x0000000080000f48                PROVIDE (__global_pointer$ = (. + 0x800))
 *(.sdata .sdata.* .sdata2.*)
 .sdata._impure_ptr
                0x0000000080000748        0x4 /home/albertojor/riscv64-unknown-elf-gcc-8.3.0-2019.08.0-x86_64-linux-ubuntu14/bin/../lib/gcc/riscv64-unknown-elf/8.3.0/../../../../riscv64-unknown-elf/lib/rv32imac/ilp32/libc_nano.a(lib_a-impure.o)
                0x0000000080000748                _impure_ptr
 .sdata2._global_impure_ptr
                0x000000008000074c        0x4 /home/albertojor/riscv64-unknown-elf-gcc-8.3.0-2019.08.0-x86_64-linux-ubuntu14/bin/../lib/gcc/riscv64-unknown-elf/8.3.0/../../../../riscv64-unknown-elf/lib/rv32imac/ilp32/libc_nano.a(lib_a-impure.o)
                0x000000008000074c                _global_impure_ptr
 .sdata.brk     0x0000000080000750        0x4 /home/albertojor/GitHub/freedom-e-sdk/bsp/freedom-e310-arty-xmem/install/lib/debug//libmetal-gloss.a(sys_sbrk.o)
 .sdata.__metal_cpu_table
                0x0000000080000754        0x4 /home/albertojor/GitHub/freedom-e-sdk/bsp/freedom-e310-arty-xmem/install/lib/debug//libmetal.a(libriscv__mmachine__freedom-e310-arty-xmem_a-synchronize_harts.o)
                0x0000000080000754                __metal_cpu_table
 .sdata.__metal_dt_clint_2000000
                0x0000000080000758        0x8 /home/albertojor/GitHub/freedom-e-sdk/bsp/freedom-e310-arty-xmem/install/lib/debug//libmetal.a(libriscv__mmachine__freedom-e310-arty-xmem_a-inline.o)
                0x0000000080000758                __metal_dt_clint_2000000
 .sdata.__metal_dt_cpu_0
                0x0000000080000760        0x4 /home/albertojor/GitHub/freedom-e-sdk/bsp/freedom-e310-arty-xmem/install/lib/debug//libmetal.a(libriscv__mmachine__freedom-e310-arty-xmem_a-inline.o)
                0x0000000080000760                __metal_dt_cpu_0
 .sdata.__metal_dt_gpio_10012000
                0x0000000080000764        0x4 /home/albertojor/GitHub/freedom-e-sdk/bsp/freedom-e310-arty-xmem/install/lib/debug//libmetal.a(libriscv__mmachine__freedom-e310-arty-xmem_a-inline.o)
                0x0000000080000764                __metal_dt_gpio_10012000
 .sdata2.__metal_driver_vtable_fixed_clock
                0x0000000080000768        0x8 /home/albertojor/GitHub/freedom-e-sdk/bsp/freedom-e310-arty-xmem/install/lib/debug//libmetal.a(libriscv__mmachine__freedom-e310-arty-xmem_a-fixed-clock.o)
                0x0000000080000768                __metal_driver_vtable_fixed_clock
 *(.gnu.linkonce.s.*)
                0x0000000080000770                . = ALIGN (0x8)
 *(.srodata.cst16)
 *(.srodata.cst8)
 *(.srodata.cst4)
 *(.srodata.cst2)
 *(.srodata .srodata.*)
                0x0000000080000770                . = ALIGN (0x8)
 *(.rdata)
 *(.rodata .rodata.*)
 *(.gnu.linkonce.r.*)
                0x0000000020405668                PROVIDE (metal_segment_data_source_start = LOADADDR (.data))
                0x0000000080000000                PROVIDE (metal_segment_data_target_start = ADDR (.data))
                0x0000000080000770                PROVIDE (metal_segment_data_target_end = (ADDR (.data) + SIZEOF (.data)))

.bss            0x0000000080000770      0x86c
 *(.sbss*)
 .sbss.__malloc_free_list
                0x0000000080000770        0x4 /home/albertojor/riscv64-unknown-elf-gcc-8.3.0-2019.08.0-x86_64-linux-ubuntu14/bin/../lib/gcc/riscv64-unknown-elf/8.3.0/../../../../riscv64-unknown-elf/lib/rv32imac/ilp32/libc_nano.a(lib_a-nano-mallocr.o)
                0x0000000080000770                __malloc_free_list
 .sbss.__malloc_sbrk_start
                0x0000000080000774        0x4 /home/albertojor/riscv64-unknown-elf-gcc-8.3.0-2019.08.0-x86_64-linux-ubuntu14/bin/../lib/gcc/riscv64-unknown-elf/8.3.0/../../../../riscv64-unknown-elf/lib/rv32imac/ilp32/libc_nano.a(lib_a-nano-mallocr.o)
                0x0000000080000774                __malloc_sbrk_start
 .sbss._global_atexit
                0x0000000080000778        0x4 /home/albertojor/riscv64-unknown-elf-gcc-8.3.0-2019.08.0-x86_64-linux-ubuntu14/bin/../lib/gcc/riscv64-unknown-elf/8.3.0/../../../../riscv64-unknown-elf/lib/rv32imac/ilp32/libc_nano.a(lib_a-__call_atexit.o)
                0x0000000080000778                _global_atexit
 *(.gnu.linkonce.sb.*)
 *(.bss .bss.*)
 .bss.rand_arr.2798
                0x000000008000077c      0x7d0 /tmp/ccafaId4.o
 .bss._global_atexit0
                0x0000000080000f4c       0x8c /home/albertojor/riscv64-unknown-elf-gcc-8.3.0-2019.08.0-x86_64-linux-ubuntu14/bin/../lib/gcc/riscv64-unknown-elf/8.3.0/../../../../riscv64-unknown-elf/lib/rv32imac/ilp32/libc_nano.a(lib_a-__atexit.o)
 *(.gnu.linkonce.b.*)
 *(COMMON)
 COMMON         0x0000000080000fd8        0x4 /home/albertojor/riscv64-unknown-elf-gcc-8.3.0-2019.08.0-x86_64-linux-ubuntu14/bin/../lib/gcc/riscv64-unknown-elf/8.3.0/../../../../riscv64-unknown-elf/lib/rv32imac/ilp32/libc_nano.a(lib_a-reent.o)
                0x0000000080000fd8                errno
                0x0000000080000770                PROVIDE (metal_segment_bss_target_start = ADDR (.bss))
                0x0000000080000fdc                PROVIDE (metal_segment_bss_target_end = (ADDR (.bss) + SIZEOF (.bss)))

.stack          0x0000000080000fdc      0x400
                [!provide]                        PROVIDE (metal_segment_stack_begin = .)
                0x00000000800013dc                . = (. + __stack_size)
 *fill*         0x0000000080000fdc      0x400 
                0x00000000800013dc                PROVIDE (_sp = .)
                [!provide]                        PROVIDE (metal_segment_stack_end = .)

.heap           0x00000000800013dc      0x800
                0x00000000800013dc                PROVIDE (metal_segment_heap_target_start = .)
                0x0000000000000800                . = __heap_size
 *fill*         0x00000000800013dc      0x800 
                0x0000000080001bdc                PROVIDE (metal_segment_heap_target_end = .)
                [!provide]                        PROVIDE (_heap_end = .)
OUTPUT(AsconRand elf32-littleriscv)

.debug_info     0x0000000000000000    0x14a97
 .debug_info    0x0000000000000000     0x138d /tmp/ccafaId4.o
 .debug_info    0x000000000000138d       0x22 /home/albertojor/GitHub/freedom-e-sdk/bsp/freedom-e310-arty-xmem/install/lib/debug//libmetal.a(libriscv__mmachine__freedom-e310-arty-xmem_a-entry.o)
 .debug_info    0x00000000000013af       0x26 /home/albertojor/GitHub/freedom-e-sdk/bsp/freedom-e310-arty-xmem/install/lib/debug//libmetal-gloss.a(crt0.o)
 .debug_info    0x00000000000013d5      0x969 /home/albertojor/GitHub/freedom-e-sdk/bsp/freedom-e310-arty-xmem/install/lib/debug//libmetal-gloss.a(sys_close.o)
 .debug_info    0x0000000000001d3e      0xbac /home/albertojor/GitHub/freedom-e-sdk/bsp/freedom-e310-arty-xmem/install/lib/debug//libmetal-gloss.a(sys_fstat.o)
 .debug_info    0x00000000000028ea       0xf4 /home/albertojor/GitHub/freedom-e-sdk/bsp/freedom-e310-arty-xmem/install/lib/debug//libmetal-gloss.a(sys_isatty.o)
 .debug_info    0x00000000000029de      0x99f /home/albertojor/GitHub/freedom-e-sdk/bsp/freedom-e310-arty-xmem/install/lib/debug//libmetal-gloss.a(sys_lseek.o)
 .debug_info    0x000000000000337d      0x99f /home/albertojor/GitHub/freedom-e-sdk/bsp/freedom-e310-arty-xmem/install/lib/debug//libmetal-gloss.a(sys_read.o)
 .debug_info    0x0000000000003d1c      0x117 /home/albertojor/GitHub/freedom-e-sdk/bsp/freedom-e310-arty-xmem/install/lib/debug//libmetal-gloss.a(sys_sbrk.o)
 .debug_info    0x0000000000003e33      0xa1e /home/albertojor/GitHub/freedom-e-sdk/bsp/freedom-e310-arty-xmem/install/lib/debug//libmetal-gloss.a(sys_write.o)
 .debug_info    0x0000000000004851     0x1257 /home/albertojor/GitHub/freedom-e-sdk/bsp/freedom-e310-arty-xmem/install/lib/debug//libmetal.a(libriscv__mmachine__freedom-e310-arty-xmem_a-synchronize_harts.o)
 .debug_info    0x0000000000005aa8     0x12cb /home/albertojor/GitHub/freedom-e-sdk/bsp/freedom-e310-arty-xmem/install/lib/debug//libmetal.a(libriscv__mmachine__freedom-e310-arty-xmem_a-tty.o)
 .debug_info    0x0000000000006d73      0x5de /home/albertojor/GitHub/freedom-e-sdk/bsp/freedom-e310-arty-xmem/install/lib/debug//libmetal.a(libriscv__mmachine__freedom-e310-arty-xmem_a-uart.o)
 .debug_info    0x0000000000007351     0x123d /home/albertojor/GitHub/freedom-e-sdk/bsp/freedom-e310-arty-xmem/install/lib/debug//libmetal.a(libriscv__mmachine__freedom-e310-arty-xmem_a-inline.o)
 .debug_info    0x000000000000858e     0x18e6 /home/albertojor/GitHub/freedom-e-sdk/bsp/freedom-e310-arty-xmem/install/lib/debug//libmetal.a(libriscv__mmachine__freedom-e310-arty-xmem_a-riscv_clint0.o)
 .debug_info    0x0000000000009e74     0x271f /home/albertojor/GitHub/freedom-e-sdk/bsp/freedom-e310-arty-xmem/install/lib/debug//libmetal.a(libriscv__mmachine__freedom-e310-arty-xmem_a-riscv_cpu.o)
 .debug_info    0x000000000000c593     0x1788 /home/albertojor/GitHub/freedom-e-sdk/bsp/freedom-e310-arty-xmem/install/lib/debug//libmetal.a(libriscv__mmachine__freedom-e310-arty-xmem_a-riscv_plic0.o)
 .debug_info    0x000000000000dd1b     0x1717 /home/albertojor/GitHub/freedom-e-sdk/bsp/freedom-e310-arty-xmem/install/lib/debug//libmetal.a(libriscv__mmachine__freedom-e310-arty-xmem_a-sifive_gpio0.o)
 .debug_info    0x000000000000f432     0x1786 /home/albertojor/GitHub/freedom-e-sdk/bsp/freedom-e310-arty-xmem/install/lib/debug//libmetal.a(libriscv__mmachine__freedom-e310-arty-xmem_a-sifive_uart0.o)
 .debug_info    0x0000000000010bb8      0x2c7 /home/albertojor/GitHub/freedom-e-sdk/bsp/freedom-e310-arty-xmem/install/lib/debug//libmetal.a(libriscv__mmachine__freedom-e310-arty-xmem_a-clock.o)
 .debug_info    0x0000000000010e7f     0x15c6 /home/albertojor/GitHub/freedom-e-sdk/bsp/freedom-e310-arty-xmem/install/lib/debug//libmetal.a(libriscv__mmachine__freedom-e310-arty-xmem_a-cpu.o)
 .debug_info    0x0000000000012445     0x1302 /home/albertojor/GitHub/freedom-e-sdk/bsp/freedom-e310-arty-xmem/install/lib/debug//libmetal.a(libriscv__mmachine__freedom-e310-arty-xmem_a-shutdown.o)
 .debug_info    0x0000000000013747       0x26 /home/albertojor/GitHub/freedom-e-sdk/bsp/freedom-e310-arty-xmem/install/lib/debug//libmetal.a(libriscv__mmachine__freedom-e310-arty-xmem_a-vector.o)
 .debug_info    0x000000000001376d     0x12db /home/albertojor/GitHub/freedom-e-sdk/bsp/freedom-e310-arty-xmem/install/lib/debug//libmetal.a(libriscv__mmachine__freedom-e310-arty-xmem_a-fixed-clock.o)
 .debug_info    0x0000000000014a48       0x4f /home/albertojor/GitHub/freedom-e-sdk/bsp/freedom-e310-arty-xmem/install/lib/debug//libmetal-gloss.a(sys_exit.o)

.debug_abbrev   0x0000000000000000     0x277b
 .debug_abbrev  0x0000000000000000      0x2a7 /tmp/ccafaId4.o
 .debug_abbrev  0x00000000000002a7       0x12 /home/albertojor/GitHub/freedom-e-sdk/bsp/freedom-e310-arty-xmem/install/lib/debug//libmetal.a(libriscv__mmachine__freedom-e310-arty-xmem_a-entry.o)
 .debug_abbrev  0x00000000000002b9       0x14 /home/albertojor/GitHub/freedom-e-sdk/bsp/freedom-e310-arty-xmem/install/lib/debug//libmetal-gloss.a(crt0.o)
 .debug_abbrev  0x00000000000002cd      0x1a9 /home/albertojor/GitHub/freedom-e-sdk/bsp/freedom-e310-arty-xmem/install/lib/debug//libmetal-gloss.a(sys_close.o)
 .debug_abbrev  0x0000000000000476      0x1bc /home/albertojor/GitHub/freedom-e-sdk/bsp/freedom-e310-arty-xmem/install/lib/debug//libmetal-gloss.a(sys_fstat.o)
 .debug_abbrev  0x0000000000000632       0x73 /home/albertojor/GitHub/freedom-e-sdk/bsp/freedom-e310-arty-xmem/install/lib/debug//libmetal-gloss.a(sys_isatty.o)
 .debug_abbrev  0x00000000000006a5      0x1ba /home/albertojor/GitHub/freedom-e-sdk/bsp/freedom-e310-arty-xmem/install/lib/debug//libmetal-gloss.a(sys_lseek.o)
 .debug_abbrev  0x000000000000085f      0x1ba /home/albertojor/GitHub/freedom-e-sdk/bsp/freedom-e310-arty-xmem/install/lib/debug//libmetal-gloss.a(sys_read.o)
 .debug_abbrev  0x0000000000000a19       0xb8 /home/albertojor/GitHub/freedom-e-sdk/bsp/freedom-e310-arty-xmem/install/lib/debug//libmetal-gloss.a(sys_sbrk.o)
 .debug_abbrev  0x0000000000000ad1      0x1ec /home/albertojor/GitHub/freedom-e-sdk/bsp/freedom-e310-arty-xmem/install/lib/debug//libmetal-gloss.a(sys_write.o)
 .debug_abbrev  0x0000000000000cbd      0x192 /home/albertojor/GitHub/freedom-e-sdk/bsp/freedom-e310-arty-xmem/install/lib/debug//libmetal.a(libriscv__mmachine__freedom-e310-arty-xmem_a-synchronize_harts.o)
 .debug_abbrev  0x0000000000000e4f      0x1dd /home/albertojor/GitHub/freedom-e-sdk/bsp/freedom-e310-arty-xmem/install/lib/debug//libmetal.a(libriscv__mmachine__freedom-e310-arty-xmem_a-tty.o)
 .debug_abbrev  0x000000000000102c      0x10c /home/albertojor/GitHub/freedom-e-sdk/bsp/freedom-e310-arty-xmem/install/lib/debug//libmetal.a(libriscv__mmachine__freedom-e310-arty-xmem_a-uart.o)