Archive member included to satisfy reference by file (symbol)

/home/albertojor/riscv64-unknown-elf-gcc-8.3.0-2019.08.0-x86_64-linux-ubuntu14/bin/../lib/gcc/riscv64-unknown-elf/8.3.0/../../../../riscv64-unknown-elf/lib/rv32imac/ilp32/libc_nano.a(lib_a-syswrite.o)
                              /tmp/ccvD6H0C.o (write)
/home/albertojor/riscv64-unknown-elf-gcc-8.3.0-2019.08.0-x86_64-linux-ubuntu14/bin/../lib/gcc/riscv64-unknown-elf/8.3.0/../../../../riscv64-unknown-elf/lib/rv32imac/ilp32/libc_nano.a(lib_a-writer.o)
                              /home/albertojor/riscv64-unknown-elf-gcc-8.3.0-2019.08.0-x86_64-linux-ubuntu14/bin/../lib/gcc/riscv64-unknown-elf/8.3.0/../../../../riscv64-unknown-elf/lib/rv32imac/ilp32/libc_nano.a(lib_a-syswrite.o) (_write_r)
/home/albertojor/riscv64-unknown-elf-gcc-8.3.0-2019.08.0-x86_64-linux-ubuntu14/bin/../lib/gcc/riscv64-unknown-elf/8.3.0/../../../../riscv64-unknown-elf/lib/rv32imac/ilp32/libc_nano.a(lib_a-impure.o)
                              /home/albertojor/riscv64-unknown-elf-gcc-8.3.0-2019.08.0-x86_64-linux-ubuntu14/bin/../lib/gcc/riscv64-unknown-elf/8.3.0/../../../../riscv64-unknown-elf/lib/rv32imac/ilp32/libc_nano.a(lib_a-syswrite.o) (_impure_ptr)
/home/albertojor/riscv64-unknown-elf-gcc-8.3.0-2019.08.0-x86_64-linux-ubuntu14/bin/../lib/gcc/riscv64-unknown-elf/8.3.0/../../../../riscv64-unknown-elf/lib/rv32imac/ilp32/libc_nano.a(lib_a-reent.o)
                              /home/albertojor/riscv64-unknown-elf-gcc-8.3.0-2019.08.0-x86_64-linux-ubuntu14/bin/../lib/gcc/riscv64-unknown-elf/8.3.0/../../../../riscv64-unknown-elf/lib/rv32imac/ilp32/libc_nano.a(lib_a-writer.o) (errno)
/home/albertojor/riscv64-unknown-elf-gcc-8.3.0-2019.08.0-x86_64-linux-ubuntu14/bin/../lib/gcc/riscv64-unknown-elf/8.3.0/../../../../riscv64-unknown-elf/lib/rv32imac/ilp32/libc_nano.a(lib_a-nano-freer.o)
                              /home/albertojor/riscv64-unknown-elf-gcc-8.3.0-2019.08.0-x86_64-linux-ubuntu14/bin/../lib/gcc/riscv64-unknown-elf/8.3.0/../../../../riscv64-unknown-elf/lib/rv32imac/ilp32/libc_nano.a(lib_a-reent.o) (_free_r)
/home/albertojor/riscv64-unknown-elf-gcc-8.3.0-2019.08.0-x86_64-linux-ubuntu14/bin/../lib/gcc/riscv64-unknown-elf/8.3.0/../../../../riscv64-unknown-elf/lib/rv32imac/ilp32/libc_nano.a(lib_a-nano-mallocr.o)
                              /home/albertojor/riscv64-unknown-elf-gcc-8.3.0-2019.08.0-x86_64-linux-ubuntu14/bin/../lib/gcc/riscv64-unknown-elf/8.3.0/../../../../riscv64-unknown-elf/lib/rv32imac/ilp32/libc_nano.a(lib_a-nano-freer.o) (__malloc_free_list)
/home/albertojor/riscv64-unknown-elf-gcc-8.3.0-2019.08.0-x86_64-linux-ubuntu14/bin/../lib/gcc/riscv64-unknown-elf/8.3.0/../../../../riscv64-unknown-elf/lib/rv32imac/ilp32/libc_nano.a(lib_a-sbrkr.o)
                              /home/albertojor/riscv64-unknown-elf-gcc-8.3.0-2019.08.0-x86_64-linux-ubuntu14/bin/../lib/gcc/riscv64-unknown-elf/8.3.0/../../../../riscv64-unknown-elf/lib/rv32imac/ilp32/libc_nano.a(lib_a-nano-mallocr.o) (_sbrk_r)
/home/albertojor/riscv64-unknown-elf-gcc-8.3.0-2019.08.0-x86_64-linux-ubuntu14/bin/../lib/gcc/riscv64-unknown-elf/8.3.0/../../../../riscv64-unknown-elf/lib/rv32imac/ilp32/libc_nano.a(lib_a-mlock.o)
                              /home/albertojor/riscv64-unknown-elf-gcc-8.3.0-2019.08.0-x86_64-linux-ubuntu14/bin/../lib/gcc/riscv64-unknown-elf/8.3.0/../../../../riscv64-unknown-elf/lib/rv32imac/ilp32/libc_nano.a(lib_a-nano-freer.o) (__malloc_lock)
/home/albertojor/riscv64-unknown-elf-gcc-8.3.0-2019.08.0-x86_64-linux-ubuntu14/bin/../lib/gcc/riscv64-unknown-elf/8.3.0/rv32imac/ilp32/libgcc.a(_udivdi3.o)
                              /tmp/ccvD6H0C.o (__udivdi3)
/home/albertojor/riscv64-unknown-elf-gcc-8.3.0-2019.08.0-x86_64-linux-ubuntu14/bin/../lib/gcc/riscv64-unknown-elf/8.3.0/rv32imac/ilp32/libgcc.a(_umoddi3.o)
                              /tmp/ccvD6H0C.o (__umoddi3)
/home/albertojor/riscv64-unknown-elf-gcc-8.3.0-2019.08.0-x86_64-linux-ubuntu14/bin/../lib/gcc/riscv64-unknown-elf/8.3.0/rv32imac/ilp32/libgcc.a(adddf3.o)
                              /tmp/ccvD6H0C.o (__adddf3)
/home/albertojor/riscv64-unknown-elf-gcc-8.3.0-2019.08.0-x86_64-linux-ubuntu14/bin/../lib/gcc/riscv64-unknown-elf/8.3.0/rv32imac/ilp32/libgcc.a(divdf3.o)
                              /tmp/ccvD6H0C.o (__divdf3)
/home/albertojor/riscv64-unknown-elf-gcc-8.3.0-2019.08.0-x86_64-linux-ubuntu14/bin/../lib/gcc/riscv64-unknown-elf/8.3.0/rv32imac/ilp32/libgcc.a(eqdf2.o)
                              /tmp/ccvD6H0C.o (__nedf2)
/home/albertojor/riscv64-unknown-elf-gcc-8.3.0-2019.08.0-x86_64-linux-ubuntu14/bin/../lib/gcc/riscv64-unknown-elf/8.3.0/rv32imac/ilp32/libgcc.a(gedf2.o)
                              /tmp/ccvD6H0C.o (__gedf2)
/home/albertojor/riscv64-unknown-elf-gcc-8.3.0-2019.08.0-x86_64-linux-ubuntu14/bin/../lib/gcc/riscv64-unknown-elf/8.3.0/rv32imac/ilp32/libgcc.a(ledf2.o)
                              /tmp/ccvD6H0C.o (__ltdf2)
[...]
Memory Configuration

Name             Origin             Length             Attributes
flash            0x0000000020400000 0x000000001fc00000 axrl !w
itim             0x0000000008000000 0x0000000000004000 xw !arl
ram              0x0000000080000000 0x0000000000080000 axw !rl
*default*        0x0000000000000000 0xffffffffffffffff

Linker script and memory map

LOAD /tmp/ccmRdbgk.o
LOAD /tmp/ccvD6H0C.o
START GROUP
LOAD /home/albertojor/riscv64-unknown-elf-gcc-8.3.0-2019.08.0-x86_64-linux-ubuntu14/bin/../lib/gcc/riscv64-unknown-elf/8.3.0/../../../../riscv64-unknown-elf/lib/rv32imac/ilp32/libc_nano.a
LOAD /home/albertojor/riscv64-unknown-elf-gcc-8.3.0-2019.08.0-x86_64-linux-ubuntu14/bin/../lib/gcc/riscv64-unknown-elf/8.3.0/rv32imac/ilp32/libgcc.a
LOAD /home/albertojor/riscv64-unknown-elf-gcc-8.3.0-2019.08.0-x86_64-linux-ubuntu14/bin/../lib/gcc/riscv64-unknown-elf/8.3.0/../../../../riscv64-unknown-elf/lib/rv32imac/ilp32/libm.a
LOAD /home/albertojor/GitHub/freedom-e-sdk/bsp/freedom-e310-arty-xmem/install/lib/debug//libmetal.a
LOAD /home/albertojor/GitHub/freedom-e-sdk/bsp/freedom-e310-arty-xmem/install/lib/debug//libmetal-gloss.a
END GROUP
                0x0000000000000400                __stack_size = DEFINED (__stack_size)?__stack_size:0x400
                [!provide]                        PROVIDE (__stack_size = __stack_size)
                0x0000000000000800                __heap_size = DEFINED (__heap_size)?__heap_size:0x800
                0x0000000000000000                PROVIDE (__metal_boot_hart = 0x0)
                0x0000000000000000                PROVIDE (__metal_chicken_bit = 0x0)

.init           0x0000000020400000      0x196
 *(.text.metal.init.enter)
 .text.metal.init.enter
                0x0000000020400000       0x60 /home/albertojor/GitHub/freedom-e-sdk/bsp/freedom-e310-arty-xmem/install/lib/debug//libmetal.a(libriscv__mmachine__freedom-e310-arty-xmem_a-entry.o)
                0x0000000020400000                _enter
 *(.text.metal.init.*)
 *fill*         0x0000000020400060        0x0 
 .text.metal.init.trapvec
                0x0000000020400060        0xe /home/albertojor/GitHub/freedom-e-sdk/bsp/freedom-e310-arty-xmem/install/lib/debug//libmetal.a(libriscv__mmachine__freedom-e310-arty-xmem_a-entry.o)
 .text.metal.init.__register_frame_info
                0x000000002040006e        0x2 /home/albertojor/GitHub/freedom-e-sdk/bsp/freedom-e310-arty-xmem/install/lib/debug//libmetal.a(libriscv__mmachine__freedom-e310-arty-xmem_a-entry.o)
                0x000000002040006e                __register_frame_info
 *(SORT_NONE(.init))
 .init          0x0000000020400070        0xe /home/albertojor/GitHub/freedom-e-sdk/bsp/freedom-e310-arty-xmem/install/lib/debug//libmetal.a(libriscv__mmachine__freedom-e310-arty-xmem_a-synchronize_harts.o)
                0x0000000020400070                __metal_synchronize_harts
 *(.text.libgloss.start)
 .text.libgloss.start
                0x000000002040007e      0x118 /home/albertojor/GitHub/freedom-e-sdk/bsp/freedom-e310-arty-xmem/install/lib/debug//libmetal-gloss.a(crt0.o)
                0x000000002040007e                _start
                0x0000000020400174                _init
                0x0000000020400174                _fini
                0x0000000020400176                secondary_main

.fini
 *(SORT_NONE(.fini))

.text           0x0000000020400200     0x8080
 *(.text.unlikely .text.unlikely.*)
 *(.text.startup .text.startup.*)
 *(.text .text.*)
 .text.ROUND    0x0000000020400200      0x404 /tmp/ccmRdbgk.o
 .text.P12      0x0000000020400604       0x8e /tmp/ccmRdbgk.o
 .text.crypto_hash
                0x0000000020400692      0x1f6 /tmp/ccmRdbgk.o
                0x0000000020400692                crypto_hash
 .text.rdcycle  0x0000000020400888       0x1e /tmp/ccmRdbgk.o
                0x0000000020400888                rdcycle
 .text.HASH     0x00000000204008a6       0x48 /tmp/ccmRdbgk.o
                0x00000000204008a6                HASH
 .text.main     0x00000000204008ee      0x182 /tmp/ccmRdbgk.o
                0x00000000204008ee                main
 .text._putchar
                0x0000000020400a70       0x26 /tmp/ccvD6H0C.o
                0x0000000020400a70                _putchar
 .text._out_null
                0x0000000020400a96       0x20 /tmp/ccvD6H0C.o
 .text._out_char
                0x0000000020400ab6       0x32 /tmp/ccvD6H0C.o
 .text._strnlen_s
                0x0000000020400ae8       0x4e /tmp/ccvD6H0C.o
 .text._is_digit
                0x0000000020400b36       0x38 /tmp/ccvD6H0C.o
 .text._atoi    0x0000000020400b6e       0x5e /tmp/ccvD6H0C.o
 .text._out_rev
                0x0000000020400bcc      0x108 /tmp/ccvD6H0C.o
 .text._ntoa_format
                0x0000000020400cd4      0x25e /tmp/ccvD6H0C.o
 .text._ntoa_long
                0x0000000020400f32      0x104 /tmp/ccvD6H0C.o
 .text._ntoa_long_long
                0x0000000020401036      0x12e /tmp/ccvD6H0C.o
 .text._ftoa    0x0000000020401164      0x5d0 /tmp/ccvD6H0C.o
 .text._etoa    0x0000000020401734      0x66c /tmp/ccvD6H0C.o
 .text._vsnprintf
                0x0000000020401da0      0xb7c /tmp/ccvD6H0C.o
 .text.printf_  0x000000002040291c       0x56 /tmp/ccvD6H0C.o
                0x000000002040291c                printf_
 .text.write    0x0000000020402972       0x12 /home/albertojor/riscv64-unknown-elf-gcc-8.3.0-2019.08.0-x86_64-linux-ubuntu14/bin/../lib/gcc/riscv64-unknown-elf/8.3.0/../../../../riscv64-unknown-elf/lib/rv32imac/ilp32/libc_nano.a(lib_a-syswrite.o)
                0x0000000020402972                write
 .text._write_r
                0x0000000020402984       0x2e /home/albertojor/riscv64-unknown-elf-gcc-8.3.0-2019.08.0-x86_64-linux-ubuntu14/bin/../lib/gcc/riscv64-unknown-elf/8.3.0/../../../../riscv64-unknown-elf/lib/rv32imac/ilp32/libc_nano.a(lib_a-writer.o)
                0x0000000020402984                _write_r
 .text          0x00000000204029b2      0x35e /home/albertojor/riscv64-unknown-elf-gcc-8.3.0-2019.08.0-x86_64-linux-ubuntu14/bin/../lib/gcc/riscv64-unknown-elf/8.3.0/rv32imac/ilp32/libgcc.a(_udivdi3.o)
                0x00000000204029b2                __udivdi3
 .text          0x0000000020402d10      0x352 /home/albertojor/riscv64-unknown-elf-gcc-8.3.0-2019.08.0-x86_64-linux-ubuntu14/bin/../lib/gcc/riscv64-unknown-elf/8.3.0/rv32imac/ilp32/libgcc.a(_umoddi3.o)
                0x0000000020402d10                __umoddi3
 .text          0x0000000020403062      0x5f2 /home/albertojor/riscv64-unknown-elf-gcc-8.3.0-2019.08.0-x86_64-linux-ubuntu14/bin/../lib/gcc/riscv64-unknown-elf/8.3.0/rv32imac/ilp32/libgcc.a(adddf3.o)
                0x0000000020403062                __adddf3
 .text          0x0000000020403654      0x536 /home/albertojor/riscv64-unknown-elf-gcc-8.3.0-2019.08.0-x86_64-linux-ubuntu14/bin/../lib/gcc/riscv64-unknown-elf/8.3.0/rv32imac/ilp32/libgcc.a(divdf3.o)
                0x0000000020403654                __divdf3
 .text          0x0000000020403b8a       0x6a /home/albertojor/riscv64-unknown-elf-gcc-8.3.0-2019.08.0-x86_64-linux-ubuntu14/bin/../lib/gcc/riscv64-unknown-elf/8.3.0/rv32imac/ilp32/libgcc.a(eqdf2.o)
                0x0000000020403b8a                __eqdf2
                0x0000000020403b8a                __nedf2
 .text          0x0000000020403bf4       0xa4 /home/albertojor/riscv64-unknown-elf-gcc-8.3.0-2019.08.0-x86_64-linux-ubuntu14/bin/../lib/gcc/riscv64-unknown-elf/8.3.0/rv32imac/ilp32/libgcc.a(gedf2.o)
                0x0000000020403bf4                __gtdf2
                0x0000000020403bf4                __gedf2
 .text          0x0000000020403c98       0xa4 /home/albertojor/riscv64-unknown-elf-gcc-8.3.0-2019.08.0-x86_64-linux-ubuntu14/bin/../lib/gcc/riscv64-unknown-elf/8.3.0/rv32imac/ilp32/libgcc.a(ledf2.o)
                0x0000000020403c98                __ltdf2
                0x0000000020403c98                __ledf2
 .text          0x0000000020403d3c      0x43c /home/albertojor/riscv64-unknown-elf-gcc-8.3.0-2019.08.0-x86_64-linux-ubuntu14/bin/../lib/gcc/riscv64-unknown-elf/8.3.0/rv32imac/ilp32/libgcc.a(muldf3.o)
                0x0000000020403d3c                __muldf3
 .text          0x0000000020404178      0x5f6 /home/albertojor/riscv64-unknown-elf-gcc-8.3.0-2019.08.0-x86_64-linux-ubuntu14/bin/../lib/gcc/riscv64-unknown-elf/8.3.0/rv32imac/ilp32/libgcc.a(subdf3.o)
                0x0000000020404178                __subdf3
 .text          0x000000002040476e       0x64 /home/albertojor/riscv64-unknown-elf-gcc-8.3.0-2019.08.0-x86_64-linux-ubuntu14/bin/../lib/gcc/riscv64-unknown-elf/8.3.0/rv32imac/ilp32/libgcc.a(fixdfsi.o)
                0x000000002040476e                __fixdfsi
 .text          0x00000000204047d2       0x5c /home/albertojor/riscv64-unknown-elf-gcc-8.3.0-2019.08.0-x86_64-linux-ubuntu14/bin/../lib/gcc/riscv64-unknown-elf/8.3.0/rv32imac/ilp32/libgcc.a(fixunsdfsi.o)
                0x00000000204047d2                __fixunsdfsi
 .text          0x000000002040482e       0x6a /home/albertojor/riscv64-unknown-elf-gcc-8.3.0-2019.08.0-x86_64-linux-ubuntu14/bin/../lib/gcc/riscv64-unknown-elf/8.3.0/rv32imac/ilp32/libgcc.a(floatsidf.o)
                0x000000002040482e                __floatsidf
 .text          0x0000000020404898       0x50 /home/albertojor/riscv64-unknown-elf-gcc-8.3.0-2019.08.0-x86_64-linux-ubuntu14/bin/../lib/gcc/riscv64-unknown-elf/8.3.0/rv32imac/ilp32/libgcc.a(floatunsidf.o)
                0x0000000020404898                __floatunsidf
 .text          0x00000000204048e8       0x3c /home/albertojor/riscv64-unknown-elf-gcc-8.3.0-2019.08.0-x86_64-linux-ubuntu14/bin/../lib/gcc/riscv64-unknown-elf/8.3.0/rv32imac/ilp32/libgcc.a(_clzsi2.o)
                0x00000000204048e8                __clzsi2
 .text._write   0x0000000020404924       0x6e /home/albertojor/GitHub/freedom-e-sdk/bsp/freedom-e310-arty-xmem/install/lib/debug//libmetal-gloss.a(sys_write.o)
                0x0000000020404924                _write
 .text.atexit   0x0000000020404992        0xa /home/albertojor/riscv64-unknown-elf-gcc-8.3.0-2019.08.0-x86_64-linux-ubuntu14/bin/../lib/gcc/riscv64-unknown-elf/8.3.0/../../../../riscv64-unknown-elf/lib/rv32imac/ilp32/libc_nano.a(lib_a-atexit.o)
                0x0000000020404992                atexit
 .text.__errno  0x000000002040499c        0xc /home/albertojor/riscv64-unknown-elf-gcc-8.3.0-2019.08.0-x86_64-linux-ubuntu14/bin/../lib/gcc/riscv64-unknown-elf/8.3.0/../../../../riscv64-unknown-elf/lib/rv32imac/ilp32/libc_nano.a(lib_a-errno.o)
                0x000000002040499c                __errno
 .text.exit     0x00000000204049a8       0x2c /home/albertojor/riscv64-unknown-elf-gcc-8.3.0-2019.08.0-x86_64-linux-ubuntu14/bin/../lib/gcc/riscv64-unknown-elf/8.3.0/../../../../riscv64-unknown-elf/lib/rv32imac/ilp32/libc_nano.a(lib_a-exit.o)
                0x00000000204049a8                exit
 .text.__libc_fini_array
                0x00000000204049d4       0x38 /home/albertojor/riscv64-unknown-elf-gcc-8.3.0-2019.08.0-x86_64-linux-ubuntu14/bin/../lib/gcc/riscv64-unknown-elf/8.3.0/../../../../riscv64-unknown-elf/lib/rv32imac/ilp32/libc_nano.a(lib_a-fini.o)
                0x00000000204049d4                __libc_fini_array
 .text.__libc_init_array
                0x0000000020404a0c       0x6a /home/albertojor/riscv64-unknown-elf-gcc-8.3.0-2019.08.0-x86_64-linux-ubuntu14/bin/../lib/gcc/riscv64-unknown-elf/8.3.0/../../../../riscv64-unknown-elf/lib/rv32imac/ilp32/libc_nano.a(lib_a-init.o)
                0x0000000020404a0c                __libc_init_array
 .text.__register_exitproc
                0x0000000020404a76       0x84 /home/albertojor/riscv64-unknown-elf-gcc-8.3.0-2019.08.0-x86_64-linux-ubuntu14/bin/../lib/gcc/riscv64-unknown-elf/8.3.0/../../../../riscv64-unknown-elf/lib/rv32imac/ilp32/libc_nano.a(lib_a-__atexit.o)
                0x0000000020404a76                __register_exitproc
 .text.__call_exitprocs
                0x0000000020404afa       0xc8 /home/albertojor/riscv64-unknown-elf-gcc-8.3.0-2019.08.0-x86_64-linux-ubuntu14/bin/../lib/gcc/riscv64-unknown-elf/8.3.0/../../../../riscv64-unknown-elf/lib/rv32imac/ilp32/libc_nano.a(lib_a-__call_atexit.o)
                0x0000000020404afa                __call_exitprocs
 .text.metal_tty_putc
                0x0000000020404bc2       0x2c /home/albertojor/GitHub/freedom-e-sdk/bsp/freedom-e310-arty-xmem/install/lib/debug//libmetal.a(libriscv__mmachine__freedom-e310-arty-xmem_a-tty.o)
                0x0000000020404bc2                metal_tty_putc
 .text.metal_tty_putc_raw
                0x0000000020404bee       0x26 /home/albertojor/GitHub/freedom-e-sdk/bsp/freedom-e310-arty-xmem/install/lib/debug//libmetal.a(libriscv__mmachine__freedom-e310-arty-xmem_a-tty.o)
                0x0000000020404bee                metal_tty_putc_raw
 .text.metal_tty_init
                0x0000000020404c14       0x22 /home/albertojor/GitHub/freedom-e-sdk/bsp/freedom-e310-arty-xmem/install/lib/debug//libmetal.a(libriscv__mmachine__freedom-e310-arty-xmem_a-tty.o)
 .text.metal_uart_init
                0x0000000020404c36       0x2c /home/albertojor/GitHub/freedom-e-sdk/bsp/freedom-e310-arty-xmem/install/lib/debug//libmetal.a(libriscv__mmachine__freedom-e310-arty-xmem_a-uart.o)
                0x0000000020404c36                metal_uart_init
 .text.metal_uart_putc
                0x0000000020404c62       0x2e /home/albertojor/GitHub/freedom-e-sdk/bsp/freedom-e310-arty-xmem/install/lib/debug//libmetal.a(libriscv__mmachine__freedom-e310-arty-xmem_a-uart.o)
                0x0000000020404c62                metal_uart_putc
 .text.metal_uart_set_baud_rate
                0x0000000020404c90       0x2e /home/albertojor/GitHub/freedom-e-sdk/bsp/freedom-e310-arty-xmem/install/lib/debug//libmetal.a(libriscv__mmachine__freedom-e310-arty-xmem_a-uart.o)
                0x0000000020404c90                metal_uart_set_baud_rate
 .text.__metal_driver_sifive_clint0_control_base
                0x0000000020404cbe       0x2a /home/albertojor/GitHub/freedom-e-sdk/bsp/freedom-e310-arty-xmem/install/lib/debug//libmetal.a(libriscv__mmachine__freedom-e310-arty-xmem_a-riscv_clint0.o)
 .text.__metal_driver_sifive_clint0_num_interrupts
                0x0000000020404ce8       0x28 /home/albertojor/GitHub/freedom-e-sdk/bsp/freedom-e310-arty-xmem/install/lib/debug//libmetal.a(libriscv__mmachine__freedom-e310-arty-xmem_a-riscv_clint0.o)
 .text.__metal_driver_sifive_clint0_interrupt_parents
                0x0000000020404d10       0x3c /home/albertojor/GitHub/freedom-e-sdk/bsp/freedom-e310-arty-xmem/install/lib/debug//libmetal.a(libriscv__mmachine__freedom-e310-arty-xmem_a-riscv_clint0.o)
 .text.__metal_driver_sifive_clint0_interrupt_lines
                0x0000000020404d4c       0x30 /home/albertojor/GitHub/freedom-e-sdk/bsp/freedom-e310-arty-xmem/install/lib/debug//libmetal.a(libriscv__mmachine__freedom-e310-arty-xmem_a-riscv_clint0.o)
 .text.__metal_clint0_mtime_get
                0x0000000020404d7c       0x9a /home/albertojor/GitHub/freedom-e-sdk/bsp/freedom-e310-arty-xmem/install/lib/debug//libmetal.a(libriscv__mmachine__freedom-e310-arty-xmem_a-riscv_clint0.o)
                0x0000000020404d7c                __metal_clint0_mtime_get
 .text.__metal_driver_riscv_clint0_mtimecmp_set
                0x0000000020404e16       0x96 /home/albertojor/GitHub/freedom-e-sdk/bsp/freedom-e310-arty-xmem/install/lib/debug//libmetal.a(libriscv__mmachine__freedom-e310-arty-xmem_a-riscv_clint0.o)
                0x0000000020404e16                __metal_driver_riscv_clint0_mtimecmp_set
 .text._get_cpu_intc
                0x0000000020404eac       0x36 /home/albertojor/GitHub/freedom-e-sdk/bsp/freedom-e310-arty-xmem/install/lib/debug//libmetal.a(libriscv__mmachine__freedom-e310-arty-xmem_a-riscv_clint0.o)
 .text.__metal_driver_riscv_clint0_init
                0x0000000020404ee2       0x88 /home/albertojor/GitHub/freedom-e-sdk/bsp/freedom-e310-arty-xmem/install/lib/debug//libmetal.a(libriscv__mmachine__freedom-e310-arty-xmem_a-riscv_clint0.o)
                0x0000000020404ee2                __metal_driver_riscv_clint0_init
 .text.__metal_driver_riscv_clint0_register
                0x0000000020404f6a       0xda /home/albertojor/GitHub/freedom-e-sdk/bsp/freedom-e310-arty-xmem/install/lib/debug//libmetal.a(libriscv__mmachine__freedom-e310-arty-xmem_a-riscv_clint0.o)
                0x0000000020404f6a                __metal_driver_riscv_clint0_register
 .text.__metal_driver_riscv_clint0_vector_register
                0x0000000020405044       0x28 /home/albertojor/GitHub/freedom-e-sdk/bsp/freedom-e310-arty-xmem/install/lib/debug//libmetal.a(libriscv__mmachine__freedom-e310-arty-xmem_a-riscv_clint0.o)
                0x0000000020405044                __metal_driver_riscv_clint0_vector_register
 .text.__metal_driver_riscv_clint0_get_vector_mode
                0x000000002040506c       0x1c /home/albertojor/GitHub/freedom-e-sdk/bsp/freedom-e310-arty-xmem/install/lib/debug//libmetal.a(libriscv__mmachine__freedom-e310-arty-xmem_a-riscv_clint0.o)
                0x000000002040506c                __metal_driver_riscv_clint0_get_vector_mode
 .text.__metal_driver_riscv_clint0_set_vector_mode
                0x0000000020405088       0x54 /home/albertojor/GitHub/freedom-e-sdk/bsp/freedom-e310-arty-xmem/install/lib/debug//libmetal.a(libriscv__mmachine__freedom-e310-arty-xmem_a-riscv_clint0.o)
                0x0000000020405088                __metal_driver_riscv_clint0_set_vector_mode
 .text.__metal_driver_riscv_clint0_enable
                0x00000000204050dc       0xb2 /home/albertojor/GitHub/freedom-e-sdk/bsp/freedom-e310-arty-xmem/install/lib/debug//libmetal.a(libriscv__mmachine__freedom-e310-arty-xmem_a-riscv_clint0.o)
                0x00000000204050dc                __metal_driver_riscv_clint0_enable
 .text.__metal_driver_riscv_clint0_disable
                0x000000002040518e       0xb2 /home/albertojor/GitHub/freedom-e-sdk/bsp/freedom-e310-arty-xmem/install/lib/debug//libmetal.a(libriscv__mmachine__freedom-e310-arty-xmem_a-riscv_clint0.o)
                0x000000002040518e                __metal_driver_riscv_clint0_disable
 .text.__metal_driver_riscv_clint0_command_request
                0x0000000020405240      0x136 /home/albertojor/GitHub/freedom-e-sdk/bsp/freedom-e310-arty-xmem/install/lib/debug//libmetal.a(libriscv__mmachine__freedom-e310-arty-xmem_a-riscv_clint0.o)
                0x0000000020405240                __metal_driver_riscv_clint0_command_request
 .text.__metal_driver_riscv_clint0_clear_interrupt
                0x0000000020405376       0x34 /home/albertojor/GitHub/freedom-e-sdk/bsp/freedom-e310-arty-xmem/install/lib/debug//libmetal.a(libriscv__mmachine__freedom-e310-arty-xmem_a-riscv_clint0.o)
                0x0000000020405376                __metal_driver_riscv_clint0_clear_interrupt
 .text.__metal_driver_riscv_clint0_set_interrupt
                0x00000000204053aa       0x34 /home/albertojor/GitHub/freedom-e-sdk/bsp/freedom-e310-arty-xmem/install/lib/debug//libmetal.a(libriscv__mmachine__freedom-e310-arty-xmem_a-riscv_clint0.o)
                0x00000000204053aa                __metal_driver_riscv_clint0_set_interrupt
 .text.__metal_driver_cpu_hartid
                0x00000000204053de       0x24 /home/albertojor/GitHub/freedom-e-sdk/bsp/freedom-e310-arty-xmem/install/lib/debug//libmetal.a(libriscv__mmachine__freedom-e310-arty-xmem_a-riscv_cpu.o)
 .text.__metal_driver_cpu_timebase
                0x0000000020405402       0x2a /home/albertojor/GitHub/freedom-e-sdk/bsp/freedom-e310-arty-xmem/install/lib/debug//libmetal.a(libriscv__mmachine__freedom-e310-arty-xmem_a-riscv_cpu.o)
 .text.__metal_driver_cpu_interrupt_controller
                0x000000002040542c       0x2a /home/albertojor/GitHub/freedom-e-sdk/bsp/freedom-e310-arty-xmem/install/lib/debug//libmetal.a(libriscv__mmachine__freedom-e310-arty-xmem_a-riscv_cpu.o)
 .text.__metal_driver_cpu_get
                0x0000000020405456       0x30 /home/albertojor/GitHub/freedom-e-sdk/bsp/freedom-e310-arty-xmem/install/lib/debug//libmetal.a(libriscv__mmachine__freedom-e310-arty-xmem_a-riscv_cpu.o)
                0x0000000020405456                __metal_driver_cpu_get
 .text.__metal_myhart_id
                0x0000000020405486       0x1a /home/albertojor/GitHub/freedom-e-sdk/bsp/freedom-e310-arty-xmem/install/lib/debug//libmetal.a(libriscv__mmachine__freedom-e310-arty-xmem_a-riscv_cpu.o)
                0x0000000020405486                __metal_myhart_id
 .text.__metal_interrupt_global_enable
                0x00000000204054a0       0x18 /home/albertojor/GitHub/freedom-e-sdk/bsp/freedom-e310-arty-xmem/install/lib/debug//libmetal.a(libriscv__mmachine__freedom-e310-arty-xmem_a-riscv_cpu.o)
                0x00000000204054a0                __metal_interrupt_global_enable
 .text.__metal_interrupt_global_disable
                0x00000000204054b8       0x18 /home/albertojor/GitHub/freedom-e-sdk/bsp/freedom-e310-arty-xmem/install/lib/debug//libmetal.a(libriscv__mmachine__freedom-e310-arty-xmem_a-riscv_cpu.o)
                0x00000000204054b8                __metal_interrupt_global_disable
 .text.__metal_interrupt_software_enable
                0x00000000204054d0       0x18 /home/albertojor/GitHub/freedom-e-sdk/bsp/freedom-e310-arty-xmem/install/lib/debug//libmetal.a(libriscv__mmachine__freedom-e310-arty-xmem_a-riscv_cpu.o)
                0x00000000204054d0                __metal_interrupt_software_enable
 .text.__metal_interrupt_software_disable
                0x00000000204054e8       0x18 /home/albertojor/GitHub/freedom-e-sdk/bsp/freedom-e310-arty-xmem/install/lib/debug//libmetal.a(libriscv__mmachine__freedom-e310-arty-xmem_a-riscv_cpu.o)
                0x00000000204054e8                __metal_interrupt_software_disable
 .text.__metal_interrupt_timer_enable
                0x0000000020405500       0x1a /home/albertojor/GitHub/freedom-e-sdk/bsp/freedom-e310-arty-xmem/install/lib/debug//libmetal.a(libriscv__mmachine__freedom-e310-arty-xmem_a-riscv_cpu.o)
                0x0000000020405500                __metal_interrupt_timer_enable
 .text.__metal_interrupt_timer_disable
                0x000000002040551a       0x1a /home/albertojor/GitHub/freedom-e-sdk/bsp/freedom-e310-arty-xmem/install/lib/debug//libmetal.a(libriscv__mmachine__freedom-e310-arty-xmem_a-riscv_cpu.o)
                0x000000002040551a                __metal_interrupt_timer_disable
 .text.__metal_interrupt_external_enable
                0x0000000020405534       0x1c /home/albertojor/GitHub/freedom-e-sdk/bsp/freedom-e310-arty-xmem/install/lib/debug//libmetal.a(libriscv__mmachine__freedom-e310-arty-xmem_a-riscv_cpu.o)
                0x0000000020405534                __metal_interrupt_external_enable
 .text.__metal_interrupt_external_disable
                0x0000000020405550       0x1c /home/albertojor/GitHub/freedom-e-sdk/bsp/freedom-e310-arty-xmem/install/lib/debug//libmetal.a(libriscv__mmachine__freedom-e310-arty-xmem_a-riscv_cpu.o)
                0x0000000020405550                __metal_interrupt_external_disable
 .text.__metal_interrupt_local_enable
                0x000000002040556c       0x2c /home/albertojor/GitHub/freedom-e-sdk/bsp/freedom-e310-arty-xmem/install/lib/debug//libmetal.a(libriscv__mmachine__freedom-e310-arty-xmem_a-riscv_cpu.o)
                0x000000002040556c                __metal_interrupt_local_enable
 .text.__metal_interrupt_local_disable
                0x0000000020405598       0x2c /home/albertojor/GitHub/freedom-e-sdk/bsp/freedom-e310-arty-xmem/install/lib/debug//libmetal.a(libriscv__mmachine__freedom-e310-arty-xmem_a-riscv_cpu.o)
                0x0000000020405598                __metal_interrupt_local_disable
 .text.__metal_default_exception_handler
                0x00000000204055c4       0x18 /home/albertojor/GitHub/freedom-e-sdk/bsp/freedom-e310-arty-xmem/install/lib/debug//libmetal.a(libriscv__mmachine__freedom-e310-arty-xmem_a-riscv_cpu.o)
                0x00000000204055c4                __metal_default_exception_handler
 .text.__metal_default_interrupt_handler
                0x00000000204055dc       0x18 /home/albertojor/GitHub/freedom-e-sdk/bsp/freedom-e310-arty-xmem/install/lib/debug//libmetal.a(libriscv__mmachine__freedom-e310-arty-xmem_a-riscv_cpu.o)
                0x00000000204055dc                __metal_default_interrupt_handler
 .text.metal_interrupt_vector_handler
                0x00000000204055f4       0x2e /home/albertojor/GitHub/freedom-e-sdk/bsp/freedom-e310-arty-xmem/install/lib/debug//libmetal.a(libriscv__mmachine__freedom-e310-arty-xmem_a-riscv_cpu.o)
                0x00000000204055f4                metal_interrupt_vector_handler
 .text.metal_software_interrupt_vector_handler
                0x0000000020405622       0x92 /home/albertojor/GitHub/freedom-e-sdk/bsp/freedom-e310-arty-xmem/install/lib/debug//libmetal.a(libriscv__mmachine__freedom-e310-arty-xmem_a-riscv_cpu.o)
                0x0000000020405622                metal_software_interrupt_vector_handler
 .text.__metal_default_sw_handler
                0x00000000204056b4       0x68 /home/albertojor/GitHub/freedom-e-sdk/bsp/freedom-e310-arty-xmem/install/lib/debug//libmetal.a(libriscv__mmachine__freedom-e310-arty-xmem_a-riscv_cpu.o)
                0x00000000204056b4                __metal_default_sw_handler
 .text.metal_timer_interrupt_vector_handler
                0x000000002040571c       0x92 /home/albertojor/GitHub/freedom-e-sdk/bsp/freedom-e310-arty-xmem/install/lib/debug//libmetal.a(libriscv__mmachine__freedom-e310-arty-xmem_a-riscv_cpu.o)
                0x000000002040571c                metal_timer_interrupt_vector_handler
 .text.__metal_default_timer_handler
                0x00000000204057ae       0x66 /home/albertojor/GitHub/freedom-e-sdk/bsp/freedom-e310-arty-xmem/install/lib/debug//libmetal.a(libriscv__mmachine__freedom-e310-arty-xmem_a-riscv_cpu.o)
                0x00000000204057ae                __metal_default_timer_handler
 *fill*         0x0000000020405814       0x6c 
 .text.__metal_exception_handler
                0x0000000020405880      0x17a /home/albertojor/GitHub/freedom-e-sdk/bsp/freedom-e310-arty-xmem/install/lib/debug//libmetal.a(libriscv__mmachine__freedom-e310-arty-xmem_a-riscv_cpu.o)
                0x0000000020405880                __metal_exception_handler
 .text.metal_lc0_interrupt_vector_handler
                0x00000000204059fa       0x96 /home/albertojor/GitHub/freedom-e-sdk/bsp/freedom-e310-arty-xmem/install/lib/debug//libmetal.a(libriscv__mmachine__freedom-e310-arty-xmem_a-riscv_cpu.o)
                0x00000000204059fa                metal_lc0_interrupt_vector_handler
 .text.metal_lc1_interrupt_vector_handler
                0x0000000020405a90       0x96 /home/albertojor/GitHub/freedom-e-sdk/bsp/freedom-e310-arty-xmem/install/lib/debug//libmetal.a(libriscv__mmachine__freedom-e310-arty-xmem_a-riscv_cpu.o)
                0x0000000020405a90                metal_lc1_interrupt_vector_handler
 .text.metal_lc2_interrupt_vector_handler
                0x0000000020405b26       0x96 /home/albertojor/GitHub/freedom-e-sdk/bsp/freedom-e310-arty-xmem/install/lib/debug//libmetal.a(libriscv__mmachine__freedom-e310-arty-xmem_a-riscv_cpu.o)
                0x0000000020405b26                metal_lc2_interrupt_vector_handler
 .text.metal_lc3_interrupt_vector_handler
                0x0000000020405bbc       0x96 /home/albertojor/GitHub/freedom-e-sdk/bsp/freedom-e310-arty-xmem/install/lib/debug//libmetal.a(libriscv__mmachine__freedom-e310-arty-xmem_a-riscv_cpu.o)
                0x0000000020405bbc                metal_lc3_interrupt_vector_handler
 .text.metal_lc4_interrupt_vector_handler
                0x0000000020405c52       0x96 /home/albertojor/GitHub/freedom-e-sdk/bsp/freedom-e310-arty-xmem/install/lib/debug//libmetal.a(libriscv__mmachine__freedom-e310-arty-xmem_a-riscv_cpu.o)
                0x0000000020405c52                metal_lc4_interrupt_vector_handler
 .text.metal_lc5_interrupt_vector_handler
                0x0000000020405ce8       0x96 /home/albertojor/GitHub/freedom-e-sdk/bsp/freedom-e310-arty-xmem/install/lib/debug//libmetal.a(libriscv__mmachine__freedom-e310-arty-xmem_a-riscv_cpu.o)
                0x0000000020405ce8                metal_lc5_interrupt_vector_handler
 .text.metal_lc6_interrupt_vector_handler
                0x0000000020405d7e       0x96 /home/albertojor/GitHub/freedom-e-sdk/bsp/freedom-e310-arty-xmem/install/lib/debug//libmetal.a(libriscv__mmachine__freedom-e310-arty-xmem_a-riscv_cpu.o)
                0x0000000020405d7e                metal_lc6_interrupt_vector_handler
 .text.metal_lc7_interrupt_vector_handler
                0x0000000020405e14       0x96 /home/albertojor/GitHub/freedom-e-sdk/bsp/freedom-e310-arty-xmem/install/lib/debug//libmetal.a(libriscv__mmachine__freedom-e310-arty-xmem_a-riscv_cpu.o)
                0x0000000020405e14                metal_lc7_interrupt_vector_handler
 .text.metal_lc8_interrupt_vector_handler
                0x0000000020405eaa       0x96 /home/albertojor/GitHub/freedom-e-sdk/bsp/freedom-e310-arty-xmem/install/lib/debug//libmetal.a(libriscv__mmachine__freedom-e310-arty-xmem_a-riscv_cpu.o)
                0x0000000020405eaa                metal_lc8_interrupt_vector_handler
 .text.metal_lc9_interrupt_vector_handler
                0x0000000020405f40       0x96 /home/albertojor/GitHub/freedom-e-sdk/bsp/freedom-e310-arty-xmem/install/lib/debug//libmetal.a(libriscv__mmachine__freedom-e310-arty-xmem_a-riscv_cpu.o)
                0x0000000020405f40                metal_lc9_interrupt_vector_handler
 .text.metal_lc10_interrupt_vector_handler
                0x0000000020405fd6       0x96 /home/albertojor/GitHub/freedom-e-sdk/bsp/freedom-e310-arty-xmem/install/lib/debug//libmetal.a(libriscv__mmachine__freedom-e310-arty-xmem_a-riscv_cpu.o)
                0x0000000020405fd6                metal_lc10_interrupt_vector_handler
 .text.metal_lc11_interrupt_vector_handler
                0x000000002040606c       0x96 /home/albertojor/GitHub/freedom-e-sdk/bsp/freedom-e310-arty-xmem/install/lib/debug//libmetal.a(libriscv__mmachine__freedom-e310-arty-xmem_a-riscv_cpu.o)
                0x000000002040606c                metal_lc11_interrupt_vector_handler
 .text.metal_lc12_interrupt_vector_handler
                0x0000000020406102       0x96 /home/albertojor/GitHub/freedom-e-sdk/bsp/freedom-e310-arty-xmem/install/lib/debug//libmetal.a(libriscv__mmachine__freedom-e310-arty-xmem_a-riscv_cpu.o)
                0x0000000020406102                metal_lc12_interrupt_vector_handler
 .text.metal_lc13_interrupt_vector_handler
                0x0000000020406198       0x96 /home/albertojor/GitHub/freedom-e-sdk/bsp/freedom-e310-arty-xmem/install/lib/debug//libmetal.a(libriscv__mmachine__freedom-e310-arty-xmem_a-riscv_cpu.o)
                0x0000000020406198                metal_lc13_interrupt_vector_handler
 .text.metal_lc14_interrupt_vector_handler
                0x000000002040622e       0x96 /home/albertojor/GitHub/freedom-e-sdk/bsp/freedom-e310-arty-xmem/install/lib/debug//libmetal.a(libriscv__mmachine__freedom-e310-arty-xmem_a-riscv_cpu.o)
                0x000000002040622e                metal_lc14_interrupt_vector_handler
 .text.metal_lc15_interrupt_vector_handler
                0x00000000204062c4       0x96 /home/albertojor/GitHub/freedom-e-sdk/bsp/freedom-e310-arty-xmem/install/lib/debug//libmetal.a(libriscv__mmachine__freedom-e310-arty-xmem_a-riscv_cpu.o)
                0x00000000204062c4                metal_lc15_interrupt_vector_handler
 .text.__metal_controller_interrupt_vector_mode
                0x000000002040635a       0x50 /home/albertojor/GitHub/freedom-e-sdk/bsp/freedom-e310-arty-xmem/install/lib/debug//libmetal.a(libriscv__mmachine__freedom-e310-arty-xmem_a-riscv_cpu.o)
                0x000000002040635a                __metal_controller_interrupt_vector_mode
 .text.__metal_controller_interrupt_vector
                0x00000000204063aa       0x98 /home/albertojor/GitHub/freedom-e-sdk/bsp/freedom-e310-arty-xmem/install/lib/debug//libmetal.a(libriscv__mmachine__freedom-e310-arty-xmem_a-riscv_cpu.o)
                0x00000000204063aa                __metal_controller_interrupt_vector
 .text.__metal_valid_interrupt_id
                0x0000000020406442       0x38 /home/albertojor/GitHub/freedom-e-sdk/bsp/freedom-e310-arty-xmem/install/lib/debug//libmetal.a(libriscv__mmachine__freedom-e310-arty-xmem_a-riscv_cpu.o)
                0x0000000020406442                __metal_valid_interrupt_id
 .text.__metal_local_interrupt_enable
                0x000000002040647a       0xbc /home/albertojor/GitHub/freedom-e-sdk/bsp/freedom-e310-arty-xmem/install/lib/debug//libmetal.a(libriscv__mmachine__freedom-e310-arty-xmem_a-riscv_cpu.o)
                0x000000002040647a                __metal_local_interrupt_enable
 .text.__metal_exception_register
                0x0000000020406536       0x4e /home/albertojor/GitHub/freedom-e-sdk/bsp/freedom-e310-arty-xmem/install/lib/debug//libmetal.a(libriscv__mmachine__freedom-e310-arty-xmem_a-riscv_cpu.o)
                0x0000000020406536                __metal_exception_register
 .text.__metal_driver_riscv_cpu_controller_interrupt_init
                0x0000000020406584      0x13e /home/albertojor/GitHub/freedom-e-sdk/bsp/freedom-e310-arty-xmem/install/lib/debug//libmetal.a(libriscv__mmachine__freedom-e310-arty-xmem_a-riscv_cpu.o)
                0x0000000020406584                __metal_driver_riscv_cpu_controller_interrupt_init
 .text.__metal_driver_riscv_cpu_controller_interrupt_register
                0x00000000204066c2      0x14e /home/albertojor/GitHub/freedom-e-sdk/bsp/freedom-e310-arty-xmem/install/lib/debug//libmetal.a(libriscv__mmachine__freedom-e310-arty-xmem_a-riscv_cpu.o)
                0x00000000204066c2                __metal_driver_riscv_cpu_controller_interrupt_register
 .text.__metal_driver_riscv_cpu_controller_interrupt_enable
                0x0000000020406810       0x2a /home/albertojor/GitHub/freedom-e-sdk/bsp/freedom-e310-arty-xmem/install/lib/debug//libmetal.a(libriscv__mmachine__freedom-e310-arty-xmem_a-riscv_cpu.o)
                0x0000000020406810                __metal_driver_riscv_cpu_controller_interrupt_enable
 .text.__metal_driver_riscv_cpu_controller_interrupt_disable
                0x000000002040683a       0x2c /home/albertojor/GitHub/freedom-e-sdk/bsp/freedom-e310-arty-xmem/install/lib/debug//libmetal.a(libriscv__mmachine__freedom-e310-arty-xmem_a-riscv_cpu.o)
                0x000000002040683a                __metal_driver_riscv_cpu_controller_interrupt_disable
 .text.__metal_driver_riscv_cpu_controller_get_vector_mode
                0x0000000020406866       0x1c /home/albertojor/GitHub/freedom-e-sdk/bsp/freedom-e310-arty-xmem/install/lib/debug//libmetal.a(libriscv__mmachine__freedom-e310-arty-xmem_a-riscv_cpu.o)
                0x0000000020406866                __metal_driver_riscv_cpu_controller_get_vector_mode
 .text.__metal_driver_riscv_cpu_controller_set_vector_mode
                0x0000000020406882       0x5c /home/albertojor/GitHub/freedom-e-sdk/bsp/freedom-e310-arty-xmem/install/lib/debug//libmetal.a(libriscv__mmachine__freedom-e310-arty-xmem_a-riscv_cpu.o)
                0x0000000020406882                __metal_driver_riscv_cpu_controller_set_vector_mode
 .text.__metal_driver_riscv_cpu_controller_command_request
                0x00000000204068de       0x1c /home/albertojor/GitHub/freedom-e-sdk/bsp/freedom-e310-arty-xmem/install/lib/debug//libmetal.a(libriscv__mmachine__freedom-e310-arty-xmem_a-riscv_cpu.o)
                0x00000000204068de                __metal_driver_riscv_cpu_controller_command_request
 .text.__metal_driver_cpu_mcycle_get
                0x00000000204068fa       0x72 /home/albertojor/GitHub/freedom-e-sdk/bsp/freedom-e310-arty-xmem/install/lib/debug//libmetal.a(libriscv__mmachine__freedom-e310-arty-xmem_a-riscv_cpu.o)
                0x00000000204068fa                __metal_driver_cpu_mcycle_get
 .text.__metal_driver_cpu_timebase_get
                0x000000002040696c       0x46 /home/albertojor/GitHub/freedom-e-sdk/bsp/freedom-e310-arty-xmem/install/lib/debug//libmetal.a(libriscv__mmachine__freedom-e310-arty-xmem_a-riscv_cpu.o)
                0x000000002040696c                __metal_driver_cpu_timebase_get
 .text.__metal_driver_cpu_mtime_get
                0x00000000204069b2       0x66 /home/albertojor/GitHub/freedom-e-sdk/bsp/freedom-e310-arty-xmem/install/lib/debug//libmetal.a(libriscv__mmachine__freedom-e310-arty-xmem_a-riscv_cpu.o)
                0x00000000204069b2                __metal_driver_cpu_mtime_get
 .text.__metal_driver_cpu_mtimecmp_set
                0x0000000020406a18       0x76 /home/albertojor/GitHub/freedom-e-sdk/bsp/freedom-e310-arty-xmem/install/lib/debug//libmetal.a(libriscv__mmachine__freedom-e310-arty-xmem_a-riscv_cpu.o)
                0x0000000020406a18                __metal_driver_cpu_mtimecmp_set
 .text.__metal_driver_cpu_timer_controller_interrupt
                0x0000000020406a8e       0x1a /home/albertojor/GitHub/freedom-e-sdk/bsp/freedom-e310-arty-xmem/install/lib/debug//libmetal.a(libriscv__mmachine__freedom-e310-arty-xmem_a-riscv_cpu.o)
                0x0000000020406a8e                __metal_driver_cpu_timer_controller_interrupt
 .text.__metal_driver_cpu_get_timer_interrupt_id
                0x0000000020406aa8       0x14 /home/albertojor/GitHub/freedom-e-sdk/bsp/freedom-e310-arty-xmem/install/lib/debug//libmetal.a(libriscv__mmachine__freedom-e310-arty-xmem_a-riscv_cpu.o)
                0x0000000020406aa8                __metal_driver_cpu_get_timer_interrupt_id
 .text.__metal_driver_cpu_sw_controller_interrupt
                0x0000000020406abc       0x1a /home/albertojor/GitHub/freedom-e-sdk/bsp/freedom-e310-arty-xmem/install/lib/debug//libmetal.a(libriscv__mmachine__freedom-e310-arty-xmem_a-riscv_cpu.o)
                0x0000000020406abc                __metal_driver_cpu_sw_controller_interrupt
 .text.__metal_driver_cpu_get_sw_interrupt_id
                0x0000000020406ad6       0x14 /home/albertojor/GitHub/freedom-e-sdk/bsp/freedom-e310-arty-xmem/install/lib/debug//libmetal.a(libriscv__mmachine__freedom-e310-arty-xmem_a-riscv_cpu.o)
                0x0000000020406ad6                __metal_driver_cpu_get_sw_interrupt_id
 .text.__metal_driver_cpu_set_sw_ipi
                0x0000000020406aea       0x62 /home/albertojor/GitHub/freedom-e-sdk/bsp/freedom-e310-arty-xmem/install/lib/debug//libmetal.a(libriscv__mmachine__freedom-e310-arty-xmem_a-riscv_cpu.o)
                0x0000000020406aea                __metal_driver_cpu_set_sw_ipi
 .text.__metal_driver_cpu_clear_sw_ipi
                0x0000000020406b4c       0x62 /home/albertojor/GitHub/freedom-e-sdk/bsp/freedom-e310-arty-xmem/install/lib/debug//libmetal.a(libriscv__mmachine__freedom-e310-arty-xmem_a-riscv_cpu.o)
                0x0000000020406b4c                __metal_driver_cpu_clear_sw_ipi
 .text.__metal_driver_cpu_get_msip
                0x0000000020406bae       0x60 /home/albertojor/GitHub/freedom-e-sdk/bsp/freedom-e310-arty-xmem/install/lib/debug//libmetal.a(libriscv__mmachine__freedom-e310-arty-xmem_a-riscv_cpu.o)
                0x0000000020406bae                __metal_driver_cpu_get_msip
 .text.__metal_driver_cpu_controller_interrupt
                0x0000000020406c0e       0x20 /home/albertojor/GitHub/freedom-e-sdk/bsp/freedom-e310-arty-xmem/install/lib/debug//libmetal.a(libriscv__mmachine__freedom-e310-arty-xmem_a-riscv_cpu.o)
                0x0000000020406c0e                __metal_driver_cpu_controller_interrupt
 .text.__metal_driver_cpu_exception_register
                0x0000000020406c2e       0x46 /home/albertojor/GitHub/freedom-e-sdk/bsp/freedom-e310-arty-xmem/install/lib/debug//libmetal.a(libriscv__mmachine__freedom-e310-arty-xmem_a-riscv_cpu.o)
                0x0000000020406c2e                __metal_driver_cpu_exception_register
 .text.__metal_driver_cpu_get_instruction_length
                0x0000000020406c74       0x2e /home/albertojor/GitHub/freedom-e-sdk/bsp/freedom-e310-arty-xmem/install/lib/debug//libmetal.a(libriscv__mmachine__freedom-e310-arty-xmem_a-riscv_cpu.o)
                0x0000000020406c74                __metal_driver_cpu_get_instruction_length
 .text.__metal_driver_cpu_get_exception_pc
                0x0000000020406ca2       0x1e /home/albertojor/GitHub/freedom-e-sdk/bsp/freedom-e310-arty-xmem/install/lib/debug//libmetal.a(libriscv__mmachine__freedom-e310-arty-xmem_a-riscv_cpu.o)
                0x0000000020406ca2                __metal_driver_cpu_get_exception_pc
 .text.__metal_driver_cpu_set_exception_pc
                0x0000000020406cc0       0x20 /home/albertojor/GitHub/freedom-e-sdk/bsp/freedom-e310-arty-xmem/install/lib/debug//libmetal.a(libriscv__mmachine__freedom-e310-arty-xmem_a-riscv_cpu.o)
                0x0000000020406cc0                __metal_driver_cpu_set_exception_pc
 .text.__metal_driver_sifive_plic0_control_base
                0x0000000020406ce0       0x2a /home/albertojor/GitHub/freedom-e-sdk/bsp/freedom-e310-arty-xmem/install/lib/debug//libmetal.a(libriscv__mmachine__freedom-e310-arty-xmem_a-riscv_plic0.o)
 .text.__metal_driver_sifive_plic0_num_interrupts
                0x0000000020406d0a       0x28 /home/albertojor/GitHub/freedom-e-sdk/bsp/freedom-e310-arty-xmem/install/lib/debug//libmetal.a(libriscv__mmachine__freedom-e310-arty-xmem_a-riscv_plic0.o)
 .text.__metal_driver_sifive_plic0_max_priority
                0x0000000020406d32       0x28 /home/albertojor/GitHub/freedom-e-sdk/bsp/freedom-e310-arty-xmem/install/lib/debug//libmetal.a(libriscv__mmachine__freedom-e310-arty-xmem_a-riscv_plic0.o)
 .text.__metal_driver_sifive_plic0_interrupt_parents
                0x0000000020406d5a       0x28 /home/albertojor/GitHub/freedom-e-sdk/bsp/freedom-e310-arty-xmem/install/lib/debug//libmetal.a(libriscv__mmachine__freedom-e310-arty-xmem_a-riscv_plic0.o)
 .text.__metal_driver_sifive_plic0_interrupt_lines
                0x0000000020406d82       0x22 /home/albertojor/GitHub/freedom-e-sdk/bsp/freedom-e310-arty-xmem/install/lib/debug//libmetal.a(libriscv__mmachine__freedom-e310-arty-xmem_a-riscv_plic0.o)
 .text.__metal_plic0_claim_interrupt
                0x0000000020406da4       0x2e /home/albertojor/GitHub/freedom-e-sdk/bsp/freedom-e310-arty-xmem/install/lib/debug//libmetal.a(libriscv__mmachine__freedom-e310-arty-xmem_a-riscv_plic0.o)
                0x0000000020406da4                __metal_plic0_claim_interrupt
 .text.__metal_plic0_complete_interrupt
                0x0000000020406dd2       0x38 /home/albertojor/GitHub/freedom-e-sdk/bsp/freedom-e310-arty-xmem/install/lib/debug//libmetal.a(libriscv__mmachine__freedom-e310-arty-xmem_a-riscv_plic0.o)
                0x0000000020406dd2                __metal_plic0_complete_interrupt
 .text.__metal_plic0_set_threshold
                0x0000000020406e0a       0x38 /home/albertojor/GitHub/freedom-e-sdk/bsp/freedom-e310-arty-xmem/install/lib/debug//libmetal.a(libriscv__mmachine__freedom-e310-arty-xmem_a-riscv_plic0.o)
                0x0000000020406e0a                __metal_plic0_set_threshold
 .text.__metal_plic0_get_threshold
                0x0000000020406e42       0x2c /home/albertojor/GitHub/freedom-e-sdk/bsp/freedom-e310-arty-xmem/install/lib/debug//libmetal.a(libriscv__mmachine__freedom-e310-arty-xmem_a-riscv_plic0.o)
                0x0000000020406e42                __metal_plic0_get_threshold
 .text.__metal_plic0_set_priority
                0x0000000020406e6e       0x62 /home/albertojor/GitHub/freedom-e-sdk/bsp/freedom-e310-arty-xmem/install/lib/debug//libmetal.a(libriscv__mmachine__freedom-e310-arty-xmem_a-riscv_plic0.o)
                0x0000000020406e6e                __metal_plic0_set_priority
 .text.__metal_plic0_get_priority
                0x0000000020406ed0       0x34 /home/albertojor/GitHub/freedom-e-sdk/bsp/freedom-e310-arty-xmem/install/lib/debug//libmetal.a(libriscv__mmachine__freedom-e310-arty-xmem_a-riscv_plic0.o)
                0x0000000020406ed0                __metal_plic0_get_priority
 .text.__metal_plic0_enable
                0x0000000020406f04       0x8c /home/albertojor/GitHub/freedom-e-sdk/bsp/freedom-e310-arty-xmem/install/lib/debug//libmetal.a(libriscv__mmachine__freedom-e310-arty-xmem_a-riscv_plic0.o)
                0x0000000020406f04                __metal_plic0_enable
 .text.__metal_plic0_default_handler
                0x0000000020406f90       0x18 /home/albertojor/GitHub/freedom-e-sdk/bsp/freedom-e310-arty-xmem/install/lib/debug//libmetal.a(libriscv__mmachine__freedom-e310-arty-xmem_a-riscv_plic0.o)
                0x0000000020406f90                __metal_plic0_default_handler
 .text.__metal_plic0_handler
                0x0000000020406fa8       0x8e /home/albertojor/GitHub/freedom-e-sdk/bsp/freedom-e310-arty-xmem/install/lib/debug//libmetal.a(libriscv__mmachine__freedom-e310-arty-xmem_a-riscv_plic0.o)
                0x0000000020406fa8                __metal_plic0_handler
 .text.__metal_driver_riscv_plic0_init
                0x0000000020407036      0x13e /home/albertojor/GitHub/freedom-e-sdk/bsp/freedom-e310-arty-xmem/install/lib/debug//libmetal.a(libriscv__mmachine__freedom-e310-arty-xmem_a-riscv_plic0.o)
                0x0000000020407036                __metal_driver_riscv_plic0_init
 .text.__metal_driver_riscv_plic0_register
                0x0000000020407174       0xc2 /home/albertojor/GitHub/freedom-e-sdk/bsp/freedom-e310-arty-xmem/install/lib/debug//libmetal.a(libriscv__mmachine__freedom-e310-arty-xmem_a-riscv_plic0.o)
                0x0000000020407174                __metal_driver_riscv_plic0_register
 .text.__metal_driver_riscv_plic0_enable
                0x0000000020407236       0x48 /home/albertojor/GitHub/freedom-e-sdk/bsp/freedom-e310-arty-xmem/install/lib/debug//libmetal.a(libriscv__mmachine__freedom-e310-arty-xmem_a-riscv_plic0.o)
                0x0000000020407236                __metal_driver_riscv_plic0_enable
 .text.__metal_driver_riscv_plic0_disable
                0x000000002040727e       0x48 /home/albertojor/GitHub/freedom-e-sdk/bsp/freedom-e310-arty-xmem/install/lib/debug//libmetal.a(libriscv__mmachine__freedom-e310-arty-xmem_a-riscv_plic0.o)
                0x000000002040727e                __metal_driver_riscv_plic0_disable
 .text.__metal_driver_sifive_gpio0_base
                0x00000000204072c6       0x26 /home/albertojor/GitHub/freedom-e-sdk/bsp/freedom-e310-arty-xmem/install/lib/debug//libmetal.a(libriscv__mmachine__freedom-e310-arty-xmem_a-sifive_gpio0.o)
 .text.__metal_driver_sifive_gpio0_interrupt_parent
                0x00000000204072ec       0x2a /home/albertojor/GitHub/freedom-e-sdk/bsp/freedom-e310-arty-xmem/install/lib/debug//libmetal.a(libriscv__mmachine__freedom-e310-arty-xmem_a-sifive_gpio0.o)
 .text.__metal_driver_sifive_gpio0_interrupt_lines
                0x0000000020407316      0x1b4 /home/albertojor/GitHub/freedom-e-sdk/bsp/freedom-e310-arty-xmem/install/lib/debug//libmetal.a(libriscv__mmachine__freedom-e310-arty-xmem_a-sifive_gpio0.o)
 .text.__metal_driver_sifive_gpio0_enable_input
                0x00000000204074ca       0x3e /home/albertojor/GitHub/freedom-e-sdk/bsp/freedom-e310-arty-xmem/install/lib/debug//libmetal.a(libriscv__mmachine__freedom-e310-arty-xmem_a-sifive_gpio0.o)
                0x00000000204074ca                __metal_driver_sifive_gpio0_enable_input
 .text.__metal_driver_sifive_gpio0_disable_input
                0x0000000020407508       0x44 /home/albertojor/GitHub/freedom-e-sdk/bsp/freedom-e310-arty-xmem/install/lib/debug//libmetal.a(libriscv__mmachine__freedom-e310-arty-xmem_a-sifive_gpio0.o)
                0x0000000020407508                __metal_driver_sifive_gpio0_disable_input
 .text.__metal_driver_sifive_gpio0_input
                0x000000002040754c       0x28 /home/albertojor/GitHub/freedom-e-sdk/bsp/freedom-e310-arty-xmem/install/lib/debug//libmetal.a(libriscv__mmachine__freedom-e310-arty-xmem_a-sifive_gpio0.o)
                0x000000002040754c                __metal_driver_sifive_gpio0_input
 .text.__metal_driver_sifive_gpio0_output
                0x0000000020407574       0x2c /home/albertojor/GitHub/freedom-e-sdk/bsp/freedom-e310-arty-xmem/install/lib/debug//libmetal.a(libriscv__mmachine__freedom-e310-arty-xmem_a-sifive_gpio0.o)
                0x0000000020407574                __metal_driver_sifive_gpio0_output
 .text.__metal_driver_sifive_gpio0_disable_output
                0x00000000204075a0       0x46 /home/albertojor/GitHub/freedom-e-sdk/bsp/freedom-e310-arty-xmem/install/lib/debug//libmetal.a(libriscv__mmachine__freedom-e310-arty-xmem_a-sifive_gpio0.o)
                0x00000000204075a0                __metal_driver_sifive_gpio0_disable_output
 .text.__metal_driver_sifive_gpio0_enable_output
                0x00000000204075e6       0x40 /home/albertojor/GitHub/freedom-e-sdk/bsp/freedom-e310-arty-xmem/install/lib/debug//libmetal.a(libriscv__mmachine__freedom-e310-arty-xmem_a-sifive_gpio0.o)
                0x00000000204075e6                __metal_driver_sifive_gpio0_enable_output
 .text.__metal_driver_sifive_gpio0_output_set
                0x0000000020407626       0x40 /home/albertojor/GitHub/freedom-e-sdk/bsp/freedom-e310-arty-xmem/install/lib/debug//libmetal.a(libriscv__mmachine__freedom-e310-arty-xmem_a-sifive_gpio0.o)
                0x0000000020407626                __metal_driver_sifive_gpio0_output_set
 .text.__metal_driver_sifive_gpio0_output_clear
                0x0000000020407666       0x46 /home/albertojor/GitHub/freedom-e-sdk/bsp/freedom-e310-arty-xmem/install/lib/debug//libmetal.a(libriscv__mmachine__freedom-e310-arty-xmem_a-sifive_gpio0.o)
                0x0000000020407666                __metal_driver_sifive_gpio0_output_clear
 .text.__metal_driver_sifive_gpio0_output_toggle
                0x00000000204076ac       0x40 /home/albertojor/GitHub/freedom-e-sdk/bsp/freedom-e310-arty-xmem/install/lib/debug//libmetal.a(libriscv__mmachine__freedom-e310-arty-xmem_a-sifive_gpio0.o)
                0x00000000204076ac                __metal_driver_sifive_gpio0_output_toggle
 .text.__metal_driver_sifive_gpio0_enable_io
                0x00000000204076ec       0x68 /home/albertojor/GitHub/freedom-e-sdk/bsp/freedom-e310-arty-xmem/install/lib/debug//libmetal.a(libriscv__mmachine__freedom-e310-arty-xmem_a-sifive_gpio0.o)
                0x00000000204076ec                __metal_driver_sifive_gpio0_enable_io
 .text.__metal_driver_sifive_gpio0_disable_io
                0x0000000020407754       0x4a /home/albertojor/GitHub/freedom-e-sdk/bsp/freedom-e310-arty-xmem/install/lib/debug//libmetal.a(libriscv__mmachine__freedom-e310-arty-xmem_a-sifive_gpio0.o)
                0x0000000020407754                __metal_driver_sifive_gpio0_disable_io
 .text.__metal_driver_sifive_gpio0_config_int
                0x000000002040779e      0x206 /home/albertojor/GitHub/freedom-e-sdk/bsp/freedom-e310-arty-xmem/install/lib/debug//libmetal.a(libriscv__mmachine__freedom-e310-arty-xmem_a-sifive_gpio0.o)
                0x000000002040779e                __metal_driver_sifive_gpio0_config_int
 .text.__metal_driver_sifive_gpio0_clear_int
                0x00000000204079a4      0x188 /home/albertojor/GitHub/freedom-e-sdk/bsp/freedom-e310-arty-xmem/install/lib/debug//libmetal.a(libriscv__mmachine__freedom-e310-arty-xmem_a-sifive_gpio0.o)
                0x00000000204079a4                __metal_driver_sifive_gpio0_clear_int
 .text.__metal_driver_gpio_interrupt_controller
                0x0000000020407b2c       0x20 /home/albertojor/GitHub/freedom-e-sdk/bsp/freedom-e310-arty-xmem/install/lib/debug//libmetal.a(libriscv__mmachine__freedom-e310-arty-xmem_a-sifive_gpio0.o)
                0x0000000020407b2c                __metal_driver_gpio_interrupt_controller
 .text.__metal_driver_gpio_get_interrupt_id
                0x0000000020407b4c       0x2e /home/albertojor/GitHub/freedom-e-sdk/bsp/freedom-e310-arty-xmem/install/lib/debug//libmetal.a(libriscv__mmachine__freedom-e310-arty-xmem_a-sifive_gpio0.o)
                0x0000000020407b4c                __metal_driver_gpio_get_interrupt_id
 .text.__metal_driver_sifive_uart0_control_base
                0x0000000020407b7a       0x2a /home/albertojor/GitHub/freedom-e-sdk/bsp/freedom-e310-arty-xmem/install/lib/debug//libmetal.a(libriscv__mmachine__freedom-e310-arty-xmem_a-sifive_uart0.o)
 .text.__metal_driver_sifive_uart0_interrupt_parent
                0x0000000020407ba4       0x2e /home/albertojor/GitHub/freedom-e-sdk/bsp/freedom-e310-arty-xmem/install/lib/debug//libmetal.a(libriscv__mmachine__freedom-e310-arty-xmem_a-sifive_uart0.o)
 .text.__metal_driver_sifive_uart0_interrupt_line
                0x0000000020407bd2       0x28 /home/albertojor/GitHub/freedom-e-sdk/bsp/freedom-e310-arty-xmem/install/lib/debug//libmetal.a(libriscv__mmachine__freedom-e310-arty-xmem_a-sifive_uart0.o)
 .text.__metal_driver_sifive_uart0_clock
                0x0000000020407bfa       0x2e /home/albertojor/GitHub/freedom-e-sdk/bsp/freedom-e310-arty-xmem/install/lib/debug//libmetal.a(libriscv__mmachine__freedom-e310-arty-xmem_a-sifive_uart0.o)
 .text.__metal_driver_sifive_uart0_pinmux
                0x0000000020407c28       0x2a /home/albertojor/GitHub/freedom-e-sdk/bsp/freedom-e310-arty-xmem/install/lib/debug//libmetal.a(libriscv__mmachine__freedom-e310-arty-xmem_a-sifive_uart0.o)
 .text.__metal_driver_sifive_uart0_pinmux_output_selector
                0x0000000020407c52       0x2a /home/albertojor/GitHub/freedom-e-sdk/bsp/freedom-e310-arty-xmem/install/lib/debug//libmetal.a(libriscv__mmachine__freedom-e310-arty-xmem_a-sifive_uart0.o)
 .text.__metal_driver_sifive_uart0_pinmux_source_selector
                0x0000000020407c7c       0x2a /home/albertojor/GitHub/freedom-e-sdk/bsp/freedom-e310-arty-xmem/install/lib/debug//libmetal.a(libriscv__mmachine__freedom-e310-arty-xmem_a-sifive_uart0.o)
 .text.__metal_driver_sifive_uart0_interrupt_controller
                0x0000000020407ca6       0x1e /home/albertojor/GitHub/freedom-e-sdk/bsp/freedom-e310-arty-xmem/install/lib/debug//libmetal.a(libriscv__mmachine__freedom-e310-arty-xmem_a-sifive_uart0.o)
                0x0000000020407ca6                __metal_driver_sifive_uart0_interrupt_controller
 .text.__metal_driver_sifive_uart0_get_interrupt_id
                0x0000000020407cc4       0x22 /home/albertojor/GitHub/freedom-e-sdk/bsp/freedom-e310-arty-xmem/install/lib/debug//libmetal.a(libriscv__mmachine__freedom-e310-arty-xmem_a-sifive_uart0.o)
                0x0000000020407cc4                __metal_driver_sifive_uart0_get_interrupt_id
 .text.__metal_driver_sifive_uart0_txready
                0x0000000020407ce6       0x32 /home/albertojor/GitHub/freedom-e-sdk/bsp/freedom-e310-arty-xmem/install/lib/debug//libmetal.a(libriscv__mmachine__freedom-e310-arty-xmem_a-sifive_uart0.o)
                0x0000000020407ce6                __metal_driver_sifive_uart0_txready
 .text.__metal_driver_sifive_uart0_putc
                0x0000000020407d18       0x3e /home/albertojor/GitHub/freedom-e-sdk/bsp/freedom-e310-arty-xmem/install/lib/debug//libmetal.a(libriscv__mmachine__freedom-e310-arty-xmem_a-sifive_uart0.o)
                0x0000000020407d18                __metal_driver_sifive_uart0_putc
 .text.__metal_driver_sifive_uart0_getc
                0x0000000020407d56       0x54 /home/albertojor/GitHub/freedom-e-sdk/bsp/freedom-e310-arty-xmem/install/lib/debug//libmetal.a(libriscv__mmachine__freedom-e310-arty-xmem_a-sifive_uart0.o)
                0x0000000020407d56                __metal_driver_sifive_uart0_getc
 .text.__metal_driver_sifive_uart0_get_baud_rate
                0x0000000020407daa       0x20 /home/albertojor/GitHub/freedom-e-sdk/bsp/freedom-e310-arty-xmem/install/lib/debug//libmetal.a(libriscv__mmachine__freedom-e310-arty-xmem_a-sifive_uart0.o)
                0x0000000020407daa                __metal_driver_sifive_uart0_get_baud_rate
 .text.__metal_driver_sifive_uart0_set_baud_rate
                0x0000000020407dca       0x9e /home/albertojor/GitHub/freedom-e-sdk/bsp/freedom-e310-arty-xmem/install/lib/debug//libmetal.a(libriscv__mmachine__freedom-e310-arty-xmem_a-sifive_uart0.o)
                0x0000000020407dca                __metal_driver_sifive_uart0_set_baud_rate
 .text.pre_rate_change_callback_func
                0x0000000020407e68       0xd8 /home/albertojor/GitHub/freedom-e-sdk/bsp/freedom-e310-arty-xmem/install/lib/debug//libmetal.a(libriscv__mmachine__freedom-e310-arty-xmem_a-sifive_uart0.o)
 .text.post_rate_change_callback_func
                0x0000000020407f40       0x30 /home/albertojor/GitHub/freedom-e-sdk/bsp/freedom-e310-arty-xmem/install/lib/debug//libmetal.a(libriscv__mmachine__freedom-e310-arty-xmem_a-sifive_uart0.o)
 .text.__metal_driver_sifive_uart0_init
                0x0000000020407f70       0xd2 /home/albertojor/GitHub/freedom-e-sdk/bsp/freedom-e310-arty-xmem/install/lib/debug//libmetal.a(libriscv__mmachine__freedom-e310-arty-xmem_a-sifive_uart0.o)
                0x0000000020407f70                __metal_driver_sifive_uart0_init
 .text._metal_clock_append_to_callbacks
                0x0000000020408042       0x54 /home/albertojor/GitHub/freedom-e-sdk/bsp/freedom-e310-arty-xmem/install/lib/debug//libmetal.a(libriscv__mmachine__freedom-e310-arty-xmem_a-clock.o)
                0x0000000020408042                _metal_clock_append_to_callbacks
 .text.metal_clock_register_pre_rate_change_callback
                0x0000000020408096       0x30 /home/albertojor/GitHub/freedom-e-sdk/bsp/freedom-e310-arty-xmem/install/lib/debug//libmetal.a(libriscv__mmachine__freedom-e310-arty-xmem_a-clock.o)
                0x0000000020408096                metal_clock_register_pre_rate_change_callback
 .text.metal_clock_register_post_rate_change_callback
                0x00000000204080c6       0x30 /home/albertojor/GitHub/freedom-e-sdk/bsp/freedom-e310-arty-xmem/install/lib/debug//libmetal.a(libriscv__mmachine__freedom-e310-arty-xmem_a-clock.o)
                0x00000000204080c6                metal_clock_register_post_rate_change_callback
 .text.metal_cpu_interrupt_controller
                0x00000000204080f6       0x26 /home/albertojor/GitHub/freedom-e-sdk/bsp/freedom-e310-arty-xmem/install/lib/debug//libmetal.a(libriscv__mmachine__freedom-e310-arty-xmem_a-cpu.o)
                0x00000000204080f6                metal_cpu_interrupt_controller
 .text.metal_cpu_get
                0x000000002040811c       0x2e /home/albertojor/GitHub/freedom-e-sdk/bsp/freedom-e310-arty-xmem/install/lib/debug//libmetal.a(libriscv__mmachine__freedom-e310-arty-xmem_a-cpu.o)
                0x000000002040811c                metal_cpu_get
 .text.metal_cpu_get_current_hartid
                0x000000002040814a       0x1a /home/albertojor/GitHub/freedom-e-sdk/bsp/freedom-e310-arty-xmem/install/lib/debug//libmetal.a(libriscv__mmachine__freedom-e310-arty-xmem_a-cpu.o)
                0x000000002040814a                metal_cpu_get_current_hartid
 .text.metal_shutdown
                0x0000000020408164        0xe /home/albertojor/GitHub/freedom-e-sdk/bsp/freedom-e310-arty-xmem/install/lib/debug//libmetal.a(libriscv__mmachine__freedom-e310-arty-xmem_a-shutdown.o)
                0x0000000020408164                metal_shutdown
 *fill*         0x0000000020408172        0xe 
 .text          0x0000000020408180       0x80 /home/albertojor/GitHub/freedom-e-sdk/bsp/freedom-e310-arty-xmem/install/lib/debug//libmetal.a(libriscv__mmachine__freedom-e310-arty-xmem_a-vector.o)
                0x0000000020408180                __metal_vector_table
 .text.__metal_driver_fixed_clock_rate
                0x0000000020408200       0x2e /home/albertojor/GitHub/freedom-e-sdk/bsp/freedom-e310-arty-xmem/install/lib/debug//libmetal.a(libriscv__mmachine__freedom-e310-arty-xmem_a-fixed-clock.o)
 .text.__metal_driver_fixed_clock_get_rate_hz
                0x000000002040822e       0x1e /home/albertojor/GitHub/freedom-e-sdk/bsp/freedom-e310-arty-xmem/install/lib/debug//libmetal.a(libriscv__mmachine__freedom-e310-arty-xmem_a-fixed-clock.o)
                0x000000002040822e                __metal_driver_fixed_clock_get_rate_hz
 .text.__metal_driver_fixed_clock_set_rate_hz
                0x000000002040824c       0x22 /home/albertojor/GitHub/freedom-e-sdk/bsp/freedom-e310-arty-xmem/install/lib/debug//libmetal.a(libriscv__mmachine__freedom-e310-arty-xmem_a-fixed-clock.o)
                0x000000002040824c                __metal_driver_fixed_clock_set_rate_hz
 .text._exit    0x000000002040826e       0x12 /home/albertojor/GitHub/freedom-e-sdk/bsp/freedom-e310-arty-xmem/install/lib/debug//libmetal-gloss.a(sys_exit.o)
                0x000000002040826e                _exit
 *(.gnu.linkonce.t.*)
                [!provide]                        PROVIDE (__etext = .)
                [!provide]                        PROVIDE (_etext = .)
                [!provide]                        PROVIDE (etext = .)

.rodata         0x0000000020408280      0x808
 *(.rdata)
 *(.rodata .rodata.*)
 .rodata        0x0000000020408280       0x60 /tmp/ccmRdbgk.o
 .rodata        0x00000000204082e0       0xb0 /tmp/ccvD6H0C.o
 .rodata._vsnprintf
                0x0000000020408390      0x1e0 /tmp/ccvD6H0C.o
 .rodata.pow10.2193
                0x0000000020408570       0x50 /tmp/ccvD6H0C.o
 .rodata        0x00000000204085c0       0x3c /home/albertojor/riscv64-unknown-elf-gcc-8.3.0-2019.08.0-x86_64-linux-ubuntu14/bin/../lib/gcc/riscv64-unknown-elf/8.3.0/rv32imac/ilp32/libgcc.a(divdf3.o)
 .rodata        0x00000000204085fc       0x3c /home/albertojor/riscv64-unknown-elf-gcc-8.3.0-2019.08.0-x86_64-linux-ubuntu14/bin/../lib/gcc/riscv64-unknown-elf/8.3.0/rv32imac/ilp32/libgcc.a(muldf3.o)
 .rodata        0x0000000020408638      0x100 /home/albertojor/riscv64-unknown-elf-gcc-8.3.0-2019.08.0-x86_64-linux-ubuntu14/bin/../lib/gcc/riscv64-unknown-elf/8.3.0/rv32imac/ilp32/libgcc.a(_clz.o)
                0x0000000020408638                __clz_tab
 .rodata.libgloss.start
                0x0000000020408738       0x11 /home/albertojor/GitHub/freedom-e-sdk/bsp/freedom-e310-arty-xmem/install/lib/debug//libmetal-gloss.a(crt0.o)
 *fill*         0x0000000020408749        0x3 
 .rodata.__metal_driver_vtable_riscv_clint0
                0x000000002040874c       0x4c /home/albertojor/GitHub/freedom-e-sdk/bsp/freedom-e310-arty-xmem/install/lib/debug//libmetal.a(libriscv__mmachine__freedom-e310-arty-xmem_a-riscv_clint0.o)
                0x000000002040874c                __metal_driver_vtable_riscv_clint0
 .rodata.__metal_controller_interrupt_vector
                0x0000000020408798       0x14 /home/albertojor/GitHub/freedom-e-sdk/bsp/freedom-e310-arty-xmem/install/lib/debug//libmetal.a(libriscv__mmachine__freedom-e310-arty-xmem_a-riscv_cpu.o)
 .rodata.__metal_valid_interrupt_id
                0x00000000204087ac       0x74 /home/albertojor/GitHub/freedom-e-sdk/bsp/freedom-e310-arty-xmem/install/lib/debug//libmetal.a(libriscv__mmachine__freedom-e310-arty-xmem_a-riscv_cpu.o)
 .rodata.__metal_local_interrupt_enable
                0x0000000020408820       0x80 /home/albertojor/GitHub/freedom-e-sdk/bsp/freedom-e310-arty-xmem/install/lib/debug//libmetal.a(libriscv__mmachine__freedom-e310-arty-xmem_a-riscv_cpu.o)
 .rodata.__metal_driver_riscv_cpu_controller_interrupt_register
                0x00000000204088a0       0x74 /home/albertojor/GitHub/freedom-e-sdk/bsp/freedom-e310-arty-xmem/install/lib/debug//libmetal.a(libriscv__mmachine__freedom-e310-arty-xmem_a-riscv_cpu.o)
 .rodata.__metal_driver_vtable_riscv_cpu_intc
                0x0000000020408914       0x4c /home/albertojor/GitHub/freedom-e-sdk/bsp/freedom-e310-arty-xmem/install/lib/debug//libmetal.a(libriscv__mmachine__freedom-e310-arty-xmem_a-riscv_cpu.o)
                0x0000000020408914                __metal_driver_vtable_riscv_cpu_intc
 .rodata.__metal_driver_vtable_cpu
                0x0000000020408960       0x40 /home/albertojor/GitHub/freedom-e-sdk/bsp/freedom-e310-arty-xmem/install/lib/debug//libmetal.a(libriscv__mmachine__freedom-e310-arty-xmem_a-riscv_cpu.o)
                0x0000000020408960                __metal_driver_vtable_cpu
 .rodata.__metal_driver_vtable_riscv_plic0
                0x00000000204089a0       0x4c /home/albertojor/GitHub/freedom-e-sdk/bsp/freedom-e310-arty-xmem/install/lib/debug//libmetal.a(libriscv__mmachine__freedom-e310-arty-xmem_a-riscv_plic0.o)
                0x00000000204089a0                __metal_driver_vtable_riscv_plic0
 .rodata.__metal_driver_sifive_gpio0_config_int
                0x00000000204089ec       0x20 /home/albertojor/GitHub/freedom-e-sdk/bsp/freedom-e310-arty-xmem/install/lib/debug//libmetal.a(libriscv__mmachine__freedom-e310-arty-xmem_a-sifive_gpio0.o)
 .rodata.__metal_driver_sifive_gpio0_clear_int
                0x0000000020408a0c       0x20 /home/albertojor/GitHub/freedom-e-sdk/bsp/freedom-e310-arty-xmem/install/lib/debug//libmetal.a(libriscv__mmachine__freedom-e310-arty-xmem_a-sifive_gpio0.o)
 .rodata.__metal_driver_vtable_sifive_gpio0
                0x0000000020408a2c       0x3c /home/albertojor/GitHub/freedom-e-sdk/bsp/freedom-e310-arty-xmem/install/lib/debug//libmetal.a(libriscv__mmachine__freedom-e310-arty-xmem_a-sifive_gpio0.o)
                0x0000000020408a2c                __metal_driver_vtable_sifive_gpio0
 .rodata.__metal_driver_vtable_sifive_uart0
                0x0000000020408a68       0x20 /home/albertojor/GitHub/freedom-e-sdk/bsp/freedom-e310-arty-xmem/install/lib/debug//libmetal.a(libriscv__mmachine__freedom-e310-arty-xmem_a-sifive_uart0.o)
                0x0000000020408a68                __metal_driver_vtable_sifive_uart0
 *(.gnu.linkonce.r.*)
                0x0000000020408a88                . = ALIGN (0x8)
 *(.srodata.cst16)
 *(.srodata.cst8)
 *(.srodata.cst4)
 *(.srodata.cst2)
 *(.srodata .srodata.*)

.rela.dyn       0x0000000020408a88        0x0
 .rela.text._write_r
                0x0000000020408a88        0x0 /tmp/ccmRdbgk.o
 .rela.data.impure_data
                0x0000000020408a88        0x0 /tmp/ccmRdbgk.o
 .rela.text.metal.init.enter
                0x0000000020408a88        0x0 /tmp/ccmRdbgk.o
 .rela.text.libgloss.start
                0x0000000020408a88        0x0 /tmp/ccmRdbgk.o
 .rela.text.__libc_fini_array
                0x0000000020408a88        0x0 /tmp/ccmRdbgk.o
 .rela.text.__libc_init_array
                0x0000000020408a88        0x0 /tmp/ccmRdbgk.o
 .rela.text.__register_exitproc
                0x0000000020408a88        0x0 /tmp/ccmRdbgk.o
 .rela.text.__metal_driver_cpu_get
                0x0000000020408a88        0x0 /tmp/ccmRdbgk.o
 .rela.text.metal_software_interrupt_vector_handler
                0x0000000020408a88        0x0 /tmp/ccmRdbgk.o
 .rela.text.__metal_default_sw_handler
                0x0000000020408a88        0x0 /tmp/ccmRdbgk.o
 .rela.text.metal_timer_interrupt_vector_handler
                0x0000000020408a88        0x0 /tmp/ccmRdbgk.o
 .rela.text.__metal_exception_handler
                0x0000000020408a88        0x0 /tmp/ccmRdbgk.o
 .rela.text.metal_lc0_interrupt_vector_handler
                0x0000000020408a88        0x0 /tmp/ccmRdbgk.o
 .rela.text.metal_lc1_interrupt_vector_handler
                0x0000000020408a88        0x0 /tmp/ccmRdbgk.o
 .rela.text.metal_lc2_interrupt_vector_handler
                0x0000000020408a88        0x0 /tmp/ccmRdbgk.o
 .rela.text.metal_lc3_interrupt_vector_handler
                0x0000000020408a88        0x0 /tmp/ccmRdbgk.o
 .rela.text.metal_lc4_interrupt_vector_handler
                0x0000000020408a88        0x0 /tmp/ccmRdbgk.o
 .rela.text.metal_lc5_interrupt_vector_handler
                0x0000000020408a88        0x0 /tmp/ccmRdbgk.o
 .rela.text.metal_lc6_interrupt_vector_handler
                0x0000000020408a88        0x0 /tmp/ccmRdbgk.o
 .rela.text.metal_lc7_interrupt_vector_handler
                0x0000000020408a88        0x0 /tmp/ccmRdbgk.o
 .rela.text.metal_lc8_interrupt_vector_handler
                0x0000000020408a88        0x0 /tmp/ccmRdbgk.o
 .rela.text.metal_lc9_interrupt_vector_handler
                0x0000000020408a88        0x0 /tmp/ccmRdbgk.o
 .rela.text.metal_lc10_interrupt_vector_handler
                0x0000000020408a88        0x0 /tmp/ccmRdbgk.o
 .rela.text.metal_lc11_interrupt_vector_handler
                0x0000000020408a88        0x0 /tmp/ccmRdbgk.o
 .rela.text.metal_lc12_interrupt_vector_handler
                0x0000000020408a88        0x0 /tmp/ccmRdbgk.o
 .rela.text.metal_lc13_interrupt_vector_handler
                0x0000000020408a88        0x0 /tmp/ccmRdbgk.o
 .rela.text.metal_lc14_interrupt_vector_handler
                0x0000000020408a88        0x0 /tmp/ccmRdbgk.o
 .rela.text.metal_lc15_interrupt_vector_handler
                0x0000000020408a88        0x0 /tmp/ccmRdbgk.o
 .rela.text.metal_cpu_get
                0x0000000020408a88        0x0 /tmp/ccmRdbgk.o
 .rela.text     0x0000000020408a88        0x0 /tmp/ccmRdbgk.o
                0x0000000020408a88                . = ALIGN (0x8)

.preinit_array  0x0000000020408a88        0x0
                0x0000000020408a88                PROVIDE (__preinit_array_start = .)
 *(.preinit_array)
                0x0000000020408a88                PROVIDE (__preinit_array_end = .)

.init_array     0x0000000020408a88        0x4
                0x0000000020408a88                PROVIDE (__init_array_start = .)
 *(SORT_BY_INIT_PRIORITY(.init_array.*) SORT_BY_INIT_PRIORITY(.ctors.*))
 *(.init_array EXCLUDE_FILE(*crtend?.o *crtend.o *crtbegin?.o *crtbegin.o) .ctors)
 .init_array    0x0000000020408a88        0x4 /home/albertojor/GitHub/freedom-e-sdk/bsp/freedom-e310-arty-xmem/install/lib/debug//libmetal.a(libriscv__mmachine__freedom-e310-arty-xmem_a-tty.o)
                0x0000000020408a8c                PROVIDE (__init_array_end = .)

.fini_array     0x0000000020408a8c        0x0
                0x0000000020408a8c                PROVIDE (__fini_array_start = .)
 *(SORT_BY_INIT_PRIORITY(.fini_array.*) SORT_BY_INIT_PRIORITY(.dtors.*))
 *(.fini_array EXCLUDE_FILE(*crtend?.o *crtend.o *crtbegin?.o *crtbegin.o) .dtors)
                0x0000000020408a8c                PROVIDE (__fini_array_end = .)

.ctors
 *crtbegin.o(.ctors)
 *crtbegin?.o(.ctors)
 *(EXCLUDE_FILE(*crtend?.o *crtend.o) .ctors)
 *(SORT_BY_NAME(.ctors.*))
 *(.ctors)

.dtors
 *crtbegin.o(.dtors)
 *crtbegin?.o(.dtors)
 *(EXCLUDE_FILE(*crtend?.o *crtend.o) .dtors)
 *(SORT_BY_NAME(.dtors.*))
 *(.dtors)

.itim           0x0000000008000000        0x0 load address 0x0000000020408a90
 *(.itim .itim.*)
                0x0000000020408a90                PROVIDE (metal_segment_itim_source_start = LOADADDR (.itim))
                0x0000000008000000                PROVIDE (metal_segment_itim_target_start = ADDR (.itim))
                0x0000000008000000                PROVIDE (metal_segment_itim_target_end = (ADDR (.itim) + SIZEOF (.itim)))

.data           0x0000000080000000     0x2e98 load address 0x0000000020408a90
 *(.data .data.*)
 .data.bytes.1673
                0x0000000080000000       0x1c /tmp/ccmRdbgk.o
 .data.plain_text.1670
                0x000000008000001c     0x2710 /tmp/ccmRdbgk.o
 .data.impure_data
                0x000000008000272c       0x60 /home/albertojor/riscv64-unknown-elf-gcc-8.3.0-2019.08.0-x86_64-linux-ubuntu14/bin/../lib/gcc/riscv64-unknown-elf/8.3.0/../../../../riscv64-unknown-elf/lib/rv32imac/ilp32/libc_nano.a(lib_a-impure.o)
 .data.__metal_dt_clock_0
                0x000000008000278c        0xc /home/albertojor/GitHub/freedom-e-sdk/bsp/freedom-e310-arty-xmem/install/lib/debug//libmetal.a(libriscv__mmachine__freedom-e310-arty-xmem_a-inline.o)
                0x000000008000278c                __metal_dt_clock_0
 .data.__metal_dt_cpu_0_interrupt_controller
                0x0000000080002798      0x3b8 /home/albertojor/GitHub/freedom-e-sdk/bsp/freedom-e310-arty-xmem/install/lib/debug//libmetal.a(libriscv__mmachine__freedom-e310-arty-xmem_a-inline.o)
                0x0000000080002798                __metal_dt_cpu_0_interrupt_controller
 .data.__metal_dt_interrupt_controller_c000000
                0x0000000080002b50      0x300 /home/albertojor/GitHub/freedom-e-sdk/bsp/freedom-e310-arty-xmem/install/lib/debug//libmetal.a(libriscv__mmachine__freedom-e310-arty-xmem_a-inline.o)
                0x0000000080002b50                __metal_dt_interrupt_controller_c000000
 .data.__metal_dt_serial_10013000
                0x0000000080002e50       0x20 /home/albertojor/GitHub/freedom-e-sdk/bsp/freedom-e310-arty-xmem/install/lib/debug//libmetal.a(libriscv__mmachine__freedom-e310-arty-xmem_a-inline.o)
                0x0000000080002e50                __metal_dt_serial_10013000
 *(.gnu.linkonce.d.*)
                0x0000000080002e70                . = ALIGN (0x8)
                0x0000000080003670                PROVIDE (__global_pointer$ = (. + 0x800))
 *(.sdata .sdata.* .sdata2.*)
 .sdata._impure_ptr
                0x0000000080002e70        0x4 /home/albertojor/riscv64-unknown-elf-gcc-8.3.0-2019.08.0-x86_64-linux-ubuntu14/bin/../lib/gcc/riscv64-unknown-elf/8.3.0/../../../../riscv64-unknown-elf/lib/rv32imac/ilp32/libc_nano.a(lib_a-impure.o)
                0x0000000080002e70                _impure_ptr
 .sdata2._global_impure_ptr
                0x0000000080002e74        0x4 /home/albertojor/riscv64-unknown-elf-gcc-8.3.0-2019.08.0-x86_64-linux-ubuntu14/bin/../lib/gcc/riscv64-unknown-elf/8.3.0/../../../../riscv64-unknown-elf/lib/rv32imac/ilp32/libc_nano.a(lib_a-impure.o)
                0x0000000080002e74                _global_impure_ptr
 .sdata.__metal_cpu_table
                0x0000000080002e78        0x4 /home/albertojor/GitHub/freedom-e-sdk/bsp/freedom-e310-arty-xmem/install/lib/debug//libmetal.a(libriscv__mmachine__freedom-e310-arty-xmem_a-synchronize_harts.o)
                0x0000000080002e78                __metal_cpu_table
 .sdata.__metal_dt_clint_2000000
                0x0000000080002e7c        0x8 /home/albertojor/GitHub/freedom-e-sdk/bsp/freedom-e310-arty-xmem/install/lib/debug//libmetal.a(libriscv__mmachine__freedom-e310-arty-xmem_a-inline.o)
                0x0000000080002e7c                __metal_dt_clint_2000000
 .sdata.__metal_dt_cpu_0
                0x0000000080002e84        0x4 /home/albertojor/GitHub/freedom-e-sdk/bsp/freedom-e310-arty-xmem/install/lib/debug//libmetal.a(libriscv__mmachine__freedom-e310-arty-xmem_a-inline.o)
                0x0000000080002e84                __metal_dt_cpu_0
 .sdata.__metal_dt_gpio_10012000
                0x0000000080002e88        0x4 /home/albertojor/GitHub/freedom-e-sdk/bsp/freedom-e310-arty-xmem/install/lib/debug//libmetal.a(libriscv__mmachine__freedom-e310-arty-xmem_a-inline.o)
                0x0000000080002e88                __metal_dt_gpio_10012000
 .sdata2.__metal_driver_vtable_fixed_clock
                0x0000000080002e8c        0x8 /home/albertojor/GitHub/freedom-e-sdk/bsp/freedom-e310-arty-xmem/install/lib/debug//libmetal.a(libriscv__mmachine__freedom-e310-arty-xmem_a-fixed-clock.o)
                0x0000000080002e8c                __metal_driver_vtable_fixed_clock
 *(.gnu.linkonce.s.*)
                0x0000000080002e98                . = ALIGN (0x8)
 *fill*         0x0000000080002e94        0x4 
 *(.srodata.cst16)
 *(.srodata.cst8)
 *(.srodata.cst4)
 *(.srodata.cst2)
 *(.srodata .srodata.*)
                0x0000000080002e98                . = ALIGN (0x8)
 *(.rdata)
 *(.rodata .rodata.*)
 *(.gnu.linkonce.r.*)
                0x0000000020408a90                PROVIDE (metal_segment_data_source_start = LOADADDR (.data))
                0x0000000080000000                PROVIDE (metal_segment_data_target_start = ADDR (.data))
                0x0000000080002e98                PROVIDE (metal_segment_data_target_end = (ADDR (.data) + SIZEOF (.data)))

.bss            0x0000000080002e98      0x264
 *(.sbss*)
 .sbss._global_atexit
                0x0000000080002e98        0x4 /home/albertojor/riscv64-unknown-elf-gcc-8.3.0-2019.08.0-x86_64-linux-ubuntu14/bin/../lib/gcc/riscv64-unknown-elf/8.3.0/../../../../riscv64-unknown-elf/lib/rv32imac/ilp32/libc_nano.a(lib_a-__call_atexit.o)
                0x0000000080002e98                _global_atexit
 *(.gnu.linkonce.sb.*)
 *(.bss .bss.*)
 .bss.hash.1674
                0x0000000080002e9c       0x20 /tmp/ccmRdbgk.o
 .bss.performance.1671
                0x0000000080002ebc       0xc8 /tmp/ccmRdbgk.o
 .bss.hash2.1675
                0x0000000080002f84       0x20 /tmp/ccmRdbgk.o
 .bss.performance2.1672
                0x0000000080002fa4       0xc8 /tmp/ccmRdbgk.o
 .bss._global_atexit0
                0x000000008000306c       0x8c /home/albertojor/riscv64-unknown-elf-gcc-8.3.0-2019.08.0-x86_64-linux-ubuntu14/bin/../lib/gcc/riscv64-unknown-elf/8.3.0/../../../../riscv64-unknown-elf/lib/rv32imac/ilp32/libc_nano.a(lib_a-__atexit.o)
 *(.gnu.linkonce.b.*)
 *(COMMON)
 COMMON         0x00000000800030f8        0x4 /home/albertojor/riscv64-unknown-elf-gcc-8.3.0-2019.08.0-x86_64-linux-ubuntu14/bin/../lib/gcc/riscv64-unknown-elf/8.3.0/../../../../riscv64-unknown-elf/lib/rv32imac/ilp32/libc_nano.a(lib_a-reent.o)
                0x00000000800030f8                errno
                0x0000000080002e98                PROVIDE (metal_segment_bss_target_start = ADDR (.bss))
                0x00000000800030fc                PROVIDE (metal_segment_bss_target_end = (ADDR (.bss) + SIZEOF (.bss)))

.stack          0x00000000800030fc      0x400
                [!provide]                        PROVIDE (metal_segment_stack_begin = .)
                0x00000000800034fc                . = (. + __stack_size)
 *fill*         0x00000000800030fc      0x400 
                0x00000000800034fc                PROVIDE (_sp = .)
                [!provide]                        PROVIDE (metal_segment_stack_end = .)

.heap           0x00000000800034fc      0x800
                0x00000000800034fc                PROVIDE (metal_segment_heap_target_start = .)
                0x0000000000000800                . = __heap_size
 *fill*         0x00000000800034fc      0x800 
                0x0000000080003cfc                PROVIDE (metal_segment_heap_target_end = .)
                [!provide]                        PROVIDE (_heap_end = .)
OUTPUT(AHashCleanHW elf32-littleriscv)

.debug_info     0x0000000000000000    0x186c8
 .debug_info    0x0000000000000000      0x46a /tmp/ccmRdbgk.o
 .debug_info    0x000000000000046a      0xe80 /tmp/ccvD6H0C.o
 .debug_info    0x00000000000012ea     0x1245 /home/albertojor/riscv64-unknown-elf-gcc-8.3.0-2019.08.0-x86_64-linux-ubuntu14/bin/../lib/gcc/riscv64-unknown-elf/8.3.0/rv32imac/ilp32/libgcc.a(_udivdi3.o)
 .debug_info    0x000000000000252f     0x12a3 /home/albertojor/riscv64-unknown-elf-gcc-8.3.0-2019.08.0-x86_64-linux-ubuntu14/bin/../lib/gcc/riscv64-unknown-elf/8.3.0/rv32imac/ilp32/libgcc.a(_umoddi3.o)
 .debug_info    0x00000000000037d2      0x5a5 /home/albertojor/riscv64-unknown-elf-gcc-8.3.0-2019.08.0-x86_64-linux-ubuntu14/bin/../lib/gcc/riscv64-unknown-elf/8.3.0/rv32imac/ilp32/libgcc.a(adddf3.o)
 .debug_info    0x0000000000003d77      0x734 /home/albertojor/riscv64-unknown-elf-gcc-8.3.0-2019.08.0-x86_64-linux-ubuntu14/bin/../lib/gcc/riscv64-unknown-elf/8.3.0/rv32imac/ilp32/libgcc.a(divdf3.o)
 .debug_info    0x00000000000044ab      0x288 /home/albertojor/riscv64-unknown-elf-gcc-8.3.0-2019.08.0-x86_64-linux-ubuntu14/bin/../lib/gcc/riscv64-unknown-elf/8.3.0/rv32imac/ilp32/libgcc.a(eqdf2.o)
 .debug_info    0x0000000000004733      0x286 /home/albertojor/riscv64-unknown-elf-gcc-8.3.0-2019.08.0-x86_64-linux-ubuntu14/bin/../lib/gcc/riscv64-unknown-elf/8.3.0/rv32imac/ilp32/libgcc.a(gedf2.o)
 .debug_info    0x00000000000049b9      0x286 /home/albertojor/riscv64-unknown-elf-gcc-8.3.0-2019.08.0-x86_64-linux-ubuntu14/bin/../lib/gcc/riscv64-unknown-elf/8.3.0/rv32imac/ilp32/libgcc.a(ledf2.o)
 .debug_info    0x0000000000004c3f      0x76c /home/albertojor/riscv64-unknown-elf-gcc-8.3.0-2019.08.0-x86_64-linux-ubuntu14/bin/../lib/gcc/riscv64-unknown-elf/8.3.0/rv32imac/ilp32/libgcc.a(muldf3.o)
 .debug_info    0x00000000000053ab      0x5a5 /home/albertojor/riscv64-unknown-elf-gcc-8.3.0-2019.08.0-x86_64-linux-ubuntu14/bin/../lib/gcc/riscv64-unknown-elf/8.3.0/rv32imac/ilp32/libgcc.a(subdf3.o)
 .debug_info    0x0000000000005950      0x217 /home/albertojor/riscv64-unknown-elf-gcc-8.3.0-2019.08.0-x86_64-linux-ubuntu14/bin/../lib/gcc/riscv64-unknown-elf/8.3.0/rv32imac/ilp32/libgcc.a(fixdfsi.o)
 .debug_info    0x0000000000005b67      0x205 /home/albertojor/riscv64-unknown-elf-gcc-8.3.0-2019.08.0-x86_64-linux-ubuntu14/bin/../lib/gcc/riscv64-unknown-elf/8.3.0/rv32imac/ilp32/libgcc.a(fixunsdfsi.o)
 .debug_info    0x0000000000005d6c      0x2c0 /home/albertojor/riscv64-unknown-elf-gcc-8.3.0-2019.08.0-x86_64-linux-ubuntu14/bin/../lib/gcc/riscv64-unknown-elf/8.3.0/rv32imac/ilp32/libgcc.a(floatsidf.o)
 .debug_info    0x000000000000602c      0x2af /home/albertojor/riscv64-unknown-elf-gcc-8.3.0-2019.08.0-x86_64-linux-ubuntu14/bin/../lib/gcc/riscv64-unknown-elf/8.3.0/rv32imac/ilp32/libgcc.a(floatunsidf.o)
 .debug_info    0x00000000000062db      0xb6a /home/albertojor/riscv64-unknown-elf-gcc-8.3.0-2019.08.0-x86_64-linux-ubuntu14/bin/../lib/gcc/riscv64-unknown-elf/8.3.0/rv32imac/ilp32/libgcc.a(_clz.o)
 .debug_info    0x0000000000006e45      0xbd7 /home/albertojor/riscv64-unknown-elf-gcc-8.3.0-2019.08.0-x86_64-linux-ubuntu14/bin/../lib/gcc/riscv64-unknown-elf/8.3.0/rv32imac/ilp32/libgcc.a(_clzsi2.o)
 .debug_info    0x0000000000007a1c       0x22 /home/albertojor/GitHub/freedom-e-sdk/bsp/freedom-e310-arty-xmem/install/lib/debug//libmetal.a(libriscv__mmachine__freedom-e310-arty-xmem_a-entry.o)
 .debug_info    0x0000000000007a3e       0x26 /home/albertojor/GitHub/freedom-e-sdk/bsp/freedom-e310-arty-xmem/install/lib/debug//libmetal-gloss.a(crt0.o)
 .debug_info    0x0000000000007a64      0xa1e /home/albertojor/GitHub/freedom-e-sdk/bsp/freedom-e310-arty-xmem/install/lib/debug//libmetal-gloss.a(sys_write.o)
 .debug_info    0x0000000000008482     0x1257 /home/albertojor/GitHub/freedom-e-sdk/bsp/freedom-e310-arty-xmem/install/lib/debug//libmetal.a(libriscv__mmachine__freedom-e310-arty-xmem_a-synchronize_harts.o)
 .debug_info    0x00000000000096d9     0x12cb /home/albertojor/GitHub/freedom-e-sdk/bsp/freedom-e310-arty-xmem/install/lib/debug//libmetal.a(libriscv__mmachine__freedom-e310-arty-xmem_a-tty.o)
 .debug_info    0x000000000000a9a4      0x5de /home/albertojor/GitHub/freedom-e-sdk/bsp/freedom-e310-arty-xmem/install/lib/debug//libmetal.a(libriscv__mmachine__freedom-e310-arty-xmem_a-uart.o)
 .debug_info    0x000000000000af82     0x123d /home/albertojor/GitHub/freedom-e-sdk/bsp/freedom-e310-arty-xmem/install/lib/debug//libmetal.a(libriscv__mmachine__freedom-e310-arty-xmem_a-inline.o)
 .debug_info    0x000000000000c1bf     0x18e6 /home/albertojor/GitHub/freedom-e-sdk/bsp/freedom-e310-arty-xmem/install/lib/debug//libmetal.a(libriscv__mmachine__freedom-e310-arty-xmem_a-riscv_clint0.o)
 .debug_info    0x000000000000daa5     0x271f /home/albertojor/GitHub/freedom-e-sdk/bsp/freedom-e310-arty-xmem/install/lib/debug//libmetal.a(libriscv__mmachine__freedom-e310-arty-xmem_a-riscv_cpu.o)
 .debug_info    0x00000000000101c4     0x1788 /home/albertojor/GitHub/freedom-e-sdk/bsp/freedom-e310-arty-xmem/install/lib/debug//libmetal.a(libriscv__mmachine__freedom-e310-arty-xmem_a-riscv_plic0.o)
 .debug_info    0x000000000001194c     0x1717 /home/albertojor/GitHub/freedom-e-sdk/bsp/freedom-e310-arty-xmem/install/lib/debug//libmetal.a(libriscv__mmachine__freedom-e310-arty-xmem_a-sifive_gpio0.o)
 .debug_info    0x0000000000013063     0x1786 /home/albertojor/GitHub/freedom-e-sdk/bsp/freedom-e310-arty-xmem/install/lib/debug//libmetal.a(libriscv__mmachine__freedom-e310-arty-xmem_a-sifive_uart0.o)
 .debug_info    0x00000000000147e9      0x2c7 /home/albertojor/GitHub/freedom-e-sdk/bsp/freedom-e310-arty-xmem/install/lib/debug//libmetal.a(libriscv__mmachine__freedom-e310-arty-xmem_a-clock.o)
 .debug_info    0x0000000000014ab0     0x15c6 /home/albertojor/GitHub/freedom-e-sdk/bsp/freedom-e310-arty-xmem/install/lib/debug//libmetal.a(libriscv__mmachine__freedom-e310-arty-xmem_a-cpu.o)
 .debug_info    0x0000000000016076     0x1302 /home/albertojor/GitHub/freedom-e-sdk/bsp/freedom-e310-arty-xmem/install/lib/debug//libmetal.a(libriscv__mmachine__freedom-e310-arty-xmem_a-shutdown.o)
 .debug_info    0x0000000000017378       0x26 /home/albertojor/GitHub/freedom-e-sdk/bsp/freedom-e310-arty-xmem/install/lib/debug//libmetal.a(libriscv__mmachine__freedom-e310-arty-xmem_a-vector.o)
 .debug_info    0x000000000001739e     0x12db /home/albertojor/GitHub/freedom-e-sdk/bsp/freedom-e310-arty-xmem/install/lib/debug//libmetal.a(libriscv__mmachine__freedom-e310-arty-xmem_a-fixed-clock.o)
 .debug_info    0x0000000000018679       0x4f /home/albertojor/GitHub/freedom-e-sdk/bsp/freedom-e310-arty-xmem/install/lib/debug//libmetal-gloss.a(sys_exit.o)

.debug_abbrev   0x0000000000000000     0x3b74
 .debug_abbrev  0x0000000000000000      0x18a /tmp/ccmRdbgk.o
 .debug_abbrev  0x000000000000018a      0x22d /tmp/ccvD6H0C.o
 .debug_abbrev  0x00000000000003b7      0x2cc /home/albertojor/riscv64-unknown-elf-gcc-8.3.0-2019.08.0-x86_64-linux-ubuntu14/bin/../lib/gcc/riscv64-unknown-elf/8.3.0/rv32imac/ilp32/libgcc.a(_udivdi3.o)
 .debug_abbrev  0x0000000000000683      0x2e8 /home/albertojor/riscv64-unknown-elf-gcc-8.3.0-2019.08.0-x86_64-linux-ubuntu14/bin/../lib/gcc/riscv64-unknown-elf/8.3.0/rv32imac/ilp32/libgcc.a(_umoddi3.o)
 .debug_abbrev  0x000000000000096b      0x196 /home/albertojor/riscv64-unknown-elf-gcc-8.3.0-2019.08.0-x86_64-linux-ubuntu14/bin/../lib/gcc/riscv64-unknown-elf/8.3.0/rv32imac/ilp32/libgcc.a(adddf3.o)
 .debug_abbrev  0x0000000000000b01      0x187 /home/albertojor/riscv64-unknown-elf-gcc-8.3.0-2019.08.0-x86_64-linux-ubuntu14/bin/../lib/gcc/riscv64-unknown-elf/8.3.0/rv32imac/ilp32/libgcc.a(divdf3.o)
 .debug_abbrev  0x0000000000000c88      0x186 /home/albertojor/riscv64-unknown-elf-gcc-8.3.0-2019.08.0-x86_64-linux-ubuntu14/bin/../lib/gcc/riscv64-unknown-elf/8.3.0/rv32imac/ilp32/libgcc.a(eqdf2.o)
 .debug_abbrev  0x0000000000000e0e      0x199 /home/albertojor/riscv64-unknown-elf-gcc-8.3.0-2019.08.0-x86_64-linux-ubuntu14/bin/../lib/gcc/riscv64-unknown-elf/8.3.0/rv32imac/ilp32/libgcc.a(gedf2.o)
 .debug_abbrev  0x0000000000000fa7      0x199 /home/albertojor/riscv64-unknown-elf-gcc-8.3.0-2019.08.0-x86_64-linux-ubuntu14/bin/../lib/gcc/riscv64-unknown-elf/8.3.0/rv32imac/ilp32/libgcc.a(ledf2.o)
 .debug_abbrev  0x0000000000001140      0x197 /home/albertojor/riscv64-unknown-elf-gcc-8.3.0-2019.08.0-x86_64-linux-ubuntu14/bin/../lib/gcc/riscv64-unknown-elf/8.3.0/rv32imac/ilp32/libgcc.a(muldf3.o)
 .debug_abbrev  0x00000000000012d7      0x196 /home/albertojor/riscv64-unknown-elf-gcc-8.3.0-2019.08.0-x86_64-linux-ubuntu14/bin/../lib/gcc/riscv64-unknown-elf/8.3.0/rv32imac/ilp32/libgcc.a(subdf3.o)
 .debug_abbrev  0x000000000000146d      0x18a /home/albertojor/riscv64-unknown-elf-gcc-8.3.0-2019.08.0-x86_64-linux-ubuntu14/bin/../lib/gcc/riscv64-unknown-elf/8.3.0/rv32imac/ilp32/libgcc.a(fixdfsi.o)
 .debug_abbrev  0x00000000000015f7      0x18a /home/albertojor/riscv64-unknown-elf-gcc-8.3.0-2019.08.0-x86_64-linux-ubuntu14/bin/../lib/gcc/riscv64-unknown-elf/8.3.0/rv32imac/ilp32/libgcc.a(fixunsdfsi.o)
 .debug_abbrev  0x0000000000001781      0x181 /home/albertojor/riscv64-unknown-elf-gcc-8.3.0-2019.08.0-x86_64-linux-ubuntu14/bin/../lib/gcc/riscv64-unknown-elf/8.3.0/rv32imac/ilp32/libgcc.a(floatsidf.o)
 .debug_abbrev  0x0000000000001902      0x178 /home/albertojor/riscv64-unknown-elf-gcc-8.3.0-2019.08.0-x86_64-linux-ubuntu14/bin/../lib/gcc/riscv64-unknown-elf/8.3.0/rv32imac/ilp32/libgcc.a(floatunsidf.o)
 .debug_abbrev  0x0000000000001a7a      0x1e8 /home/albertojor/riscv64-unknown-elf-gcc-8.3.0-2019.08.0-x86_64-linux-ubuntu14/bin/../lib/gcc/riscv64-unknown-elf/8.3.0/rv32imac/ilp32/libgcc.a(_clz.o)
 .debug_abbrev  0x0000000000001c62      0x242 /home/albertojor/riscv64-unknown-elf-gcc-8.3.0-2019.08.0-x86_64-linux-ubuntu14/bin/../lib/gcc/riscv64-unknown-elf/8.3.0/rv32imac/ilp32/libgcc.a(_clzsi2.o)
 .debug_abbrev  0x0000000000001ea4       0x12 /home/albertojor/GitHub/freedom-e-sdk/bsp/freedom-e310-arty-xmem/install/lib/debug//libmetal.a(libriscv__mmachine__freedom-e310-arty-xmem_a-entry.o)
 .debug_abbrev  0x0000000000001eb6       0x14 /home/albertojor/GitHub/freedom-e-sdk/bsp/freedom-e310-arty-xmem/install/lib/debug//libmetal-gloss.a(crt0.o)
 .debug_abbrev  0x0000000000001eca      0x1ec /home/albertojor/GitHub/freedom-e-sdk/bsp/freedom-e310-arty-xmem/install/lib/debug//libmetal-gloss.a(sys_write.o)
 .debug_abbrev  0x00000000000020b6      0x192 /home/albertojor/GitHub/freedom-e-sdk/bsp/freedom-e310-arty-xmem/install/lib/debug//libmetal.a(libriscv__mmachine__freedom-e310-arty-xmem_a-synchronize_harts.o)
 .debug_abbrev  0x0000000000002248      0x1dd /home/albertojor/GitHub/freedom-e-sdk/bsp/freedom-e310-arty-xmem/install/lib/debug//libmetal.a(libriscv__mmachine__freedom-e310-arty-xmem_a-tty.o)
 .debug_abbrev  0x0000000000002425      0x10c /home/albertojor/GitHub/freedom-e-sdk/bsp/freedom-e310-arty-xmem/install/lib/debug//libmetal.a(libriscv__mmachine__freedom-e310-arty-xmem_a-uart.o)
 .debug_abbrev  0x0000000000002531      0x176 /home/albertojor/GitHub/freedom-e-sdk/bsp/freedom-e310-arty-xmem/install/lib/debug//libmetal.a(libriscv__mmachine__freedom-e310-arty-xmem_a-inline.o)
 .debug_abbrev  0x00000000000026a7      0x294 /home/albertojor/GitHub/freedom-e-sdk/bsp/freedom-e310-arty-xmem/install/lib/debug//libmetal.a(libriscv__mmachine__freedom-e310-arty-xmem_a-riscv_clint0.o)
 .debug_abbrev  0x000000000000293b      0x36c /home/albertojor/GitHub/freedom-e-sdk/bsp/freedom-e310-arty-xmem/install/lib/debug//libmetal.a(libriscv__mmachine__freedom-e310-arty-xmem_a-riscv_cpu.o)
 .debug_abbrev  0x0000000000002ca7      0x266 /home/albertojor/GitHub/freedom-e-sdk/bsp/freedom-e310-arty-xmem/install/lib/debug//libmetal.a(libriscv__mmachine__freedom-e310-arty-xmem_a-riscv_plic0.o)
 .debug_abbrev  0x0000000000002f0d      0x241 /home/albertojor/GitHub/freedom-e-sdk/bsp/freedom-e310-arty-xmem/install/lib/debug//libmetal.a(libriscv__mmachine__freedom-e310-arty-xmem_a-sifive_gpio0.o)
 .debug_abbrev  0x000000000000314e      0x29d /home/albertojor/GitHub/freedom-e-sdk/bsp/freedom-e310-arty-xmem/install/lib/debug//libmetal.a(libriscv__mmachine__freedom-e310-arty-xmem_a-sifive_uart0.o)
 .debug_abbrev  0x00000000000033eb      0x129 /home/albertojor/GitHub/freedom-e-sdk/bsp/freedom-e310-arty-xmem/install/lib/debug//libmetal.a(libriscv__mmachine__freedom-e310-arty-xmem_a-clock.o)
 .debug_abbrev  0x0000000000003514      0x250 /home/albertojor/GitHub/freedom-e-sdk/bsp/freedom-e310-arty-xmem/install/lib/debug//libmetal.a(libriscv__mmachine__freedom-e310-arty-xmem_a-cpu.o)
 .debug_abbrev  0x0000000000003764      0x1df /home/albertojor/GitHub/freedom-e-sdk/bsp/freedom-e310-arty-xmem/install/lib/debug//libmetal.a(libriscv__mmachine__freedom-e310-arty-xmem_a-shutdown.o)
 .debug_abbrev  0x0000000000003943       0x14 /home/albertojor/GitHub/freedom-e-sdk/bsp/freedom-e310-arty-xmem/install/lib/debug//libmetal.a(libriscv__mmachine__freedom-e310-arty-xmem_a-vector.o)
 .debug_abbrev  0x0000000000003957      0x1d0 /home/albertojor/GitHub/freedom-e-sdk/bsp/freedom-e310-arty-xmem/install/lib/debug//libmetal.a(libriscv__mmachine__freedom-e310-arty-xmem_a-fixed-clock.o)
 .debug_abbrev  0x0000000000003b27       0x4d /home/albertojor/GitHub/freedom-e-sdk/bsp/freedom-e310-arty-xmem/install/lib/debug//libmetal-gloss.a(sys_exit.o)

.debug_aranges  0x0000000000000000      0xa90
 .debug_aranges
                0x0000000000000000       0x50 /tmp/ccmRdbgk.o
 .debug_aranges
                0x0000000000000050       0xc0 /tmp/ccvD6H0C.o
 .debug_aranges
                0x0000000000000110       0x20 /home/albertojor/riscv64-unknown-elf-gcc-8.3.0-2019.08.0-x86_64-linux-ubuntu14/bin/../lib/gcc/riscv64-unknown-elf/8.3.0/rv32imac/ilp32/libgcc.a(_udivdi3.o)
 .debug_aranges
                0x0000000000000130       0x20 /home/albertojor/riscv64-unknown-elf-gcc-8.3.0-2019.08.0-x86_64-linux-ubuntu14/bin/../lib/gcc/riscv64-unknown-elf/8.3.0/rv32imac/ilp32/libgcc.a(_umoddi3.o)
 .debug_aranges
                0x0000000000000150       0x20 /home/albertojor/riscv64-unknown-elf-gcc-8.3.0-2019.08.0-x86_64-linux-ubuntu14/bin/../lib/gcc/riscv64-unknown-elf/8.3.0/rv32imac/ilp32/libgcc.a(adddf3.o)
 .debug_aranges
                0x0000000000000170       0x20 /home/albertojor/riscv64-unknown-elf-gcc-8.3.0-2019.08.0-x86_64-linux-ubuntu14/bin/../lib/gcc/riscv64-unknown-elf/8.3.0/rv32imac/ilp32/libgcc.a(divdf3.o)
 .debug_aranges
                0x0000000000000190       0x20 /home/albertojor/riscv64-unknown-elf-gcc-8.3.0-2019.08.0-x86_64-linux-ubuntu14/bin/../lib/gcc/riscv64-unknown-elf/8.3.0/rv32imac/ilp32/libgcc.a(eqdf2.o)
 .debug_aranges
                0x00000000000001b0       0x20 /home/albertojor/riscv64-unknown-elf-gcc-8.3.0-2019.08.0-x86_64-linux-ubuntu14/bin/../lib/gcc/riscv64-unknown-elf/8.3.0/rv32imac/ilp32/libgcc.a(gedf2.o)
 .debug_aranges
                0x00000000000001d0       0x20 /home/albertojor/riscv64-unknown-elf-gcc-8.3.0-2019.08.0-x86_64-linux-ubuntu14/bin/../lib/gcc/riscv64-unknown-elf/8.3.0/rv32imac/ilp32/libgcc.a(ledf2.o)
 .debug_aranges
                0x00000000000001f0       0x20 /home/albertojor/riscv64-unknown-elf-gcc-8.3.0-2019.08.0-x86_64-linux-ubuntu14/bin/../lib/gcc/riscv64-unknown-elf/8.3.0/rv32imac/ilp32/libgcc.a(muldf3.o)
 .debug_aranges
                0x0000000000000210       0x20 /home/albertojor/riscv64-unknown-elf-gcc-8.3.0-2019.08.0-x86_64-linux-ubuntu14/bin/../lib/gcc/riscv64-unknown-elf/8.3.0/rv32imac/ilp32/libgcc.a(subdf3.o)
 .debug_aranges
                0x0000000000000230       0x20 /home/albertojor/riscv64-unknown-elf-gcc-8.3.0-2019.08.0-x86_64-linux-ubuntu14/bin/../lib/gcc/riscv64-unknown-elf/8.3.0/rv32imac/ilp32/libgcc.a(fixdfsi.o)
 .debug_aranges
                0x0000000000000250       0x20 /home/albertojor/riscv64-unknown-elf-gcc-8.3.0-2019.08.0-x86_64-linux-ubuntu14/bin/../lib/gcc/riscv64-unknown-elf/8.3.0/rv32imac/ilp32/libgcc.a(fixunsdfsi.o)
 .debug_aranges
                0x0000000000000270       0x20 /home/albertojor/riscv64-unknown-elf-gcc-8.3.0-2019.08.0-x86_64-linux-ubuntu14/bin/../lib/gcc/riscv64-unknown-elf/8.3.0/rv32imac/ilp32/libgcc.a(floatsidf.o)
 .debug_aranges
                0x0000000000000290       0x20 /home/albertojor/riscv64-unknown-elf-gcc-8.3.0-2019.08.0-x86_64-linux-ubuntu14/bin/../lib/gcc/riscv64-unknown-elf/8.3.0/rv32imac/ilp32/libgcc.a(floatunsidf.o)
 .debug_aranges
                0x00000000000002b0       0x18 /home/albertojor/riscv64-unknown-elf-gcc-8.3.0-2019.08.0-x86_64-linux-ubuntu14/bin/../lib/gcc/riscv64-unknown-elf/8.3.0/rv32imac/ilp32/libgcc.a(_clz.o)
 .debug_aranges
                0x00000000000002c8       0x20 /home/albertojor/riscv64-unknown-elf-gcc-8.3.0-2019.08.0-x86_64-linux-ubuntu14/bin/../lib/gcc/riscv64-unknown-elf/8.3.0/rv32imac/ilp32/libgcc.a(_clzsi2.o)
 .debug_aranges