Archive member included to satisfy reference by file (symbol)

/home/albertojor/riscv64-unknown-elf-gcc-8.3.0-2019.08.0-x86_64-linux-ubuntu14/bin/../lib/gcc/riscv64-unknown-elf/8.3.0/../../../../riscv64-unknown-elf/lib/rv32imac/ilp32/libc_nano.a(lib_a-printf.o)
                              /tmp/ccy7R4V0.o (printf)
/home/albertojor/riscv64-unknown-elf-gcc-8.3.0-2019.08.0-x86_64-linux-ubuntu14/bin/../lib/gcc/riscv64-unknown-elf/8.3.0/../../../../riscv64-unknown-elf/lib/rv32imac/ilp32/libc_nano.a(lib_a-putchar.o)
                              /tmp/ccy7R4V0.o (putchar)
/home/albertojor/riscv64-unknown-elf-gcc-8.3.0-2019.08.0-x86_64-linux-ubuntu14/bin/../lib/gcc/riscv64-unknown-elf/8.3.0/../../../../riscv64-unknown-elf/lib/rv32imac/ilp32/libc_nano.a(lib_a-putc.o)
                              /home/albertojor/riscv64-unknown-elf-gcc-8.3.0-2019.08.0-x86_64-linux-ubuntu14/bin/../lib/gcc/riscv64-unknown-elf/8.3.0/../../../../riscv64-unknown-elf/lib/rv32imac/ilp32/libc_nano.a(lib_a-putchar.o) (_putc_r)
/home/albertojor/riscv64-unknown-elf-gcc-8.3.0-2019.08.0-x86_64-linux-ubuntu14/bin/../lib/gcc/riscv64-unknown-elf/8.3.0/../../../../riscv64-unknown-elf/lib/rv32imac/ilp32/libc_nano.a(lib_a-puts.o)
                              /tmp/ccy7R4V0.o (puts)
/home/albertojor/riscv64-unknown-elf-gcc-8.3.0-2019.08.0-x86_64-linux-ubuntu14/bin/../lib/gcc/riscv64-unknown-elf/8.3.0/../../../../riscv64-unknown-elf/lib/rv32imac/ilp32/libc_nano.a(lib_a-wbuf.o)
                              /home/albertojor/riscv64-unknown-elf-gcc-8.3.0-2019.08.0-x86_64-linux-ubuntu14/bin/../lib/gcc/riscv64-unknown-elf/8.3.0/../../../../riscv64-unknown-elf/lib/rv32imac/ilp32/libc_nano.a(lib_a-putc.o) (__swbuf_r)
/home/albertojor/riscv64-unknown-elf-gcc-8.3.0-2019.08.0-x86_64-linux-ubuntu14/bin/../lib/gcc/riscv64-unknown-elf/8.3.0/../../../../riscv64-unknown-elf/lib/rv32imac/ilp32/libc_nano.a(lib_a-wsetup.o)
                              /home/albertojor/riscv64-unknown-elf-gcc-8.3.0-2019.08.0-x86_64-linux-ubuntu14/bin/../lib/gcc/riscv64-unknown-elf/8.3.0/../../../../riscv64-unknown-elf/lib/rv32imac/ilp32/libc_nano.a(lib_a-puts.o) (__swsetup_r)
/home/albertojor/riscv64-unknown-elf-gcc-8.3.0-2019.08.0-x86_64-linux-ubuntu14/bin/../lib/gcc/riscv64-unknown-elf/8.3.0/../../../../riscv64-unknown-elf/lib/rv32imac/ilp32/libc_nano.a(lib_a-fflush.o)
                              /home/albertojor/riscv64-unknown-elf-gcc-8.3.0-2019.08.0-x86_64-linux-ubuntu14/bin/../lib/gcc/riscv64-unknown-elf/8.3.0/../../../../riscv64-unknown-elf/lib/rv32imac/ilp32/libc_nano.a(lib_a-wbuf.o) (_fflush_r)
/home/albertojor/riscv64-unknown-elf-gcc-8.3.0-2019.08.0-x86_64-linux-ubuntu14/bin/../lib/gcc/riscv64-unknown-elf/8.3.0/../../../../riscv64-unknown-elf/lib/rv32imac/ilp32/libc_nano.a(lib_a-findfp.o)
                              /home/albertojor/riscv64-unknown-elf-gcc-8.3.0-2019.08.0-x86_64-linux-ubuntu14/bin/../lib/gcc/riscv64-unknown-elf/8.3.0/../../../../riscv64-unknown-elf/lib/rv32imac/ilp32/libc_nano.a(lib_a-printf.o) (__sinit)
/home/albertojor/riscv64-unknown-elf-gcc-8.3.0-2019.08.0-x86_64-linux-ubuntu14/bin/../lib/gcc/riscv64-unknown-elf/8.3.0/../../../../riscv64-unknown-elf/lib/rv32imac/ilp32/libc_nano.a(lib_a-fwalk.o)
                              /home/albertojor/riscv64-unknown-elf-gcc-8.3.0-2019.08.0-x86_64-linux-ubuntu14/bin/../lib/gcc/riscv64-unknown-elf/8.3.0/../../../../riscv64-unknown-elf/lib/rv32imac/ilp32/libc_nano.a(lib_a-findfp.o) (_fwalk)
/home/albertojor/riscv64-unknown-elf-gcc-8.3.0-2019.08.0-x86_64-linux-ubuntu14/bin/../lib/gcc/riscv64-unknown-elf/8.3.0/../../../../riscv64-unknown-elf/lib/rv32imac/ilp32/libc_nano.a(lib_a-impure.o)
                              /home/albertojor/riscv64-unknown-elf-gcc-8.3.0-2019.08.0-x86_64-linux-ubuntu14/bin/../lib/gcc/riscv64-unknown-elf/8.3.0/../../../../riscv64-unknown-elf/lib/rv32imac/ilp32/libc_nano.a(lib_a-fflush.o) (_global_impure_ptr)
/home/albertojor/riscv64-unknown-elf-gcc-8.3.0-2019.08.0-x86_64-linux-ubuntu14/bin/../lib/gcc/riscv64-unknown-elf/8.3.0/../../../../riscv64-unknown-elf/lib/rv32imac/ilp32/libc_nano.a(lib_a-makebuf.o)
                              /home/albertojor/riscv64-unknown-elf-gcc-8.3.0-2019.08.0-x86_64-linux-ubuntu14/bin/../lib/gcc/riscv64-unknown-elf/8.3.0/../../../../riscv64-unknown-elf/lib/rv32imac/ilp32/libc_nano.a(lib_a-wsetup.o) (__smakebuf_r)
/home/albertojor/riscv64-unknown-elf-gcc-8.3.0-2019.08.0-x86_64-linux-ubuntu14/bin/../lib/gcc/riscv64-unknown-elf/8.3.0/../../../../riscv64-unknown-elf/lib/rv32imac/ilp32/libc_nano.a(lib_a-memset.o)
                              /home/albertojor/riscv64-unknown-elf-gcc-8.3.0-2019.08.0-x86_64-linux-ubuntu14/bin/../lib/gcc/riscv64-unknown-elf/8.3.0/../../../../riscv64-unknown-elf/lib/rv32imac/ilp32/libc_nano.a(lib_a-findfp.o) (memset)
/home/albertojor/riscv64-unknown-elf-gcc-8.3.0-2019.08.0-x86_64-linux-ubuntu14/bin/../lib/gcc/riscv64-unknown-elf/8.3.0/../../../../riscv64-unknown-elf/lib/rv32imac/ilp32/libc_nano.a(lib_a-nano-freer.o)
[...]
Memory Configuration

Name             Origin             Length             Attributes
flash            0x0000000020400000 0x000000001fc00000 axrl !w
itim             0x0000000008000000 0x0000000000004000 xw !arl
ram              0x0000000080000000 0x0000000000080000 axw !rl
*default*        0x0000000000000000 0xffffffffffffffff

Linker script and memory map

LOAD /tmp/ccy7R4V0.o
START GROUP
LOAD /home/albertojor/riscv64-unknown-elf-gcc-8.3.0-2019.08.0-x86_64-linux-ubuntu14/bin/../lib/gcc/riscv64-unknown-elf/8.3.0/../../../../riscv64-unknown-elf/lib/rv32imac/ilp32/libc_nano.a
LOAD /home/albertojor/riscv64-unknown-elf-gcc-8.3.0-2019.08.0-x86_64-linux-ubuntu14/bin/../lib/gcc/riscv64-unknown-elf/8.3.0/rv32imac/ilp32/libgcc.a
LOAD /home/albertojor/riscv64-unknown-elf-gcc-8.3.0-2019.08.0-x86_64-linux-ubuntu14/bin/../lib/gcc/riscv64-unknown-elf/8.3.0/../../../../riscv64-unknown-elf/lib/rv32imac/ilp32/libm.a
LOAD /home/albertojor/GitHub/freedom-e-sdk/bsp/freedom-e310-arty-xmem/install/lib/debug//libmetal.a
LOAD /home/albertojor/GitHub/freedom-e-sdk/bsp/freedom-e310-arty-xmem/install/lib/debug//libmetal-gloss.a
END GROUP
                0x0000000000000400                __stack_size = DEFINED (__stack_size)?__stack_size:0x400
                [!provide]                        PROVIDE (__stack_size = __stack_size)
                0x0000000000000800                __heap_size = DEFINED (__heap_size)?__heap_size:0x800
                0x0000000000000000                PROVIDE (__metal_boot_hart = 0x0)
                0x0000000000000000                PROVIDE (__metal_chicken_bit = 0x0)

.init           0x0000000020400000      0x19c
 *(.text.metal.init.enter)
 .text.metal.init.enter
                0x0000000020400000       0x60 /home/albertojor/GitHub/freedom-e-sdk/bsp/freedom-e310-arty-xmem/install/lib/debug//libmetal.a(libriscv__mmachine__freedom-e310-arty-xmem_a-entry.o)
                0x0000000020400000                _enter
 *(.text.metal.init.*)
 *fill*         0x0000000020400060        0x0 
 .text.metal.init.trapvec
                0x0000000020400060        0xe /home/albertojor/GitHub/freedom-e-sdk/bsp/freedom-e310-arty-xmem/install/lib/debug//libmetal.a(libriscv__mmachine__freedom-e310-arty-xmem_a-entry.o)
 .text.metal.init.__register_frame_info
                0x000000002040006e        0x2 /home/albertojor/GitHub/freedom-e-sdk/bsp/freedom-e310-arty-xmem/install/lib/debug//libmetal.a(libriscv__mmachine__freedom-e310-arty-xmem_a-entry.o)
                0x000000002040006e                __register_frame_info
 *(SORT_NONE(.init))
 .init          0x0000000020400070        0xe /home/albertojor/GitHub/freedom-e-sdk/bsp/freedom-e310-arty-xmem/install/lib/debug//libmetal.a(libriscv__mmachine__freedom-e310-arty-xmem_a-synchronize_harts.o)
                0x0000000020400070                __metal_synchronize_harts
 *(.text.libgloss.start)
 .text.libgloss.start
                0x000000002040007e      0x11e /home/albertojor/GitHub/freedom-e-sdk/bsp/freedom-e310-arty-xmem/install/lib/debug//libmetal-gloss.a(crt0.o)
                0x000000002040007e                _start
                0x000000002040017c                _init
                0x000000002040017c                _fini
                0x000000002040017e                secondary_main

.fini
 *(SORT_NONE(.fini))

.text           0x0000000020400200     0x5480
 *(.text.unlikely .text.unlikely.*)
 *(.text.startup .text.startup.*)
 *(.text .text.*)
 .text.rdcycle  0x0000000020400200       0x1e /tmp/ccy7R4V0.o
                0x0000000020400200                rdcycle
 .text.init_matrix
                0x000000002040021e       0xfc /tmp/ccy7R4V0.o
                0x000000002040021e                init_matrix
 .text.mm       0x000000002040031a      0x114 /tmp/ccy7R4V0.o
                0x000000002040031a                mm
 .text.main     0x000000002040042e       0xae /tmp/ccy7R4V0.o
                0x000000002040042e                main
 .text.printf   0x00000000204004dc       0x44 /home/albertojor/riscv64-unknown-elf-gcc-8.3.0-2019.08.0-x86_64-linux-ubuntu14/bin/../lib/gcc/riscv64-unknown-elf/8.3.0/../../../../riscv64-unknown-elf/lib/rv32imac/ilp32/libc_nano.a(lib_a-printf.o)
                0x00000000204004dc                printf
                0x00000000204004dc                iprintf
 .text._puts_r  0x0000000020400520       0xda /home/albertojor/riscv64-unknown-elf-gcc-8.3.0-2019.08.0-x86_64-linux-ubuntu14/bin/../lib/gcc/riscv64-unknown-elf/8.3.0/../../../../riscv64-unknown-elf/lib/rv32imac/ilp32/libc_nano.a(lib_a-puts.o)
                0x0000000020400520                _puts_r
 .text.puts     0x00000000204005fa        0xe /home/albertojor/riscv64-unknown-elf-gcc-8.3.0-2019.08.0-x86_64-linux-ubuntu14/bin/../lib/gcc/riscv64-unknown-elf/8.3.0/../../../../riscv64-unknown-elf/lib/rv32imac/ilp32/libc_nano.a(lib_a-puts.o)
                0x00000000204005fa                puts
 .text.__swbuf_r
                0x0000000020400608       0xc0 /home/albertojor/riscv64-unknown-elf-gcc-8.3.0-2019.08.0-x86_64-linux-ubuntu14/bin/../lib/gcc/riscv64-unknown-elf/8.3.0/../../../../riscv64-unknown-elf/lib/rv32imac/ilp32/libc_nano.a(lib_a-wbuf.o)
                0x0000000020400608                __swbuf_r
 .text.__swsetup_r
                0x00000000204006c8      0x110 /home/albertojor/riscv64-unknown-elf-gcc-8.3.0-2019.08.0-x86_64-linux-ubuntu14/bin/../lib/gcc/riscv64-unknown-elf/8.3.0/../../../../riscv64-unknown-elf/lib/rv32imac/ilp32/libc_nano.a(lib_a-wsetup.o)
                0x00000000204006c8                __swsetup_r
 .text.__sflush_r
                0x00000000204007d8      0x14a /home/albertojor/riscv64-unknown-elf-gcc-8.3.0-2019.08.0-x86_64-linux-ubuntu14/bin/../lib/gcc/riscv64-unknown-elf/8.3.0/../../../../riscv64-unknown-elf/lib/rv32imac/ilp32/libc_nano.a(lib_a-fflush.o)
                0x00000000204007d8                __sflush_r
 .text._fflush_r
                0x0000000020400922       0x64 /home/albertojor/riscv64-unknown-elf-gcc-8.3.0-2019.08.0-x86_64-linux-ubuntu14/bin/../lib/gcc/riscv64-unknown-elf/8.3.0/../../../../riscv64-unknown-elf/lib/rv32imac/ilp32/libc_nano.a(lib_a-fflush.o)
                0x0000000020400922                _fflush_r
 .text.std      0x0000000020400986       0x68 /home/albertojor/riscv64-unknown-elf-gcc-8.3.0-2019.08.0-x86_64-linux-ubuntu14/bin/../lib/gcc/riscv64-unknown-elf/8.3.0/../../../../riscv64-unknown-elf/lib/rv32imac/ilp32/libc_nano.a(lib_a-findfp.o)
 .text._cleanup_r
                0x00000000204009ee        0xa /home/albertojor/riscv64-unknown-elf-gcc-8.3.0-2019.08.0-x86_64-linux-ubuntu14/bin/../lib/gcc/riscv64-unknown-elf/8.3.0/../../../../riscv64-unknown-elf/lib/rv32imac/ilp32/libc_nano.a(lib_a-findfp.o)
                0x00000000204009ee                _cleanup_r
 .text.__sfmoreglue
                0x00000000204009f8       0x44 /home/albertojor/riscv64-unknown-elf-gcc-8.3.0-2019.08.0-x86_64-linux-ubuntu14/bin/../lib/gcc/riscv64-unknown-elf/8.3.0/../../../../riscv64-unknown-elf/lib/rv32imac/ilp32/libc_nano.a(lib_a-findfp.o)
                0x00000000204009f8                __sfmoreglue
 .text.__sinit  0x0000000020400a3c       0x6a /home/albertojor/riscv64-unknown-elf-gcc-8.3.0-2019.08.0-x86_64-linux-ubuntu14/bin/../lib/gcc/riscv64-unknown-elf/8.3.0/../../../../riscv64-unknown-elf/lib/rv32imac/ilp32/libc_nano.a(lib_a-findfp.o)
                0x0000000020400a3c                __sinit
 .text.__sfp    0x0000000020400aa6       0x9e /home/albertojor/riscv64-unknown-elf-gcc-8.3.0-2019.08.0-x86_64-linux-ubuntu14/bin/../lib/gcc/riscv64-unknown-elf/8.3.0/../../../../riscv64-unknown-elf/lib/rv32imac/ilp32/libc_nano.a(lib_a-findfp.o)
                0x0000000020400aa6                __sfp
 .text._fwalk_reent
                0x0000000020400b44       0x6c /home/albertojor/riscv64-unknown-elf-gcc-8.3.0-2019.08.0-x86_64-linux-ubuntu14/bin/../lib/gcc/riscv64-unknown-elf/8.3.0/../../../../riscv64-unknown-elf/lib/rv32imac/ilp32/libc_nano.a(lib_a-fwalk.o)
                0x0000000020400b44                _fwalk_reent
 .text.__swhatbuf_r
                0x0000000020400bb0       0x58 /home/albertojor/riscv64-unknown-elf-gcc-8.3.0-2019.08.0-x86_64-linux-ubuntu14/bin/../lib/gcc/riscv64-unknown-elf/8.3.0/../../../../riscv64-unknown-elf/lib/rv32imac/ilp32/libc_nano.a(lib_a-makebuf.o)
                0x0000000020400bb0                __swhatbuf_r
 .text.__smakebuf_r
                0x0000000020400c08       0x9c /home/albertojor/riscv64-unknown-elf-gcc-8.3.0-2019.08.0-x86_64-linux-ubuntu14/bin/../lib/gcc/riscv64-unknown-elf/8.3.0/../../../../riscv64-unknown-elf/lib/rv32imac/ilp32/libc_nano.a(lib_a-makebuf.o)
                0x0000000020400c08                __smakebuf_r
 .text          0x0000000020400ca4       0xa8 /home/albertojor/riscv64-unknown-elf-gcc-8.3.0-2019.08.0-x86_64-linux-ubuntu14/bin/../lib/gcc/riscv64-unknown-elf/8.3.0/../../../../riscv64-unknown-elf/lib/rv32imac/ilp32/libc_nano.a(lib_a-memset.o)
                0x0000000020400ca4                memset
 .text._free_r  0x0000000020400d4c       0xac /home/albertojor/riscv64-unknown-elf-gcc-8.3.0-2019.08.0-x86_64-linux-ubuntu14/bin/../lib/gcc/riscv64-unknown-elf/8.3.0/../../../../riscv64-unknown-elf/lib/rv32imac/ilp32/libc_nano.a(lib_a-nano-freer.o)
                0x0000000020400d4c                _free_r
 .text._malloc_r
                0x0000000020400df8       0xde /home/albertojor/riscv64-unknown-elf-gcc-8.3.0-2019.08.0-x86_64-linux-ubuntu14/bin/../lib/gcc/riscv64-unknown-elf/8.3.0/../../../../riscv64-unknown-elf/lib/rv32imac/ilp32/libc_nano.a(lib_a-nano-mallocr.o)
                0x0000000020400df8                _malloc_r
 .text.__sfputc_r
                0x0000000020400ed6       0x2a /home/albertojor/riscv64-unknown-elf-gcc-8.3.0-2019.08.0-x86_64-linux-ubuntu14/bin/../lib/gcc/riscv64-unknown-elf/8.3.0/../../../../riscv64-unknown-elf/lib/rv32imac/ilp32/libc_nano.a(lib_a-nano-vfprintf.o)
 .text.__sfputs_r
                0x0000000020400f00       0x42 /home/albertojor/riscv64-unknown-elf-gcc-8.3.0-2019.08.0-x86_64-linux-ubuntu14/bin/../lib/gcc/riscv64-unknown-elf/8.3.0/../../../../riscv64-unknown-elf/lib/rv32imac/ilp32/libc_nano.a(lib_a-nano-vfprintf.o)
                0x0000000020400f00                __sfputs_r
 .text._vfprintf_r
                0x0000000020400f42      0x298 /home/albertojor/riscv64-unknown-elf-gcc-8.3.0-2019.08.0-x86_64-linux-ubuntu14/bin/../lib/gcc/riscv64-unknown-elf/8.3.0/../../../../riscv64-unknown-elf/lib/rv32imac/ilp32/libc_nano.a(lib_a-nano-vfprintf.o)
                0x0000000020400f42                _vfiprintf_r
                0x0000000020400f42                _vfprintf_r
 .text._sbrk_r  0x00000000204011da       0x32 /home/albertojor/riscv64-unknown-elf-gcc-8.3.0-2019.08.0-x86_64-linux-ubuntu14/bin/../lib/gcc/riscv64-unknown-elf/8.3.0/../../../../riscv64-unknown-elf/lib/rv32imac/ilp32/libc_nano.a(lib_a-sbrkr.o)
                0x00000000204011da                _sbrk_r
 .text.__sread  0x000000002040120c       0x30 /home/albertojor/riscv64-unknown-elf-gcc-8.3.0-2019.08.0-x86_64-linux-ubuntu14/bin/../lib/gcc/riscv64-unknown-elf/8.3.0/../../../../riscv64-unknown-elf/lib/rv32imac/ilp32/libc_nano.a(lib_a-stdio.o)
                0x000000002040120c                __sread
 .text.__swrite
                0x000000002040123c       0x4e /home/albertojor/riscv64-unknown-elf-gcc-8.3.0-2019.08.0-x86_64-linux-ubuntu14/bin/../lib/gcc/riscv64-unknown-elf/8.3.0/../../../../riscv64-unknown-elf/lib/rv32imac/ilp32/libc_nano.a(lib_a-stdio.o)
                0x000000002040123c                __swrite
 .text.__sseek  0x000000002040128a       0x36 /home/albertojor/riscv64-unknown-elf-gcc-8.3.0-2019.08.0-x86_64-linux-ubuntu14/bin/../lib/gcc/riscv64-unknown-elf/8.3.0/../../../../riscv64-unknown-elf/lib/rv32imac/ilp32/libc_nano.a(lib_a-stdio.o)
                0x000000002040128a                __sseek
 .text.__sclose
                0x00000000204012c0        0x6 /home/albertojor/riscv64-unknown-elf-gcc-8.3.0-2019.08.0-x86_64-linux-ubuntu14/bin/../lib/gcc/riscv64-unknown-elf/8.3.0/../../../../riscv64-unknown-elf/lib/rv32imac/ilp32/libc_nano.a(lib_a-stdio.o)
                0x00000000204012c0                __sclose
 .text._write_r
                0x00000000204012c6       0x36 /home/albertojor/riscv64-unknown-elf-gcc-8.3.0-2019.08.0-x86_64-linux-ubuntu14/bin/../lib/gcc/riscv64-unknown-elf/8.3.0/../../../../riscv64-unknown-elf/lib/rv32imac/ilp32/libc_nano.a(lib_a-writer.o)
                0x00000000204012c6                _write_r
 .text._close_r
                0x00000000204012fc       0x32 /home/albertojor/riscv64-unknown-elf-gcc-8.3.0-2019.08.0-x86_64-linux-ubuntu14/bin/../lib/gcc/riscv64-unknown-elf/8.3.0/../../../../riscv64-unknown-elf/lib/rv32imac/ilp32/libc_nano.a(lib_a-closer.o)
                0x00000000204012fc                _close_r
 .text._fstat_r
                0x000000002040132e       0x34 /home/albertojor/riscv64-unknown-elf-gcc-8.3.0-2019.08.0-x86_64-linux-ubuntu14/bin/../lib/gcc/riscv64-unknown-elf/8.3.0/../../../../riscv64-unknown-elf/lib/rv32imac/ilp32/libc_nano.a(lib_a-fstatr.o)
                0x000000002040132e                _fstat_r
 .text._isatty_r
                0x0000000020401362       0x32 /home/albertojor/riscv64-unknown-elf-gcc-8.3.0-2019.08.0-x86_64-linux-ubuntu14/bin/../lib/gcc/riscv64-unknown-elf/8.3.0/../../../../riscv64-unknown-elf/lib/rv32imac/ilp32/libc_nano.a(lib_a-isattyr.o)
                0x0000000020401362                _isatty_r
 .text._lseek_r
                0x0000000020401394       0x36 /home/albertojor/riscv64-unknown-elf-gcc-8.3.0-2019.08.0-x86_64-linux-ubuntu14/bin/../lib/gcc/riscv64-unknown-elf/8.3.0/../../../../riscv64-unknown-elf/lib/rv32imac/ilp32/libc_nano.a(lib_a-lseekr.o)
                0x0000000020401394                _lseek_r
 .text.memchr   0x00000000204013ca       0x1a /home/albertojor/riscv64-unknown-elf-gcc-8.3.0-2019.08.0-x86_64-linux-ubuntu14/bin/../lib/gcc/riscv64-unknown-elf/8.3.0/../../../../riscv64-unknown-elf/lib/rv32imac/ilp32/libc_nano.a(lib_a-memchr.o)
                0x00000000204013ca                memchr
 .text.__malloc_lock
                0x00000000204013e4        0x2 /home/albertojor/riscv64-unknown-elf-gcc-8.3.0-2019.08.0-x86_64-linux-ubuntu14/bin/../lib/gcc/riscv64-unknown-elf/8.3.0/../../../../riscv64-unknown-elf/lib/rv32imac/ilp32/libc_nano.a(lib_a-mlock.o)
                0x00000000204013e4                __malloc_lock
 .text.__malloc_unlock
                0x00000000204013e6        0x2 /home/albertojor/riscv64-unknown-elf-gcc-8.3.0-2019.08.0-x86_64-linux-ubuntu14/bin/../lib/gcc/riscv64-unknown-elf/8.3.0/../../../../riscv64-unknown-elf/lib/rv32imac/ilp32/libc_nano.a(lib_a-mlock.o)
                0x00000000204013e6                __malloc_unlock
 .text._printf_common
                0x00000000204013e8      0x10c /home/albertojor/riscv64-unknown-elf-gcc-8.3.0-2019.08.0-x86_64-linux-ubuntu14/bin/../lib/gcc/riscv64-unknown-elf/8.3.0/../../../../riscv64-unknown-elf/lib/rv32imac/ilp32/libc_nano.a(lib_a-nano-vfprintf_i.o)
                0x00000000204013e8                _printf_common
 .text._printf_i
                0x00000000204014f4      0x2a2 /home/albertojor/riscv64-unknown-elf-gcc-8.3.0-2019.08.0-x86_64-linux-ubuntu14/bin/../lib/gcc/riscv64-unknown-elf/8.3.0/../../../../riscv64-unknown-elf/lib/rv32imac/ilp32/libc_nano.a(lib_a-nano-vfprintf_i.o)
                0x00000000204014f4                _printf_i
 .text._read_r  0x0000000020401796       0x34 /home/albertojor/riscv64-unknown-elf-gcc-8.3.0-2019.08.0-x86_64-linux-ubuntu14/bin/../lib/gcc/riscv64-unknown-elf/8.3.0/../../../../riscv64-unknown-elf/lib/rv32imac/ilp32/libc_nano.a(lib_a-readr.o)
                0x0000000020401796                _read_r
 .text          0x00000000204017ca      0x30c /home/albertojor/riscv64-unknown-elf-gcc-8.3.0-2019.08.0-x86_64-linux-ubuntu14/bin/../lib/gcc/riscv64-unknown-elf/8.3.0/rv32imac/ilp32/libgcc.a(addsf3.o)
                0x00000000204017ca                __addsf3
 .text          0x0000000020401ad6       0x54 /home/albertojor/riscv64-unknown-elf-gcc-8.3.0-2019.08.0-x86_64-linux-ubuntu14/bin/../lib/gcc/riscv64-unknown-elf/8.3.0/rv32imac/ilp32/libgcc.a(fixunssfsi.o)
                0x0000000020401ad6                __fixunssfsi
 .text          0x0000000020401b2a       0x9c /home/albertojor/riscv64-unknown-elf-gcc-8.3.0-2019.08.0-x86_64-linux-ubuntu14/bin/../lib/gcc/riscv64-unknown-elf/8.3.0/rv32imac/ilp32/libgcc.a(floatunsisf.o)
                0x0000000020401b2a                __floatunsisf
 .text          0x0000000020401bc6       0x3c /home/albertojor/riscv64-unknown-elf-gcc-8.3.0-2019.08.0-x86_64-linux-ubuntu14/bin/../lib/gcc/riscv64-unknown-elf/8.3.0/rv32imac/ilp32/libgcc.a(_clzsi2.o)
                0x0000000020401bc6                __clzsi2
 .text._close   0x0000000020401c02       0x22 /home/albertojor/GitHub/freedom-e-sdk/bsp/freedom-e310-arty-xmem/install/lib/debug//libmetal-gloss.a(sys_close.o)
                0x0000000020401c02                _close
 .text._fstat   0x0000000020401c24       0x26 /home/albertojor/GitHub/freedom-e-sdk/bsp/freedom-e310-arty-xmem/install/lib/debug//libmetal-gloss.a(sys_fstat.o)
                0x0000000020401c24                _fstat
 .text._isatty  0x0000000020401c4a       0x20 /home/albertojor/GitHub/freedom-e-sdk/bsp/freedom-e310-arty-xmem/install/lib/debug//libmetal-gloss.a(sys_isatty.o)
                0x0000000020401c4a                _isatty
 .text._lseek   0x0000000020401c6a       0x2a /home/albertojor/GitHub/freedom-e-sdk/bsp/freedom-e310-arty-xmem/install/lib/debug//libmetal-gloss.a(sys_lseek.o)
                0x0000000020401c6a                _lseek
 .text._read    0x0000000020401c94       0x2a /home/albertojor/GitHub/freedom-e-sdk/bsp/freedom-e310-arty-xmem/install/lib/debug//libmetal-gloss.a(sys_read.o)
                0x0000000020401c94                _read
 .text._sbrk    0x0000000020401cbe       0x7e /home/albertojor/GitHub/freedom-e-sdk/bsp/freedom-e310-arty-xmem/install/lib/debug//libmetal-gloss.a(sys_sbrk.o)
                0x0000000020401cbe                _sbrk
 .text._write   0x0000000020401d3c       0x6e /home/albertojor/GitHub/freedom-e-sdk/bsp/freedom-e310-arty-xmem/install/lib/debug//libmetal-gloss.a(sys_write.o)
                0x0000000020401d3c                _write
 .text.atexit   0x0000000020401daa        0xa /home/albertojor/riscv64-unknown-elf-gcc-8.3.0-2019.08.0-x86_64-linux-ubuntu14/bin/../lib/gcc/riscv64-unknown-elf/8.3.0/../../../../riscv64-unknown-elf/lib/rv32imac/ilp32/libc_nano.a(lib_a-atexit.o)
                0x0000000020401daa                atexit
 .text.__errno  0x0000000020401db4        0xc /home/albertojor/riscv64-unknown-elf-gcc-8.3.0-2019.08.0-x86_64-linux-ubuntu14/bin/../lib/gcc/riscv64-unknown-elf/8.3.0/../../../../riscv64-unknown-elf/lib/rv32imac/ilp32/libc_nano.a(lib_a-errno.o)
                0x0000000020401db4                __errno
 .text.exit     0x0000000020401dc0       0x2c /home/albertojor/riscv64-unknown-elf-gcc-8.3.0-2019.08.0-x86_64-linux-ubuntu14/bin/../lib/gcc/riscv64-unknown-elf/8.3.0/../../../../riscv64-unknown-elf/lib/rv32imac/ilp32/libc_nano.a(lib_a-exit.o)
                0x0000000020401dc0                exit
 .text.__libc_fini_array
                0x0000000020401dec       0x38 /home/albertojor/riscv64-unknown-elf-gcc-8.3.0-2019.08.0-x86_64-linux-ubuntu14/bin/../lib/gcc/riscv64-unknown-elf/8.3.0/../../../../riscv64-unknown-elf/lib/rv32imac/ilp32/libc_nano.a(lib_a-fini.o)
                0x0000000020401dec                __libc_fini_array
 .text.__libc_init_array
                0x0000000020401e24       0x6a /home/albertojor/riscv64-unknown-elf-gcc-8.3.0-2019.08.0-x86_64-linux-ubuntu14/bin/../lib/gcc/riscv64-unknown-elf/8.3.0/../../../../riscv64-unknown-elf/lib/rv32imac/ilp32/libc_nano.a(lib_a-init.o)
                0x0000000020401e24                __libc_init_array
 .text.__register_exitproc
                0x0000000020401e8e       0x8c /home/albertojor/riscv64-unknown-elf-gcc-8.3.0-2019.08.0-x86_64-linux-ubuntu14/bin/../lib/gcc/riscv64-unknown-elf/8.3.0/../../../../riscv64-unknown-elf/lib/rv32imac/ilp32/libc_nano.a(lib_a-__atexit.o)
                0x0000000020401e8e                __register_exitproc
 .text.__call_exitprocs
                0x0000000020401f1a       0xc8 /home/albertojor/riscv64-unknown-elf-gcc-8.3.0-2019.08.0-x86_64-linux-ubuntu14/bin/../lib/gcc/riscv64-unknown-elf/8.3.0/../../../../riscv64-unknown-elf/lib/rv32imac/ilp32/libc_nano.a(lib_a-__call_atexit.o)
                0x0000000020401f1a                __call_exitprocs
 .text.metal_tty_putc
                0x0000000020401fe2       0x2c /home/albertojor/GitHub/freedom-e-sdk/bsp/freedom-e310-arty-xmem/install/lib/debug//libmetal.a(libriscv__mmachine__freedom-e310-arty-xmem_a-tty.o)
                0x0000000020401fe2                metal_tty_putc
 .text.metal_tty_putc_raw
                0x000000002040200e       0x26 /home/albertojor/GitHub/freedom-e-sdk/bsp/freedom-e310-arty-xmem/install/lib/debug//libmetal.a(libriscv__mmachine__freedom-e310-arty-xmem_a-tty.o)
                0x000000002040200e                metal_tty_putc_raw
 .text.metal_tty_init
                0x0000000020402034       0x22 /home/albertojor/GitHub/freedom-e-sdk/bsp/freedom-e310-arty-xmem/install/lib/debug//libmetal.a(libriscv__mmachine__freedom-e310-arty-xmem_a-tty.o)
 .text.metal_uart_init
                0x0000000020402056       0x2c /home/albertojor/GitHub/freedom-e-sdk/bsp/freedom-e310-arty-xmem/install/lib/debug//libmetal.a(libriscv__mmachine__freedom-e310-arty-xmem_a-uart.o)
                0x0000000020402056                metal_uart_init
 .text.metal_uart_putc
                0x0000000020402082       0x2e /home/albertojor/GitHub/freedom-e-sdk/bsp/freedom-e310-arty-xmem/install/lib/debug//libmetal.a(libriscv__mmachine__freedom-e310-arty-xmem_a-uart.o)
                0x0000000020402082                metal_uart_putc
 .text.metal_uart_set_baud_rate
                0x00000000204020b0       0x2e /home/albertojor/GitHub/freedom-e-sdk/bsp/freedom-e310-arty-xmem/install/lib/debug//libmetal.a(libriscv__mmachine__freedom-e310-arty-xmem_a-uart.o)
                0x00000000204020b0                metal_uart_set_baud_rate
 .text.__metal_driver_sifive_clint0_control_base
                0x00000000204020de       0x26 /home/albertojor/GitHub/freedom-e-sdk/bsp/freedom-e310-arty-xmem/install/lib/debug//libmetal.a(libriscv__mmachine__freedom-e310-arty-xmem_a-riscv_clint0.o)
 .text.__metal_driver_sifive_clint0_num_interrupts
                0x0000000020402104       0x24 /home/albertojor/GitHub/freedom-e-sdk/bsp/freedom-e310-arty-xmem/install/lib/debug//libmetal.a(libriscv__mmachine__freedom-e310-arty-xmem_a-riscv_clint0.o)
 .text.__metal_driver_sifive_clint0_interrupt_parents
                0x0000000020402128       0x3c /home/albertojor/GitHub/freedom-e-sdk/bsp/freedom-e310-arty-xmem/install/lib/debug//libmetal.a(libriscv__mmachine__freedom-e310-arty-xmem_a-riscv_clint0.o)
 .text.__metal_driver_sifive_clint0_interrupt_lines
                0x0000000020402164       0x30 /home/albertojor/GitHub/freedom-e-sdk/bsp/freedom-e310-arty-xmem/install/lib/debug//libmetal.a(libriscv__mmachine__freedom-e310-arty-xmem_a-riscv_clint0.o)
 .text.__metal_clint0_mtime_get
                0x0000000020402194       0x9a /home/albertojor/GitHub/freedom-e-sdk/bsp/freedom-e310-arty-xmem/install/lib/debug//libmetal.a(libriscv__mmachine__freedom-e310-arty-xmem_a-riscv_clint0.o)
                0x0000000020402194                __metal_clint0_mtime_get
 .text.__metal_driver_riscv_clint0_mtimecmp_set
                0x000000002040222e       0x96 /home/albertojor/GitHub/freedom-e-sdk/bsp/freedom-e310-arty-xmem/install/lib/debug//libmetal.a(libriscv__mmachine__freedom-e310-arty-xmem_a-riscv_clint0.o)
                0x000000002040222e                __metal_driver_riscv_clint0_mtimecmp_set
 .text._get_cpu_intc
                0x00000000204022c4       0x36 /home/albertojor/GitHub/freedom-e-sdk/bsp/freedom-e310-arty-xmem/install/lib/debug//libmetal.a(libriscv__mmachine__freedom-e310-arty-xmem_a-riscv_clint0.o)
 .text.__metal_driver_riscv_clint0_init
                0x00000000204022fa       0x88 /home/albertojor/GitHub/freedom-e-sdk/bsp/freedom-e310-arty-xmem/install/lib/debug//libmetal.a(libriscv__mmachine__freedom-e310-arty-xmem_a-riscv_clint0.o)
                0x00000000204022fa                __metal_driver_riscv_clint0_init
 .text.__metal_driver_riscv_clint0_register
                0x0000000020402382       0xda /home/albertojor/GitHub/freedom-e-sdk/bsp/freedom-e310-arty-xmem/install/lib/debug//libmetal.a(libriscv__mmachine__freedom-e310-arty-xmem_a-riscv_clint0.o)
                0x0000000020402382                __metal_driver_riscv_clint0_register
 .text.__metal_driver_riscv_clint0_vector_register
                0x000000002040245c       0x28 /home/albertojor/GitHub/freedom-e-sdk/bsp/freedom-e310-arty-xmem/install/lib/debug//libmetal.a(libriscv__mmachine__freedom-e310-arty-xmem_a-riscv_clint0.o)
                0x000000002040245c                __metal_driver_riscv_clint0_vector_register
 .text.__metal_driver_riscv_clint0_get_vector_mode
                0x0000000020402484       0x1c /home/albertojor/GitHub/freedom-e-sdk/bsp/freedom-e310-arty-xmem/install/lib/debug//libmetal.a(libriscv__mmachine__freedom-e310-arty-xmem_a-riscv_clint0.o)
                0x0000000020402484                __metal_driver_riscv_clint0_get_vector_mode
 .text.__metal_driver_riscv_clint0_set_vector_mode
                0x00000000204024a0       0x54 /home/albertojor/GitHub/freedom-e-sdk/bsp/freedom-e310-arty-xmem/install/lib/debug//libmetal.a(libriscv__mmachine__freedom-e310-arty-xmem_a-riscv_clint0.o)
                0x00000000204024a0                __metal_driver_riscv_clint0_set_vector_mode
 .text.__metal_driver_riscv_clint0_enable
                0x00000000204024f4       0xb2 /home/albertojor/GitHub/freedom-e-sdk/bsp/freedom-e310-arty-xmem/install/lib/debug//libmetal.a(libriscv__mmachine__freedom-e310-arty-xmem_a-riscv_clint0.o)
                0x00000000204024f4                __metal_driver_riscv_clint0_enable
 .text.__metal_driver_riscv_clint0_disable
                0x00000000204025a6       0xb2 /home/albertojor/GitHub/freedom-e-sdk/bsp/freedom-e310-arty-xmem/install/lib/debug//libmetal.a(libriscv__mmachine__freedom-e310-arty-xmem_a-riscv_clint0.o)
                0x00000000204025a6                __metal_driver_riscv_clint0_disable
 .text.__metal_driver_riscv_clint0_command_request
                0x0000000020402658      0x134 /home/albertojor/GitHub/freedom-e-sdk/bsp/freedom-e310-arty-xmem/install/lib/debug//libmetal.a(libriscv__mmachine__freedom-e310-arty-xmem_a-riscv_clint0.o)
                0x0000000020402658                __metal_driver_riscv_clint0_command_request
 .text.__metal_driver_riscv_clint0_clear_interrupt
                0x000000002040278c       0x34 /home/albertojor/GitHub/freedom-e-sdk/bsp/freedom-e310-arty-xmem/install/lib/debug//libmetal.a(libriscv__mmachine__freedom-e310-arty-xmem_a-riscv_clint0.o)
                0x000000002040278c                __metal_driver_riscv_clint0_clear_interrupt
 .text.__metal_driver_riscv_clint0_set_interrupt
                0x00000000204027c0       0x34 /home/albertojor/GitHub/freedom-e-sdk/bsp/freedom-e310-arty-xmem/install/lib/debug//libmetal.a(libriscv__mmachine__freedom-e310-arty-xmem_a-riscv_clint0.o)
                0x00000000204027c0                __metal_driver_riscv_clint0_set_interrupt
 .text.__metal_driver_cpu_hartid
                0x00000000204027f4       0x24 /home/albertojor/GitHub/freedom-e-sdk/bsp/freedom-e310-arty-xmem/install/lib/debug//libmetal.a(libriscv__mmachine__freedom-e310-arty-xmem_a-riscv_cpu.o)
 .text.__metal_driver_cpu_timebase
                0x0000000020402818       0x2a /home/albertojor/GitHub/freedom-e-sdk/bsp/freedom-e310-arty-xmem/install/lib/debug//libmetal.a(libriscv__mmachine__freedom-e310-arty-xmem_a-riscv_cpu.o)
 .text.__metal_driver_cpu_interrupt_controller
                0x0000000020402842       0x2a /home/albertojor/GitHub/freedom-e-sdk/bsp/freedom-e310-arty-xmem/install/lib/debug//libmetal.a(libriscv__mmachine__freedom-e310-arty-xmem_a-riscv_cpu.o)
 .text.__metal_driver_cpu_get
                0x000000002040286c       0x2c /home/albertojor/GitHub/freedom-e-sdk/bsp/freedom-e310-arty-xmem/install/lib/debug//libmetal.a(libriscv__mmachine__freedom-e310-arty-xmem_a-riscv_cpu.o)
                0x000000002040286c                __metal_driver_cpu_get
 .text.__metal_myhart_id
                0x0000000020402898       0x1a /home/albertojor/GitHub/freedom-e-sdk/bsp/freedom-e310-arty-xmem/install/lib/debug//libmetal.a(libriscv__mmachine__freedom-e310-arty-xmem_a-riscv_cpu.o)
                0x0000000020402898                __metal_myhart_id
 .text.__metal_interrupt_global_enable
                0x00000000204028b2       0x18 /home/albertojor/GitHub/freedom-e-sdk/bsp/freedom-e310-arty-xmem/install/lib/debug//libmetal.a(libriscv__mmachine__freedom-e310-arty-xmem_a-riscv_cpu.o)
                0x00000000204028b2                __metal_interrupt_global_enable
 .text.__metal_interrupt_global_disable
                0x00000000204028ca       0x18 /home/albertojor/GitHub/freedom-e-sdk/bsp/freedom-e310-arty-xmem/install/lib/debug//libmetal.a(libriscv__mmachine__freedom-e310-arty-xmem_a-riscv_cpu.o)
                0x00000000204028ca                __metal_interrupt_global_disable
 .text.__metal_interrupt_software_enable
                0x00000000204028e2       0x18 /home/albertojor/GitHub/freedom-e-sdk/bsp/freedom-e310-arty-xmem/install/lib/debug//libmetal.a(libriscv__mmachine__freedom-e310-arty-xmem_a-riscv_cpu.o)
                0x00000000204028e2                __metal_interrupt_software_enable
 .text.__metal_interrupt_software_disable
                0x00000000204028fa       0x18 /home/albertojor/GitHub/freedom-e-sdk/bsp/freedom-e310-arty-xmem/install/lib/debug//libmetal.a(libriscv__mmachine__freedom-e310-arty-xmem_a-riscv_cpu.o)
                0x00000000204028fa                __metal_interrupt_software_disable
 .text.__metal_interrupt_timer_enable
                0x0000000020402912       0x1a /home/albertojor/GitHub/freedom-e-sdk/bsp/freedom-e310-arty-xmem/install/lib/debug//libmetal.a(libriscv__mmachine__freedom-e310-arty-xmem_a-riscv_cpu.o)
                0x0000000020402912                __metal_interrupt_timer_enable
 .text.__metal_interrupt_timer_disable
                0x000000002040292c       0x1a /home/albertojor/GitHub/freedom-e-sdk/bsp/freedom-e310-arty-xmem/install/lib/debug//libmetal.a(libriscv__mmachine__freedom-e310-arty-xmem_a-riscv_cpu.o)
                0x000000002040292c                __metal_interrupt_timer_disable
 .text.__metal_interrupt_external_enable
                0x0000000020402946       0x1c /home/albertojor/GitHub/freedom-e-sdk/bsp/freedom-e310-arty-xmem/install/lib/debug//libmetal.a(libriscv__mmachine__freedom-e310-arty-xmem_a-riscv_cpu.o)
                0x0000000020402946                __metal_interrupt_external_enable
 .text.__metal_interrupt_external_disable
                0x0000000020402962       0x1c /home/albertojor/GitHub/freedom-e-sdk/bsp/freedom-e310-arty-xmem/install/lib/debug//libmetal.a(libriscv__mmachine__freedom-e310-arty-xmem_a-riscv_cpu.o)
                0x0000000020402962                __metal_interrupt_external_disable
 .text.__metal_interrupt_local_enable
                0x000000002040297e       0x2c /home/albertojor/GitHub/freedom-e-sdk/bsp/freedom-e310-arty-xmem/install/lib/debug//libmetal.a(libriscv__mmachine__freedom-e310-arty-xmem_a-riscv_cpu.o)
                0x000000002040297e                __metal_interrupt_local_enable
 .text.__metal_interrupt_local_disable
                0x00000000204029aa       0x2c /home/albertojor/GitHub/freedom-e-sdk/bsp/freedom-e310-arty-xmem/install/lib/debug//libmetal.a(libriscv__mmachine__freedom-e310-arty-xmem_a-riscv_cpu.o)
                0x00000000204029aa                __metal_interrupt_local_disable
 .text.__metal_default_exception_handler
                0x00000000204029d6       0x18 /home/albertojor/GitHub/freedom-e-sdk/bsp/freedom-e310-arty-xmem/install/lib/debug//libmetal.a(libriscv__mmachine__freedom-e310-arty-xmem_a-riscv_cpu.o)
                0x00000000204029d6                __metal_default_exception_handler
 .text.__metal_default_interrupt_handler
                0x00000000204029ee       0x18 /home/albertojor/GitHub/freedom-e-sdk/bsp/freedom-e310-arty-xmem/install/lib/debug//libmetal.a(libriscv__mmachine__freedom-e310-arty-xmem_a-riscv_cpu.o)
                0x00000000204029ee                __metal_default_interrupt_handler
 .text.metal_interrupt_vector_handler
                0x0000000020402a06       0x2e /home/albertojor/GitHub/freedom-e-sdk/bsp/freedom-e310-arty-xmem/install/lib/debug//libmetal.a(libriscv__mmachine__freedom-e310-arty-xmem_a-riscv_cpu.o)
                0x0000000020402a06                metal_interrupt_vector_handler
 .text.metal_software_interrupt_vector_handler
                0x0000000020402a34       0x8e /home/albertojor/GitHub/freedom-e-sdk/bsp/freedom-e310-arty-xmem/install/lib/debug//libmetal.a(libriscv__mmachine__freedom-e310-arty-xmem_a-riscv_cpu.o)
                0x0000000020402a34                metal_software_interrupt_vector_handler
 .text.__metal_default_sw_handler
                0x0000000020402ac2       0x64 /home/albertojor/GitHub/freedom-e-sdk/bsp/freedom-e310-arty-xmem/install/lib/debug//libmetal.a(libriscv__mmachine__freedom-e310-arty-xmem_a-riscv_cpu.o)
                0x0000000020402ac2                __metal_default_sw_handler
 .text.metal_timer_interrupt_vector_handler
                0x0000000020402b26       0x8e /home/albertojor/GitHub/freedom-e-sdk/bsp/freedom-e310-arty-xmem/install/lib/debug//libmetal.a(libriscv__mmachine__freedom-e310-arty-xmem_a-riscv_cpu.o)
                0x0000000020402b26                metal_timer_interrupt_vector_handler
 .text.__metal_default_timer_handler
                0x0000000020402bb4       0x66 /home/albertojor/GitHub/freedom-e-sdk/bsp/freedom-e310-arty-xmem/install/lib/debug//libmetal.a(libriscv__mmachine__freedom-e310-arty-xmem_a-riscv_cpu.o)
                0x0000000020402bb4                __metal_default_timer_handler
 *fill*         0x0000000020402c1a       0x66 
 .text.__metal_exception_handler
                0x0000000020402c80      0x174 /home/albertojor/GitHub/freedom-e-sdk/bsp/freedom-e310-arty-xmem/install/lib/debug//libmetal.a(libriscv__mmachine__freedom-e310-arty-xmem_a-riscv_cpu.o)
                0x0000000020402c80                __metal_exception_handler
 .text.metal_lc0_interrupt_vector_handler
                0x0000000020402df4       0x92 /home/albertojor/GitHub/freedom-e-sdk/bsp/freedom-e310-arty-xmem/install/lib/debug//libmetal.a(libriscv__mmachine__freedom-e310-arty-xmem_a-riscv_cpu.o)
                0x0000000020402df4                metal_lc0_interrupt_vector_handler
 .text.metal_lc1_interrupt_vector_handler
                0x0000000020402e86       0x92 /home/albertojor/GitHub/freedom-e-sdk/bsp/freedom-e310-arty-xmem/install/lib/debug//libmetal.a(libriscv__mmachine__freedom-e310-arty-xmem_a-riscv_cpu.o)
                0x0000000020402e86                metal_lc1_interrupt_vector_handler
 .text.metal_lc2_interrupt_vector_handler
                0x0000000020402f18       0x92 /home/albertojor/GitHub/freedom-e-sdk/bsp/freedom-e310-arty-xmem/install/lib/debug//libmetal.a(libriscv__mmachine__freedom-e310-arty-xmem_a-riscv_cpu.o)
                0x0000000020402f18                metal_lc2_interrupt_vector_handler
 .text.metal_lc3_interrupt_vector_handler
                0x0000000020402faa       0x92 /home/albertojor/GitHub/freedom-e-sdk/bsp/freedom-e310-arty-xmem/install/lib/debug//libmetal.a(libriscv__mmachine__freedom-e310-arty-xmem_a-riscv_cpu.o)
                0x0000000020402faa                metal_lc3_interrupt_vector_handler
 .text.metal_lc4_interrupt_vector_handler
                0x000000002040303c       0x92 /home/albertojor/GitHub/freedom-e-sdk/bsp/freedom-e310-arty-xmem/install/lib/debug//libmetal.a(libriscv__mmachine__freedom-e310-arty-xmem_a-riscv_cpu.o)
                0x000000002040303c                metal_lc4_interrupt_vector_handler
 .text.metal_lc5_interrupt_vector_handler
                0x00000000204030ce       0x92 /home/albertojor/GitHub/freedom-e-sdk/bsp/freedom-e310-arty-xmem/install/lib/debug//libmetal.a(libriscv__mmachine__freedom-e310-arty-xmem_a-riscv_cpu.o)
                0x00000000204030ce                metal_lc5_interrupt_vector_handler
 .text.metal_lc6_interrupt_vector_handler
                0x0000000020403160       0x92 /home/albertojor/GitHub/freedom-e-sdk/bsp/freedom-e310-arty-xmem/install/lib/debug//libmetal.a(libriscv__mmachine__freedom-e310-arty-xmem_a-riscv_cpu.o)
                0x0000000020403160                metal_lc6_interrupt_vector_handler
 .text.metal_lc7_interrupt_vector_handler
                0x00000000204031f2       0x92 /home/albertojor/GitHub/freedom-e-sdk/bsp/freedom-e310-arty-xmem/install/lib/debug//libmetal.a(libriscv__mmachine__freedom-e310-arty-xmem_a-riscv_cpu.o)
                0x00000000204031f2                metal_lc7_interrupt_vector_handler
 .text.metal_lc8_interrupt_vector_handler
                0x0000000020403284       0x92 /home/albertojor/GitHub/freedom-e-sdk/bsp/freedom-e310-arty-xmem/install/lib/debug//libmetal.a(libriscv__mmachine__freedom-e310-arty-xmem_a-riscv_cpu.o)
                0x0000000020403284                metal_lc8_interrupt_vector_handler
 .text.metal_lc9_interrupt_vector_handler
                0x0000000020403316       0x92 /home/albertojor/GitHub/freedom-e-sdk/bsp/freedom-e310-arty-xmem/install/lib/debug//libmetal.a(libriscv__mmachine__freedom-e310-arty-xmem_a-riscv_cpu.o)
                0x0000000020403316                metal_lc9_interrupt_vector_handler
 .text.metal_lc10_interrupt_vector_handler
                0x00000000204033a8       0x92 /home/albertojor/GitHub/freedom-e-sdk/bsp/freedom-e310-arty-xmem/install/lib/debug//libmetal.a(libriscv__mmachine__freedom-e310-arty-xmem_a-riscv_cpu.o)
                0x00000000204033a8                metal_lc10_interrupt_vector_handler
 .text.metal_lc11_interrupt_vector_handler
                0x000000002040343a       0x92 /home/albertojor/GitHub/freedom-e-sdk/bsp/freedom-e310-arty-xmem/install/lib/debug//libmetal.a(libriscv__mmachine__freedom-e310-arty-xmem_a-riscv_cpu.o)
                0x000000002040343a                metal_lc11_interrupt_vector_handler
 .text.metal_lc12_interrupt_vector_handler
                0x00000000204034cc       0x92 /home/albertojor/GitHub/freedom-e-sdk/bsp/freedom-e310-arty-xmem/install/lib/debug//libmetal.a(libriscv__mmachine__freedom-e310-arty-xmem_a-riscv_cpu.o)
                0x00000000204034cc                metal_lc12_interrupt_vector_handler
 .text.metal_lc13_interrupt_vector_handler
                0x000000002040355e       0x92 /home/albertojor/GitHub/freedom-e-sdk/bsp/freedom-e310-arty-xmem/install/lib/debug//libmetal.a(libriscv__mmachine__freedom-e310-arty-xmem_a-riscv_cpu.o)
                0x000000002040355e                metal_lc13_interrupt_vector_handler
 .text.metal_lc14_interrupt_vector_handler
                0x00000000204035f0       0x92 /home/albertojor/GitHub/freedom-e-sdk/bsp/freedom-e310-arty-xmem/install/lib/debug//libmetal.a(libriscv__mmachine__freedom-e310-arty-xmem_a-riscv_cpu.o)
                0x00000000204035f0                metal_lc14_interrupt_vector_handler
 .text.metal_lc15_interrupt_vector_handler
                0x0000000020403682       0x92 /home/albertojor/GitHub/freedom-e-sdk/bsp/freedom-e310-arty-xmem/install/lib/debug//libmetal.a(libriscv__mmachine__freedom-e310-arty-xmem_a-riscv_cpu.o)
                0x0000000020403682                metal_lc15_interrupt_vector_handler
 .text.__metal_controller_interrupt_vector_mode
                0x0000000020403714       0x50 /home/albertojor/GitHub/freedom-e-sdk/bsp/freedom-e310-arty-xmem/install/lib/debug//libmetal.a(libriscv__mmachine__freedom-e310-arty-xmem_a-riscv_cpu.o)
                0x0000000020403714                __metal_controller_interrupt_vector_mode
 .text.__metal_controller_interrupt_vector
                0x0000000020403764       0x98 /home/albertojor/GitHub/freedom-e-sdk/bsp/freedom-e310-arty-xmem/install/lib/debug//libmetal.a(libriscv__mmachine__freedom-e310-arty-xmem_a-riscv_cpu.o)
                0x0000000020403764                __metal_controller_interrupt_vector
 .text.__metal_valid_interrupt_id
                0x00000000204037fc       0x38 /home/albertojor/GitHub/freedom-e-sdk/bsp/freedom-e310-arty-xmem/install/lib/debug//libmetal.a(libriscv__mmachine__freedom-e310-arty-xmem_a-riscv_cpu.o)
                0x00000000204037fc                __metal_valid_interrupt_id
 .text.__metal_local_interrupt_enable
                0x0000000020403834       0xbc /home/albertojor/GitHub/freedom-e-sdk/bsp/freedom-e310-arty-xmem/install/lib/debug//libmetal.a(libriscv__mmachine__freedom-e310-arty-xmem_a-riscv_cpu.o)
                0x0000000020403834                __metal_local_interrupt_enable
 .text.__metal_exception_register
                0x00000000204038f0       0x4e /home/albertojor/GitHub/freedom-e-sdk/bsp/freedom-e310-arty-xmem/install/lib/debug//libmetal.a(libriscv__mmachine__freedom-e310-arty-xmem_a-riscv_cpu.o)
                0x00000000204038f0                __metal_exception_register
 .text.__metal_driver_riscv_cpu_controller_interrupt_init
                0x000000002040393e      0x13e /home/albertojor/GitHub/freedom-e-sdk/bsp/freedom-e310-arty-xmem/install/lib/debug//libmetal.a(libriscv__mmachine__freedom-e310-arty-xmem_a-riscv_cpu.o)
                0x000000002040393e                __metal_driver_riscv_cpu_controller_interrupt_init
 .text.__metal_driver_riscv_cpu_controller_interrupt_register
                0x0000000020403a7c      0x14e /home/albertojor/GitHub/freedom-e-sdk/bsp/freedom-e310-arty-xmem/install/lib/debug//libmetal.a(libriscv__mmachine__freedom-e310-arty-xmem_a-riscv_cpu.o)
                0x0000000020403a7c                __metal_driver_riscv_cpu_controller_interrupt_register
 .text.__metal_driver_riscv_cpu_controller_interrupt_enable
                0x0000000020403bca       0x2a /home/albertojor/GitHub/freedom-e-sdk/bsp/freedom-e310-arty-xmem/install/lib/debug//libmetal.a(libriscv__mmachine__freedom-e310-arty-xmem_a-riscv_cpu.o)
                0x0000000020403bca                __metal_driver_riscv_cpu_controller_interrupt_enable
 .text.__metal_driver_riscv_cpu_controller_interrupt_disable
                0x0000000020403bf4       0x2a /home/albertojor/GitHub/freedom-e-sdk/bsp/freedom-e310-arty-xmem/install/lib/debug//libmetal.a(libriscv__mmachine__freedom-e310-arty-xmem_a-riscv_cpu.o)
                0x0000000020403bf4                __metal_driver_riscv_cpu_controller_interrupt_disable
 .text.__metal_driver_riscv_cpu_controller_get_vector_mode
                0x0000000020403c1e       0x1c /home/albertojor/GitHub/freedom-e-sdk/bsp/freedom-e310-arty-xmem/install/lib/debug//libmetal.a(libriscv__mmachine__freedom-e310-arty-xmem_a-riscv_cpu.o)
                0x0000000020403c1e                __metal_driver_riscv_cpu_controller_get_vector_mode
 .text.__metal_driver_riscv_cpu_controller_set_vector_mode
                0x0000000020403c3a       0x5c /home/albertojor/GitHub/freedom-e-sdk/bsp/freedom-e310-arty-xmem/install/lib/debug//libmetal.a(libriscv__mmachine__freedom-e310-arty-xmem_a-riscv_cpu.o)
                0x0000000020403c3a                __metal_driver_riscv_cpu_controller_set_vector_mode
 .text.__metal_driver_riscv_cpu_controller_command_request
                0x0000000020403c96       0x1c /home/albertojor/GitHub/freedom-e-sdk/bsp/freedom-e310-arty-xmem/install/lib/debug//libmetal.a(libriscv__mmachine__freedom-e310-arty-xmem_a-riscv_cpu.o)
                0x0000000020403c96                __metal_driver_riscv_cpu_controller_command_request
 .text.__metal_driver_cpu_mcycle_get
                0x0000000020403cb2       0x72 /home/albertojor/GitHub/freedom-e-sdk/bsp/freedom-e310-arty-xmem/install/lib/debug//libmetal.a(libriscv__mmachine__freedom-e310-arty-xmem_a-riscv_cpu.o)
                0x0000000020403cb2                __metal_driver_cpu_mcycle_get
 .text.__metal_driver_cpu_timebase_get
                0x0000000020403d24       0x46 /home/albertojor/GitHub/freedom-e-sdk/bsp/freedom-e310-arty-xmem/install/lib/debug//libmetal.a(libriscv__mmachine__freedom-e310-arty-xmem_a-riscv_cpu.o)
                0x0000000020403d24                __metal_driver_cpu_timebase_get
 .text.__metal_driver_cpu_mtime_get
                0x0000000020403d6a       0x66 /home/albertojor/GitHub/freedom-e-sdk/bsp/freedom-e310-arty-xmem/install/lib/debug//libmetal.a(libriscv__mmachine__freedom-e310-arty-xmem_a-riscv_cpu.o)
                0x0000000020403d6a                __metal_driver_cpu_mtime_get
 .text.__metal_driver_cpu_mtimecmp_set
                0x0000000020403dd0       0x76 /home/albertojor/GitHub/freedom-e-sdk/bsp/freedom-e310-arty-xmem/install/lib/debug//libmetal.a(libriscv__mmachine__freedom-e310-arty-xmem_a-riscv_cpu.o)
                0x0000000020403dd0                __metal_driver_cpu_mtimecmp_set
 .text.__metal_driver_cpu_timer_controller_interrupt
                0x0000000020403e46       0x16 /home/albertojor/GitHub/freedom-e-sdk/bsp/freedom-e310-arty-xmem/install/lib/debug//libmetal.a(libriscv__mmachine__freedom-e310-arty-xmem_a-riscv_cpu.o)
                0x0000000020403e46                __metal_driver_cpu_timer_controller_interrupt
 .text.__metal_driver_cpu_get_timer_interrupt_id
                0x0000000020403e5c       0x14 /home/albertojor/GitHub/freedom-e-sdk/bsp/freedom-e310-arty-xmem/install/lib/debug//libmetal.a(libriscv__mmachine__freedom-e310-arty-xmem_a-riscv_cpu.o)
                0x0000000020403e5c                __metal_driver_cpu_get_timer_interrupt_id
 .text.__metal_driver_cpu_sw_controller_interrupt
                0x0000000020403e70       0x16 /home/albertojor/GitHub/freedom-e-sdk/bsp/freedom-e310-arty-xmem/install/lib/debug//libmetal.a(libriscv__mmachine__freedom-e310-arty-xmem_a-riscv_cpu.o)
                0x0000000020403e70                __metal_driver_cpu_sw_controller_interrupt
 .text.__metal_driver_cpu_get_sw_interrupt_id
                0x0000000020403e86       0x14 /home/albertojor/GitHub/freedom-e-sdk/bsp/freedom-e310-arty-xmem/install/lib/debug//libmetal.a(libriscv__mmachine__freedom-e310-arty-xmem_a-riscv_cpu.o)
                0x0000000020403e86                __metal_driver_cpu_get_sw_interrupt_id
 .text.__metal_driver_cpu_set_sw_ipi
                0x0000000020403e9a       0x62 /home/albertojor/GitHub/freedom-e-sdk/bsp/freedom-e310-arty-xmem/install/lib/debug//libmetal.a(libriscv__mmachine__freedom-e310-arty-xmem_a-riscv_cpu.o)
                0x0000000020403e9a                __metal_driver_cpu_set_sw_ipi
 .text.__metal_driver_cpu_clear_sw_ipi
                0x0000000020403efc       0x62 /home/albertojor/GitHub/freedom-e-sdk/bsp/freedom-e310-arty-xmem/install/lib/debug//libmetal.a(libriscv__mmachine__freedom-e310-arty-xmem_a-riscv_cpu.o)
                0x0000000020403efc                __metal_driver_cpu_clear_sw_ipi
 .text.__metal_driver_cpu_get_msip
                0x0000000020403f5e       0x60 /home/albertojor/GitHub/freedom-e-sdk/bsp/freedom-e310-arty-xmem/install/lib/debug//libmetal.a(libriscv__mmachine__freedom-e310-arty-xmem_a-riscv_cpu.o)
                0x0000000020403f5e                __metal_driver_cpu_get_msip
 .text.__metal_driver_cpu_controller_interrupt
                0x0000000020403fbe       0x20 /home/albertojor/GitHub/freedom-e-sdk/bsp/freedom-e310-arty-xmem/install/lib/debug//libmetal.a(libriscv__mmachine__freedom-e310-arty-xmem_a-riscv_cpu.o)
                0x0000000020403fbe                __metal_driver_cpu_controller_interrupt
 .text.__metal_driver_cpu_exception_register
                0x0000000020403fde       0x46 /home/albertojor/GitHub/freedom-e-sdk/bsp/freedom-e310-arty-xmem/install/lib/debug//libmetal.a(libriscv__mmachine__freedom-e310-arty-xmem_a-riscv_cpu.o)
                0x0000000020403fde                __metal_driver_cpu_exception_register
 .text.__metal_driver_cpu_get_instruction_length
                0x0000000020404024       0x2e /home/albertojor/GitHub/freedom-e-sdk/bsp/freedom-e310-arty-xmem/install/lib/debug//libmetal.a(libriscv__mmachine__freedom-e310-arty-xmem_a-riscv_cpu.o)
                0x0000000020404024                __metal_driver_cpu_get_instruction_length
 .text.__metal_driver_cpu_get_exception_pc
                0x0000000020404052       0x1e /home/albertojor/GitHub/freedom-e-sdk/bsp/freedom-e310-arty-xmem/install/lib/debug//libmetal.a(libriscv__mmachine__freedom-e310-arty-xmem_a-riscv_cpu.o)
                0x0000000020404052                __metal_driver_cpu_get_exception_pc
 .text.__metal_driver_cpu_set_exception_pc
                0x0000000020404070       0x20 /home/albertojor/GitHub/freedom-e-sdk/bsp/freedom-e310-arty-xmem/install/lib/debug//libmetal.a(libriscv__mmachine__freedom-e310-arty-xmem_a-riscv_cpu.o)
                0x0000000020404070                __metal_driver_cpu_set_exception_pc
 .text.__metal_driver_sifive_plic0_control_base
                0x0000000020404090       0x2a /home/albertojor/GitHub/freedom-e-sdk/bsp/freedom-e310-arty-xmem/install/lib/debug//libmetal.a(libriscv__mmachine__freedom-e310-arty-xmem_a-riscv_plic0.o)
 .text.__metal_driver_sifive_plic0_num_interrupts
                0x00000000204040ba       0x28 /home/albertojor/GitHub/freedom-e-sdk/bsp/freedom-e310-arty-xmem/install/lib/debug//libmetal.a(libriscv__mmachine__freedom-e310-arty-xmem_a-riscv_plic0.o)
 .text.__metal_driver_sifive_plic0_max_priority
                0x00000000204040e2       0x28 /home/albertojor/GitHub/freedom-e-sdk/bsp/freedom-e310-arty-xmem/install/lib/debug//libmetal.a(libriscv__mmachine__freedom-e310-arty-xmem_a-riscv_plic0.o)
 .text.__metal_driver_sifive_plic0_interrupt_parents
                0x000000002040410a       0x28 /home/albertojor/GitHub/freedom-e-sdk/bsp/freedom-e310-arty-xmem/install/lib/debug//libmetal.a(libriscv__mmachine__freedom-e310-arty-xmem_a-riscv_plic0.o)
 .text.__metal_driver_sifive_plic0_interrupt_lines
                0x0000000020404132       0x22 /home/albertojor/GitHub/freedom-e-sdk/bsp/freedom-e310-arty-xmem/install/lib/debug//libmetal.a(libriscv__mmachine__freedom-e310-arty-xmem_a-riscv_plic0.o)
 .text.__metal_plic0_claim_interrupt
                0x0000000020404154       0x2e /home/albertojor/GitHub/freedom-e-sdk/bsp/freedom-e310-arty-xmem/install/lib/debug//libmetal.a(libriscv__mmachine__freedom-e310-arty-xmem_a-riscv_plic0.o)
                0x0000000020404154                __metal_plic0_claim_interrupt
 .text.__metal_plic0_complete_interrupt
                0x0000000020404182       0x38 /home/albertojor/GitHub/freedom-e-sdk/bsp/freedom-e310-arty-xmem/install/lib/debug//libmetal.a(libriscv__mmachine__freedom-e310-arty-xmem_a-riscv_plic0.o)
                0x0000000020404182                __metal_plic0_complete_interrupt
 .text.__metal_plic0_set_threshold
                0x00000000204041ba       0x38 /home/albertojor/GitHub/freedom-e-sdk/bsp/freedom-e310-arty-xmem/install/lib/debug//libmetal.a(libriscv__mmachine__freedom-e310-arty-xmem_a-riscv_plic0.o)
                0x00000000204041ba                __metal_plic0_set_threshold
 .text.__metal_plic0_get_threshold
                0x00000000204041f2       0x2c /home/albertojor/GitHub/freedom-e-sdk/bsp/freedom-e310-arty-xmem/install/lib/debug//libmetal.a(libriscv__mmachine__freedom-e310-arty-xmem_a-riscv_plic0.o)
                0x00000000204041f2                __metal_plic0_get_threshold
 .text.__metal_plic0_set_priority
                0x000000002040421e       0x62 /home/albertojor/GitHub/freedom-e-sdk/bsp/freedom-e310-arty-xmem/install/lib/debug//libmetal.a(libriscv__mmachine__freedom-e310-arty-xmem_a-riscv_plic0.o)
                0x000000002040421e                __metal_plic0_set_priority
 .text.__metal_plic0_get_priority
                0x0000000020404280       0x34 /home/albertojor/GitHub/freedom-e-sdk/bsp/freedom-e310-arty-xmem/install/lib/debug//libmetal.a(libriscv__mmachine__freedom-e310-arty-xmem_a-riscv_plic0.o)
                0x0000000020404280                __metal_plic0_get_priority
 .text.__metal_plic0_enable
                0x00000000204042b4       0x8c /home/albertojor/GitHub/freedom-e-sdk/bsp/freedom-e310-arty-xmem/install/lib/debug//libmetal.a(libriscv__mmachine__freedom-e310-arty-xmem_a-riscv_plic0.o)
                0x00000000204042b4                __metal_plic0_enable
 .text.__metal_plic0_default_handler
                0x0000000020404340       0x18 /home/albertojor/GitHub/freedom-e-sdk/bsp/freedom-e310-arty-xmem/install/lib/debug//libmetal.a(libriscv__mmachine__freedom-e310-arty-xmem_a-riscv_plic0.o)
                0x0000000020404340                __metal_plic0_default_handler
 .text.__metal_plic0_handler
                0x0000000020404358       0x8e /home/albertojor/GitHub/freedom-e-sdk/bsp/freedom-e310-arty-xmem/install/lib/debug//libmetal.a(libriscv__mmachine__freedom-e310-arty-xmem_a-riscv_plic0.o)
                0x0000000020404358                __metal_plic0_handler
 .text.__metal_driver_riscv_plic0_init
                0x00000000204043e6      0x13c /home/albertojor/GitHub/freedom-e-sdk/bsp/freedom-e310-arty-xmem/install/lib/debug//libmetal.a(libriscv__mmachine__freedom-e310-arty-xmem_a-riscv_plic0.o)
                0x00000000204043e6                __metal_driver_riscv_plic0_init
 .text.__metal_driver_riscv_plic0_register
                0x0000000020404522       0xc0 /home/albertojor/GitHub/freedom-e-sdk/bsp/freedom-e310-arty-xmem/install/lib/debug//libmetal.a(libriscv__mmachine__freedom-e310-arty-xmem_a-riscv_plic0.o)
                0x0000000020404522                __metal_driver_riscv_plic0_register
 .text.__metal_driver_riscv_plic0_enable
                0x00000000204045e2       0x48 /home/albertojor/GitHub/freedom-e-sdk/bsp/freedom-e310-arty-xmem/install/lib/debug//libmetal.a(libriscv__mmachine__freedom-e310-arty-xmem_a-riscv_plic0.o)
                0x00000000204045e2                __metal_driver_riscv_plic0_enable
 .text.__metal_driver_riscv_plic0_disable
                0x000000002040462a       0x48 /home/albertojor/GitHub/freedom-e-sdk/bsp/freedom-e310-arty-xmem/install/lib/debug//libmetal.a(libriscv__mmachine__freedom-e310-arty-xmem_a-riscv_plic0.o)
                0x000000002040462a                __metal_driver_riscv_plic0_disable
 .text.__metal_driver_sifive_gpio0_base
                0x0000000020404672       0x26 /home/albertojor/GitHub/freedom-e-sdk/bsp/freedom-e310-arty-xmem/install/lib/debug//libmetal.a(libriscv__mmachine__freedom-e310-arty-xmem_a-sifive_gpio0.o)
 .text.__metal_driver_sifive_gpio0_interrupt_parent
                0x0000000020404698       0x2a /home/albertojor/GitHub/freedom-e-sdk/bsp/freedom-e310-arty-xmem/install/lib/debug//libmetal.a(libriscv__mmachine__freedom-e310-arty-xmem_a-sifive_gpio0.o)
 .text.__metal_driver_sifive_gpio0_interrupt_lines
                0x00000000204046c2      0x1b4 /home/albertojor/GitHub/freedom-e-sdk/bsp/freedom-e310-arty-xmem/install/lib/debug//libmetal.a(libriscv__mmachine__freedom-e310-arty-xmem_a-sifive_gpio0.o)
 .text.__metal_driver_sifive_gpio0_enable_input
                0x0000000020404876       0x3e /home/albertojor/GitHub/freedom-e-sdk/bsp/freedom-e310-arty-xmem/install/lib/debug//libmetal.a(libriscv__mmachine__freedom-e310-arty-xmem_a-sifive_gpio0.o)
                0x0000000020404876                __metal_driver_sifive_gpio0_enable_input
 .text.__metal_driver_sifive_gpio0_disable_input
                0x00000000204048b4       0x44 /home/albertojor/GitHub/freedom-e-sdk/bsp/freedom-e310-arty-xmem/install/lib/debug//libmetal.a(libriscv__mmachine__freedom-e310-arty-xmem_a-sifive_gpio0.o)
                0x00000000204048b4                __metal_driver_sifive_gpio0_disable_input
 .text.__metal_driver_sifive_gpio0_input
                0x00000000204048f8       0x28 /home/albertojor/GitHub/freedom-e-sdk/bsp/freedom-e310-arty-xmem/install/lib/debug//libmetal.a(libriscv__mmachine__freedom-e310-arty-xmem_a-sifive_gpio0.o)
                0x00000000204048f8                __metal_driver_sifive_gpio0_input
 .text.__metal_driver_sifive_gpio0_output
                0x0000000020404920       0x2a /home/albertojor/GitHub/freedom-e-sdk/bsp/freedom-e310-arty-xmem/install/lib/debug//libmetal.a(libriscv__mmachine__freedom-e310-arty-xmem_a-sifive_gpio0.o)
                0x0000000020404920                __metal_driver_sifive_gpio0_output
 .text.__metal_driver_sifive_gpio0_disable_output
                0x000000002040494a       0x46 /home/albertojor/GitHub/freedom-e-sdk/bsp/freedom-e310-arty-xmem/install/lib/debug//libmetal.a(libriscv__mmachine__freedom-e310-arty-xmem_a-sifive_gpio0.o)
                0x000000002040494a                __metal_driver_sifive_gpio0_disable_output
 .text.__metal_driver_sifive_gpio0_enable_output
                0x0000000020404990       0x40 /home/albertojor/GitHub/freedom-e-sdk/bsp/freedom-e310-arty-xmem/install/lib/debug//libmetal.a(libriscv__mmachine__freedom-e310-arty-xmem_a-sifive_gpio0.o)
                0x0000000020404990                __metal_driver_sifive_gpio0_enable_output
 .text.__metal_driver_sifive_gpio0_output_set
                0x00000000204049d0       0x40 /home/albertojor/GitHub/freedom-e-sdk/bsp/freedom-e310-arty-xmem/install/lib/debug//libmetal.a(libriscv__mmachine__freedom-e310-arty-xmem_a-sifive_gpio0.o)
                0x00000000204049d0                __metal_driver_sifive_gpio0_output_set
 .text.__metal_driver_sifive_gpio0_output_clear
                0x0000000020404a10       0x46 /home/albertojor/GitHub/freedom-e-sdk/bsp/freedom-e310-arty-xmem/install/lib/debug//libmetal.a(libriscv__mmachine__freedom-e310-arty-xmem_a-sifive_gpio0.o)
                0x0000000020404a10                __metal_driver_sifive_gpio0_output_clear
 .text.__metal_driver_sifive_gpio0_output_toggle
                0x0000000020404a56       0x40 /home/albertojor/GitHub/freedom-e-sdk/bsp/freedom-e310-arty-xmem/install/lib/debug//libmetal.a(libriscv__mmachine__freedom-e310-arty-xmem_a-sifive_gpio0.o)
                0x0000000020404a56                __metal_driver_sifive_gpio0_output_toggle
 .text.__metal_driver_sifive_gpio0_enable_io
                0x0000000020404a96       0x68 /home/albertojor/GitHub/freedom-e-sdk/bsp/freedom-e310-arty-xmem/install/lib/debug//libmetal.a(libriscv__mmachine__freedom-e310-arty-xmem_a-sifive_gpio0.o)
                0x0000000020404a96                __metal_driver_sifive_gpio0_enable_io
 .text.__metal_driver_sifive_gpio0_disable_io
                0x0000000020404afe       0x4a /home/albertojor/GitHub/freedom-e-sdk/bsp/freedom-e310-arty-xmem/install/lib/debug//libmetal.a(libriscv__mmachine__freedom-e310-arty-xmem_a-sifive_gpio0.o)
                0x0000000020404afe                __metal_driver_sifive_gpio0_disable_io
 .text.__metal_driver_sifive_gpio0_config_int
                0x0000000020404b48      0x206 /home/albertojor/GitHub/freedom-e-sdk/bsp/freedom-e310-arty-xmem/install/lib/debug//libmetal.a(libriscv__mmachine__freedom-e310-arty-xmem_a-sifive_gpio0.o)
                0x0000000020404b48                __metal_driver_sifive_gpio0_config_int
 .text.__metal_driver_sifive_gpio0_clear_int
                0x0000000020404d4e      0x188 /home/albertojor/GitHub/freedom-e-sdk/bsp/freedom-e310-arty-xmem/install/lib/debug//libmetal.a(libriscv__mmachine__freedom-e310-arty-xmem_a-sifive_gpio0.o)
                0x0000000020404d4e                __metal_driver_sifive_gpio0_clear_int
 .text.__metal_driver_gpio_interrupt_controller
                0x0000000020404ed6       0x20 /home/albertojor/GitHub/freedom-e-sdk/bsp/freedom-e310-arty-xmem/install/lib/debug//libmetal.a(libriscv__mmachine__freedom-e310-arty-xmem_a-sifive_gpio0.o)
                0x0000000020404ed6                __metal_driver_gpio_interrupt_controller
 .text.__metal_driver_gpio_get_interrupt_id
                0x0000000020404ef6       0x2e /home/albertojor/GitHub/freedom-e-sdk/bsp/freedom-e310-arty-xmem/install/lib/debug//libmetal.a(libriscv__mmachine__freedom-e310-arty-xmem_a-sifive_gpio0.o)
                0x0000000020404ef6                __metal_driver_gpio_get_interrupt_id
 .text.__metal_driver_sifive_uart0_control_base
                0x0000000020404f24       0x2a /home/albertojor/GitHub/freedom-e-sdk/bsp/freedom-e310-arty-xmem/install/lib/debug//libmetal.a(libriscv__mmachine__freedom-e310-arty-xmem_a-sifive_uart0.o)
 .text.__metal_driver_sifive_uart0_interrupt_parent
                0x0000000020404f4e       0x2e /home/albertojor/GitHub/freedom-e-sdk/bsp/freedom-e310-arty-xmem/install/lib/debug//libmetal.a(libriscv__mmachine__freedom-e310-arty-xmem_a-sifive_uart0.o)
 .text.__metal_driver_sifive_uart0_interrupt_line
                0x0000000020404f7c       0x28 /home/albertojor/GitHub/freedom-e-sdk/bsp/freedom-e310-arty-xmem/install/lib/debug//libmetal.a(libriscv__mmachine__freedom-e310-arty-xmem_a-sifive_uart0.o)
 .text.__metal_driver_sifive_uart0_clock
                0x0000000020404fa4       0x2e /home/albertojor/GitHub/freedom-e-sdk/bsp/freedom-e310-arty-xmem/install/lib/debug//libmetal.a(libriscv__mmachine__freedom-e310-arty-xmem_a-sifive_uart0.o)
 .text.__metal_driver_sifive_uart0_pinmux
                0x0000000020404fd2       0x2a /home/albertojor/GitHub/freedom-e-sdk/bsp/freedom-e310-arty-xmem/install/lib/debug//libmetal.a(libriscv__mmachine__freedom-e310-arty-xmem_a-sifive_uart0.o)
 .text.__metal_driver_sifive_uart0_pinmux_output_selector
                0x0000000020404ffc       0x2a /home/albertojor/GitHub/freedom-e-sdk/bsp/freedom-e310-arty-xmem/install/lib/debug//libmetal.a(libriscv__mmachine__freedom-e310-arty-xmem_a-sifive_uart0.o)
 .text.__metal_driver_sifive_uart0_pinmux_source_selector
                0x0000000020405026       0x2a /home/albertojor/GitHub/freedom-e-sdk/bsp/freedom-e310-arty-xmem/install/lib/debug//libmetal.a(libriscv__mmachine__freedom-e310-arty-xmem_a-sifive_uart0.o)
 .text.__metal_driver_sifive_uart0_interrupt_controller
                0x0000000020405050       0x1e /home/albertojor/GitHub/freedom-e-sdk/bsp/freedom-e310-arty-xmem/install/lib/debug//libmetal.a(libriscv__mmachine__freedom-e310-arty-xmem_a-sifive_uart0.o)
                0x0000000020405050                __metal_driver_sifive_uart0_interrupt_controller
 .text.__metal_driver_sifive_uart0_get_interrupt_id
                0x000000002040506e       0x22 /home/albertojor/GitHub/freedom-e-sdk/bsp/freedom-e310-arty-xmem/install/lib/debug//libmetal.a(libriscv__mmachine__freedom-e310-arty-xmem_a-sifive_uart0.o)
                0x000000002040506e                __metal_driver_sifive_uart0_get_interrupt_id
 .text.__metal_driver_sifive_uart0_txready
                0x0000000020405090       0x32 /home/albertojor/GitHub/freedom-e-sdk/bsp/freedom-e310-arty-xmem/install/lib/debug//libmetal.a(libriscv__mmachine__freedom-e310-arty-xmem_a-sifive_uart0.o)
                0x0000000020405090                __metal_driver_sifive_uart0_txready
 .text.__metal_driver_sifive_uart0_putc
                0x00000000204050c2       0x3e /home/albertojor/GitHub/freedom-e-sdk/bsp/freedom-e310-arty-xmem/install/lib/debug//libmetal.a(libriscv__mmachine__freedom-e310-arty-xmem_a-sifive_uart0.o)
                0x00000000204050c2                __metal_driver_sifive_uart0_putc
 .text.__metal_driver_sifive_uart0_getc
                0x0000000020405100       0x54 /home/albertojor/GitHub/freedom-e-sdk/bsp/freedom-e310-arty-xmem/install/lib/debug//libmetal.a(libriscv__mmachine__freedom-e310-arty-xmem_a-sifive_uart0.o)
                0x0000000020405100                __metal_driver_sifive_uart0_getc
 .text.__metal_driver_sifive_uart0_get_baud_rate
                0x0000000020405154       0x20 /home/albertojor/GitHub/freedom-e-sdk/bsp/freedom-e310-arty-xmem/install/lib/debug//libmetal.a(libriscv__mmachine__freedom-e310-arty-xmem_a-sifive_uart0.o)
                0x0000000020405154                __metal_driver_sifive_uart0_get_baud_rate
 .text.__metal_driver_sifive_uart0_set_baud_rate
                0x0000000020405174       0x9c /home/albertojor/GitHub/freedom-e-sdk/bsp/freedom-e310-arty-xmem/install/lib/debug//libmetal.a(libriscv__mmachine__freedom-e310-arty-xmem_a-sifive_uart0.o)
                0x0000000020405174                __metal_driver_sifive_uart0_set_baud_rate
 .text.pre_rate_change_callback_func
                0x0000000020405210       0xd8 /home/albertojor/GitHub/freedom-e-sdk/bsp/freedom-e310-arty-xmem/install/lib/debug//libmetal.a(libriscv__mmachine__freedom-e310-arty-xmem_a-sifive_uart0.o)
 .text.post_rate_change_callback_func
                0x00000000204052e8       0x30 /home/albertojor/GitHub/freedom-e-sdk/bsp/freedom-e310-arty-xmem/install/lib/debug//libmetal.a(libriscv__mmachine__freedom-e310-arty-xmem_a-sifive_uart0.o)
 .text.__metal_driver_sifive_uart0_init
                0x0000000020405318       0xd2 /home/albertojor/GitHub/freedom-e-sdk/bsp/freedom-e310-arty-xmem/install/lib/debug//libmetal.a(libriscv__mmachine__freedom-e310-arty-xmem_a-sifive_uart0.o)
                0x0000000020405318                __metal_driver_sifive_uart0_init
 .text._metal_clock_append_to_callbacks
                0x00000000204053ea       0x54 /home/albertojor/GitHub/freedom-e-sdk/bsp/freedom-e310-arty-xmem/install/lib/debug//libmetal.a(libriscv__mmachine__freedom-e310-arty-xmem_a-clock.o)
                0x00000000204053ea                _metal_clock_append_to_callbacks
 .text.metal_clock_register_pre_rate_change_callback
                0x000000002040543e       0x30 /home/albertojor/GitHub/freedom-e-sdk/bsp/freedom-e310-arty-xmem/install/lib/debug//libmetal.a(libriscv__mmachine__freedom-e310-arty-xmem_a-clock.o)
                0x000000002040543e                metal_clock_register_pre_rate_change_callback
 .text.metal_clock_register_post_rate_change_callback
                0x000000002040546e       0x30 /home/albertojor/GitHub/freedom-e-sdk/bsp/freedom-e310-arty-xmem/install/lib/debug//libmetal.a(libriscv__mmachine__freedom-e310-arty-xmem_a-clock.o)
                0x000000002040546e                metal_clock_register_post_rate_change_callback
 .text.metal_cpu_interrupt_controller
                0x000000002040549e       0x26 /home/albertojor/GitHub/freedom-e-sdk/bsp/freedom-e310-arty-xmem/install/lib/debug//libmetal.a(libriscv__mmachine__freedom-e310-arty-xmem_a-cpu.o)
                0x000000002040549e                metal_cpu_interrupt_controller
 .text.metal_cpu_get
                0x00000000204054c4       0x2a /home/albertojor/GitHub/freedom-e-sdk/bsp/freedom-e310-arty-xmem/install/lib/debug//libmetal.a(libriscv__mmachine__freedom-e310-arty-xmem_a-cpu.o)
                0x00000000204054c4                metal_cpu_get
 .text.metal_cpu_get_current_hartid
                0x00000000204054ee       0x1a /home/albertojor/GitHub/freedom-e-sdk/bsp/freedom-e310-arty-xmem/install/lib/debug//libmetal.a(libriscv__mmachine__freedom-e310-arty-xmem_a-cpu.o)
                0x00000000204054ee                metal_cpu_get_current_hartid
 .text.metal_shutdown
                0x0000000020405508        0xe /home/albertojor/GitHub/freedom-e-sdk/bsp/freedom-e310-arty-xmem/install/lib/debug//libmetal.a(libriscv__mmachine__freedom-e310-arty-xmem_a-shutdown.o)
                0x0000000020405508                metal_shutdown
 *fill*         0x0000000020405516       0x6a 
 .text          0x0000000020405580       0x80 /home/albertojor/GitHub/freedom-e-sdk/bsp/freedom-e310-arty-xmem/install/lib/debug//libmetal.a(libriscv__mmachine__freedom-e310-arty-xmem_a-vector.o)
                0x0000000020405580                __metal_vector_table
 .text.__metal_driver_fixed_clock_rate
                0x0000000020405600       0x2e /home/albertojor/GitHub/freedom-e-sdk/bsp/freedom-e310-arty-xmem/install/lib/debug//libmetal.a(libriscv__mmachine__freedom-e310-arty-xmem_a-fixed-clock.o)
 .text.__metal_driver_fixed_clock_get_rate_hz
                0x000000002040562e       0x1e /home/albertojor/GitHub/freedom-e-sdk/bsp/freedom-e310-arty-xmem/install/lib/debug//libmetal.a(libriscv__mmachine__freedom-e310-arty-xmem_a-fixed-clock.o)
                0x000000002040562e                __metal_driver_fixed_clock_get_rate_hz
 .text.__metal_driver_fixed_clock_set_rate_hz
                0x000000002040564c       0x22 /home/albertojor/GitHub/freedom-e-sdk/bsp/freedom-e310-arty-xmem/install/lib/debug//libmetal.a(libriscv__mmachine__freedom-e310-arty-xmem_a-fixed-clock.o)
                0x000000002040564c                __metal_driver_fixed_clock_set_rate_hz
 .text._exit    0x000000002040566e       0x12 /home/albertojor/GitHub/freedom-e-sdk/bsp/freedom-e310-arty-xmem/install/lib/debug//libmetal-gloss.a(sys_exit.o)
                0x000000002040566e                _exit
 *(.gnu.linkonce.t.*)
                [!provide]                        PROVIDE (__etext = .)
                [!provide]                        PROVIDE (_etext = .)
                [!provide]                        PROVIDE (etext = .)

.rodata         0x0000000020405680      0x540
 *(.rdata)
 *(.rodata .rodata.*)
 .rodata        0x0000000020405680       0x4f /tmp/ccy7R4V0.o
 *fill*         0x00000000204056cf        0x1 
 .rodata.__sf_fake_stderr
                0x00000000204056d0       0x20 /home/albertojor/riscv64-unknown-elf-gcc-8.3.0-2019.08.0-x86_64-linux-ubuntu14/bin/../lib/gcc/riscv64-unknown-elf/8.3.0/../../../../riscv64-unknown-elf/lib/rv32imac/ilp32/libc_nano.a(lib_a-findfp.o)
                0x00000000204056d0                __sf_fake_stderr
 .rodata.__sf_fake_stdin
                0x00000000204056f0       0x20 /home/albertojor/riscv64-unknown-elf-gcc-8.3.0-2019.08.0-x86_64-linux-ubuntu14/bin/../lib/gcc/riscv64-unknown-elf/8.3.0/../../../../riscv64-unknown-elf/lib/rv32imac/ilp32/libc_nano.a(lib_a-findfp.o)
                0x00000000204056f0                __sf_fake_stdin
 .rodata.__sf_fake_stdout
                0x0000000020405710       0x20 /home/albertojor/riscv64-unknown-elf-gcc-8.3.0-2019.08.0-x86_64-linux-ubuntu14/bin/../lib/gcc/riscv64-unknown-elf/8.3.0/../../../../riscv64-unknown-elf/lib/rv32imac/ilp32/libc_nano.a(lib_a-findfp.o)
                0x0000000020405710                __sf_fake_stdout
 .rodata._vfprintf_r.str1.4
                0x0000000020405730       0x13 /home/albertojor/riscv64-unknown-elf-gcc-8.3.0-2019.08.0-x86_64-linux-ubuntu14/bin/../lib/gcc/riscv64-unknown-elf/8.3.0/../../../../riscv64-unknown-elf/lib/rv32imac/ilp32/libc_nano.a(lib_a-nano-vfprintf.o)
 *fill*         0x0000000020405743        0x1 
 .rodata._printf_i.str1.4
                0x0000000020405744       0x28 /home/albertojor/riscv64-unknown-elf-gcc-8.3.0-2019.08.0-x86_64-linux-ubuntu14/bin/../lib/gcc/riscv64-unknown-elf/8.3.0/../../../../riscv64-unknown-elf/lib/rv32imac/ilp32/libc_nano.a(lib_a-nano-vfprintf_i.o)
                                         0x25 (size before relaxing)
 .rodata        0x000000002040576c      0x100 /home/albertojor/riscv64-unknown-elf-gcc-8.3.0-2019.08.0-x86_64-linux-ubuntu14/bin/../lib/gcc/riscv64-unknown-elf/8.3.0/rv32imac/ilp32/libgcc.a(_clz.o)
                0x000000002040576c                __clz_tab
 .rodata.libgloss.start
                0x000000002040586c       0x11 /home/albertojor/GitHub/freedom-e-sdk/bsp/freedom-e310-arty-xmem/install/lib/debug//libmetal-gloss.a(crt0.o)
 *fill*         0x000000002040587d        0x3 
 .rodata.__metal_driver_vtable_riscv_clint0
                0x0000000020405880       0x4c /home/albertojor/GitHub/freedom-e-sdk/bsp/freedom-e310-arty-xmem/install/lib/debug//libmetal.a(libriscv__mmachine__freedom-e310-arty-xmem_a-riscv_clint0.o)
                0x0000000020405880                __metal_driver_vtable_riscv_clint0
 .rodata.__metal_controller_interrupt_vector
                0x00000000204058cc       0x14 /home/albertojor/GitHub/freedom-e-sdk/bsp/freedom-e310-arty-xmem/install/lib/debug//libmetal.a(libriscv__mmachine__freedom-e310-arty-xmem_a-riscv_cpu.o)
 .rodata.__metal_valid_interrupt_id
                0x00000000204058e0       0x74 /home/albertojor/GitHub/freedom-e-sdk/bsp/freedom-e310-arty-xmem/install/lib/debug//libmetal.a(libriscv__mmachine__freedom-e310-arty-xmem_a-riscv_cpu.o)
 .rodata.__metal_local_interrupt_enable
                0x0000000020405954       0x80 /home/albertojor/GitHub/freedom-e-sdk/bsp/freedom-e310-arty-xmem/install/lib/debug//libmetal.a(libriscv__mmachine__freedom-e310-arty-xmem_a-riscv_cpu.o)
 .rodata.__metal_driver_riscv_cpu_controller_interrupt_register
                0x00000000204059d4       0x74 /home/albertojor/GitHub/freedom-e-sdk/bsp/freedom-e310-arty-xmem/install/lib/debug//libmetal.a(libriscv__mmachine__freedom-e310-arty-xmem_a-riscv_cpu.o)
 .rodata.__metal_driver_vtable_riscv_cpu_intc
                0x0000000020405a48       0x4c /home/albertojor/GitHub/freedom-e-sdk/bsp/freedom-e310-arty-xmem/install/lib/debug//libmetal.a(libriscv__mmachine__freedom-e310-arty-xmem_a-riscv_cpu.o)
                0x0000000020405a48                __metal_driver_vtable_riscv_cpu_intc
 .rodata.__metal_driver_vtable_cpu
                0x0000000020405a94       0x40 /home/albertojor/GitHub/freedom-e-sdk/bsp/freedom-e310-arty-xmem/install/lib/debug//libmetal.a(libriscv__mmachine__freedom-e310-arty-xmem_a-riscv_cpu.o)
                0x0000000020405a94                __metal_driver_vtable_cpu
 .rodata.__metal_driver_vtable_riscv_plic0
                0x0000000020405ad4       0x4c /home/albertojor/GitHub/freedom-e-sdk/bsp/freedom-e310-arty-xmem/install/lib/debug//libmetal.a(libriscv__mmachine__freedom-e310-arty-xmem_a-riscv_plic0.o)
                0x0000000020405ad4                __metal_driver_vtable_riscv_plic0
 .rodata.__metal_driver_sifive_gpio0_config_int
                0x0000000020405b20       0x20 /home/albertojor/GitHub/freedom-e-sdk/bsp/freedom-e310-arty-xmem/install/lib/debug//libmetal.a(libriscv__mmachine__freedom-e310-arty-xmem_a-sifive_gpio0.o)
 .rodata.__metal_driver_sifive_gpio0_clear_int
                0x0000000020405b40       0x20 /home/albertojor/GitHub/freedom-e-sdk/bsp/freedom-e310-arty-xmem/install/lib/debug//libmetal.a(libriscv__mmachine__freedom-e310-arty-xmem_a-sifive_gpio0.o)
 .rodata.__metal_driver_vtable_sifive_gpio0
                0x0000000020405b60       0x3c /home/albertojor/GitHub/freedom-e-sdk/bsp/freedom-e310-arty-xmem/install/lib/debug//libmetal.a(libriscv__mmachine__freedom-e310-arty-xmem_a-sifive_gpio0.o)
                0x0000000020405b60                __metal_driver_vtable_sifive_gpio0
 .rodata.__metal_driver_vtable_sifive_uart0
                0x0000000020405b9c       0x20 /home/albertojor/GitHub/freedom-e-sdk/bsp/freedom-e310-arty-xmem/install/lib/debug//libmetal.a(libriscv__mmachine__freedom-e310-arty-xmem_a-sifive_uart0.o)
                0x0000000020405b9c                __metal_driver_vtable_sifive_uart0
 *(.gnu.linkonce.r.*)
                0x0000000020405bc0                . = ALIGN (0x8)
 *fill*         0x0000000020405bbc        0x4 
 *(.srodata.cst16)
 *(.srodata.cst8)
 *(.srodata.cst4)
 *(.srodata.cst2)
 *(.srodata .srodata.*)

.rela.dyn       0x0000000020405bc0        0x0
 .rela.text._vfprintf_r
                0x0000000020405bc0        0x0 /tmp/ccy7R4V0.o
 .rela.text._sbrk_r
                0x0000000020405bc0        0x0 /tmp/ccy7R4V0.o
 .rela.text._write_r
                0x0000000020405bc0        0x0 /tmp/ccy7R4V0.o
 .rela.text._close_r
                0x0000000020405bc0        0x0 /tmp/ccy7R4V0.o
 .rela.text._fstat_r
                0x0000000020405bc0        0x0 /tmp/ccy7R4V0.o
 .rela.text._isatty_r
                0x0000000020405bc0        0x0 /tmp/ccy7R4V0.o
 .rela.text._lseek_r
                0x0000000020405bc0        0x0 /tmp/ccy7R4V0.o
 .rela.text._read_r
                0x0000000020405bc0        0x0 /tmp/ccy7R4V0.o
 .rela.text.metal.init.enter
                0x0000000020405bc0        0x0 /tmp/ccy7R4V0.o
 .rela.text.libgloss.start
                0x0000000020405bc0        0x0 /tmp/ccy7R4V0.o
 .rela.sdata.brk
                0x0000000020405bc0        0x0 /tmp/ccy7R4V0.o
 .rela.text._sbrk
                0x0000000020405bc0        0x0 /tmp/ccy7R4V0.o
 .rela.text.__libc_fini_array
                0x0000000020405bc0        0x0 /tmp/ccy7R4V0.o
 .rela.text.__libc_init_array
                0x0000000020405bc0        0x0 /tmp/ccy7R4V0.o
 .rela.text.__register_exitproc
                0x0000000020405bc0        0x0 /tmp/ccy7R4V0.o
 .rela.text.__metal_driver_cpu_get
                0x0000000020405bc0        0x0 /tmp/ccy7R4V0.o
 .rela.text.metal_software_interrupt_vector_handler
                0x0000000020405bc0        0x0 /tmp/ccy7R4V0.o
 .rela.text.__metal_default_sw_handler
                0x0000000020405bc0        0x0 /tmp/ccy7R4V0.o
 .rela.text.metal_timer_interrupt_vector_handler
                0x0000000020405bc0        0x0 /tmp/ccy7R4V0.o
 .rela.text.__metal_exception_handler
                0x0000000020405bc0        0x0 /tmp/ccy7R4V0.o
 .rela.text.metal_lc0_interrupt_vector_handler
                0x0000000020405bc0        0x0 /tmp/ccy7R4V0.o
 .rela.text.metal_lc1_interrupt_vector_handler
                0x0000000020405bc0        0x0 /tmp/ccy7R4V0.o
 .rela.text.metal_lc2_interrupt_vector_handler
                0x0000000020405bc0        0x0 /tmp/ccy7R4V0.o
 .rela.text.metal_lc3_interrupt_vector_handler
                0x0000000020405bc0        0x0 /tmp/ccy7R4V0.o
 .rela.text.metal_lc4_interrupt_vector_handler
                0x0000000020405bc0        0x0 /tmp/ccy7R4V0.o
 .rela.text.metal_lc5_interrupt_vector_handler
                0x0000000020405bc0        0x0 /tmp/ccy7R4V0.o
 .rela.text.metal_lc6_interrupt_vector_handler
                0x0000000020405bc0        0x0 /tmp/ccy7R4V0.o
 .rela.text.metal_lc7_interrupt_vector_handler
                0x0000000020405bc0        0x0 /tmp/ccy7R4V0.o
 .rela.text.metal_lc8_interrupt_vector_handler
                0x0000000020405bc0        0x0 /tmp/ccy7R4V0.o
 .rela.text.metal_lc9_interrupt_vector_handler
                0x0000000020405bc0        0x0 /tmp/ccy7R4V0.o
 .rela.text.metal_lc10_interrupt_vector_handler
                0x0000000020405bc0        0x0 /tmp/ccy7R4V0.o
 .rela.text.metal_lc11_interrupt_vector_handler
                0x0000000020405bc0        0x0 /tmp/ccy7R4V0.o
 .rela.text.metal_lc12_interrupt_vector_handler
                0x0000000020405bc0        0x0 /tmp/ccy7R4V0.o
 .rela.text.metal_lc13_interrupt_vector_handler
                0x0000000020405bc0        0x0 /tmp/ccy7R4V0.o
 .rela.text.metal_lc14_interrupt_vector_handler
                0x0000000020405bc0        0x0 /tmp/ccy7R4V0.o
 .rela.text.metal_lc15_interrupt_vector_handler
                0x0000000020405bc0        0x0 /tmp/ccy7R4V0.o
 .rela.text.metal_cpu_get
                0x0000000020405bc0        0x0 /tmp/ccy7R4V0.o
 .rela.text     0x0000000020405bc0        0x0 /tmp/ccy7R4V0.o
                0x0000000020405bc0                . = ALIGN (0x8)

.preinit_array  0x0000000020405bc0        0x0
                0x0000000020405bc0                PROVIDE (__preinit_array_start = .)
 *(.preinit_array)
                0x0000000020405bc0                PROVIDE (__preinit_array_end = .)

.init_array     0x0000000020405bc0        0x4
                0x0000000020405bc0                PROVIDE (__init_array_start = .)
 *(SORT_BY_INIT_PRIORITY(.init_array.*) SORT_BY_INIT_PRIORITY(.ctors.*))
 *(.init_array EXCLUDE_FILE(*crtend?.o *crtend.o *crtbegin?.o *crtbegin.o) .ctors)
 .init_array    0x0000000020405bc0        0x4 /home/albertojor/GitHub/freedom-e-sdk/bsp/freedom-e310-arty-xmem/install/lib/debug//libmetal.a(libriscv__mmachine__freedom-e310-arty-xmem_a-tty.o)
                0x0000000020405bc4                PROVIDE (__init_array_end = .)

.fini_array     0x0000000020405bc4        0x0
                0x0000000020405bc4                PROVIDE (__fini_array_start = .)
 *(SORT_BY_INIT_PRIORITY(.fini_array.*) SORT_BY_INIT_PRIORITY(.dtors.*))
 *(.fini_array EXCLUDE_FILE(*crtend?.o *crtend.o *crtbegin?.o *crtbegin.o) .dtors)
                0x0000000020405bc4                PROVIDE (__fini_array_end = .)

.ctors
 *crtbegin.o(.ctors)
 *crtbegin?.o(.ctors)
 *(EXCLUDE_FILE(*crtend?.o *crtend.o) .ctors)
 *(SORT_BY_NAME(.ctors.*))
 *(.ctors)

.dtors
 *crtbegin.o(.dtors)
 *crtbegin?.o(.dtors)
 *(EXCLUDE_FILE(*crtend?.o *crtend.o) .dtors)
 *(SORT_BY_NAME(.dtors.*))
 *(.dtors)

.itim           0x0000000008000000        0x0 load address 0x0000000020405bc8
 *(.itim .itim.*)
                0x0000000020405bc8                PROVIDE (metal_segment_itim_source_start = LOADADDR (.itim))
                0x0000000008000000                PROVIDE (metal_segment_itim_target_start = ADDR (.itim))
                0x0000000008000000                PROVIDE (metal_segment_itim_target_end = (ADDR (.itim) + SIZEOF (.itim)))

.data           0x0000000080000000      0x770 load address 0x0000000020405bc8
 *(.data .data.*)
 .data.impure_data
                0x0000000080000000       0x60 /home/albertojor/riscv64-unknown-elf-gcc-8.3.0-2019.08.0-x86_64-linux-ubuntu14/bin/../lib/gcc/riscv64-unknown-elf/8.3.0/../../../../riscv64-unknown-elf/lib/rv32imac/ilp32/libc_nano.a(lib_a-impure.o)
 .data.__metal_dt_clock_0
                0x0000000080000060        0xc /home/albertojor/GitHub/freedom-e-sdk/bsp/freedom-e310-arty-xmem/install/lib/debug//libmetal.a(libriscv__mmachine__freedom-e310-arty-xmem_a-inline.o)
                0x0000000080000060                __metal_dt_clock_0
 *fill*         0x000000008000006c        0x4 
 .data.__metal_dt_cpu_0_interrupt_controller
                0x0000000080000070      0x3b8 /home/albertojor/GitHub/freedom-e-sdk/bsp/freedom-e310-arty-xmem/install/lib/debug//libmetal.a(libriscv__mmachine__freedom-e310-arty-xmem_a-inline.o)
                0x0000000080000070                __metal_dt_cpu_0_interrupt_controller
 .data.__metal_dt_interrupt_controller_c000000
                0x0000000080000428      0x300 /home/albertojor/GitHub/freedom-e-sdk/bsp/freedom-e310-arty-xmem/install/lib/debug//libmetal.a(libriscv__mmachine__freedom-e310-arty-xmem_a-inline.o)
                0x0000000080000428                __metal_dt_interrupt_controller_c000000
 .data.__metal_dt_serial_10013000
                0x0000000080000728       0x20 /home/albertojor/GitHub/freedom-e-sdk/bsp/freedom-e310-arty-xmem/install/lib/debug//libmetal.a(libriscv__mmachine__freedom-e310-arty-xmem_a-inline.o)
                0x0000000080000728                __metal_dt_serial_10013000
 *(.gnu.linkonce.d.*)
                0x0000000080000748                . = ALIGN (0x8)
                0x0000000080000f48                PROVIDE (__global_pointer$ = (. + 0x800))
 *(.sdata .sdata.* .sdata2.*)
 .sdata._impure_ptr
                0x0000000080000748        0x4 /home/albertojor/riscv64-unknown-elf-gcc-8.3.0-2019.08.0-x86_64-linux-ubuntu14/bin/../lib/gcc/riscv64-unknown-elf/8.3.0/../../../../riscv64-unknown-elf/lib/rv32imac/ilp32/libc_nano.a(lib_a-impure.o)
                0x0000000080000748                _impure_ptr
 .sdata2._global_impure_ptr
                0x000000008000074c        0x4 /home/albertojor/riscv64-unknown-elf-gcc-8.3.0-2019.08.0-x86_64-linux-ubuntu14/bin/../lib/gcc/riscv64-unknown-elf/8.3.0/../../../../riscv64-unknown-elf/lib/rv32imac/ilp32/libc_nano.a(lib_a-impure.o)
                0x000000008000074c                _global_impure_ptr
 .sdata.brk     0x0000000080000750        0x4 /home/albertojor/GitHub/freedom-e-sdk/bsp/freedom-e310-arty-xmem/install/lib/debug//libmetal-gloss.a(sys_sbrk.o)
 .sdata.__metal_cpu_table
                0x0000000080000754        0x4 /home/albertojor/GitHub/freedom-e-sdk/bsp/freedom-e310-arty-xmem/install/lib/debug//libmetal.a(libriscv__mmachine__freedom-e310-arty-xmem_a-synchronize_harts.o)
                0x0000000080000754                __metal_cpu_table
 .sdata.__metal_dt_clint_2000000
                0x0000000080000758        0x8 /home/albertojor/GitHub/freedom-e-sdk/bsp/freedom-e310-arty-xmem/install/lib/debug//libmetal.a(libriscv__mmachine__freedom-e310-arty-xmem_a-inline.o)
                0x0000000080000758                __metal_dt_clint_2000000
 .sdata.__metal_dt_cpu_0
                0x0000000080000760        0x4 /home/albertojor/GitHub/freedom-e-sdk/bsp/freedom-e310-arty-xmem/install/lib/debug//libmetal.a(libriscv__mmachine__freedom-e310-arty-xmem_a-inline.o)
                0x0000000080000760                __metal_dt_cpu_0
 .sdata.__metal_dt_gpio_10012000
                0x0000000080000764        0x4 /home/albertojor/GitHub/freedom-e-sdk/bsp/freedom-e310-arty-xmem/install/lib/debug//libmetal.a(libriscv__mmachine__freedom-e310-arty-xmem_a-inline.o)
                0x0000000080000764                __metal_dt_gpio_10012000
 .sdata2.__metal_driver_vtable_fixed_clock
                0x0000000080000768        0x8 /home/albertojor/GitHub/freedom-e-sdk/bsp/freedom-e310-arty-xmem/install/lib/debug//libmetal.a(libriscv__mmachine__freedom-e310-arty-xmem_a-fixed-clock.o)
                0x0000000080000768                __metal_driver_vtable_fixed_clock
 *(.gnu.linkonce.s.*)
                0x0000000080000770                . = ALIGN (0x8)
 *(.srodata.cst16)
 *(.srodata.cst8)
 *(.srodata.cst4)
 *(.srodata.cst2)
 *(.srodata .srodata.*)
                0x0000000080000770                . = ALIGN (0x8)
 *(.rdata)
 *(.rodata .rodata.*)
 *(.gnu.linkonce.r.*)
                0x0000000020405bc8                PROVIDE (metal_segment_data_source_start = LOADADDR (.data))
                0x0000000080000000                PROVIDE (metal_segment_data_target_start = ADDR (.data))
                0x0000000080000770                PROVIDE (metal_segment_data_target_end = (ADDR (.data) + SIZEOF (.data)))

.bss            0x0000000080000770    0x5ef5c
 *(.sbss*)
 .sbss.__malloc_free_list
                0x0000000080000770        0x4 /home/albertojor/riscv64-unknown-elf-gcc-8.3.0-2019.08.0-x86_64-linux-ubuntu14/bin/../lib/gcc/riscv64-unknown-elf/8.3.0/../../../../riscv64-unknown-elf/lib/rv32imac/ilp32/libc_nano.a(lib_a-nano-mallocr.o)
                0x0000000080000770                __malloc_free_list
 .sbss.__malloc_sbrk_start
                0x0000000080000774        0x4 /home/albertojor/riscv64-unknown-elf-gcc-8.3.0-2019.08.0-x86_64-linux-ubuntu14/bin/../lib/gcc/riscv64-unknown-elf/8.3.0/../../../../riscv64-unknown-elf/lib/rv32imac/ilp32/libc_nano.a(lib_a-nano-mallocr.o)
                0x0000000080000774                __malloc_sbrk_start
 .sbss._global_atexit
                0x0000000080000778        0x4 /home/albertojor/riscv64-unknown-elf-gcc-8.3.0-2019.08.0-x86_64-linux-ubuntu14/bin/../lib/gcc/riscv64-unknown-elf/8.3.0/../../../../riscv64-unknown-elf/lib/rv32imac/ilp32/libc_nano.a(lib_a-__call_atexit.o)
                0x0000000080000778                _global_atexit
 *(.gnu.linkonce.sb.*)
 *(.bss .bss.*)
 .bss.sa        0x000000008000077c    0x1fa40 /tmp/ccy7R4V0.o
 .bss.sb        0x00000000800201bc    0x1fa40 /tmp/ccy7R4V0.o
 .bss.sc        0x000000008003fbfc    0x1fa40 /tmp/ccy7R4V0.o
 .bss._global_atexit0
                0x000000008005f63c       0x8c /home/albertojor/riscv64-unknown-elf-gcc-8.3.0-2019.08.0-x86_64-linux-ubuntu14/bin/../lib/gcc/riscv64-unknown-elf/8.3.0/../../../../riscv64-unknown-elf/lib/rv32imac/ilp32/libc_nano.a(lib_a-__atexit.o)
 *(.gnu.linkonce.b.*)
 *(COMMON)
 COMMON         0x000000008005f6c8        0x4 /home/albertojor/riscv64-unknown-elf-gcc-8.3.0-2019.08.0-x86_64-linux-ubuntu14/bin/../lib/gcc/riscv64-unknown-elf/8.3.0/../../../../riscv64-unknown-elf/lib/rv32imac/ilp32/libc_nano.a(lib_a-reent.o)
                0x000000008005f6c8                errno
                0x0000000080000770                PROVIDE (metal_segment_bss_target_start = ADDR (.bss))
                0x000000008005f6cc                PROVIDE (metal_segment_bss_target_end = (ADDR (.bss) + SIZEOF (.bss)))

.stack          0x000000008005f6cc      0x400
                [!provide]                        PROVIDE (metal_segment_stack_begin = .)
                0x000000008005facc                . = (. + __stack_size)
 *fill*         0x000000008005f6cc      0x400 
                0x000000008005facc                PROVIDE (_sp = .)
                [!provide]                        PROVIDE (metal_segment_stack_end = .)

.heap           0x000000008005facc      0x800
                0x000000008005facc                PROVIDE (metal_segment_heap_target_start = .)
                0x0000000000000800                . = __heap_size
 *fill*         0x000000008005facc      0x800 
                0x00000000800602cc                PROVIDE (metal_segment_heap_target_end = .)
                [!provide]                        PROVIDE (_heap_end = .)
OUTPUT(matmul elf32-littleriscv)

.debug_info     0x0000000000000000    0x1612d
 .debug_info    0x0000000000000000      0xb60 /tmp/ccy7R4V0.o
 .debug_info    0x0000000000000b60      0x351 /home/albertojor/riscv64-unknown-elf-gcc-8.3.0-2019.08.0-x86_64-linux-ubuntu14/bin/../lib/gcc/riscv64-unknown-elf/8.3.0/rv32imac/ilp32/libgcc.a(addsf3.o)
 .debug_info    0x0000000000000eb1      0x1e7 /home/albertojor/riscv64-unknown-elf-gcc-8.3.0-2019.08.0-x86_64-linux-ubuntu14/bin/../lib/gcc/riscv64-unknown-elf/8.3.0/rv32imac/ilp32/libgcc.a(fixunssfsi.o)
 .debug_info    0x0000000000001098      0x24a /home/albertojor/riscv64-unknown-elf-gcc-8.3.0-2019.08.0-x86_64-linux-ubuntu14/bin/../lib/gcc/riscv64-unknown-elf/8.3.0/rv32imac/ilp32/libgcc.a(floatunsisf.o)
 .debug_info    0x00000000000012e2      0xbd7 /home/albertojor/riscv64-unknown-elf-gcc-8.3.0-2019.08.0-x86_64-linux-ubuntu14/bin/../lib/gcc/riscv64-unknown-elf/8.3.0/rv32imac/ilp32/libgcc.a(_clzsi2.o)
 .debug_info    0x0000000000001eb9      0xb6a /home/albertojor/riscv64-unknown-elf-gcc-8.3.0-2019.08.0-x86_64-linux-ubuntu14/bin/../lib/gcc/riscv64-unknown-elf/8.3.0/rv32imac/ilp32/libgcc.a(_clz.o)
 .debug_info    0x0000000000002a23       0x22 /home/albertojor/GitHub/freedom-e-sdk/bsp/freedom-e310-arty-xmem/install/lib/debug//libmetal.a(libriscv__mmachine__freedom-e310-arty-xmem_a-entry.o)
 .debug_info    0x0000000000002a45       0x26 /home/albertojor/GitHub/freedom-e-sdk/bsp/freedom-e310-arty-xmem/install/lib/debug//libmetal-gloss.a(crt0.o)
 .debug_info    0x0000000000002a6b      0x969 /home/albertojor/GitHub/freedom-e-sdk/bsp/freedom-e310-arty-xmem/install/lib/debug//libmetal-gloss.a(sys_close.o)
 .debug_info    0x00000000000033d4      0xbac /home/albertojor/GitHub/freedom-e-sdk/bsp/freedom-e310-arty-xmem/install/lib/debug//libmetal-gloss.a(sys_fstat.o)
 .debug_info    0x0000000000003f80       0xf4 /home/albertojor/GitHub/freedom-e-sdk/bsp/freedom-e310-arty-xmem/install/lib/debug//libmetal-gloss.a(sys_isatty.o)
 .debug_info    0x0000000000004074      0x99f /home/albertojor/GitHub/freedom-e-sdk/bsp/freedom-e310-arty-xmem/install/lib/debug//libmetal-gloss.a(sys_lseek.o)
 .debug_info    0x0000000000004a13      0x99f /home/albertojor/GitHub/freedom-e-sdk/bsp/freedom-e310-arty-xmem/install/lib/debug//libmetal-gloss.a(sys_read.o)
 .debug_info    0x00000000000053b2      0x117 /home/albertojor/GitHub/freedom-e-sdk/bsp/freedom-e310-arty-xmem/install/lib/debug//libmetal-gloss.a(sys_sbrk.o)
 .debug_info    0x00000000000054c9      0xa1e /home/albertojor/GitHub/freedom-e-sdk/bsp/freedom-e310-arty-xmem/install/lib/debug//libmetal-gloss.a(sys_write.o)
 .debug_info    0x0000000000005ee7     0x1257 /home/albertojor/GitHub/freedom-e-sdk/bsp/freedom-e310-arty-xmem/install/lib/debug//libmetal.a(libriscv__mmachine__freedom-e310-arty-xmem_a-synchronize_harts.o)
 .debug_info    0x000000000000713e     0x12cb /home/albertojor/GitHub/freedom-e-sdk/bsp/freedom-e310-arty-xmem/install/lib/debug//libmetal.a(libriscv__mmachine__freedom-e310-arty-xmem_a-tty.o)
 .debug_info    0x0000000000008409      0x5de /home/albertojor/GitHub/freedom-e-sdk/bsp/freedom-e310-arty-xmem/install/lib/debug//libmetal.a(libriscv__mmachine__freedom-e310-arty-xmem_a-uart.o)
 .debug_info    0x00000000000089e7     0x123d /home/albertojor/GitHub/freedom-e-sdk/bsp/freedom-e310-arty-xmem/install/lib/debug//libmetal.a(libriscv__mmachine__freedom-e310-arty-xmem_a-inline.o)
 .debug_info    0x0000000000009c24     0x18e6 /home/albertojor/GitHub/freedom-e-sdk/bsp/freedom-e310-arty-xmem/install/lib/debug//libmetal.a(libriscv__mmachine__freedom-e310-arty-xmem_a-riscv_clint0.o)
 .debug_info    0x000000000000b50a     0x271f /home/albertojor/GitHub/freedom-e-sdk/bsp/freedom-e310-arty-xmem/install/lib/debug//libmetal.a(libriscv__mmachine__freedom-e310-arty-xmem_a-riscv_cpu.o)
 .debug_info    0x000000000000dc29     0x1788 /home/albertojor/GitHub/freedom-e-sdk/bsp/freedom-e310-arty-xmem/install/lib/debug//libmetal.a(libriscv__mmachine__freedom-e310-arty-xmem_a-riscv_plic0.o)
 .debug_info    0x000000000000f3b1     0x1717 /home/albertojor/GitHub/freedom-e-sdk/bsp/freedom-e310-arty-xmem/install/lib/debug//libmetal.a(libriscv__mmachine__freedom-e310-arty-xmem_a-sifive_gpio0.o)
 .debug_info    0x0000000000010ac8     0x1786 /home/albertojor/GitHub/freedom-e-sdk/bsp/freedom-e310-arty-xmem/install/lib/debug//libmetal.a(libriscv__mmachine__freedom-e310-arty-xmem_a-sifive_uart0.o)
 .debug_info    0x000000000001224e      0x2c7 /home/albertojor/GitHub/freedom-e-sdk/bsp/freedom-e310-arty-xmem/install/lib/debug//libmetal.a(libriscv__mmachine__freedom-e310-arty-xmem_a-clock.o)
 .debug_info    0x0000000000012515     0x15c6 /home/albertojor/GitHub/freedom-e-sdk/bsp/freedom-e310-arty-xmem/install/lib/debug//libmetal.a(libriscv__mmachine__freedom-e310-arty-xmem_a-cpu.o)
 .debug_info    0x0000000000013adb     0x1302 /home/albertojor/GitHub/freedom-e-sdk/bsp/freedom-e310-arty-xmem/install/lib/debug//libmetal.a(libriscv__mmachine__freedom-e310-arty-xmem_a-shutdown.o)
 .debug_info    0x0000000000014ddd       0x26 /home/albertojor/GitHub/freedom-e-sdk/bsp/freedom-e310-arty-xmem/install/lib/debug//libmetal.a(libriscv__mmachine__freedom-e310-arty-xmem_a-vector.o)
 .debug_info    0x0000000000014e03     0x12db /home/albertojor/GitHub/freedom-e-sdk/bsp/freedom-e310-arty-xmem/install/lib/debug//libmetal.a(libriscv__mmachine__freedom-e310-arty-xmem_a-fixed-clock.o)
 .debug_info    0x00000000000160de       0x4f /home/albertojor/GitHub/freedom-e-sdk/bsp/freedom-e310-arty-xmem/install/lib/debug//libmetal-gloss.a(sys_exit.o)

.debug_abbrev   0x0000000000000000     0x2fee
 .debug_abbrev  0x0000000000000000      0x23d /tmp/ccy7R4V0.o
 .debug_abbrev  0x000000000000023d      0x191 /home/albertojor/riscv64-unknown-elf-gcc-8.3.0-2019.08.0-x86_64-linux-ubuntu14/bin/../lib/gcc/riscv64-unknown-elf/8.3.0/rv32imac/ilp32/libgcc.a(addsf3.o)
 .debug_abbrev  0x00000000000003ce      0x179 /home/albertojor/riscv64-unknown-elf-gcc-8.3.0-2019.08.0-x86_64-linux-ubuntu14/bin/../lib/gcc/riscv64-unknown-elf/8.3.0/rv32imac/ilp32/libgcc.a(fixunssfsi.o)