Archive member included to satisfy reference by file (symbol)

/home/albertojor/riscv64-unknown-elf-gcc-8.3.0-2019.08.0-x86_64-linux-ubuntu14/bin/../lib/gcc/riscv64-unknown-elf/8.3.0/../../../../riscv64-unknown-elf/lib/rv32imac/ilp32/libc_nano.a(lib_a-printf.o)
                              /tmp/ccMdAFs5.o (printf)
/home/albertojor/riscv64-unknown-elf-gcc-8.3.0-2019.08.0-x86_64-linux-ubuntu14/bin/../lib/gcc/riscv64-unknown-elf/8.3.0/../../../../riscv64-unknown-elf/lib/rv32imac/ilp32/libc_nano.a(lib_a-putchar.o)
                              /tmp/ccMdAFs5.o (putchar)
/home/albertojor/riscv64-unknown-elf-gcc-8.3.0-2019.08.0-x86_64-linux-ubuntu14/bin/../lib/gcc/riscv64-unknown-elf/8.3.0/../../../../riscv64-unknown-elf/lib/rv32imac/ilp32/libc_nano.a(lib_a-putc.o)
                              /home/albertojor/riscv64-unknown-elf-gcc-8.3.0-2019.08.0-x86_64-linux-ubuntu14/bin/../lib/gcc/riscv64-unknown-elf/8.3.0/../../../../riscv64-unknown-elf/lib/rv32imac/ilp32/libc_nano.a(lib_a-putchar.o) (_putc_r)
/home/albertojor/riscv64-unknown-elf-gcc-8.3.0-2019.08.0-x86_64-linux-ubuntu14/bin/../lib/gcc/riscv64-unknown-elf/8.3.0/../../../../riscv64-unknown-elf/lib/rv32imac/ilp32/libc_nano.a(lib_a-puts.o)
                              /tmp/ccMdAFs5.o (puts)
/home/albertojor/riscv64-unknown-elf-gcc-8.3.0-2019.08.0-x86_64-linux-ubuntu14/bin/../lib/gcc/riscv64-unknown-elf/8.3.0/../../../../riscv64-unknown-elf/lib/rv32imac/ilp32/libc_nano.a(lib_a-wbuf.o)
                              /home/albertojor/riscv64-unknown-elf-gcc-8.3.0-2019.08.0-x86_64-linux-ubuntu14/bin/../lib/gcc/riscv64-unknown-elf/8.3.0/../../../../riscv64-unknown-elf/lib/rv32imac/ilp32/libc_nano.a(lib_a-putc.o) (__swbuf_r)
/home/albertojor/riscv64-unknown-elf-gcc-8.3.0-2019.08.0-x86_64-linux-ubuntu14/bin/../lib/gcc/riscv64-unknown-elf/8.3.0/../../../../riscv64-unknown-elf/lib/rv32imac/ilp32/libc_nano.a(lib_a-wsetup.o)
                              /home/albertojor/riscv64-unknown-elf-gcc-8.3.0-2019.08.0-x86_64-linux-ubuntu14/bin/../lib/gcc/riscv64-unknown-elf/8.3.0/../../../../riscv64-unknown-elf/lib/rv32imac/ilp32/libc_nano.a(lib_a-puts.o) (__swsetup_r)
/home/albertojor/riscv64-unknown-elf-gcc-8.3.0-2019.08.0-x86_64-linux-ubuntu14/bin/../lib/gcc/riscv64-unknown-elf/8.3.0/../../../../riscv64-unknown-elf/lib/rv32imac/ilp32/libc_nano.a(lib_a-fflush.o)
                              /home/albertojor/riscv64-unknown-elf-gcc-8.3.0-2019.08.0-x86_64-linux-ubuntu14/bin/../lib/gcc/riscv64-unknown-elf/8.3.0/../../../../riscv64-unknown-elf/lib/rv32imac/ilp32/libc_nano.a(lib_a-wbuf.o) (_fflush_r)
/home/albertojor/riscv64-unknown-elf-gcc-8.3.0-2019.08.0-x86_64-linux-ubuntu14/bin/../lib/gcc/riscv64-unknown-elf/8.3.0/../../../../riscv64-unknown-elf/lib/rv32imac/ilp32/libc_nano.a(lib_a-findfp.o)
                              /home/albertojor/riscv64-unknown-elf-gcc-8.3.0-2019.08.0-x86_64-linux-ubuntu14/bin/../lib/gcc/riscv64-unknown-elf/8.3.0/../../../../riscv64-unknown-elf/lib/rv32imac/ilp32/libc_nano.a(lib_a-printf.o) (__sinit)
/home/albertojor/riscv64-unknown-elf-gcc-8.3.0-2019.08.0-x86_64-linux-ubuntu14/bin/../lib/gcc/riscv64-unknown-elf/8.3.0/../../../../riscv64-unknown-elf/lib/rv32imac/ilp32/libc_nano.a(lib_a-fwalk.o)
                              /home/albertojor/riscv64-unknown-elf-gcc-8.3.0-2019.08.0-x86_64-linux-ubuntu14/bin/../lib/gcc/riscv64-unknown-elf/8.3.0/../../../../riscv64-unknown-elf/lib/rv32imac/ilp32/libc_nano.a(lib_a-findfp.o) (_fwalk)
/home/albertojor/riscv64-unknown-elf-gcc-8.3.0-2019.08.0-x86_64-linux-ubuntu14/bin/../lib/gcc/riscv64-unknown-elf/8.3.0/../../../../riscv64-unknown-elf/lib/rv32imac/ilp32/libc_nano.a(lib_a-impure.o)
                              /home/albertojor/riscv64-unknown-elf-gcc-8.3.0-2019.08.0-x86_64-linux-ubuntu14/bin/../lib/gcc/riscv64-unknown-elf/8.3.0/../../../../riscv64-unknown-elf/lib/rv32imac/ilp32/libc_nano.a(lib_a-fflush.o) (_global_impure_ptr)
/home/albertojor/riscv64-unknown-elf-gcc-8.3.0-2019.08.0-x86_64-linux-ubuntu14/bin/../lib/gcc/riscv64-unknown-elf/8.3.0/../../../../riscv64-unknown-elf/lib/rv32imac/ilp32/libc_nano.a(lib_a-makebuf.o)
                              /home/albertojor/riscv64-unknown-elf-gcc-8.3.0-2019.08.0-x86_64-linux-ubuntu14/bin/../lib/gcc/riscv64-unknown-elf/8.3.0/../../../../riscv64-unknown-elf/lib/rv32imac/ilp32/libc_nano.a(lib_a-wsetup.o) (__smakebuf_r)
/home/albertojor/riscv64-unknown-elf-gcc-8.3.0-2019.08.0-x86_64-linux-ubuntu14/bin/../lib/gcc/riscv64-unknown-elf/8.3.0/../../../../riscv64-unknown-elf/lib/rv32imac/ilp32/libc_nano.a(lib_a-memset.o)
                              /home/albertojor/riscv64-unknown-elf-gcc-8.3.0-2019.08.0-x86_64-linux-ubuntu14/bin/../lib/gcc/riscv64-unknown-elf/8.3.0/../../../../riscv64-unknown-elf/lib/rv32imac/ilp32/libc_nano.a(lib_a-findfp.o) (memset)
/home/albertojor/riscv64-unknown-elf-gcc-8.3.0-2019.08.0-x86_64-linux-ubuntu14/bin/../lib/gcc/riscv64-unknown-elf/8.3.0/../../../../riscv64-unknown-elf/lib/rv32imac/ilp32/libc_nano.a(lib_a-nano-freer.o)
[...]
Memory Configuration

Name             Origin             Length             Attributes
flash            0x0000000020400000 0x000000001fc00000 axrl !w
itim             0x0000000008000000 0x0000000000004000 xw !arl
ram              0x0000000080000000 0x0000000000080000 axw !rl
*default*        0x0000000000000000 0xffffffffffffffff

Linker script and memory map

LOAD /tmp/ccMdAFs5.o
START GROUP
LOAD /home/albertojor/riscv64-unknown-elf-gcc-8.3.0-2019.08.0-x86_64-linux-ubuntu14/bin/../lib/gcc/riscv64-unknown-elf/8.3.0/../../../../riscv64-unknown-elf/lib/rv32imac/ilp32/libc_nano.a
LOAD /home/albertojor/riscv64-unknown-elf-gcc-8.3.0-2019.08.0-x86_64-linux-ubuntu14/bin/../lib/gcc/riscv64-unknown-elf/8.3.0/rv32imac/ilp32/libgcc.a
LOAD /home/albertojor/riscv64-unknown-elf-gcc-8.3.0-2019.08.0-x86_64-linux-ubuntu14/bin/../lib/gcc/riscv64-unknown-elf/8.3.0/../../../../riscv64-unknown-elf/lib/rv32imac/ilp32/libm.a
LOAD /home/albertojor/GitHub/freedom-e-sdk/bsp/freedom-e310-arty-xmem/install/lib/debug//libmetal.a
LOAD /home/albertojor/GitHub/freedom-e-sdk/bsp/freedom-e310-arty-xmem/install/lib/debug//libmetal-gloss.a
END GROUP
                0x0000000000000400                __stack_size = DEFINED (__stack_size)?__stack_size:0x400
                [!provide]                        PROVIDE (__stack_size = __stack_size)
                0x0000000000000800                __heap_size = DEFINED (__heap_size)?__heap_size:0x800
                0x0000000000000000                PROVIDE (__metal_boot_hart = 0x0)
                0x0000000000000000                PROVIDE (__metal_chicken_bit = 0x0)

.init           0x0000000020400000      0x194
 *(.text.metal.init.enter)
 .text.metal.init.enter
                0x0000000020400000       0x60 /home/albertojor/GitHub/freedom-e-sdk/bsp/freedom-e310-arty-xmem/install/lib/debug//libmetal.a(libriscv__mmachine__freedom-e310-arty-xmem_a-entry.o)
                0x0000000020400000                _enter
 *(.text.metal.init.*)
 *fill*         0x0000000020400060        0x0 
 .text.metal.init.trapvec
                0x0000000020400060        0xe /home/albertojor/GitHub/freedom-e-sdk/bsp/freedom-e310-arty-xmem/install/lib/debug//libmetal.a(libriscv__mmachine__freedom-e310-arty-xmem_a-entry.o)
 .text.metal.init.__register_frame_info
                0x000000002040006e        0x2 /home/albertojor/GitHub/freedom-e-sdk/bsp/freedom-e310-arty-xmem/install/lib/debug//libmetal.a(libriscv__mmachine__freedom-e310-arty-xmem_a-entry.o)
                0x000000002040006e                __register_frame_info
 *(SORT_NONE(.init))
 .init          0x0000000020400070        0xe /home/albertojor/GitHub/freedom-e-sdk/bsp/freedom-e310-arty-xmem/install/lib/debug//libmetal.a(libriscv__mmachine__freedom-e310-arty-xmem_a-synchronize_harts.o)
                0x0000000020400070                __metal_synchronize_harts
 *(.text.libgloss.start)
 .text.libgloss.start
                0x000000002040007e      0x116 /home/albertojor/GitHub/freedom-e-sdk/bsp/freedom-e310-arty-xmem/install/lib/debug//libmetal-gloss.a(crt0.o)
                0x000000002040007e                _start
                0x0000000020400174                _init
                0x0000000020400174                _fini
                0x0000000020400176                secondary_main

.fini
 *(SORT_NONE(.fini))

.text           0x0000000020400200     0x5100
 *(.text.unlikely .text.unlikely.*)
 *(.text.startup .text.startup.*)
 *(.text .text.*)
 .text.rdcycle  0x0000000020400200       0x1e /tmp/ccMdAFs5.o
                0x0000000020400200                rdcycle
 .text.print_matrix
                0x000000002040021e       0x86 /tmp/ccMdAFs5.o
                0x000000002040021e                print_matrix
 .text.init_matrix
                0x00000000204002a4       0xf8 /tmp/ccMdAFs5.o
                0x00000000204002a4                init_matrix
 .text.mm       0x000000002040039c      0x110 /tmp/ccMdAFs5.o
                0x000000002040039c                mm
 .text.main     0x00000000204004ac       0xca /tmp/ccMdAFs5.o
                0x00000000204004ac                main
 .text.printf   0x0000000020400576       0x44 /home/albertojor/riscv64-unknown-elf-gcc-8.3.0-2019.08.0-x86_64-linux-ubuntu14/bin/../lib/gcc/riscv64-unknown-elf/8.3.0/../../../../riscv64-unknown-elf/lib/rv32imac/ilp32/libc_nano.a(lib_a-printf.o)
                0x0000000020400576                printf
                0x0000000020400576                iprintf
 .text.putchar  0x00000000204005ba       0x2c /home/albertojor/riscv64-unknown-elf-gcc-8.3.0-2019.08.0-x86_64-linux-ubuntu14/bin/../lib/gcc/riscv64-unknown-elf/8.3.0/../../../../riscv64-unknown-elf/lib/rv32imac/ilp32/libc_nano.a(lib_a-putchar.o)
                0x00000000204005ba                putchar
 .text._putc_r  0x00000000204005e6       0x82 /home/albertojor/riscv64-unknown-elf-gcc-8.3.0-2019.08.0-x86_64-linux-ubuntu14/bin/../lib/gcc/riscv64-unknown-elf/8.3.0/../../../../riscv64-unknown-elf/lib/rv32imac/ilp32/libc_nano.a(lib_a-putc.o)
                0x00000000204005e6                _putc_r
 .text._puts_r  0x0000000020400668       0xda /home/albertojor/riscv64-unknown-elf-gcc-8.3.0-2019.08.0-x86_64-linux-ubuntu14/bin/../lib/gcc/riscv64-unknown-elf/8.3.0/../../../../riscv64-unknown-elf/lib/rv32imac/ilp32/libc_nano.a(lib_a-puts.o)
                0x0000000020400668                _puts_r
 .text.puts     0x0000000020400742        0xe /home/albertojor/riscv64-unknown-elf-gcc-8.3.0-2019.08.0-x86_64-linux-ubuntu14/bin/../lib/gcc/riscv64-unknown-elf/8.3.0/../../../../riscv64-unknown-elf/lib/rv32imac/ilp32/libc_nano.a(lib_a-puts.o)
                0x0000000020400742                puts
 .text.__swbuf_r
                0x0000000020400750       0xc0 /home/albertojor/riscv64-unknown-elf-gcc-8.3.0-2019.08.0-x86_64-linux-ubuntu14/bin/../lib/gcc/riscv64-unknown-elf/8.3.0/../../../../riscv64-unknown-elf/lib/rv32imac/ilp32/libc_nano.a(lib_a-wbuf.o)
                0x0000000020400750                __swbuf_r
 .text.__swsetup_r
                0x0000000020400810      0x110 /home/albertojor/riscv64-unknown-elf-gcc-8.3.0-2019.08.0-x86_64-linux-ubuntu14/bin/../lib/gcc/riscv64-unknown-elf/8.3.0/../../../../riscv64-unknown-elf/lib/rv32imac/ilp32/libc_nano.a(lib_a-wsetup.o)
                0x0000000020400810                __swsetup_r
 .text.__sflush_r
                0x0000000020400920      0x14a /home/albertojor/riscv64-unknown-elf-gcc-8.3.0-2019.08.0-x86_64-linux-ubuntu14/bin/../lib/gcc/riscv64-unknown-elf/8.3.0/../../../../riscv64-unknown-elf/lib/rv32imac/ilp32/libc_nano.a(lib_a-fflush.o)
                0x0000000020400920                __sflush_r
 .text._fflush_r
                0x0000000020400a6a       0x64 /home/albertojor/riscv64-unknown-elf-gcc-8.3.0-2019.08.0-x86_64-linux-ubuntu14/bin/../lib/gcc/riscv64-unknown-elf/8.3.0/../../../../riscv64-unknown-elf/lib/rv32imac/ilp32/libc_nano.a(lib_a-fflush.o)
                0x0000000020400a6a                _fflush_r
 .text.std      0x0000000020400ace       0x68 /home/albertojor/riscv64-unknown-elf-gcc-8.3.0-2019.08.0-x86_64-linux-ubuntu14/bin/../lib/gcc/riscv64-unknown-elf/8.3.0/../../../../riscv64-unknown-elf/lib/rv32imac/ilp32/libc_nano.a(lib_a-findfp.o)
 .text._cleanup_r
                0x0000000020400b36        0xa /home/albertojor/riscv64-unknown-elf-gcc-8.3.0-2019.08.0-x86_64-linux-ubuntu14/bin/../lib/gcc/riscv64-unknown-elf/8.3.0/../../../../riscv64-unknown-elf/lib/rv32imac/ilp32/libc_nano.a(lib_a-findfp.o)
                0x0000000020400b36                _cleanup_r
 .text.__sfmoreglue
                0x0000000020400b40       0x44 /home/albertojor/riscv64-unknown-elf-gcc-8.3.0-2019.08.0-x86_64-linux-ubuntu14/bin/../lib/gcc/riscv64-unknown-elf/8.3.0/../../../../riscv64-unknown-elf/lib/rv32imac/ilp32/libc_nano.a(lib_a-findfp.o)
                0x0000000020400b40                __sfmoreglue
 .text.__sinit  0x0000000020400b84       0x6a /home/albertojor/riscv64-unknown-elf-gcc-8.3.0-2019.08.0-x86_64-linux-ubuntu14/bin/../lib/gcc/riscv64-unknown-elf/8.3.0/../../../../riscv64-unknown-elf/lib/rv32imac/ilp32/libc_nano.a(lib_a-findfp.o)
                0x0000000020400b84                __sinit
 .text.__sfp    0x0000000020400bee       0x9e /home/albertojor/riscv64-unknown-elf-gcc-8.3.0-2019.08.0-x86_64-linux-ubuntu14/bin/../lib/gcc/riscv64-unknown-elf/8.3.0/../../../../riscv64-unknown-elf/lib/rv32imac/ilp32/libc_nano.a(lib_a-findfp.o)
                0x0000000020400bee                __sfp
 .text._fwalk_reent
                0x0000000020400c8c       0x6c /home/albertojor/riscv64-unknown-elf-gcc-8.3.0-2019.08.0-x86_64-linux-ubuntu14/bin/../lib/gcc/riscv64-unknown-elf/8.3.0/../../../../riscv64-unknown-elf/lib/rv32imac/ilp32/libc_nano.a(lib_a-fwalk.o)
                0x0000000020400c8c                _fwalk_reent
 .text.__swhatbuf_r
                0x0000000020400cf8       0x58 /home/albertojor/riscv64-unknown-elf-gcc-8.3.0-2019.08.0-x86_64-linux-ubuntu14/bin/../lib/gcc/riscv64-unknown-elf/8.3.0/../../../../riscv64-unknown-elf/lib/rv32imac/ilp32/libc_nano.a(lib_a-makebuf.o)
                0x0000000020400cf8                __swhatbuf_r
 .text.__smakebuf_r
                0x0000000020400d50       0x9c /home/albertojor/riscv64-unknown-elf-gcc-8.3.0-2019.08.0-x86_64-linux-ubuntu14/bin/../lib/gcc/riscv64-unknown-elf/8.3.0/../../../../riscv64-unknown-elf/lib/rv32imac/ilp32/libc_nano.a(lib_a-makebuf.o)
                0x0000000020400d50                __smakebuf_r
 .text          0x0000000020400dec       0xa8 /home/albertojor/riscv64-unknown-elf-gcc-8.3.0-2019.08.0-x86_64-linux-ubuntu14/bin/../lib/gcc/riscv64-unknown-elf/8.3.0/../../../../riscv64-unknown-elf/lib/rv32imac/ilp32/libc_nano.a(lib_a-memset.o)
                0x0000000020400dec                memset
 .text._free_r  0x0000000020400e94       0xac /home/albertojor/riscv64-unknown-elf-gcc-8.3.0-2019.08.0-x86_64-linux-ubuntu14/bin/../lib/gcc/riscv64-unknown-elf/8.3.0/../../../../riscv64-unknown-elf/lib/rv32imac/ilp32/libc_nano.a(lib_a-nano-freer.o)
                0x0000000020400e94                _free_r
 .text._malloc_r
                0x0000000020400f40       0xde /home/albertojor/riscv64-unknown-elf-gcc-8.3.0-2019.08.0-x86_64-linux-ubuntu14/bin/../lib/gcc/riscv64-unknown-elf/8.3.0/../../../../riscv64-unknown-elf/lib/rv32imac/ilp32/libc_nano.a(lib_a-nano-mallocr.o)
                0x0000000020400f40                _malloc_r
 .text.__sfputc_r
                0x000000002040101e       0x2a /home/albertojor/riscv64-unknown-elf-gcc-8.3.0-2019.08.0-x86_64-linux-ubuntu14/bin/../lib/gcc/riscv64-unknown-elf/8.3.0/../../../../riscv64-unknown-elf/lib/rv32imac/ilp32/libc_nano.a(lib_a-nano-vfprintf.o)
 .text.__sfputs_r
                0x0000000020401048       0x42 /home/albertojor/riscv64-unknown-elf-gcc-8.3.0-2019.08.0-x86_64-linux-ubuntu14/bin/../lib/gcc/riscv64-unknown-elf/8.3.0/../../../../riscv64-unknown-elf/lib/rv32imac/ilp32/libc_nano.a(lib_a-nano-vfprintf.o)
                0x0000000020401048                __sfputs_r
 .text._vfprintf_r
                0x000000002040108a      0x298 /home/albertojor/riscv64-unknown-elf-gcc-8.3.0-2019.08.0-x86_64-linux-ubuntu14/bin/../lib/gcc/riscv64-unknown-elf/8.3.0/../../../../riscv64-unknown-elf/lib/rv32imac/ilp32/libc_nano.a(lib_a-nano-vfprintf.o)
                0x000000002040108a                _vfiprintf_r
                0x000000002040108a                _vfprintf_r
 .text._sbrk_r  0x0000000020401322       0x28 /home/albertojor/riscv64-unknown-elf-gcc-8.3.0-2019.08.0-x86_64-linux-ubuntu14/bin/../lib/gcc/riscv64-unknown-elf/8.3.0/../../../../riscv64-unknown-elf/lib/rv32imac/ilp32/libc_nano.a(lib_a-sbrkr.o)
                0x0000000020401322                _sbrk_r
 .text.__sread  0x000000002040134a       0x30 /home/albertojor/riscv64-unknown-elf-gcc-8.3.0-2019.08.0-x86_64-linux-ubuntu14/bin/../lib/gcc/riscv64-unknown-elf/8.3.0/../../../../riscv64-unknown-elf/lib/rv32imac/ilp32/libc_nano.a(lib_a-stdio.o)
                0x000000002040134a                __sread
 .text.__swrite
                0x000000002040137a       0x4e /home/albertojor/riscv64-unknown-elf-gcc-8.3.0-2019.08.0-x86_64-linux-ubuntu14/bin/../lib/gcc/riscv64-unknown-elf/8.3.0/../../../../riscv64-unknown-elf/lib/rv32imac/ilp32/libc_nano.a(lib_a-stdio.o)
                0x000000002040137a                __swrite
 .text.__sseek  0x00000000204013c8       0x36 /home/albertojor/riscv64-unknown-elf-gcc-8.3.0-2019.08.0-x86_64-linux-ubuntu14/bin/../lib/gcc/riscv64-unknown-elf/8.3.0/../../../../riscv64-unknown-elf/lib/rv32imac/ilp32/libc_nano.a(lib_a-stdio.o)
                0x00000000204013c8                __sseek
 .text.__sclose
                0x00000000204013fe        0x6 /home/albertojor/riscv64-unknown-elf-gcc-8.3.0-2019.08.0-x86_64-linux-ubuntu14/bin/../lib/gcc/riscv64-unknown-elf/8.3.0/../../../../riscv64-unknown-elf/lib/rv32imac/ilp32/libc_nano.a(lib_a-stdio.o)
                0x00000000204013fe                __sclose
 .text._write_r
                0x0000000020401404       0x2c /home/albertojor/riscv64-unknown-elf-gcc-8.3.0-2019.08.0-x86_64-linux-ubuntu14/bin/../lib/gcc/riscv64-unknown-elf/8.3.0/../../../../riscv64-unknown-elf/lib/rv32imac/ilp32/libc_nano.a(lib_a-writer.o)
                0x0000000020401404                _write_r
 .text._close_r
                0x0000000020401430       0x28 /home/albertojor/riscv64-unknown-elf-gcc-8.3.0-2019.08.0-x86_64-linux-ubuntu14/bin/../lib/gcc/riscv64-unknown-elf/8.3.0/../../../../riscv64-unknown-elf/lib/rv32imac/ilp32/libc_nano.a(lib_a-closer.o)
                0x0000000020401430                _close_r
 .text._fstat_r
                0x0000000020401458       0x2a /home/albertojor/riscv64-unknown-elf-gcc-8.3.0-2019.08.0-x86_64-linux-ubuntu14/bin/../lib/gcc/riscv64-unknown-elf/8.3.0/../../../../riscv64-unknown-elf/lib/rv32imac/ilp32/libc_nano.a(lib_a-fstatr.o)
                0x0000000020401458                _fstat_r
 .text._isatty_r
                0x0000000020401482       0x28 /home/albertojor/riscv64-unknown-elf-gcc-8.3.0-2019.08.0-x86_64-linux-ubuntu14/bin/../lib/gcc/riscv64-unknown-elf/8.3.0/../../../../riscv64-unknown-elf/lib/rv32imac/ilp32/libc_nano.a(lib_a-isattyr.o)
                0x0000000020401482                _isatty_r
 .text._lseek_r
                0x00000000204014aa       0x2c /home/albertojor/riscv64-unknown-elf-gcc-8.3.0-2019.08.0-x86_64-linux-ubuntu14/bin/../lib/gcc/riscv64-unknown-elf/8.3.0/../../../../riscv64-unknown-elf/lib/rv32imac/ilp32/libc_nano.a(lib_a-lseekr.o)
                0x00000000204014aa                _lseek_r
 .text.memchr   0x00000000204014d6       0x1a /home/albertojor/riscv64-unknown-elf-gcc-8.3.0-2019.08.0-x86_64-linux-ubuntu14/bin/../lib/gcc/riscv64-unknown-elf/8.3.0/../../../../riscv64-unknown-elf/lib/rv32imac/ilp32/libc_nano.a(lib_a-memchr.o)
                0x00000000204014d6                memchr
 .text.__malloc_lock
                0x00000000204014f0        0x2 /home/albertojor/riscv64-unknown-elf-gcc-8.3.0-2019.08.0-x86_64-linux-ubuntu14/bin/../lib/gcc/riscv64-unknown-elf/8.3.0/../../../../riscv64-unknown-elf/lib/rv32imac/ilp32/libc_nano.a(lib_a-mlock.o)
                0x00000000204014f0                __malloc_lock
 .text.__malloc_unlock
                0x00000000204014f2        0x2 /home/albertojor/riscv64-unknown-elf-gcc-8.3.0-2019.08.0-x86_64-linux-ubuntu14/bin/../lib/gcc/riscv64-unknown-elf/8.3.0/../../../../riscv64-unknown-elf/lib/rv32imac/ilp32/libc_nano.a(lib_a-mlock.o)
                0x00000000204014f2                __malloc_unlock
 .text._printf_common
                0x00000000204014f4      0x10c /home/albertojor/riscv64-unknown-elf-gcc-8.3.0-2019.08.0-x86_64-linux-ubuntu14/bin/../lib/gcc/riscv64-unknown-elf/8.3.0/../../../../riscv64-unknown-elf/lib/rv32imac/ilp32/libc_nano.a(lib_a-nano-vfprintf_i.o)
                0x00000000204014f4                _printf_common
 .text._printf_i
                0x0000000020401600      0x2a2 /home/albertojor/riscv64-unknown-elf-gcc-8.3.0-2019.08.0-x86_64-linux-ubuntu14/bin/../lib/gcc/riscv64-unknown-elf/8.3.0/../../../../riscv64-unknown-elf/lib/rv32imac/ilp32/libc_nano.a(lib_a-nano-vfprintf_i.o)
                0x0000000020401600                _printf_i
 .text._read_r  0x00000000204018a2       0x2c /home/albertojor/riscv64-unknown-elf-gcc-8.3.0-2019.08.0-x86_64-linux-ubuntu14/bin/../lib/gcc/riscv64-unknown-elf/8.3.0/../../../../riscv64-unknown-elf/lib/rv32imac/ilp32/libc_nano.a(lib_a-readr.o)
                0x00000000204018a2                _read_r
 .text._close   0x00000000204018ce       0x22 /home/albertojor/GitHub/freedom-e-sdk/bsp/freedom-e310-arty-xmem/install/lib/debug//libmetal-gloss.a(sys_close.o)
                0x00000000204018ce                _close
 .text._fstat   0x00000000204018f0       0x26 /home/albertojor/GitHub/freedom-e-sdk/bsp/freedom-e310-arty-xmem/install/lib/debug//libmetal-gloss.a(sys_fstat.o)
                0x00000000204018f0                _fstat
 .text._isatty  0x0000000020401916       0x20 /home/albertojor/GitHub/freedom-e-sdk/bsp/freedom-e310-arty-xmem/install/lib/debug//libmetal-gloss.a(sys_isatty.o)
                0x0000000020401916                _isatty
 .text._lseek   0x0000000020401936       0x2a /home/albertojor/GitHub/freedom-e-sdk/bsp/freedom-e310-arty-xmem/install/lib/debug//libmetal-gloss.a(sys_lseek.o)
                0x0000000020401936                _lseek
 .text._read    0x0000000020401960       0x2a /home/albertojor/GitHub/freedom-e-sdk/bsp/freedom-e310-arty-xmem/install/lib/debug//libmetal-gloss.a(sys_read.o)
                0x0000000020401960                _read
 .text._sbrk    0x000000002040198a       0x7a /home/albertojor/GitHub/freedom-e-sdk/bsp/freedom-e310-arty-xmem/install/lib/debug//libmetal-gloss.a(sys_sbrk.o)
                0x000000002040198a                _sbrk
 .text._write   0x0000000020401a04       0x6e /home/albertojor/GitHub/freedom-e-sdk/bsp/freedom-e310-arty-xmem/install/lib/debug//libmetal-gloss.a(sys_write.o)
                0x0000000020401a04                _write
 .text.atexit   0x0000000020401a72        0xa /home/albertojor/riscv64-unknown-elf-gcc-8.3.0-2019.08.0-x86_64-linux-ubuntu14/bin/../lib/gcc/riscv64-unknown-elf/8.3.0/../../../../riscv64-unknown-elf/lib/rv32imac/ilp32/libc_nano.a(lib_a-atexit.o)
                0x0000000020401a72                atexit
 .text.__errno  0x0000000020401a7c        0xc /home/albertojor/riscv64-unknown-elf-gcc-8.3.0-2019.08.0-x86_64-linux-ubuntu14/bin/../lib/gcc/riscv64-unknown-elf/8.3.0/../../../../riscv64-unknown-elf/lib/rv32imac/ilp32/libc_nano.a(lib_a-errno.o)
                0x0000000020401a7c                __errno
 .text.exit     0x0000000020401a88       0x2c /home/albertojor/riscv64-unknown-elf-gcc-8.3.0-2019.08.0-x86_64-linux-ubuntu14/bin/../lib/gcc/riscv64-unknown-elf/8.3.0/../../../../riscv64-unknown-elf/lib/rv32imac/ilp32/libc_nano.a(lib_a-exit.o)
                0x0000000020401a88                exit
 .text.__libc_fini_array
                0x0000000020401ab4       0x38 /home/albertojor/riscv64-unknown-elf-gcc-8.3.0-2019.08.0-x86_64-linux-ubuntu14/bin/../lib/gcc/riscv64-unknown-elf/8.3.0/../../../../riscv64-unknown-elf/lib/rv32imac/ilp32/libc_nano.a(lib_a-fini.o)
                0x0000000020401ab4                __libc_fini_array
 .text.__libc_init_array
                0x0000000020401aec       0x6a /home/albertojor/riscv64-unknown-elf-gcc-8.3.0-2019.08.0-x86_64-linux-ubuntu14/bin/../lib/gcc/riscv64-unknown-elf/8.3.0/../../../../riscv64-unknown-elf/lib/rv32imac/ilp32/libc_nano.a(lib_a-init.o)
                0x0000000020401aec                __libc_init_array
 .text.__register_exitproc
                0x0000000020401b56       0x84 /home/albertojor/riscv64-unknown-elf-gcc-8.3.0-2019.08.0-x86_64-linux-ubuntu14/bin/../lib/gcc/riscv64-unknown-elf/8.3.0/../../../../riscv64-unknown-elf/lib/rv32imac/ilp32/libc_nano.a(lib_a-__atexit.o)
                0x0000000020401b56                __register_exitproc
 .text.__call_exitprocs
                0x0000000020401bda       0xc8 /home/albertojor/riscv64-unknown-elf-gcc-8.3.0-2019.08.0-x86_64-linux-ubuntu14/bin/../lib/gcc/riscv64-unknown-elf/8.3.0/../../../../riscv64-unknown-elf/lib/rv32imac/ilp32/libc_nano.a(lib_a-__call_atexit.o)
                0x0000000020401bda                __call_exitprocs
 .text.metal_tty_putc
                0x0000000020401ca2       0x2c /home/albertojor/GitHub/freedom-e-sdk/bsp/freedom-e310-arty-xmem/install/lib/debug//libmetal.a(libriscv__mmachine__freedom-e310-arty-xmem_a-tty.o)
                0x0000000020401ca2                metal_tty_putc
 .text.metal_tty_putc_raw
                0x0000000020401cce       0x26 /home/albertojor/GitHub/freedom-e-sdk/bsp/freedom-e310-arty-xmem/install/lib/debug//libmetal.a(libriscv__mmachine__freedom-e310-arty-xmem_a-tty.o)
                0x0000000020401cce                metal_tty_putc_raw
 .text.metal_tty_init
                0x0000000020401cf4       0x22 /home/albertojor/GitHub/freedom-e-sdk/bsp/freedom-e310-arty-xmem/install/lib/debug//libmetal.a(libriscv__mmachine__freedom-e310-arty-xmem_a-tty.o)
 .text.metal_uart_init
                0x0000000020401d16       0x2c /home/albertojor/GitHub/freedom-e-sdk/bsp/freedom-e310-arty-xmem/install/lib/debug//libmetal.a(libriscv__mmachine__freedom-e310-arty-xmem_a-uart.o)
                0x0000000020401d16                metal_uart_init
 .text.metal_uart_putc
                0x0000000020401d42       0x2e /home/albertojor/GitHub/freedom-e-sdk/bsp/freedom-e310-arty-xmem/install/lib/debug//libmetal.a(libriscv__mmachine__freedom-e310-arty-xmem_a-uart.o)
                0x0000000020401d42                metal_uart_putc
 .text.metal_uart_set_baud_rate
                0x0000000020401d70       0x2e /home/albertojor/GitHub/freedom-e-sdk/bsp/freedom-e310-arty-xmem/install/lib/debug//libmetal.a(libriscv__mmachine__freedom-e310-arty-xmem_a-uart.o)
                0x0000000020401d70                metal_uart_set_baud_rate
 .text.__metal_driver_sifive_clint0_control_base
                0x0000000020401d9e       0x26 /home/albertojor/GitHub/freedom-e-sdk/bsp/freedom-e310-arty-xmem/install/lib/debug//libmetal.a(libriscv__mmachine__freedom-e310-arty-xmem_a-riscv_clint0.o)
 .text.__metal_driver_sifive_clint0_num_interrupts
                0x0000000020401dc4       0x24 /home/albertojor/GitHub/freedom-e-sdk/bsp/freedom-e310-arty-xmem/install/lib/debug//libmetal.a(libriscv__mmachine__freedom-e310-arty-xmem_a-riscv_clint0.o)
 .text.__metal_driver_sifive_clint0_interrupt_parents
                0x0000000020401de8       0x3c /home/albertojor/GitHub/freedom-e-sdk/bsp/freedom-e310-arty-xmem/install/lib/debug//libmetal.a(libriscv__mmachine__freedom-e310-arty-xmem_a-riscv_clint0.o)
 .text.__metal_driver_sifive_clint0_interrupt_lines
                0x0000000020401e24       0x30 /home/albertojor/GitHub/freedom-e-sdk/bsp/freedom-e310-arty-xmem/install/lib/debug//libmetal.a(libriscv__mmachine__freedom-e310-arty-xmem_a-riscv_clint0.o)
 .text.__metal_clint0_mtime_get
                0x0000000020401e54       0x9a /home/albertojor/GitHub/freedom-e-sdk/bsp/freedom-e310-arty-xmem/install/lib/debug//libmetal.a(libriscv__mmachine__freedom-e310-arty-xmem_a-riscv_clint0.o)
                0x0000000020401e54                __metal_clint0_mtime_get
 .text.__metal_driver_riscv_clint0_mtimecmp_set
                0x0000000020401eee       0x96 /home/albertojor/GitHub/freedom-e-sdk/bsp/freedom-e310-arty-xmem/install/lib/debug//libmetal.a(libriscv__mmachine__freedom-e310-arty-xmem_a-riscv_clint0.o)
                0x0000000020401eee                __metal_driver_riscv_clint0_mtimecmp_set
 .text._get_cpu_intc
                0x0000000020401f84       0x36 /home/albertojor/GitHub/freedom-e-sdk/bsp/freedom-e310-arty-xmem/install/lib/debug//libmetal.a(libriscv__mmachine__freedom-e310-arty-xmem_a-riscv_clint0.o)
 .text.__metal_driver_riscv_clint0_init
                0x0000000020401fba       0x88 /home/albertojor/GitHub/freedom-e-sdk/bsp/freedom-e310-arty-xmem/install/lib/debug//libmetal.a(libriscv__mmachine__freedom-e310-arty-xmem_a-riscv_clint0.o)
                0x0000000020401fba                __metal_driver_riscv_clint0_init
 .text.__metal_driver_riscv_clint0_register
                0x0000000020402042       0xda /home/albertojor/GitHub/freedom-e-sdk/bsp/freedom-e310-arty-xmem/install/lib/debug//libmetal.a(libriscv__mmachine__freedom-e310-arty-xmem_a-riscv_clint0.o)
                0x0000000020402042                __metal_driver_riscv_clint0_register
 .text.__metal_driver_riscv_clint0_vector_register
                0x000000002040211c       0x28 /home/albertojor/GitHub/freedom-e-sdk/bsp/freedom-e310-arty-xmem/install/lib/debug//libmetal.a(libriscv__mmachine__freedom-e310-arty-xmem_a-riscv_clint0.o)
                0x000000002040211c                __metal_driver_riscv_clint0_vector_register
 .text.__metal_driver_riscv_clint0_get_vector_mode
                0x0000000020402144       0x1c /home/albertojor/GitHub/freedom-e-sdk/bsp/freedom-e310-arty-xmem/install/lib/debug//libmetal.a(libriscv__mmachine__freedom-e310-arty-xmem_a-riscv_clint0.o)
                0x0000000020402144                __metal_driver_riscv_clint0_get_vector_mode
 .text.__metal_driver_riscv_clint0_set_vector_mode
                0x0000000020402160       0x54 /home/albertojor/GitHub/freedom-e-sdk/bsp/freedom-e310-arty-xmem/install/lib/debug//libmetal.a(libriscv__mmachine__freedom-e310-arty-xmem_a-riscv_clint0.o)
                0x0000000020402160                __metal_driver_riscv_clint0_set_vector_mode
 .text.__metal_driver_riscv_clint0_enable
                0x00000000204021b4       0xb2 /home/albertojor/GitHub/freedom-e-sdk/bsp/freedom-e310-arty-xmem/install/lib/debug//libmetal.a(libriscv__mmachine__freedom-e310-arty-xmem_a-riscv_clint0.o)
                0x00000000204021b4                __metal_driver_riscv_clint0_enable
 .text.__metal_driver_riscv_clint0_disable
                0x0000000020402266       0xb2 /home/albertojor/GitHub/freedom-e-sdk/bsp/freedom-e310-arty-xmem/install/lib/debug//libmetal.a(libriscv__mmachine__freedom-e310-arty-xmem_a-riscv_clint0.o)
                0x0000000020402266                __metal_driver_riscv_clint0_disable
 .text.__metal_driver_riscv_clint0_command_request
                0x0000000020402318      0x136 /home/albertojor/GitHub/freedom-e-sdk/bsp/freedom-e310-arty-xmem/install/lib/debug//libmetal.a(libriscv__mmachine__freedom-e310-arty-xmem_a-riscv_clint0.o)
                0x0000000020402318                __metal_driver_riscv_clint0_command_request
 .text.__metal_driver_riscv_clint0_clear_interrupt
                0x000000002040244e       0x34 /home/albertojor/GitHub/freedom-e-sdk/bsp/freedom-e310-arty-xmem/install/lib/debug//libmetal.a(libriscv__mmachine__freedom-e310-arty-xmem_a-riscv_clint0.o)
                0x000000002040244e                __metal_driver_riscv_clint0_clear_interrupt
 .text.__metal_driver_riscv_clint0_set_interrupt
                0x0000000020402482       0x34 /home/albertojor/GitHub/freedom-e-sdk/bsp/freedom-e310-arty-xmem/install/lib/debug//libmetal.a(libriscv__mmachine__freedom-e310-arty-xmem_a-riscv_clint0.o)
                0x0000000020402482                __metal_driver_riscv_clint0_set_interrupt
 .text.__metal_driver_cpu_hartid
                0x00000000204024b6       0x24 /home/albertojor/GitHub/freedom-e-sdk/bsp/freedom-e310-arty-xmem/install/lib/debug//libmetal.a(libriscv__mmachine__freedom-e310-arty-xmem_a-riscv_cpu.o)
 .text.__metal_driver_cpu_timebase
                0x00000000204024da       0x2a /home/albertojor/GitHub/freedom-e-sdk/bsp/freedom-e310-arty-xmem/install/lib/debug//libmetal.a(libriscv__mmachine__freedom-e310-arty-xmem_a-riscv_cpu.o)
 .text.__metal_driver_cpu_interrupt_controller
                0x0000000020402504       0x2a /home/albertojor/GitHub/freedom-e-sdk/bsp/freedom-e310-arty-xmem/install/lib/debug//libmetal.a(libriscv__mmachine__freedom-e310-arty-xmem_a-riscv_cpu.o)
 .text.__metal_driver_cpu_get
                0x000000002040252e       0x2c /home/albertojor/GitHub/freedom-e-sdk/bsp/freedom-e310-arty-xmem/install/lib/debug//libmetal.a(libriscv__mmachine__freedom-e310-arty-xmem_a-riscv_cpu.o)
                0x000000002040252e                __metal_driver_cpu_get
 .text.__metal_myhart_id
                0x000000002040255a       0x1a /home/albertojor/GitHub/freedom-e-sdk/bsp/freedom-e310-arty-xmem/install/lib/debug//libmetal.a(libriscv__mmachine__freedom-e310-arty-xmem_a-riscv_cpu.o)
                0x000000002040255a                __metal_myhart_id
 .text.__metal_interrupt_global_enable
                0x0000000020402574       0x18 /home/albertojor/GitHub/freedom-e-sdk/bsp/freedom-e310-arty-xmem/install/lib/debug//libmetal.a(libriscv__mmachine__freedom-e310-arty-xmem_a-riscv_cpu.o)
                0x0000000020402574                __metal_interrupt_global_enable
 .text.__metal_interrupt_global_disable
                0x000000002040258c       0x18 /home/albertojor/GitHub/freedom-e-sdk/bsp/freedom-e310-arty-xmem/install/lib/debug//libmetal.a(libriscv__mmachine__freedom-e310-arty-xmem_a-riscv_cpu.o)
                0x000000002040258c                __metal_interrupt_global_disable
 .text.__metal_interrupt_software_enable
                0x00000000204025a4       0x18 /home/albertojor/GitHub/freedom-e-sdk/bsp/freedom-e310-arty-xmem/install/lib/debug//libmetal.a(libriscv__mmachine__freedom-e310-arty-xmem_a-riscv_cpu.o)
                0x00000000204025a4                __metal_interrupt_software_enable
 .text.__metal_interrupt_software_disable
                0x00000000204025bc       0x18 /home/albertojor/GitHub/freedom-e-sdk/bsp/freedom-e310-arty-xmem/install/lib/debug//libmetal.a(libriscv__mmachine__freedom-e310-arty-xmem_a-riscv_cpu.o)
                0x00000000204025bc                __metal_interrupt_software_disable
 .text.__metal_interrupt_timer_enable
                0x00000000204025d4       0x1a /home/albertojor/GitHub/freedom-e-sdk/bsp/freedom-e310-arty-xmem/install/lib/debug//libmetal.a(libriscv__mmachine__freedom-e310-arty-xmem_a-riscv_cpu.o)
                0x00000000204025d4                __metal_interrupt_timer_enable
 .text.__metal_interrupt_timer_disable
                0x00000000204025ee       0x1a /home/albertojor/GitHub/freedom-e-sdk/bsp/freedom-e310-arty-xmem/install/lib/debug//libmetal.a(libriscv__mmachine__freedom-e310-arty-xmem_a-riscv_cpu.o)
                0x00000000204025ee                __metal_interrupt_timer_disable
 .text.__metal_interrupt_external_enable
                0x0000000020402608       0x1c /home/albertojor/GitHub/freedom-e-sdk/bsp/freedom-e310-arty-xmem/install/lib/debug//libmetal.a(libriscv__mmachine__freedom-e310-arty-xmem_a-riscv_cpu.o)
                0x0000000020402608                __metal_interrupt_external_enable
 .text.__metal_interrupt_external_disable
                0x0000000020402624       0x1c /home/albertojor/GitHub/freedom-e-sdk/bsp/freedom-e310-arty-xmem/install/lib/debug//libmetal.a(libriscv__mmachine__freedom-e310-arty-xmem_a-riscv_cpu.o)
                0x0000000020402624                __metal_interrupt_external_disable
 .text.__metal_interrupt_local_enable
                0x0000000020402640       0x2c /home/albertojor/GitHub/freedom-e-sdk/bsp/freedom-e310-arty-xmem/install/lib/debug//libmetal.a(libriscv__mmachine__freedom-e310-arty-xmem_a-riscv_cpu.o)
                0x0000000020402640                __metal_interrupt_local_enable
 .text.__metal_interrupt_local_disable
                0x000000002040266c       0x2c /home/albertojor/GitHub/freedom-e-sdk/bsp/freedom-e310-arty-xmem/install/lib/debug//libmetal.a(libriscv__mmachine__freedom-e310-arty-xmem_a-riscv_cpu.o)
                0x000000002040266c                __metal_interrupt_local_disable
 .text.__metal_default_exception_handler
                0x0000000020402698       0x18 /home/albertojor/GitHub/freedom-e-sdk/bsp/freedom-e310-arty-xmem/install/lib/debug//libmetal.a(libriscv__mmachine__freedom-e310-arty-xmem_a-riscv_cpu.o)
                0x0000000020402698                __metal_default_exception_handler
 .text.__metal_default_interrupt_handler
                0x00000000204026b0       0x18 /home/albertojor/GitHub/freedom-e-sdk/bsp/freedom-e310-arty-xmem/install/lib/debug//libmetal.a(libriscv__mmachine__freedom-e310-arty-xmem_a-riscv_cpu.o)
                0x00000000204026b0                __metal_default_interrupt_handler
 .text.metal_interrupt_vector_handler
                0x00000000204026c8       0x2e /home/albertojor/GitHub/freedom-e-sdk/bsp/freedom-e310-arty-xmem/install/lib/debug//libmetal.a(libriscv__mmachine__freedom-e310-arty-xmem_a-riscv_cpu.o)
                0x00000000204026c8                metal_interrupt_vector_handler
 .text.metal_software_interrupt_vector_handler
                0x00000000204026f6       0x8e /home/albertojor/GitHub/freedom-e-sdk/bsp/freedom-e310-arty-xmem/install/lib/debug//libmetal.a(libriscv__mmachine__freedom-e310-arty-xmem_a-riscv_cpu.o)
                0x00000000204026f6                metal_software_interrupt_vector_handler
 .text.__metal_default_sw_handler
                0x0000000020402784       0x64 /home/albertojor/GitHub/freedom-e-sdk/bsp/freedom-e310-arty-xmem/install/lib/debug//libmetal.a(libriscv__mmachine__freedom-e310-arty-xmem_a-riscv_cpu.o)
                0x0000000020402784                __metal_default_sw_handler
 .text.metal_timer_interrupt_vector_handler
                0x00000000204027e8       0x8e /home/albertojor/GitHub/freedom-e-sdk/bsp/freedom-e310-arty-xmem/install/lib/debug//libmetal.a(libriscv__mmachine__freedom-e310-arty-xmem_a-riscv_cpu.o)
                0x00000000204027e8                metal_timer_interrupt_vector_handler
 .text.__metal_default_timer_handler
                0x0000000020402876       0x66 /home/albertojor/GitHub/freedom-e-sdk/bsp/freedom-e310-arty-xmem/install/lib/debug//libmetal.a(libriscv__mmachine__freedom-e310-arty-xmem_a-riscv_cpu.o)
                0x0000000020402876                __metal_default_timer_handler
 *fill*         0x00000000204028dc       0x24 
 .text.__metal_exception_handler
                0x0000000020402900      0x174 /home/albertojor/GitHub/freedom-e-sdk/bsp/freedom-e310-arty-xmem/install/lib/debug//libmetal.a(libriscv__mmachine__freedom-e310-arty-xmem_a-riscv_cpu.o)
                0x0000000020402900                __metal_exception_handler
 .text.metal_lc0_interrupt_vector_handler
                0x0000000020402a74       0x92 /home/albertojor/GitHub/freedom-e-sdk/bsp/freedom-e310-arty-xmem/install/lib/debug//libmetal.a(libriscv__mmachine__freedom-e310-arty-xmem_a-riscv_cpu.o)
                0x0000000020402a74                metal_lc0_interrupt_vector_handler
 .text.metal_lc1_interrupt_vector_handler
                0x0000000020402b06       0x92 /home/albertojor/GitHub/freedom-e-sdk/bsp/freedom-e310-arty-xmem/install/lib/debug//libmetal.a(libriscv__mmachine__freedom-e310-arty-xmem_a-riscv_cpu.o)
                0x0000000020402b06                metal_lc1_interrupt_vector_handler
 .text.metal_lc2_interrupt_vector_handler
                0x0000000020402b98       0x92 /home/albertojor/GitHub/freedom-e-sdk/bsp/freedom-e310-arty-xmem/install/lib/debug//libmetal.a(libriscv__mmachine__freedom-e310-arty-xmem_a-riscv_cpu.o)
                0x0000000020402b98                metal_lc2_interrupt_vector_handler
 .text.metal_lc3_interrupt_vector_handler
                0x0000000020402c2a       0x92 /home/albertojor/GitHub/freedom-e-sdk/bsp/freedom-e310-arty-xmem/install/lib/debug//libmetal.a(libriscv__mmachine__freedom-e310-arty-xmem_a-riscv_cpu.o)
                0x0000000020402c2a                metal_lc3_interrupt_vector_handler
 .text.metal_lc4_interrupt_vector_handler
                0x0000000020402cbc       0x92 /home/albertojor/GitHub/freedom-e-sdk/bsp/freedom-e310-arty-xmem/install/lib/debug//libmetal.a(libriscv__mmachine__freedom-e310-arty-xmem_a-riscv_cpu.o)
                0x0000000020402cbc                metal_lc4_interrupt_vector_handler
 .text.metal_lc5_interrupt_vector_handler
                0x0000000020402d4e       0x92 /home/albertojor/GitHub/freedom-e-sdk/bsp/freedom-e310-arty-xmem/install/lib/debug//libmetal.a(libriscv__mmachine__freedom-e310-arty-xmem_a-riscv_cpu.o)
                0x0000000020402d4e                metal_lc5_interrupt_vector_handler
 .text.metal_lc6_interrupt_vector_handler
                0x0000000020402de0       0x92 /home/albertojor/GitHub/freedom-e-sdk/bsp/freedom-e310-arty-xmem/install/lib/debug//libmetal.a(libriscv__mmachine__freedom-e310-arty-xmem_a-riscv_cpu.o)
                0x0000000020402de0                metal_lc6_interrupt_vector_handler
 .text.metal_lc7_interrupt_vector_handler
                0x0000000020402e72       0x92 /home/albertojor/GitHub/freedom-e-sdk/bsp/freedom-e310-arty-xmem/install/lib/debug//libmetal.a(libriscv__mmachine__freedom-e310-arty-xmem_a-riscv_cpu.o)
                0x0000000020402e72                metal_lc7_interrupt_vector_handler
 .text.metal_lc8_interrupt_vector_handler
                0x0000000020402f04       0x92 /home/albertojor/GitHub/freedom-e-sdk/bsp/freedom-e310-arty-xmem/install/lib/debug//libmetal.a(libriscv__mmachine__freedom-e310-arty-xmem_a-riscv_cpu.o)
                0x0000000020402f04                metal_lc8_interrupt_vector_handler
 .text.metal_lc9_interrupt_vector_handler
                0x0000000020402f96       0x92 /home/albertojor/GitHub/freedom-e-sdk/bsp/freedom-e310-arty-xmem/install/lib/debug//libmetal.a(libriscv__mmachine__freedom-e310-arty-xmem_a-riscv_cpu.o)
                0x0000000020402f96                metal_lc9_interrupt_vector_handler
 .text.metal_lc10_interrupt_vector_handler
                0x0000000020403028       0x92 /home/albertojor/GitHub/freedom-e-sdk/bsp/freedom-e310-arty-xmem/install/lib/debug//libmetal.a(libriscv__mmachine__freedom-e310-arty-xmem_a-riscv_cpu.o)
                0x0000000020403028                metal_lc10_interrupt_vector_handler
 .text.metal_lc11_interrupt_vector_handler
                0x00000000204030ba       0x92 /home/albertojor/GitHub/freedom-e-sdk/bsp/freedom-e310-arty-xmem/install/lib/debug//libmetal.a(libriscv__mmachine__freedom-e310-arty-xmem_a-riscv_cpu.o)
                0x00000000204030ba                metal_lc11_interrupt_vector_handler
 .text.metal_lc12_interrupt_vector_handler
                0x000000002040314c       0x92 /home/albertojor/GitHub/freedom-e-sdk/bsp/freedom-e310-arty-xmem/install/lib/debug//libmetal.a(libriscv__mmachine__freedom-e310-arty-xmem_a-riscv_cpu.o)
                0x000000002040314c                metal_lc12_interrupt_vector_handler
 .text.metal_lc13_interrupt_vector_handler
                0x00000000204031de       0x92 /home/albertojor/GitHub/freedom-e-sdk/bsp/freedom-e310-arty-xmem/install/lib/debug//libmetal.a(libriscv__mmachine__freedom-e310-arty-xmem_a-riscv_cpu.o)
                0x00000000204031de                metal_lc13_interrupt_vector_handler
 .text.metal_lc14_interrupt_vector_handler
                0x0000000020403270       0x92 /home/albertojor/GitHub/freedom-e-sdk/bsp/freedom-e310-arty-xmem/install/lib/debug//libmetal.a(libriscv__mmachine__freedom-e310-arty-xmem_a-riscv_cpu.o)
                0x0000000020403270                metal_lc14_interrupt_vector_handler
 .text.metal_lc15_interrupt_vector_handler
                0x0000000020403302       0x92 /home/albertojor/GitHub/freedom-e-sdk/bsp/freedom-e310-arty-xmem/install/lib/debug//libmetal.a(libriscv__mmachine__freedom-e310-arty-xmem_a-riscv_cpu.o)
                0x0000000020403302                metal_lc15_interrupt_vector_handler
 .text.__metal_controller_interrupt_vector_mode
                0x0000000020403394       0x50 /home/albertojor/GitHub/freedom-e-sdk/bsp/freedom-e310-arty-xmem/install/lib/debug//libmetal.a(libriscv__mmachine__freedom-e310-arty-xmem_a-riscv_cpu.o)
                0x0000000020403394                __metal_controller_interrupt_vector_mode
 .text.__metal_controller_interrupt_vector
                0x00000000204033e4       0x98 /home/albertojor/GitHub/freedom-e-sdk/bsp/freedom-e310-arty-xmem/install/lib/debug//libmetal.a(libriscv__mmachine__freedom-e310-arty-xmem_a-riscv_cpu.o)
                0x00000000204033e4                __metal_controller_interrupt_vector
 .text.__metal_valid_interrupt_id
                0x000000002040347c       0x38 /home/albertojor/GitHub/freedom-e-sdk/bsp/freedom-e310-arty-xmem/install/lib/debug//libmetal.a(libriscv__mmachine__freedom-e310-arty-xmem_a-riscv_cpu.o)
                0x000000002040347c                __metal_valid_interrupt_id
 .text.__metal_local_interrupt_enable
                0x00000000204034b4       0xbc /home/albertojor/GitHub/freedom-e-sdk/bsp/freedom-e310-arty-xmem/install/lib/debug//libmetal.a(libriscv__mmachine__freedom-e310-arty-xmem_a-riscv_cpu.o)
                0x00000000204034b4                __metal_local_interrupt_enable
 .text.__metal_exception_register
                0x0000000020403570       0x4e /home/albertojor/GitHub/freedom-e-sdk/bsp/freedom-e310-arty-xmem/install/lib/debug//libmetal.a(libriscv__mmachine__freedom-e310-arty-xmem_a-riscv_cpu.o)
                0x0000000020403570                __metal_exception_register
 .text.__metal_driver_riscv_cpu_controller_interrupt_init
                0x00000000204035be      0x13e /home/albertojor/GitHub/freedom-e-sdk/bsp/freedom-e310-arty-xmem/install/lib/debug//libmetal.a(libriscv__mmachine__freedom-e310-arty-xmem_a-riscv_cpu.o)
                0x00000000204035be                __metal_driver_riscv_cpu_controller_interrupt_init
 .text.__metal_driver_riscv_cpu_controller_interrupt_register
                0x00000000204036fc      0x14e /home/albertojor/GitHub/freedom-e-sdk/bsp/freedom-e310-arty-xmem/install/lib/debug//libmetal.a(libriscv__mmachine__freedom-e310-arty-xmem_a-riscv_cpu.o)
                0x00000000204036fc                __metal_driver_riscv_cpu_controller_interrupt_register
 .text.__metal_driver_riscv_cpu_controller_interrupt_enable
                0x000000002040384a       0x2a /home/albertojor/GitHub/freedom-e-sdk/bsp/freedom-e310-arty-xmem/install/lib/debug//libmetal.a(libriscv__mmachine__freedom-e310-arty-xmem_a-riscv_cpu.o)
                0x000000002040384a                __metal_driver_riscv_cpu_controller_interrupt_enable
 .text.__metal_driver_riscv_cpu_controller_interrupt_disable
                0x0000000020403874       0x2a /home/albertojor/GitHub/freedom-e-sdk/bsp/freedom-e310-arty-xmem/install/lib/debug//libmetal.a(libriscv__mmachine__freedom-e310-arty-xmem_a-riscv_cpu.o)
                0x0000000020403874                __metal_driver_riscv_cpu_controller_interrupt_disable
 .text.__metal_driver_riscv_cpu_controller_get_vector_mode
                0x000000002040389e       0x1c /home/albertojor/GitHub/freedom-e-sdk/bsp/freedom-e310-arty-xmem/install/lib/debug//libmetal.a(libriscv__mmachine__freedom-e310-arty-xmem_a-riscv_cpu.o)
                0x000000002040389e                __metal_driver_riscv_cpu_controller_get_vector_mode
 .text.__metal_driver_riscv_cpu_controller_set_vector_mode
                0x00000000204038ba       0x5c /home/albertojor/GitHub/freedom-e-sdk/bsp/freedom-e310-arty-xmem/install/lib/debug//libmetal.a(libriscv__mmachine__freedom-e310-arty-xmem_a-riscv_cpu.o)
                0x00000000204038ba                __metal_driver_riscv_cpu_controller_set_vector_mode
 .text.__metal_driver_riscv_cpu_controller_command_request
                0x0000000020403916       0x1c /home/albertojor/GitHub/freedom-e-sdk/bsp/freedom-e310-arty-xmem/install/lib/debug//libmetal.a(libriscv__mmachine__freedom-e310-arty-xmem_a-riscv_cpu.o)
                0x0000000020403916                __metal_driver_riscv_cpu_controller_command_request
 .text.__metal_driver_cpu_mcycle_get
                0x0000000020403932       0x72 /home/albertojor/GitHub/freedom-e-sdk/bsp/freedom-e310-arty-xmem/install/lib/debug//libmetal.a(libriscv__mmachine__freedom-e310-arty-xmem_a-riscv_cpu.o)
                0x0000000020403932                __metal_driver_cpu_mcycle_get
 .text.__metal_driver_cpu_timebase_get
                0x00000000204039a4       0x46 /home/albertojor/GitHub/freedom-e-sdk/bsp/freedom-e310-arty-xmem/install/lib/debug//libmetal.a(libriscv__mmachine__freedom-e310-arty-xmem_a-riscv_cpu.o)
                0x00000000204039a4                __metal_driver_cpu_timebase_get
 .text.__metal_driver_cpu_mtime_get
                0x00000000204039ea       0x66 /home/albertojor/GitHub/freedom-e-sdk/bsp/freedom-e310-arty-xmem/install/lib/debug//libmetal.a(libriscv__mmachine__freedom-e310-arty-xmem_a-riscv_cpu.o)
                0x00000000204039ea                __metal_driver_cpu_mtime_get
 .text.__metal_driver_cpu_mtimecmp_set
                0x0000000020403a50       0x76 /home/albertojor/GitHub/freedom-e-sdk/bsp/freedom-e310-arty-xmem/install/lib/debug//libmetal.a(libriscv__mmachine__freedom-e310-arty-xmem_a-riscv_cpu.o)
                0x0000000020403a50                __metal_driver_cpu_mtimecmp_set
 .text.__metal_driver_cpu_timer_controller_interrupt
                0x0000000020403ac6       0x16 /home/albertojor/GitHub/freedom-e-sdk/bsp/freedom-e310-arty-xmem/install/lib/debug//libmetal.a(libriscv__mmachine__freedom-e310-arty-xmem_a-riscv_cpu.o)
                0x0000000020403ac6                __metal_driver_cpu_timer_controller_interrupt
 .text.__metal_driver_cpu_get_timer_interrupt_id
                0x0000000020403adc       0x14 /home/albertojor/GitHub/freedom-e-sdk/bsp/freedom-e310-arty-xmem/install/lib/debug//libmetal.a(libriscv__mmachine__freedom-e310-arty-xmem_a-riscv_cpu.o)
                0x0000000020403adc                __metal_driver_cpu_get_timer_interrupt_id
 .text.__metal_driver_cpu_sw_controller_interrupt
                0x0000000020403af0       0x16 /home/albertojor/GitHub/freedom-e-sdk/bsp/freedom-e310-arty-xmem/install/lib/debug//libmetal.a(libriscv__mmachine__freedom-e310-arty-xmem_a-riscv_cpu.o)
                0x0000000020403af0                __metal_driver_cpu_sw_controller_interrupt
 .text.__metal_driver_cpu_get_sw_interrupt_id
                0x0000000020403b06       0x14 /home/albertojor/GitHub/freedom-e-sdk/bsp/freedom-e310-arty-xmem/install/lib/debug//libmetal.a(libriscv__mmachine__freedom-e310-arty-xmem_a-riscv_cpu.o)
                0x0000000020403b06                __metal_driver_cpu_get_sw_interrupt_id
 .text.__metal_driver_cpu_set_sw_ipi
                0x0000000020403b1a       0x62 /home/albertojor/GitHub/freedom-e-sdk/bsp/freedom-e310-arty-xmem/install/lib/debug//libmetal.a(libriscv__mmachine__freedom-e310-arty-xmem_a-riscv_cpu.o)
                0x0000000020403b1a                __metal_driver_cpu_set_sw_ipi
 .text.__metal_driver_cpu_clear_sw_ipi
                0x0000000020403b7c       0x62 /home/albertojor/GitHub/freedom-e-sdk/bsp/freedom-e310-arty-xmem/install/lib/debug//libmetal.a(libriscv__mmachine__freedom-e310-arty-xmem_a-riscv_cpu.o)
                0x0000000020403b7c                __metal_driver_cpu_clear_sw_ipi
 .text.__metal_driver_cpu_get_msip
                0x0000000020403bde       0x60 /home/albertojor/GitHub/freedom-e-sdk/bsp/freedom-e310-arty-xmem/install/lib/debug//libmetal.a(libriscv__mmachine__freedom-e310-arty-xmem_a-riscv_cpu.o)
                0x0000000020403bde                __metal_driver_cpu_get_msip
 .text.__metal_driver_cpu_controller_interrupt
                0x0000000020403c3e       0x20 /home/albertojor/GitHub/freedom-e-sdk/bsp/freedom-e310-arty-xmem/install/lib/debug//libmetal.a(libriscv__mmachine__freedom-e310-arty-xmem_a-riscv_cpu.o)
                0x0000000020403c3e                __metal_driver_cpu_controller_interrupt
 .text.__metal_driver_cpu_exception_register
                0x0000000020403c5e       0x46 /home/albertojor/GitHub/freedom-e-sdk/bsp/freedom-e310-arty-xmem/install/lib/debug//libmetal.a(libriscv__mmachine__freedom-e310-arty-xmem_a-riscv_cpu.o)
                0x0000000020403c5e                __metal_driver_cpu_exception_register
 .text.__metal_driver_cpu_get_instruction_length
                0x0000000020403ca4       0x2e /home/albertojor/GitHub/freedom-e-sdk/bsp/freedom-e310-arty-xmem/install/lib/debug//libmetal.a(libriscv__mmachine__freedom-e310-arty-xmem_a-riscv_cpu.o)
                0x0000000020403ca4                __metal_driver_cpu_get_instruction_length
 .text.__metal_driver_cpu_get_exception_pc
                0x0000000020403cd2       0x1e /home/albertojor/GitHub/freedom-e-sdk/bsp/freedom-e310-arty-xmem/install/lib/debug//libmetal.a(libriscv__mmachine__freedom-e310-arty-xmem_a-riscv_cpu.o)
                0x0000000020403cd2                __metal_driver_cpu_get_exception_pc
 .text.__metal_driver_cpu_set_exception_pc
                0x0000000020403cf0       0x20 /home/albertojor/GitHub/freedom-e-sdk/bsp/freedom-e310-arty-xmem/install/lib/debug//libmetal.a(libriscv__mmachine__freedom-e310-arty-xmem_a-riscv_cpu.o)
                0x0000000020403cf0                __metal_driver_cpu_set_exception_pc
 .text.__metal_driver_sifive_plic0_control_base
                0x0000000020403d10       0x2a /home/albertojor/GitHub/freedom-e-sdk/bsp/freedom-e310-arty-xmem/install/lib/debug//libmetal.a(libriscv__mmachine__freedom-e310-arty-xmem_a-riscv_plic0.o)
 .text.__metal_driver_sifive_plic0_num_interrupts
                0x0000000020403d3a       0x28 /home/albertojor/GitHub/freedom-e-sdk/bsp/freedom-e310-arty-xmem/install/lib/debug//libmetal.a(libriscv__mmachine__freedom-e310-arty-xmem_a-riscv_plic0.o)
 .text.__metal_driver_sifive_plic0_max_priority
                0x0000000020403d62       0x28 /home/albertojor/GitHub/freedom-e-sdk/bsp/freedom-e310-arty-xmem/install/lib/debug//libmetal.a(libriscv__mmachine__freedom-e310-arty-xmem_a-riscv_plic0.o)
 .text.__metal_driver_sifive_plic0_interrupt_parents
                0x0000000020403d8a       0x28 /home/albertojor/GitHub/freedom-e-sdk/bsp/freedom-e310-arty-xmem/install/lib/debug//libmetal.a(libriscv__mmachine__freedom-e310-arty-xmem_a-riscv_plic0.o)
 .text.__metal_driver_sifive_plic0_interrupt_lines
                0x0000000020403db2       0x22 /home/albertojor/GitHub/freedom-e-sdk/bsp/freedom-e310-arty-xmem/install/lib/debug//libmetal.a(libriscv__mmachine__freedom-e310-arty-xmem_a-riscv_plic0.o)
 .text.__metal_plic0_claim_interrupt
                0x0000000020403dd4       0x2e /home/albertojor/GitHub/freedom-e-sdk/bsp/freedom-e310-arty-xmem/install/lib/debug//libmetal.a(libriscv__mmachine__freedom-e310-arty-xmem_a-riscv_plic0.o)
                0x0000000020403dd4                __metal_plic0_claim_interrupt
 .text.__metal_plic0_complete_interrupt
                0x0000000020403e02       0x38 /home/albertojor/GitHub/freedom-e-sdk/bsp/freedom-e310-arty-xmem/install/lib/debug//libmetal.a(libriscv__mmachine__freedom-e310-arty-xmem_a-riscv_plic0.o)
                0x0000000020403e02                __metal_plic0_complete_interrupt
 .text.__metal_plic0_set_threshold
                0x0000000020403e3a       0x38 /home/albertojor/GitHub/freedom-e-sdk/bsp/freedom-e310-arty-xmem/install/lib/debug//libmetal.a(libriscv__mmachine__freedom-e310-arty-xmem_a-riscv_plic0.o)
                0x0000000020403e3a                __metal_plic0_set_threshold
 .text.__metal_plic0_get_threshold
                0x0000000020403e72       0x2c /home/albertojor/GitHub/freedom-e-sdk/bsp/freedom-e310-arty-xmem/install/lib/debug//libmetal.a(libriscv__mmachine__freedom-e310-arty-xmem_a-riscv_plic0.o)
                0x0000000020403e72                __metal_plic0_get_threshold
 .text.__metal_plic0_set_priority
                0x0000000020403e9e       0x62 /home/albertojor/GitHub/freedom-e-sdk/bsp/freedom-e310-arty-xmem/install/lib/debug//libmetal.a(libriscv__mmachine__freedom-e310-arty-xmem_a-riscv_plic0.o)
                0x0000000020403e9e                __metal_plic0_set_priority
 .text.__metal_plic0_get_priority
                0x0000000020403f00       0x34 /home/albertojor/GitHub/freedom-e-sdk/bsp/freedom-e310-arty-xmem/install/lib/debug//libmetal.a(libriscv__mmachine__freedom-e310-arty-xmem_a-riscv_plic0.o)
                0x0000000020403f00                __metal_plic0_get_priority
 .text.__metal_plic0_enable
                0x0000000020403f34       0x8c /home/albertojor/GitHub/freedom-e-sdk/bsp/freedom-e310-arty-xmem/install/lib/debug//libmetal.a(libriscv__mmachine__freedom-e310-arty-xmem_a-riscv_plic0.o)
                0x0000000020403f34                __metal_plic0_enable
 .text.__metal_plic0_default_handler
                0x0000000020403fc0       0x18 /home/albertojor/GitHub/freedom-e-sdk/bsp/freedom-e310-arty-xmem/install/lib/debug//libmetal.a(libriscv__mmachine__freedom-e310-arty-xmem_a-riscv_plic0.o)
                0x0000000020403fc0                __metal_plic0_default_handler
 .text.__metal_plic0_handler
                0x0000000020403fd8       0x8e /home/albertojor/GitHub/freedom-e-sdk/bsp/freedom-e310-arty-xmem/install/lib/debug//libmetal.a(libriscv__mmachine__freedom-e310-arty-xmem_a-riscv_plic0.o)
                0x0000000020403fd8                __metal_plic0_handler
 .text.__metal_driver_riscv_plic0_init
                0x0000000020404066      0x13c /home/albertojor/GitHub/freedom-e-sdk/bsp/freedom-e310-arty-xmem/install/lib/debug//libmetal.a(libriscv__mmachine__freedom-e310-arty-xmem_a-riscv_plic0.o)
                0x0000000020404066                __metal_driver_riscv_plic0_init
 .text.__metal_driver_riscv_plic0_register
                0x00000000204041a2       0xc0 /home/albertojor/GitHub/freedom-e-sdk/bsp/freedom-e310-arty-xmem/install/lib/debug//libmetal.a(libriscv__mmachine__freedom-e310-arty-xmem_a-riscv_plic0.o)
                0x00000000204041a2                __metal_driver_riscv_plic0_register
 .text.__metal_driver_riscv_plic0_enable
                0x0000000020404262       0x48 /home/albertojor/GitHub/freedom-e-sdk/bsp/freedom-e310-arty-xmem/install/lib/debug//libmetal.a(libriscv__mmachine__freedom-e310-arty-xmem_a-riscv_plic0.o)
                0x0000000020404262                __metal_driver_riscv_plic0_enable
 .text.__metal_driver_riscv_plic0_disable
                0x00000000204042aa       0x48 /home/albertojor/GitHub/freedom-e-sdk/bsp/freedom-e310-arty-xmem/install/lib/debug//libmetal.a(libriscv__mmachine__freedom-e310-arty-xmem_a-riscv_plic0.o)
                0x00000000204042aa                __metal_driver_riscv_plic0_disable
 .text.__metal_driver_sifive_gpio0_base
                0x00000000204042f2       0x26 /home/albertojor/GitHub/freedom-e-sdk/bsp/freedom-e310-arty-xmem/install/lib/debug//libmetal.a(libriscv__mmachine__freedom-e310-arty-xmem_a-sifive_gpio0.o)
 .text.__metal_driver_sifive_gpio0_interrupt_parent
                0x0000000020404318       0x2a /home/albertojor/GitHub/freedom-e-sdk/bsp/freedom-e310-arty-xmem/install/lib/debug//libmetal.a(libriscv__mmachine__freedom-e310-arty-xmem_a-sifive_gpio0.o)
 .text.__metal_driver_sifive_gpio0_interrupt_lines
                0x0000000020404342      0x1b4 /home/albertojor/GitHub/freedom-e-sdk/bsp/freedom-e310-arty-xmem/install/lib/debug//libmetal.a(libriscv__mmachine__freedom-e310-arty-xmem_a-sifive_gpio0.o)
 .text.__metal_driver_sifive_gpio0_enable_input
                0x00000000204044f6       0x3e /home/albertojor/GitHub/freedom-e-sdk/bsp/freedom-e310-arty-xmem/install/lib/debug//libmetal.a(libriscv__mmachine__freedom-e310-arty-xmem_a-sifive_gpio0.o)
                0x00000000204044f6                __metal_driver_sifive_gpio0_enable_input
 .text.__metal_driver_sifive_gpio0_disable_input
                0x0000000020404534       0x44 /home/albertojor/GitHub/freedom-e-sdk/bsp/freedom-e310-arty-xmem/install/lib/debug//libmetal.a(libriscv__mmachine__freedom-e310-arty-xmem_a-sifive_gpio0.o)
                0x0000000020404534                __metal_driver_sifive_gpio0_disable_input
 .text.__metal_driver_sifive_gpio0_input
                0x0000000020404578       0x28 /home/albertojor/GitHub/freedom-e-sdk/bsp/freedom-e310-arty-xmem/install/lib/debug//libmetal.a(libriscv__mmachine__freedom-e310-arty-xmem_a-sifive_gpio0.o)
                0x0000000020404578                __metal_driver_sifive_gpio0_input
 .text.__metal_driver_sifive_gpio0_output
                0x00000000204045a0       0x2a /home/albertojor/GitHub/freedom-e-sdk/bsp/freedom-e310-arty-xmem/install/lib/debug//libmetal.a(libriscv__mmachine__freedom-e310-arty-xmem_a-sifive_gpio0.o)
                0x00000000204045a0                __metal_driver_sifive_gpio0_output
 .text.__metal_driver_sifive_gpio0_disable_output
                0x00000000204045ca       0x46 /home/albertojor/GitHub/freedom-e-sdk/bsp/freedom-e310-arty-xmem/install/lib/debug//libmetal.a(libriscv__mmachine__freedom-e310-arty-xmem_a-sifive_gpio0.o)
                0x00000000204045ca                __metal_driver_sifive_gpio0_disable_output
 .text.__metal_driver_sifive_gpio0_enable_output
                0x0000000020404610       0x40 /home/albertojor/GitHub/freedom-e-sdk/bsp/freedom-e310-arty-xmem/install/lib/debug//libmetal.a(libriscv__mmachine__freedom-e310-arty-xmem_a-sifive_gpio0.o)
                0x0000000020404610                __metal_driver_sifive_gpio0_enable_output
 .text.__metal_driver_sifive_gpio0_output_set
                0x0000000020404650       0x40 /home/albertojor/GitHub/freedom-e-sdk/bsp/freedom-e310-arty-xmem/install/lib/debug//libmetal.a(libriscv__mmachine__freedom-e310-arty-xmem_a-sifive_gpio0.o)
                0x0000000020404650                __metal_driver_sifive_gpio0_output_set
 .text.__metal_driver_sifive_gpio0_output_clear
                0x0000000020404690       0x46 /home/albertojor/GitHub/freedom-e-sdk/bsp/freedom-e310-arty-xmem/install/lib/debug//libmetal.a(libriscv__mmachine__freedom-e310-arty-xmem_a-sifive_gpio0.o)
                0x0000000020404690                __metal_driver_sifive_gpio0_output_clear
 .text.__metal_driver_sifive_gpio0_output_toggle
                0x00000000204046d6       0x40 /home/albertojor/GitHub/freedom-e-sdk/bsp/freedom-e310-arty-xmem/install/lib/debug//libmetal.a(libriscv__mmachine__freedom-e310-arty-xmem_a-sifive_gpio0.o)
                0x00000000204046d6                __metal_driver_sifive_gpio0_output_toggle
 .text.__metal_driver_sifive_gpio0_enable_io
                0x0000000020404716       0x68 /home/albertojor/GitHub/freedom-e-sdk/bsp/freedom-e310-arty-xmem/install/lib/debug//libmetal.a(libriscv__mmachine__freedom-e310-arty-xmem_a-sifive_gpio0.o)
                0x0000000020404716                __metal_driver_sifive_gpio0_enable_io
 .text.__metal_driver_sifive_gpio0_disable_io
                0x000000002040477e       0x4a /home/albertojor/GitHub/freedom-e-sdk/bsp/freedom-e310-arty-xmem/install/lib/debug//libmetal.a(libriscv__mmachine__freedom-e310-arty-xmem_a-sifive_gpio0.o)
                0x000000002040477e                __metal_driver_sifive_gpio0_disable_io
 .text.__metal_driver_sifive_gpio0_config_int
                0x00000000204047c8      0x206 /home/albertojor/GitHub/freedom-e-sdk/bsp/freedom-e310-arty-xmem/install/lib/debug//libmetal.a(libriscv__mmachine__freedom-e310-arty-xmem_a-sifive_gpio0.o)
                0x00000000204047c8                __metal_driver_sifive_gpio0_config_int
 .text.__metal_driver_sifive_gpio0_clear_int
                0x00000000204049ce      0x188 /home/albertojor/GitHub/freedom-e-sdk/bsp/freedom-e310-arty-xmem/install/lib/debug//libmetal.a(libriscv__mmachine__freedom-e310-arty-xmem_a-sifive_gpio0.o)
                0x00000000204049ce                __metal_driver_sifive_gpio0_clear_int
 .text.__metal_driver_gpio_interrupt_controller
                0x0000000020404b56       0x20 /home/albertojor/GitHub/freedom-e-sdk/bsp/freedom-e310-arty-xmem/install/lib/debug//libmetal.a(libriscv__mmachine__freedom-e310-arty-xmem_a-sifive_gpio0.o)
                0x0000000020404b56                __metal_driver_gpio_interrupt_controller
 .text.__metal_driver_gpio_get_interrupt_id
                0x0000000020404b76       0x2e /home/albertojor/GitHub/freedom-e-sdk/bsp/freedom-e310-arty-xmem/install/lib/debug//libmetal.a(libriscv__mmachine__freedom-e310-arty-xmem_a-sifive_gpio0.o)
                0x0000000020404b76                __metal_driver_gpio_get_interrupt_id
 .text.__metal_driver_sifive_uart0_control_base
                0x0000000020404ba4       0x2a /home/albertojor/GitHub/freedom-e-sdk/bsp/freedom-e310-arty-xmem/install/lib/debug//libmetal.a(libriscv__mmachine__freedom-e310-arty-xmem_a-sifive_uart0.o)
 .text.__metal_driver_sifive_uart0_interrupt_parent
                0x0000000020404bce       0x2e /home/albertojor/GitHub/freedom-e-sdk/bsp/freedom-e310-arty-xmem/install/lib/debug//libmetal.a(libriscv__mmachine__freedom-e310-arty-xmem_a-sifive_uart0.o)
 .text.__metal_driver_sifive_uart0_interrupt_line
                0x0000000020404bfc       0x28 /home/albertojor/GitHub/freedom-e-sdk/bsp/freedom-e310-arty-xmem/install/lib/debug//libmetal.a(libriscv__mmachine__freedom-e310-arty-xmem_a-sifive_uart0.o)
 .text.__metal_driver_sifive_uart0_clock
                0x0000000020404c24       0x2e /home/albertojor/GitHub/freedom-e-sdk/bsp/freedom-e310-arty-xmem/install/lib/debug//libmetal.a(libriscv__mmachine__freedom-e310-arty-xmem_a-sifive_uart0.o)
 .text.__metal_driver_sifive_uart0_pinmux
                0x0000000020404c52       0x2a /home/albertojor/GitHub/freedom-e-sdk/bsp/freedom-e310-arty-xmem/install/lib/debug//libmetal.a(libriscv__mmachine__freedom-e310-arty-xmem_a-sifive_uart0.o)
 .text.__metal_driver_sifive_uart0_pinmux_output_selector
                0x0000000020404c7c       0x2a /home/albertojor/GitHub/freedom-e-sdk/bsp/freedom-e310-arty-xmem/install/lib/debug//libmetal.a(libriscv__mmachine__freedom-e310-arty-xmem_a-sifive_uart0.o)
 .text.__metal_driver_sifive_uart0_pinmux_source_selector
                0x0000000020404ca6       0x2a /home/albertojor/GitHub/freedom-e-sdk/bsp/freedom-e310-arty-xmem/install/lib/debug//libmetal.a(libriscv__mmachine__freedom-e310-arty-xmem_a-sifive_uart0.o)
 .text.__metal_driver_sifive_uart0_interrupt_controller
                0x0000000020404cd0       0x1e /home/albertojor/GitHub/freedom-e-sdk/bsp/freedom-e310-arty-xmem/install/lib/debug//libmetal.a(libriscv__mmachine__freedom-e310-arty-xmem_a-sifive_uart0.o)
                0x0000000020404cd0                __metal_driver_sifive_uart0_interrupt_controller
 .text.__metal_driver_sifive_uart0_get_interrupt_id
                0x0000000020404cee       0x22 /home/albertojor/GitHub/freedom-e-sdk/bsp/freedom-e310-arty-xmem/install/lib/debug//libmetal.a(libriscv__mmachine__freedom-e310-arty-xmem_a-sifive_uart0.o)
                0x0000000020404cee                __metal_driver_sifive_uart0_get_interrupt_id
 .text.__metal_driver_sifive_uart0_txready
                0x0000000020404d10       0x32 /home/albertojor/GitHub/freedom-e-sdk/bsp/freedom-e310-arty-xmem/install/lib/debug//libmetal.a(libriscv__mmachine__freedom-e310-arty-xmem_a-sifive_uart0.o)
                0x0000000020404d10                __metal_driver_sifive_uart0_txready
 .text.__metal_driver_sifive_uart0_putc
                0x0000000020404d42       0x3e /home/albertojor/GitHub/freedom-e-sdk/bsp/freedom-e310-arty-xmem/install/lib/debug//libmetal.a(libriscv__mmachine__freedom-e310-arty-xmem_a-sifive_uart0.o)
                0x0000000020404d42                __metal_driver_sifive_uart0_putc
 .text.__metal_driver_sifive_uart0_getc
                0x0000000020404d80       0x54 /home/albertojor/GitHub/freedom-e-sdk/bsp/freedom-e310-arty-xmem/install/lib/debug//libmetal.a(libriscv__mmachine__freedom-e310-arty-xmem_a-sifive_uart0.o)
                0x0000000020404d80                __metal_driver_sifive_uart0_getc
 .text.__metal_driver_sifive_uart0_get_baud_rate
                0x0000000020404dd4       0x20 /home/albertojor/GitHub/freedom-e-sdk/bsp/freedom-e310-arty-xmem/install/lib/debug//libmetal.a(libriscv__mmachine__freedom-e310-arty-xmem_a-sifive_uart0.o)
                0x0000000020404dd4                __metal_driver_sifive_uart0_get_baud_rate
 .text.__metal_driver_sifive_uart0_set_baud_rate
                0x0000000020404df4       0x9c /home/albertojor/GitHub/freedom-e-sdk/bsp/freedom-e310-arty-xmem/install/lib/debug//libmetal.a(libriscv__mmachine__freedom-e310-arty-xmem_a-sifive_uart0.o)
                0x0000000020404df4                __metal_driver_sifive_uart0_set_baud_rate
 .text.pre_rate_change_callback_func
                0x0000000020404e90       0xd8 /home/albertojor/GitHub/freedom-e-sdk/bsp/freedom-e310-arty-xmem/install/lib/debug//libmetal.a(libriscv__mmachine__freedom-e310-arty-xmem_a-sifive_uart0.o)
 .text.post_rate_change_callback_func
                0x0000000020404f68       0x30 /home/albertojor/GitHub/freedom-e-sdk/bsp/freedom-e310-arty-xmem/install/lib/debug//libmetal.a(libriscv__mmachine__freedom-e310-arty-xmem_a-sifive_uart0.o)
 .text.__metal_driver_sifive_uart0_init
                0x0000000020404f98       0xd2 /home/albertojor/GitHub/freedom-e-sdk/bsp/freedom-e310-arty-xmem/install/lib/debug//libmetal.a(libriscv__mmachine__freedom-e310-arty-xmem_a-sifive_uart0.o)
                0x0000000020404f98                __metal_driver_sifive_uart0_init
 .text._metal_clock_append_to_callbacks
                0x000000002040506a       0x54 /home/albertojor/GitHub/freedom-e-sdk/bsp/freedom-e310-arty-xmem/install/lib/debug//libmetal.a(libriscv__mmachine__freedom-e310-arty-xmem_a-clock.o)
                0x000000002040506a                _metal_clock_append_to_callbacks
 .text.metal_clock_register_pre_rate_change_callback
                0x00000000204050be       0x30 /home/albertojor/GitHub/freedom-e-sdk/bsp/freedom-e310-arty-xmem/install/lib/debug//libmetal.a(libriscv__mmachine__freedom-e310-arty-xmem_a-clock.o)
                0x00000000204050be                metal_clock_register_pre_rate_change_callback
 .text.metal_clock_register_post_rate_change_callback
                0x00000000204050ee       0x30 /home/albertojor/GitHub/freedom-e-sdk/bsp/freedom-e310-arty-xmem/install/lib/debug//libmetal.a(libriscv__mmachine__freedom-e310-arty-xmem_a-clock.o)
                0x00000000204050ee                metal_clock_register_post_rate_change_callback
 .text.metal_cpu_interrupt_controller
                0x000000002040511e       0x26 /home/albertojor/GitHub/freedom-e-sdk/bsp/freedom-e310-arty-xmem/install/lib/debug//libmetal.a(libriscv__mmachine__freedom-e310-arty-xmem_a-cpu.o)
                0x000000002040511e                metal_cpu_interrupt_controller
 .text.metal_cpu_get
                0x0000000020405144       0x2a /home/albertojor/GitHub/freedom-e-sdk/bsp/freedom-e310-arty-xmem/install/lib/debug//libmetal.a(libriscv__mmachine__freedom-e310-arty-xmem_a-cpu.o)
                0x0000000020405144                metal_cpu_get
 .text.metal_cpu_get_current_hartid
                0x000000002040516e       0x1a /home/albertojor/GitHub/freedom-e-sdk/bsp/freedom-e310-arty-xmem/install/lib/debug//libmetal.a(libriscv__mmachine__freedom-e310-arty-xmem_a-cpu.o)
                0x000000002040516e                metal_cpu_get_current_hartid
 .text.metal_shutdown
                0x0000000020405188        0xe /home/albertojor/GitHub/freedom-e-sdk/bsp/freedom-e310-arty-xmem/install/lib/debug//libmetal.a(libriscv__mmachine__freedom-e310-arty-xmem_a-shutdown.o)
                0x0000000020405188                metal_shutdown
 *fill*         0x0000000020405196       0x6a 
 .text          0x0000000020405200       0x80 /home/albertojor/GitHub/freedom-e-sdk/bsp/freedom-e310-arty-xmem/install/lib/debug//libmetal.a(libriscv__mmachine__freedom-e310-arty-xmem_a-vector.o)
                0x0000000020405200                __metal_vector_table
 .text.__metal_driver_fixed_clock_rate
                0x0000000020405280       0x2e /home/albertojor/GitHub/freedom-e-sdk/bsp/freedom-e310-arty-xmem/install/lib/debug//libmetal.a(libriscv__mmachine__freedom-e310-arty-xmem_a-fixed-clock.o)
 .text.__metal_driver_fixed_clock_get_rate_hz
                0x00000000204052ae       0x1e /home/albertojor/GitHub/freedom-e-sdk/bsp/freedom-e310-arty-xmem/install/lib/debug//libmetal.a(libriscv__mmachine__freedom-e310-arty-xmem_a-fixed-clock.o)
                0x00000000204052ae                __metal_driver_fixed_clock_get_rate_hz
 .text.__metal_driver_fixed_clock_set_rate_hz
                0x00000000204052cc       0x22 /home/albertojor/GitHub/freedom-e-sdk/bsp/freedom-e310-arty-xmem/install/lib/debug//libmetal.a(libriscv__mmachine__freedom-e310-arty-xmem_a-fixed-clock.o)
                0x00000000204052cc                __metal_driver_fixed_clock_set_rate_hz
 .text._exit    0x00000000204052ee       0x12 /home/albertojor/GitHub/freedom-e-sdk/bsp/freedom-e310-arty-xmem/install/lib/debug//libmetal-gloss.a(sys_exit.o)
                0x00000000204052ee                _exit
 *(.gnu.linkonce.t.*)
                [!provide]                        PROVIDE (__etext = .)
                [!provide]                        PROVIDE (_etext = .)
                [!provide]                        PROVIDE (etext = .)

.rodata         0x0000000020405300      0x440
 *(.rdata)
 *(.rodata .rodata.*)
 .rodata        0x0000000020405300       0x53 /tmp/ccMdAFs5.o
 *fill*         0x0000000020405353        0x1 
 .rodata.__sf_fake_stderr
                0x0000000020405354       0x20 /home/albertojor/riscv64-unknown-elf-gcc-8.3.0-2019.08.0-x86_64-linux-ubuntu14/bin/../lib/gcc/riscv64-unknown-elf/8.3.0/../../../../riscv64-unknown-elf/lib/rv32imac/ilp32/libc_nano.a(lib_a-findfp.o)
                0x0000000020405354                __sf_fake_stderr
 .rodata.__sf_fake_stdin
                0x0000000020405374       0x20 /home/albertojor/riscv64-unknown-elf-gcc-8.3.0-2019.08.0-x86_64-linux-ubuntu14/bin/../lib/gcc/riscv64-unknown-elf/8.3.0/../../../../riscv64-unknown-elf/lib/rv32imac/ilp32/libc_nano.a(lib_a-findfp.o)
                0x0000000020405374                __sf_fake_stdin
 .rodata.__sf_fake_stdout
                0x0000000020405394       0x20 /home/albertojor/riscv64-unknown-elf-gcc-8.3.0-2019.08.0-x86_64-linux-ubuntu14/bin/../lib/gcc/riscv64-unknown-elf/8.3.0/../../../../riscv64-unknown-elf/lib/rv32imac/ilp32/libc_nano.a(lib_a-findfp.o)
                0x0000000020405394                __sf_fake_stdout
 .rodata._vfprintf_r.str1.4
                0x00000000204053b4       0x13 /home/albertojor/riscv64-unknown-elf-gcc-8.3.0-2019.08.0-x86_64-linux-ubuntu14/bin/../lib/gcc/riscv64-unknown-elf/8.3.0/../../../../riscv64-unknown-elf/lib/rv32imac/ilp32/libc_nano.a(lib_a-nano-vfprintf.o)
 *fill*         0x00000000204053c7        0x1 
 .rodata._printf_i.str1.4
                0x00000000204053c8       0x28 /home/albertojor/riscv64-unknown-elf-gcc-8.3.0-2019.08.0-x86_64-linux-ubuntu14/bin/../lib/gcc/riscv64-unknown-elf/8.3.0/../../../../riscv64-unknown-elf/lib/rv32imac/ilp32/libc_nano.a(lib_a-nano-vfprintf_i.o)
                                         0x25 (size before relaxing)
 .rodata.libgloss.start
                0x00000000204053f0       0x11 /home/albertojor/GitHub/freedom-e-sdk/bsp/freedom-e310-arty-xmem/install/lib/debug//libmetal-gloss.a(crt0.o)
 *fill*         0x0000000020405401        0x3 
 .rodata.__metal_driver_vtable_riscv_clint0
                0x0000000020405404       0x4c /home/albertojor/GitHub/freedom-e-sdk/bsp/freedom-e310-arty-xmem/install/lib/debug//libmetal.a(libriscv__mmachine__freedom-e310-arty-xmem_a-riscv_clint0.o)
                0x0000000020405404                __metal_driver_vtable_riscv_clint0
 .rodata.__metal_controller_interrupt_vector
                0x0000000020405450       0x14 /home/albertojor/GitHub/freedom-e-sdk/bsp/freedom-e310-arty-xmem/install/lib/debug//libmetal.a(libriscv__mmachine__freedom-e310-arty-xmem_a-riscv_cpu.o)
 .rodata.__metal_valid_interrupt_id
                0x0000000020405464       0x74 /home/albertojor/GitHub/freedom-e-sdk/bsp/freedom-e310-arty-xmem/install/lib/debug//libmetal.a(libriscv__mmachine__freedom-e310-arty-xmem_a-riscv_cpu.o)
 .rodata.__metal_local_interrupt_enable
                0x00000000204054d8       0x80 /home/albertojor/GitHub/freedom-e-sdk/bsp/freedom-e310-arty-xmem/install/lib/debug//libmetal.a(libriscv__mmachine__freedom-e310-arty-xmem_a-riscv_cpu.o)
 .rodata.__metal_driver_riscv_cpu_controller_interrupt_register
                0x0000000020405558       0x74 /home/albertojor/GitHub/freedom-e-sdk/bsp/freedom-e310-arty-xmem/install/lib/debug//libmetal.a(libriscv__mmachine__freedom-e310-arty-xmem_a-riscv_cpu.o)
 .rodata.__metal_driver_vtable_riscv_cpu_intc
                0x00000000204055cc       0x4c /home/albertojor/GitHub/freedom-e-sdk/bsp/freedom-e310-arty-xmem/install/lib/debug//libmetal.a(libriscv__mmachine__freedom-e310-arty-xmem_a-riscv_cpu.o)
                0x00000000204055cc                __metal_driver_vtable_riscv_cpu_intc
 .rodata.__metal_driver_vtable_cpu
                0x0000000020405618       0x40 /home/albertojor/GitHub/freedom-e-sdk/bsp/freedom-e310-arty-xmem/install/lib/debug//libmetal.a(libriscv__mmachine__freedom-e310-arty-xmem_a-riscv_cpu.o)
                0x0000000020405618                __metal_driver_vtable_cpu
 .rodata.__metal_driver_vtable_riscv_plic0
                0x0000000020405658       0x4c /home/albertojor/GitHub/freedom-e-sdk/bsp/freedom-e310-arty-xmem/install/lib/debug//libmetal.a(libriscv__mmachine__freedom-e310-arty-xmem_a-riscv_plic0.o)
                0x0000000020405658                __metal_driver_vtable_riscv_plic0
 .rodata.__metal_driver_sifive_gpio0_config_int
                0x00000000204056a4       0x20 /home/albertojor/GitHub/freedom-e-sdk/bsp/freedom-e310-arty-xmem/install/lib/debug//libmetal.a(libriscv__mmachine__freedom-e310-arty-xmem_a-sifive_gpio0.o)
 .rodata.__metal_driver_sifive_gpio0_clear_int
                0x00000000204056c4       0x20 /home/albertojor/GitHub/freedom-e-sdk/bsp/freedom-e310-arty-xmem/install/lib/debug//libmetal.a(libriscv__mmachine__freedom-e310-arty-xmem_a-sifive_gpio0.o)
 .rodata.__metal_driver_vtable_sifive_gpio0
                0x00000000204056e4       0x3c /home/albertojor/GitHub/freedom-e-sdk/bsp/freedom-e310-arty-xmem/install/lib/debug//libmetal.a(libriscv__mmachine__freedom-e310-arty-xmem_a-sifive_gpio0.o)
                0x00000000204056e4                __metal_driver_vtable_sifive_gpio0
 .rodata.__metal_driver_vtable_sifive_uart0
                0x0000000020405720       0x20 /home/albertojor/GitHub/freedom-e-sdk/bsp/freedom-e310-arty-xmem/install/lib/debug//libmetal.a(libriscv__mmachine__freedom-e310-arty-xmem_a-sifive_uart0.o)
                0x0000000020405720                __metal_driver_vtable_sifive_uart0
 *(.gnu.linkonce.r.*)
                0x0000000020405740                . = ALIGN (0x8)
 *fill*         0x0000000020405740        0x0 
 *(.srodata.cst16)
 *(.srodata.cst8)
 *(.srodata.cst4)
 *(.srodata.cst2)
 *(.srodata .srodata.*)

.rela.dyn       0x0000000020405740        0x0
 .rela.text._vfprintf_r
                0x0000000020405740        0x0 /tmp/ccMdAFs5.o
 .rela.text._sbrk_r
                0x0000000020405740        0x0 /tmp/ccMdAFs5.o
 .rela.text._write_r
                0x0000000020405740        0x0 /tmp/ccMdAFs5.o
 .rela.text._close_r
                0x0000000020405740        0x0 /tmp/ccMdAFs5.o
 .rela.text._fstat_r
                0x0000000020405740        0x0 /tmp/ccMdAFs5.o
 .rela.text._isatty_r
                0x0000000020405740        0x0 /tmp/ccMdAFs5.o
 .rela.text._lseek_r
                0x0000000020405740        0x0 /tmp/ccMdAFs5.o
 .rela.text._read_r
                0x0000000020405740        0x0 /tmp/ccMdAFs5.o
 .rela.text.metal.init.enter
                0x0000000020405740        0x0 /tmp/ccMdAFs5.o
 .rela.text.libgloss.start
                0x0000000020405740        0x0 /tmp/ccMdAFs5.o
 .rela.sdata.brk
                0x0000000020405740        0x0 /tmp/ccMdAFs5.o
 .rela.text._sbrk
                0x0000000020405740        0x0 /tmp/ccMdAFs5.o
 .rela.text.__libc_fini_array
                0x0000000020405740        0x0 /tmp/ccMdAFs5.o
 .rela.text.__libc_init_array
                0x0000000020405740        0x0 /tmp/ccMdAFs5.o
 .rela.text.__register_exitproc
                0x0000000020405740        0x0 /tmp/ccMdAFs5.o
 .rela.text.__metal_driver_cpu_get
                0x0000000020405740        0x0 /tmp/ccMdAFs5.o
 .rela.text.metal_software_interrupt_vector_handler
                0x0000000020405740        0x0 /tmp/ccMdAFs5.o
 .rela.text.__metal_default_sw_handler
                0x0000000020405740        0x0 /tmp/ccMdAFs5.o
 .rela.text.metal_timer_interrupt_vector_handler
                0x0000000020405740        0x0 /tmp/ccMdAFs5.o
 .rela.text.__metal_exception_handler
                0x0000000020405740        0x0 /tmp/ccMdAFs5.o
 .rela.text.metal_lc0_interrupt_vector_handler
                0x0000000020405740        0x0 /tmp/ccMdAFs5.o
 .rela.text.metal_lc1_interrupt_vector_handler
                0x0000000020405740        0x0 /tmp/ccMdAFs5.o
 .rela.text.metal_lc2_interrupt_vector_handler
                0x0000000020405740        0x0 /tmp/ccMdAFs5.o
 .rela.text.metal_lc3_interrupt_vector_handler
                0x0000000020405740        0x0 /tmp/ccMdAFs5.o
 .rela.text.metal_lc4_interrupt_vector_handler
                0x0000000020405740        0x0 /tmp/ccMdAFs5.o
 .rela.text.metal_lc5_interrupt_vector_handler
                0x0000000020405740        0x0 /tmp/ccMdAFs5.o
 .rela.text.metal_lc6_interrupt_vector_handler
                0x0000000020405740        0x0 /tmp/ccMdAFs5.o
 .rela.text.metal_lc7_interrupt_vector_handler
                0x0000000020405740        0x0 /tmp/ccMdAFs5.o
 .rela.text.metal_lc8_interrupt_vector_handler
                0x0000000020405740        0x0 /tmp/ccMdAFs5.o
 .rela.text.metal_lc9_interrupt_vector_handler
                0x0000000020405740        0x0 /tmp/ccMdAFs5.o
 .rela.text.metal_lc10_interrupt_vector_handler
                0x0000000020405740        0x0 /tmp/ccMdAFs5.o
 .rela.text.metal_lc11_interrupt_vector_handler
                0x0000000020405740        0x0 /tmp/ccMdAFs5.o
 .rela.text.metal_lc12_interrupt_vector_handler
                0x0000000020405740        0x0 /tmp/ccMdAFs5.o
 .rela.text.metal_lc13_interrupt_vector_handler
                0x0000000020405740        0x0 /tmp/ccMdAFs5.o
 .rela.text.metal_lc14_interrupt_vector_handler
                0x0000000020405740        0x0 /tmp/ccMdAFs5.o
 .rela.text.metal_lc15_interrupt_vector_handler
                0x0000000020405740        0x0 /tmp/ccMdAFs5.o
 .rela.text.metal_cpu_get
                0x0000000020405740        0x0 /tmp/ccMdAFs5.o
 .rela.text     0x0000000020405740        0x0 /tmp/ccMdAFs5.o
                0x0000000020405740                . = ALIGN (0x8)

.preinit_array  0x0000000020405740        0x0
                0x0000000020405740                PROVIDE (__preinit_array_start = .)
 *(.preinit_array)
                0x0000000020405740                PROVIDE (__preinit_array_end = .)

.init_array     0x0000000020405740        0x4
                0x0000000020405740                PROVIDE (__init_array_start = .)
 *(SORT_BY_INIT_PRIORITY(.init_array.*) SORT_BY_INIT_PRIORITY(.ctors.*))
 *(.init_array EXCLUDE_FILE(*crtend?.o *crtend.o *crtbegin?.o *crtbegin.o) .ctors)
 .init_array    0x0000000020405740        0x4 /home/albertojor/GitHub/freedom-e-sdk/bsp/freedom-e310-arty-xmem/install/lib/debug//libmetal.a(libriscv__mmachine__freedom-e310-arty-xmem_a-tty.o)
                0x0000000020405744                PROVIDE (__init_array_end = .)

.fini_array     0x0000000020405744        0x0
                0x0000000020405744                PROVIDE (__fini_array_start = .)
 *(SORT_BY_INIT_PRIORITY(.fini_array.*) SORT_BY_INIT_PRIORITY(.dtors.*))
 *(.fini_array EXCLUDE_FILE(*crtend?.o *crtend.o *crtbegin?.o *crtbegin.o) .dtors)
                0x0000000020405744                PROVIDE (__fini_array_end = .)

.ctors
 *crtbegin.o(.ctors)
 *crtbegin?.o(.ctors)
 *(EXCLUDE_FILE(*crtend?.o *crtend.o) .ctors)
 *(SORT_BY_NAME(.ctors.*))
 *(.ctors)

.dtors
 *crtbegin.o(.dtors)
 *crtbegin?.o(.dtors)
 *(EXCLUDE_FILE(*crtend?.o *crtend.o) .dtors)
 *(SORT_BY_NAME(.dtors.*))
 *(.dtors)

.itim           0x0000000008000000        0x0 load address 0x0000000020405748
 *(.itim .itim.*)
                0x0000000020405748                PROVIDE (metal_segment_itim_source_start = LOADADDR (.itim))
                0x0000000008000000                PROVIDE (metal_segment_itim_target_start = ADDR (.itim))
                0x0000000008000000                PROVIDE (metal_segment_itim_target_end = (ADDR (.itim) + SIZEOF (.itim)))

.data           0x0000000080000000      0x770 load address 0x0000000020405748
 *(.data .data.*)
 .data.impure_data
                0x0000000080000000       0x60 /home/albertojor/riscv64-unknown-elf-gcc-8.3.0-2019.08.0-x86_64-linux-ubuntu14/bin/../lib/gcc/riscv64-unknown-elf/8.3.0/../../../../riscv64-unknown-elf/lib/rv32imac/ilp32/libc_nano.a(lib_a-impure.o)
 .data.__metal_dt_clock_0
                0x0000000080000060        0xc /home/albertojor/GitHub/freedom-e-sdk/bsp/freedom-e310-arty-xmem/install/lib/debug//libmetal.a(libriscv__mmachine__freedom-e310-arty-xmem_a-inline.o)
                0x0000000080000060                __metal_dt_clock_0
 *fill*         0x000000008000006c        0x4 
 .data.__metal_dt_cpu_0_interrupt_controller
                0x0000000080000070      0x3b8 /home/albertojor/GitHub/freedom-e-sdk/bsp/freedom-e310-arty-xmem/install/lib/debug//libmetal.a(libriscv__mmachine__freedom-e310-arty-xmem_a-inline.o)
                0x0000000080000070                __metal_dt_cpu_0_interrupt_controller
 .data.__metal_dt_interrupt_controller_c000000
                0x0000000080000428      0x300 /home/albertojor/GitHub/freedom-e-sdk/bsp/freedom-e310-arty-xmem/install/lib/debug//libmetal.a(libriscv__mmachine__freedom-e310-arty-xmem_a-inline.o)
                0x0000000080000428                __metal_dt_interrupt_controller_c000000
 .data.__metal_dt_serial_10013000
                0x0000000080000728       0x20 /home/albertojor/GitHub/freedom-e-sdk/bsp/freedom-e310-arty-xmem/install/lib/debug//libmetal.a(libriscv__mmachine__freedom-e310-arty-xmem_a-inline.o)
                0x0000000080000728                __metal_dt_serial_10013000
 *(.gnu.linkonce.d.*)
                0x0000000080000748                . = ALIGN (0x8)
                0x0000000080000f48                PROVIDE (__global_pointer$ = (. + 0x800))
 *(.sdata .sdata.* .sdata2.*)
 .sdata._impure_ptr
                0x0000000080000748        0x4 /home/albertojor/riscv64-unknown-elf-gcc-8.3.0-2019.08.0-x86_64-linux-ubuntu14/bin/../lib/gcc/riscv64-unknown-elf/8.3.0/../../../../riscv64-unknown-elf/lib/rv32imac/ilp32/libc_nano.a(lib_a-impure.o)
                0x0000000080000748                _impure_ptr
 .sdata2._global_impure_ptr
                0x000000008000074c        0x4 /home/albertojor/riscv64-unknown-elf-gcc-8.3.0-2019.08.0-x86_64-linux-ubuntu14/bin/../lib/gcc/riscv64-unknown-elf/8.3.0/../../../../riscv64-unknown-elf/lib/rv32imac/ilp32/libc_nano.a(lib_a-impure.o)
                0x000000008000074c                _global_impure_ptr
 .sdata.brk     0x0000000080000750        0x4 /home/albertojor/GitHub/freedom-e-sdk/bsp/freedom-e310-arty-xmem/install/lib/debug//libmetal-gloss.a(sys_sbrk.o)
 .sdata.__metal_cpu_table
                0x0000000080000754        0x4 /home/albertojor/GitHub/freedom-e-sdk/bsp/freedom-e310-arty-xmem/install/lib/debug//libmetal.a(libriscv__mmachine__freedom-e310-arty-xmem_a-synchronize_harts.o)
                0x0000000080000754                __metal_cpu_table
 .sdata.__metal_dt_clint_2000000
                0x0000000080000758        0x8 /home/albertojor/GitHub/freedom-e-sdk/bsp/freedom-e310-arty-xmem/install/lib/debug//libmetal.a(libriscv__mmachine__freedom-e310-arty-xmem_a-inline.o)
                0x0000000080000758                __metal_dt_clint_2000000
 .sdata.__metal_dt_cpu_0
                0x0000000080000760        0x4 /home/albertojor/GitHub/freedom-e-sdk/bsp/freedom-e310-arty-xmem/install/lib/debug//libmetal.a(libriscv__mmachine__freedom-e310-arty-xmem_a-inline.o)
                0x0000000080000760                __metal_dt_cpu_0
 .sdata.__metal_dt_gpio_10012000
                0x0000000080000764        0x4 /home/albertojor/GitHub/freedom-e-sdk/bsp/freedom-e310-arty-xmem/install/lib/debug//libmetal.a(libriscv__mmachine__freedom-e310-arty-xmem_a-inline.o)
                0x0000000080000764                __metal_dt_gpio_10012000
 .sdata2.__metal_driver_vtable_fixed_clock
                0x0000000080000768        0x8 /home/albertojor/GitHub/freedom-e-sdk/bsp/freedom-e310-arty-xmem/install/lib/debug//libmetal.a(libriscv__mmachine__freedom-e310-arty-xmem_a-fixed-clock.o)
                0x0000000080000768                __metal_driver_vtable_fixed_clock
 *(.gnu.linkonce.s.*)
                0x0000000080000770                . = ALIGN (0x8)
 *(.srodata.cst16)
 *(.srodata.cst8)
 *(.srodata.cst4)
 *(.srodata.cst2)
 *(.srodata .srodata.*)
                0x0000000080000770                . = ALIGN (0x8)
 *(.rdata)
 *(.rodata .rodata.*)
 *(.gnu.linkonce.r.*)
                0x0000000020405748                PROVIDE (metal_segment_data_source_start = LOADADDR (.data))
                0x0000000080000000                PROVIDE (metal_segment_data_target_start = ADDR (.data))
                0x0000000080000770                PROVIDE (metal_segment_data_target_end = (ADDR (.data) + SIZEOF (.data)))

.bss            0x0000000080000770      0x54c
 *(.sbss*)
 .sbss.__malloc_free_list
                0x0000000080000770        0x4 /home/albertojor/riscv64-unknown-elf-gcc-8.3.0-2019.08.0-x86_64-linux-ubuntu14/bin/../lib/gcc/riscv64-unknown-elf/8.3.0/../../../../riscv64-unknown-elf/lib/rv32imac/ilp32/libc_nano.a(lib_a-nano-mallocr.o)
                0x0000000080000770                __malloc_free_list
 .sbss.__malloc_sbrk_start
                0x0000000080000774        0x4 /home/albertojor/riscv64-unknown-elf-gcc-8.3.0-2019.08.0-x86_64-linux-ubuntu14/bin/../lib/gcc/riscv64-unknown-elf/8.3.0/../../../../riscv64-unknown-elf/lib/rv32imac/ilp32/libc_nano.a(lib_a-nano-mallocr.o)
                0x0000000080000774                __malloc_sbrk_start
 .sbss._global_atexit
                0x0000000080000778        0x4 /home/albertojor/riscv64-unknown-elf-gcc-8.3.0-2019.08.0-x86_64-linux-ubuntu14/bin/../lib/gcc/riscv64-unknown-elf/8.3.0/../../../../riscv64-unknown-elf/lib/rv32imac/ilp32/libc_nano.a(lib_a-__call_atexit.o)
                0x0000000080000778                _global_atexit
 *(.gnu.linkonce.sb.*)
 *(.bss .bss.*)
 .bss.sa        0x000000008000077c      0x190 /tmp/ccMdAFs5.o
 .bss.sb        0x000000008000090c      0x190 /tmp/ccMdAFs5.o
 .bss.sc        0x0000000080000a9c      0x190 /tmp/ccMdAFs5.o
 .bss._global_atexit0
                0x0000000080000c2c       0x8c /home/albertojor/riscv64-unknown-elf-gcc-8.3.0-2019.08.0-x86_64-linux-ubuntu14/bin/../lib/gcc/riscv64-unknown-elf/8.3.0/../../../../riscv64-unknown-elf/lib/rv32imac/ilp32/libc_nano.a(lib_a-__atexit.o)
 *(.gnu.linkonce.b.*)
 *(COMMON)
 COMMON         0x0000000080000cb8        0x4 /home/albertojor/riscv64-unknown-elf-gcc-8.3.0-2019.08.0-x86_64-linux-ubuntu14/bin/../lib/gcc/riscv64-unknown-elf/8.3.0/../../../../riscv64-unknown-elf/lib/rv32imac/ilp32/libc_nano.a(lib_a-reent.o)
                0x0000000080000cb8                errno
                0x0000000080000770                PROVIDE (metal_segment_bss_target_start = ADDR (.bss))
                0x0000000080000cbc                PROVIDE (metal_segment_bss_target_end = (ADDR (.bss) + SIZEOF (.bss)))

.stack          0x0000000080000cbc      0x400
                [!provide]                        PROVIDE (metal_segment_stack_begin = .)
                0x00000000800010bc                . = (. + __stack_size)
 *fill*         0x0000000080000cbc      0x400 
                0x00000000800010bc                PROVIDE (_sp = .)
                [!provide]                        PROVIDE (metal_segment_stack_end = .)

.heap           0x00000000800010bc      0x800
                0x00000000800010bc                PROVIDE (metal_segment_heap_target_start = .)
                0x0000000000000800                . = __heap_size
 *fill*         0x00000000800010bc      0x800 
                0x00000000800018bc                PROVIDE (metal_segment_heap_target_end = .)
                [!provide]                        PROVIDE (_heap_end = .)
OUTPUT(matmul elf32-littleriscv)

.debug_info     0x0000000000000000    0x14262
 .debug_info    0x0000000000000000      0xb58 /tmp/ccMdAFs5.o
 .debug_info    0x0000000000000b58       0x22 /home/albertojor/GitHub/freedom-e-sdk/bsp/freedom-e310-arty-xmem/install/lib/debug//libmetal.a(libriscv__mmachine__freedom-e310-arty-xmem_a-entry.o)
 .debug_info    0x0000000000000b7a       0x26 /home/albertojor/GitHub/freedom-e-sdk/bsp/freedom-e310-arty-xmem/install/lib/debug//libmetal-gloss.a(crt0.o)
 .debug_info    0x0000000000000ba0      0x969 /home/albertojor/GitHub/freedom-e-sdk/bsp/freedom-e310-arty-xmem/install/lib/debug//libmetal-gloss.a(sys_close.o)
 .debug_info    0x0000000000001509      0xbac /home/albertojor/GitHub/freedom-e-sdk/bsp/freedom-e310-arty-xmem/install/lib/debug//libmetal-gloss.a(sys_fstat.o)
 .debug_info    0x00000000000020b5       0xf4 /home/albertojor/GitHub/freedom-e-sdk/bsp/freedom-e310-arty-xmem/install/lib/debug//libmetal-gloss.a(sys_isatty.o)
 .debug_info    0x00000000000021a9      0x99f /home/albertojor/GitHub/freedom-e-sdk/bsp/freedom-e310-arty-xmem/install/lib/debug//libmetal-gloss.a(sys_lseek.o)
 .debug_info    0x0000000000002b48      0x99f /home/albertojor/GitHub/freedom-e-sdk/bsp/freedom-e310-arty-xmem/install/lib/debug//libmetal-gloss.a(sys_read.o)
 .debug_info    0x00000000000034e7      0x117 /home/albertojor/GitHub/freedom-e-sdk/bsp/freedom-e310-arty-xmem/install/lib/debug//libmetal-gloss.a(sys_sbrk.o)
 .debug_info    0x00000000000035fe      0xa1e /home/albertojor/GitHub/freedom-e-sdk/bsp/freedom-e310-arty-xmem/install/lib/debug//libmetal-gloss.a(sys_write.o)
 .debug_info    0x000000000000401c     0x1257 /home/albertojor/GitHub/freedom-e-sdk/bsp/freedom-e310-arty-xmem/install/lib/debug//libmetal.a(libriscv__mmachine__freedom-e310-arty-xmem_a-synchronize_harts.o)
 .debug_info    0x0000000000005273     0x12cb /home/albertojor/GitHub/freedom-e-sdk/bsp/freedom-e310-arty-xmem/install/lib/debug//libmetal.a(libriscv__mmachine__freedom-e310-arty-xmem_a-tty.o)
 .debug_info    0x000000000000653e      0x5de /home/albertojor/GitHub/freedom-e-sdk/bsp/freedom-e310-arty-xmem/install/lib/debug//libmetal.a(libriscv__mmachine__freedom-e310-arty-xmem_a-uart.o)
 .debug_info    0x0000000000006b1c     0x123d /home/albertojor/GitHub/freedom-e-sdk/bsp/freedom-e310-arty-xmem/install/lib/debug//libmetal.a(libriscv__mmachine__freedom-e310-arty-xmem_a-inline.o)
 .debug_info    0x0000000000007d59     0x18e6 /home/albertojor/GitHub/freedom-e-sdk/bsp/freedom-e310-arty-xmem/install/lib/debug//libmetal.a(libriscv__mmachine__freedom-e310-arty-xmem_a-riscv_clint0.o)
 .debug_info    0x000000000000963f     0x271f /home/albertojor/GitHub/freedom-e-sdk/bsp/freedom-e310-arty-xmem/install/lib/debug//libmetal.a(libriscv__mmachine__freedom-e310-arty-xmem_a-riscv_cpu.o)
 .debug_info    0x000000000000bd5e     0x1788 /home/albertojor/GitHub/freedom-e-sdk/bsp/freedom-e310-arty-xmem/install/lib/debug//libmetal.a(libriscv__mmachine__freedom-e310-arty-xmem_a-riscv_plic0.o)
 .debug_info    0x000000000000d4e6     0x1717 /home/albertojor/GitHub/freedom-e-sdk/bsp/freedom-e310-arty-xmem/install/lib/debug//libmetal.a(libriscv__mmachine__freedom-e310-arty-xmem_a-sifive_gpio0.o)
 .debug_info    0x000000000000ebfd     0x1786 /home/albertojor/GitHub/freedom-e-sdk/bsp/freedom-e310-arty-xmem/install/lib/debug//libmetal.a(libriscv__mmachine__freedom-e310-arty-xmem_a-sifive_uart0.o)
 .debug_info    0x0000000000010383      0x2c7 /home/albertojor/GitHub/freedom-e-sdk/bsp/freedom-e310-arty-xmem/install/lib/debug//libmetal.a(libriscv__mmachine__freedom-e310-arty-xmem_a-clock.o)
 .debug_info    0x000000000001064a     0x15c6 /home/albertojor/GitHub/freedom-e-sdk/bsp/freedom-e310-arty-xmem/install/lib/debug//libmetal.a(libriscv__mmachine__freedom-e310-arty-xmem_a-cpu.o)
 .debug_info    0x0000000000011c10     0x1302 /home/albertojor/GitHub/freedom-e-sdk/bsp/freedom-e310-arty-xmem/install/lib/debug//libmetal.a(libriscv__mmachine__freedom-e310-arty-xmem_a-shutdown.o)
 .debug_info    0x0000000000012f12       0x26 /home/albertojor/GitHub/freedom-e-sdk/bsp/freedom-e310-arty-xmem/install/lib/debug//libmetal.a(libriscv__mmachine__freedom-e310-arty-xmem_a-vector.o)
 .debug_info    0x0000000000012f38     0x12db /home/albertojor/GitHub/freedom-e-sdk/bsp/freedom-e310-arty-xmem/install/lib/debug//libmetal.a(libriscv__mmachine__freedom-e310-arty-xmem_a-fixed-clock.o)
 .debug_info    0x0000000000014213       0x4f /home/albertojor/GitHub/freedom-e-sdk/bsp/freedom-e310-arty-xmem/install/lib/debug//libmetal-gloss.a(sys_exit.o)

.debug_abbrev   0x0000000000000000     0x2708
 .debug_abbrev  0x0000000000000000      0x234 /tmp/ccMdAFs5.o
 .debug_abbrev  0x0000000000000234       0x12 /home/albertojor/GitHub/freedom-e-sdk/bsp/freedom-e310-arty-xmem/install/lib/debug//libmetal.a(libriscv__mmachine__freedom-e310-arty-xmem_a-entry.o)
 .debug_abbrev  0x0000000000000246       0x14 /home/albertojor/GitHub/freedom-e-sdk/bsp/freedom-e310-arty-xmem/install/lib/debug//libmetal-gloss.a(crt0.o)
 .debug_abbrev  0x000000000000025a      0x1a9 /home/albertojor/GitHub/freedom-e-sdk/bsp/freedom-e310-arty-xmem/install/lib/debug//libmetal-gloss.a(sys_close.o)
 .debug_abbrev  0x0000000000000403      0x1bc /home/albertojor/GitHub/freedom-e-sdk/bsp/freedom-e310-arty-xmem/install/lib/debug//libmetal-gloss.a(sys_fstat.o)
 .debug_abbrev  0x00000000000005bf       0x73 /home/albertojor/GitHub/freedom-e-sdk/bsp/freedom-e310-arty-xmem/install/lib/debug//libmetal-gloss.a(sys_isatty.o)
 .debug_abbrev  0x0000000000000632      0x1ba /home/albertojor/GitHub/freedom-e-sdk/bsp/freedom-e310-arty-xmem/install/lib/debug//libmetal-gloss.a(sys_lseek.o)
 .debug_abbrev  0x00000000000007ec      0x1ba /home/albertojor/GitHub/freedom-e-sdk/bsp/freedom-e310-arty-xmem/install/lib/debug//libmetal-gloss.a(sys_read.o)
 .debug_abbrev  0x00000000000009a6       0xb8 /home/albertojor/GitHub/freedom-e-sdk/bsp/freedom-e310-arty-xmem/install/lib/debug//libmetal-gloss.a(sys_sbrk.o)
 .debug_abbrev  0x0000000000000a5e      0x1ec /home/albertojor/GitHub/freedom-e-sdk/bsp/freedom-e310-arty-xmem/install/lib/debug//libmetal-gloss.a(sys_write.o)
 .debug_abbrev  0x0000000000000c4a      0x192 /home/albertojor/GitHub/freedom-e-sdk/bsp/freedom-e310-arty-xmem/install/lib/debug//libmetal.a(libriscv__mmachine__freedom-e310-arty-xmem_a-synchronize_harts.o)
 .debug_abbrev  0x0000000000000ddc      0x1dd /home/albertojor/GitHub/freedom-e-sdk/bsp/freedom-e310-arty-xmem/install/lib/debug//libmetal.a(libriscv__mmachine__freedom-e310-arty-xmem_a-tty.o)
 .debug_abbrev  0x0000000000000fb9      0x10c /home/albertojor/GitHub/freedom-e-sdk/bsp/freedom-e310-arty-xmem/install/lib/debug//libmetal.a(libriscv__mmachine__freedom-e310-arty-xmem_a-uart.o)