Archive member included to satisfy reference by file (symbol)

/home/albertojor/riscv64-unknown-elf-gcc-8.3.0-2019.08.0-x86_64-linux-ubuntu14/bin/../lib/gcc/riscv64-unknown-elf/8.3.0/../../../../riscv64-unknown-elf/lib/rv32imac/ilp32/libc_nano.a(lib_a-printf.o)
                              /tmp/ccBbPOra.o (printf)
/home/albertojor/riscv64-unknown-elf-gcc-8.3.0-2019.08.0-x86_64-linux-ubuntu14/bin/../lib/gcc/riscv64-unknown-elf/8.3.0/../../../../riscv64-unknown-elf/lib/rv32imac/ilp32/libc_nano.a(lib_a-putchar.o)
                              /tmp/ccBbPOra.o (putchar)
/home/albertojor/riscv64-unknown-elf-gcc-8.3.0-2019.08.0-x86_64-linux-ubuntu14/bin/../lib/gcc/riscv64-unknown-elf/8.3.0/../../../../riscv64-unknown-elf/lib/rv32imac/ilp32/libc_nano.a(lib_a-putc.o)
                              /home/albertojor/riscv64-unknown-elf-gcc-8.3.0-2019.08.0-x86_64-linux-ubuntu14/bin/../lib/gcc/riscv64-unknown-elf/8.3.0/../../../../riscv64-unknown-elf/lib/rv32imac/ilp32/libc_nano.a(lib_a-putchar.o) (_putc_r)
/home/albertojor/riscv64-unknown-elf-gcc-8.3.0-2019.08.0-x86_64-linux-ubuntu14/bin/../lib/gcc/riscv64-unknown-elf/8.3.0/../../../../riscv64-unknown-elf/lib/rv32imac/ilp32/libc_nano.a(lib_a-puts.o)
                              /tmp/ccBbPOra.o (puts)
/home/albertojor/riscv64-unknown-elf-gcc-8.3.0-2019.08.0-x86_64-linux-ubuntu14/bin/../lib/gcc/riscv64-unknown-elf/8.3.0/../../../../riscv64-unknown-elf/lib/rv32imac/ilp32/libc_nano.a(lib_a-wbuf.o)
                              /home/albertojor/riscv64-unknown-elf-gcc-8.3.0-2019.08.0-x86_64-linux-ubuntu14/bin/../lib/gcc/riscv64-unknown-elf/8.3.0/../../../../riscv64-unknown-elf/lib/rv32imac/ilp32/libc_nano.a(lib_a-putc.o) (__swbuf_r)
/home/albertojor/riscv64-unknown-elf-gcc-8.3.0-2019.08.0-x86_64-linux-ubuntu14/bin/../lib/gcc/riscv64-unknown-elf/8.3.0/../../../../riscv64-unknown-elf/lib/rv32imac/ilp32/libc_nano.a(lib_a-wsetup.o)
                              /home/albertojor/riscv64-unknown-elf-gcc-8.3.0-2019.08.0-x86_64-linux-ubuntu14/bin/../lib/gcc/riscv64-unknown-elf/8.3.0/../../../../riscv64-unknown-elf/lib/rv32imac/ilp32/libc_nano.a(lib_a-puts.o) (__swsetup_r)
/home/albertojor/riscv64-unknown-elf-gcc-8.3.0-2019.08.0-x86_64-linux-ubuntu14/bin/../lib/gcc/riscv64-unknown-elf/8.3.0/../../../../riscv64-unknown-elf/lib/rv32imac/ilp32/libc_nano.a(lib_a-fflush.o)
                              /home/albertojor/riscv64-unknown-elf-gcc-8.3.0-2019.08.0-x86_64-linux-ubuntu14/bin/../lib/gcc/riscv64-unknown-elf/8.3.0/../../../../riscv64-unknown-elf/lib/rv32imac/ilp32/libc_nano.a(lib_a-wbuf.o) (_fflush_r)
/home/albertojor/riscv64-unknown-elf-gcc-8.3.0-2019.08.0-x86_64-linux-ubuntu14/bin/../lib/gcc/riscv64-unknown-elf/8.3.0/../../../../riscv64-unknown-elf/lib/rv32imac/ilp32/libc_nano.a(lib_a-findfp.o)
                              /home/albertojor/riscv64-unknown-elf-gcc-8.3.0-2019.08.0-x86_64-linux-ubuntu14/bin/../lib/gcc/riscv64-unknown-elf/8.3.0/../../../../riscv64-unknown-elf/lib/rv32imac/ilp32/libc_nano.a(lib_a-printf.o) (__sinit)
/home/albertojor/riscv64-unknown-elf-gcc-8.3.0-2019.08.0-x86_64-linux-ubuntu14/bin/../lib/gcc/riscv64-unknown-elf/8.3.0/../../../../riscv64-unknown-elf/lib/rv32imac/ilp32/libc_nano.a(lib_a-fwalk.o)
                              /home/albertojor/riscv64-unknown-elf-gcc-8.3.0-2019.08.0-x86_64-linux-ubuntu14/bin/../lib/gcc/riscv64-unknown-elf/8.3.0/../../../../riscv64-unknown-elf/lib/rv32imac/ilp32/libc_nano.a(lib_a-findfp.o) (_fwalk)
/home/albertojor/riscv64-unknown-elf-gcc-8.3.0-2019.08.0-x86_64-linux-ubuntu14/bin/../lib/gcc/riscv64-unknown-elf/8.3.0/../../../../riscv64-unknown-elf/lib/rv32imac/ilp32/libc_nano.a(lib_a-impure.o)
                              /home/albertojor/riscv64-unknown-elf-gcc-8.3.0-2019.08.0-x86_64-linux-ubuntu14/bin/../lib/gcc/riscv64-unknown-elf/8.3.0/../../../../riscv64-unknown-elf/lib/rv32imac/ilp32/libc_nano.a(lib_a-fflush.o) (_global_impure_ptr)
/home/albertojor/riscv64-unknown-elf-gcc-8.3.0-2019.08.0-x86_64-linux-ubuntu14/bin/../lib/gcc/riscv64-unknown-elf/8.3.0/../../../../riscv64-unknown-elf/lib/rv32imac/ilp32/libc_nano.a(lib_a-makebuf.o)
                              /home/albertojor/riscv64-unknown-elf-gcc-8.3.0-2019.08.0-x86_64-linux-ubuntu14/bin/../lib/gcc/riscv64-unknown-elf/8.3.0/../../../../riscv64-unknown-elf/lib/rv32imac/ilp32/libc_nano.a(lib_a-wsetup.o) (__smakebuf_r)
/home/albertojor/riscv64-unknown-elf-gcc-8.3.0-2019.08.0-x86_64-linux-ubuntu14/bin/../lib/gcc/riscv64-unknown-elf/8.3.0/../../../../riscv64-unknown-elf/lib/rv32imac/ilp32/libc_nano.a(lib_a-memset.o)
                              /home/albertojor/riscv64-unknown-elf-gcc-8.3.0-2019.08.0-x86_64-linux-ubuntu14/bin/../lib/gcc/riscv64-unknown-elf/8.3.0/../../../../riscv64-unknown-elf/lib/rv32imac/ilp32/libc_nano.a(lib_a-findfp.o) (memset)
/home/albertojor/riscv64-unknown-elf-gcc-8.3.0-2019.08.0-x86_64-linux-ubuntu14/bin/../lib/gcc/riscv64-unknown-elf/8.3.0/../../../../riscv64-unknown-elf/lib/rv32imac/ilp32/libc_nano.a(lib_a-nano-freer.o)
[...]
Memory Configuration

Name             Origin             Length             Attributes
flash            0x0000000020400000 0x000000001fc00000 axrl !w
itim             0x0000000008000000 0x0000000000004000 xw !arl
ram              0x0000000080000000 0x0000000000004000 axw !rl
*default*        0x0000000000000000 0xffffffffffffffff

Linker script and memory map

LOAD /tmp/ccBbPOra.o
START GROUP
LOAD /home/albertojor/riscv64-unknown-elf-gcc-8.3.0-2019.08.0-x86_64-linux-ubuntu14/bin/../lib/gcc/riscv64-unknown-elf/8.3.0/../../../../riscv64-unknown-elf/lib/rv32imac/ilp32/libc_nano.a
LOAD /home/albertojor/riscv64-unknown-elf-gcc-8.3.0-2019.08.0-x86_64-linux-ubuntu14/bin/../lib/gcc/riscv64-unknown-elf/8.3.0/rv32imac/ilp32/libgcc.a
LOAD /home/albertojor/riscv64-unknown-elf-gcc-8.3.0-2019.08.0-x86_64-linux-ubuntu14/bin/../lib/gcc/riscv64-unknown-elf/8.3.0/../../../../riscv64-unknown-elf/lib/rv32imac/ilp32/libm.a
LOAD /home/albertojor/GitHub/freedom-e-sdk/bsp/freedom-e310-arty/install/lib/debug//libmetal.a
LOAD /home/albertojor/GitHub/freedom-e-sdk/bsp/freedom-e310-arty/install/lib/debug//libmetal-gloss.a
END GROUP
                0x0000000000000400                __stack_size = DEFINED (__stack_size)?__stack_size:0x400
                [!provide]                        PROVIDE (__stack_size = __stack_size)
                0x0000000000000800                __heap_size = DEFINED (__heap_size)?__heap_size:0x800
                0x0000000000000000                PROVIDE (__metal_boot_hart = 0x0)
                0x0000000000000000                PROVIDE (__metal_chicken_bit = 0x0)

.init           0x0000000020400000      0x19e
 *(.text.metal.init.enter)
 .text.metal.init.enter
                0x0000000020400000       0x60 /home/albertojor/GitHub/freedom-e-sdk/bsp/freedom-e310-arty/install/lib/debug//libmetal.a(libriscv__mmachine__freedom-e310-arty_a-entry.o)
                0x0000000020400000                _enter
 *(.text.metal.init.*)
 *fill*         0x0000000020400060        0x0 
 .text.metal.init.trapvec
                0x0000000020400060        0xe /home/albertojor/GitHub/freedom-e-sdk/bsp/freedom-e310-arty/install/lib/debug//libmetal.a(libriscv__mmachine__freedom-e310-arty_a-entry.o)
 .text.metal.init.__register_frame_info
                0x000000002040006e        0x2 /home/albertojor/GitHub/freedom-e-sdk/bsp/freedom-e310-arty/install/lib/debug//libmetal.a(libriscv__mmachine__freedom-e310-arty_a-entry.o)
                0x000000002040006e                __register_frame_info
 *(SORT_NONE(.init))
 .init          0x0000000020400070        0xe /home/albertojor/GitHub/freedom-e-sdk/bsp/freedom-e310-arty/install/lib/debug//libmetal.a(libriscv__mmachine__freedom-e310-arty_a-synchronize_harts.o)
                0x0000000020400070                __metal_synchronize_harts
 *(.text.libgloss.start)
 .text.libgloss.start
                0x000000002040007e      0x120 /home/albertojor/GitHub/freedom-e-sdk/bsp/freedom-e310-arty/install/lib/debug//libmetal-gloss.a(crt0.o)
                0x000000002040007e                _start
                0x000000002040017c                _init
                0x000000002040017c                _fini
                0x000000002040017e                secondary_main

.fini
 *(SORT_NONE(.fini))

.text           0x0000000020400200     0x6d02
 *(.text.unlikely .text.unlikely.*)
 *(.text.startup .text.startup.*)
 *(.text .text.*)
 .text.AEAD_ENC
                0x0000000020400200       0xbc /tmp/ccBbPOra.o
                0x0000000020400200                AEAD_ENC
 .text.AEAD_DEC
                0x00000000204002bc       0xd6 /tmp/ccBbPOra.o
                0x00000000204002bc                AEAD_DEC
 .text.HASH     0x0000000020400392       0x4c /tmp/ccBbPOra.o
                0x0000000020400392                HASH
 .text.RAND     0x00000000204003de       0x32 /tmp/ccBbPOra.o
                0x00000000204003de                RAND
 .text.SEED     0x0000000020400410       0x20 /tmp/ccBbPOra.o
                0x0000000020400410                SEED
 .text.ROUND    0x0000000020400430      0x404 /tmp/ccBbPOra.o
 .text.P12      0x0000000020400834       0x8e /tmp/ccBbPOra.o
 .text.P6       0x00000000204008c2       0x52 /tmp/ccBbPOra.o
 .text.crypto_aead_encrypt
                0x0000000020400914      0x50e /tmp/ccBbPOra.o
                0x0000000020400914                crypto_aead_encrypt
 .text.crypto_aead_decrypt
                0x0000000020400e22      0x5a4 /tmp/ccBbPOra.o
                0x0000000020400e22                crypto_aead_decrypt
 .text.crypto_hash
                0x00000000204013c6      0x1fa /tmp/ccBbPOra.o
                0x00000000204013c6                crypto_hash
 .text.init_seed
                0x00000000204015c0       0x94 /tmp/ccBbPOra.o
                0x00000000204015c0                init_seed
 .text.rand_ascon
                0x0000000020401654       0x70 /tmp/ccBbPOra.o
                0x0000000020401654                rand_ascon
 .text.rdcycle  0x00000000204016c4       0x1e /tmp/ccBbPOra.o
                0x00000000204016c4                rdcycle
 .text.main     0x00000000204016e2      0xaa4 /tmp/ccBbPOra.o
                0x00000000204016e2                main
 .text.printf   0x0000000020402186       0x44 /home/albertojor/riscv64-unknown-elf-gcc-8.3.0-2019.08.0-x86_64-linux-ubuntu14/bin/../lib/gcc/riscv64-unknown-elf/8.3.0/../../../../riscv64-unknown-elf/lib/rv32imac/ilp32/libc_nano.a(lib_a-printf.o)
                0x0000000020402186                printf
                0x0000000020402186                iprintf
 .text._puts_r  0x00000000204021ca       0xda /home/albertojor/riscv64-unknown-elf-gcc-8.3.0-2019.08.0-x86_64-linux-ubuntu14/bin/../lib/gcc/riscv64-unknown-elf/8.3.0/../../../../riscv64-unknown-elf/lib/rv32imac/ilp32/libc_nano.a(lib_a-puts.o)
                0x00000000204021ca                _puts_r
 .text.puts     0x00000000204022a4        0xe /home/albertojor/riscv64-unknown-elf-gcc-8.3.0-2019.08.0-x86_64-linux-ubuntu14/bin/../lib/gcc/riscv64-unknown-elf/8.3.0/../../../../riscv64-unknown-elf/lib/rv32imac/ilp32/libc_nano.a(lib_a-puts.o)
                0x00000000204022a4                puts
 .text.__swbuf_r
                0x00000000204022b2       0xc0 /home/albertojor/riscv64-unknown-elf-gcc-8.3.0-2019.08.0-x86_64-linux-ubuntu14/bin/../lib/gcc/riscv64-unknown-elf/8.3.0/../../../../riscv64-unknown-elf/lib/rv32imac/ilp32/libc_nano.a(lib_a-wbuf.o)
                0x00000000204022b2                __swbuf_r
 .text.__swsetup_r
                0x0000000020402372      0x110 /home/albertojor/riscv64-unknown-elf-gcc-8.3.0-2019.08.0-x86_64-linux-ubuntu14/bin/../lib/gcc/riscv64-unknown-elf/8.3.0/../../../../riscv64-unknown-elf/lib/rv32imac/ilp32/libc_nano.a(lib_a-wsetup.o)
                0x0000000020402372                __swsetup_r
 .text.__sflush_r
                0x0000000020402482      0x14a /home/albertojor/riscv64-unknown-elf-gcc-8.3.0-2019.08.0-x86_64-linux-ubuntu14/bin/../lib/gcc/riscv64-unknown-elf/8.3.0/../../../../riscv64-unknown-elf/lib/rv32imac/ilp32/libc_nano.a(lib_a-fflush.o)
                0x0000000020402482                __sflush_r
 .text._fflush_r
                0x00000000204025cc       0x64 /home/albertojor/riscv64-unknown-elf-gcc-8.3.0-2019.08.0-x86_64-linux-ubuntu14/bin/../lib/gcc/riscv64-unknown-elf/8.3.0/../../../../riscv64-unknown-elf/lib/rv32imac/ilp32/libc_nano.a(lib_a-fflush.o)
                0x00000000204025cc                _fflush_r
 .text.std      0x0000000020402630       0x68 /home/albertojor/riscv64-unknown-elf-gcc-8.3.0-2019.08.0-x86_64-linux-ubuntu14/bin/../lib/gcc/riscv64-unknown-elf/8.3.0/../../../../riscv64-unknown-elf/lib/rv32imac/ilp32/libc_nano.a(lib_a-findfp.o)
 .text._cleanup_r
                0x0000000020402698        0xa /home/albertojor/riscv64-unknown-elf-gcc-8.3.0-2019.08.0-x86_64-linux-ubuntu14/bin/../lib/gcc/riscv64-unknown-elf/8.3.0/../../../../riscv64-unknown-elf/lib/rv32imac/ilp32/libc_nano.a(lib_a-findfp.o)
                0x0000000020402698                _cleanup_r
 .text.__sfmoreglue
                0x00000000204026a2       0x44 /home/albertojor/riscv64-unknown-elf-gcc-8.3.0-2019.08.0-x86_64-linux-ubuntu14/bin/../lib/gcc/riscv64-unknown-elf/8.3.0/../../../../riscv64-unknown-elf/lib/rv32imac/ilp32/libc_nano.a(lib_a-findfp.o)
                0x00000000204026a2                __sfmoreglue
 .text.__sinit  0x00000000204026e6       0x6a /home/albertojor/riscv64-unknown-elf-gcc-8.3.0-2019.08.0-x86_64-linux-ubuntu14/bin/../lib/gcc/riscv64-unknown-elf/8.3.0/../../../../riscv64-unknown-elf/lib/rv32imac/ilp32/libc_nano.a(lib_a-findfp.o)
                0x00000000204026e6                __sinit
 .text.__sfp    0x0000000020402750       0x9e /home/albertojor/riscv64-unknown-elf-gcc-8.3.0-2019.08.0-x86_64-linux-ubuntu14/bin/../lib/gcc/riscv64-unknown-elf/8.3.0/../../../../riscv64-unknown-elf/lib/rv32imac/ilp32/libc_nano.a(lib_a-findfp.o)
                0x0000000020402750                __sfp
 .text._fwalk_reent
                0x00000000204027ee       0x6c /home/albertojor/riscv64-unknown-elf-gcc-8.3.0-2019.08.0-x86_64-linux-ubuntu14/bin/../lib/gcc/riscv64-unknown-elf/8.3.0/../../../../riscv64-unknown-elf/lib/rv32imac/ilp32/libc_nano.a(lib_a-fwalk.o)
                0x00000000204027ee                _fwalk_reent
 .text.__swhatbuf_r
                0x000000002040285a       0x58 /home/albertojor/riscv64-unknown-elf-gcc-8.3.0-2019.08.0-x86_64-linux-ubuntu14/bin/../lib/gcc/riscv64-unknown-elf/8.3.0/../../../../riscv64-unknown-elf/lib/rv32imac/ilp32/libc_nano.a(lib_a-makebuf.o)
                0x000000002040285a                __swhatbuf_r
 .text.__smakebuf_r
                0x00000000204028b2       0x9c /home/albertojor/riscv64-unknown-elf-gcc-8.3.0-2019.08.0-x86_64-linux-ubuntu14/bin/../lib/gcc/riscv64-unknown-elf/8.3.0/../../../../riscv64-unknown-elf/lib/rv32imac/ilp32/libc_nano.a(lib_a-makebuf.o)
                0x00000000204028b2                __smakebuf_r
 .text          0x000000002040294e       0xa8 /home/albertojor/riscv64-unknown-elf-gcc-8.3.0-2019.08.0-x86_64-linux-ubuntu14/bin/../lib/gcc/riscv64-unknown-elf/8.3.0/../../../../riscv64-unknown-elf/lib/rv32imac/ilp32/libc_nano.a(lib_a-memset.o)
                0x000000002040294e                memset
 .text._free_r  0x00000000204029f6       0xac /home/albertojor/riscv64-unknown-elf-gcc-8.3.0-2019.08.0-x86_64-linux-ubuntu14/bin/../lib/gcc/riscv64-unknown-elf/8.3.0/../../../../riscv64-unknown-elf/lib/rv32imac/ilp32/libc_nano.a(lib_a-nano-freer.o)
                0x00000000204029f6                _free_r
 .text._malloc_r
                0x0000000020402aa2       0xde /home/albertojor/riscv64-unknown-elf-gcc-8.3.0-2019.08.0-x86_64-linux-ubuntu14/bin/../lib/gcc/riscv64-unknown-elf/8.3.0/../../../../riscv64-unknown-elf/lib/rv32imac/ilp32/libc_nano.a(lib_a-nano-mallocr.o)
                0x0000000020402aa2                _malloc_r
 .text.__sfputc_r
                0x0000000020402b80       0x2a /home/albertojor/riscv64-unknown-elf-gcc-8.3.0-2019.08.0-x86_64-linux-ubuntu14/bin/../lib/gcc/riscv64-unknown-elf/8.3.0/../../../../riscv64-unknown-elf/lib/rv32imac/ilp32/libc_nano.a(lib_a-nano-vfprintf.o)
 .text.__sfputs_r
                0x0000000020402baa       0x42 /home/albertojor/riscv64-unknown-elf-gcc-8.3.0-2019.08.0-x86_64-linux-ubuntu14/bin/../lib/gcc/riscv64-unknown-elf/8.3.0/../../../../riscv64-unknown-elf/lib/rv32imac/ilp32/libc_nano.a(lib_a-nano-vfprintf.o)
                0x0000000020402baa                __sfputs_r
 .text._vfprintf_r
                0x0000000020402bec      0x29a /home/albertojor/riscv64-unknown-elf-gcc-8.3.0-2019.08.0-x86_64-linux-ubuntu14/bin/../lib/gcc/riscv64-unknown-elf/8.3.0/../../../../riscv64-unknown-elf/lib/rv32imac/ilp32/libc_nano.a(lib_a-nano-vfprintf.o)
                0x0000000020402bec                _vfiprintf_r
                0x0000000020402bec                _vfprintf_r
 .text._sbrk_r  0x0000000020402e86       0x30 /home/albertojor/riscv64-unknown-elf-gcc-8.3.0-2019.08.0-x86_64-linux-ubuntu14/bin/../lib/gcc/riscv64-unknown-elf/8.3.0/../../../../riscv64-unknown-elf/lib/rv32imac/ilp32/libc_nano.a(lib_a-sbrkr.o)
                0x0000000020402e86                _sbrk_r
 .text.__sread  0x0000000020402eb6       0x30 /home/albertojor/riscv64-unknown-elf-gcc-8.3.0-2019.08.0-x86_64-linux-ubuntu14/bin/../lib/gcc/riscv64-unknown-elf/8.3.0/../../../../riscv64-unknown-elf/lib/rv32imac/ilp32/libc_nano.a(lib_a-stdio.o)
                0x0000000020402eb6                __sread
 .text.__swrite
                0x0000000020402ee6       0x4e /home/albertojor/riscv64-unknown-elf-gcc-8.3.0-2019.08.0-x86_64-linux-ubuntu14/bin/../lib/gcc/riscv64-unknown-elf/8.3.0/../../../../riscv64-unknown-elf/lib/rv32imac/ilp32/libc_nano.a(lib_a-stdio.o)
                0x0000000020402ee6                __swrite
 .text.__sseek  0x0000000020402f34       0x36 /home/albertojor/riscv64-unknown-elf-gcc-8.3.0-2019.08.0-x86_64-linux-ubuntu14/bin/../lib/gcc/riscv64-unknown-elf/8.3.0/../../../../riscv64-unknown-elf/lib/rv32imac/ilp32/libc_nano.a(lib_a-stdio.o)
                0x0000000020402f34                __sseek
 .text.__sclose
                0x0000000020402f6a        0x6 /home/albertojor/riscv64-unknown-elf-gcc-8.3.0-2019.08.0-x86_64-linux-ubuntu14/bin/../lib/gcc/riscv64-unknown-elf/8.3.0/../../../../riscv64-unknown-elf/lib/rv32imac/ilp32/libc_nano.a(lib_a-stdio.o)
                0x0000000020402f6a                __sclose
 .text._write_r
                0x0000000020402f70       0x34 /home/albertojor/riscv64-unknown-elf-gcc-8.3.0-2019.08.0-x86_64-linux-ubuntu14/bin/../lib/gcc/riscv64-unknown-elf/8.3.0/../../../../riscv64-unknown-elf/lib/rv32imac/ilp32/libc_nano.a(lib_a-writer.o)
                0x0000000020402f70                _write_r
 .text._close_r
                0x0000000020402fa4       0x30 /home/albertojor/riscv64-unknown-elf-gcc-8.3.0-2019.08.0-x86_64-linux-ubuntu14/bin/../lib/gcc/riscv64-unknown-elf/8.3.0/../../../../riscv64-unknown-elf/lib/rv32imac/ilp32/libc_nano.a(lib_a-closer.o)
                0x0000000020402fa4                _close_r
 .text._fstat_r
                0x0000000020402fd4       0x32 /home/albertojor/riscv64-unknown-elf-gcc-8.3.0-2019.08.0-x86_64-linux-ubuntu14/bin/../lib/gcc/riscv64-unknown-elf/8.3.0/../../../../riscv64-unknown-elf/lib/rv32imac/ilp32/libc_nano.a(lib_a-fstatr.o)
                0x0000000020402fd4                _fstat_r
 .text._isatty_r
                0x0000000020403006       0x30 /home/albertojor/riscv64-unknown-elf-gcc-8.3.0-2019.08.0-x86_64-linux-ubuntu14/bin/../lib/gcc/riscv64-unknown-elf/8.3.0/../../../../riscv64-unknown-elf/lib/rv32imac/ilp32/libc_nano.a(lib_a-isattyr.o)
                0x0000000020403006                _isatty_r
 .text._lseek_r
                0x0000000020403036       0x34 /home/albertojor/riscv64-unknown-elf-gcc-8.3.0-2019.08.0-x86_64-linux-ubuntu14/bin/../lib/gcc/riscv64-unknown-elf/8.3.0/../../../../riscv64-unknown-elf/lib/rv32imac/ilp32/libc_nano.a(lib_a-lseekr.o)
                0x0000000020403036                _lseek_r
 .text.memchr   0x000000002040306a       0x1a /home/albertojor/riscv64-unknown-elf-gcc-8.3.0-2019.08.0-x86_64-linux-ubuntu14/bin/../lib/gcc/riscv64-unknown-elf/8.3.0/../../../../riscv64-unknown-elf/lib/rv32imac/ilp32/libc_nano.a(lib_a-memchr.o)
                0x000000002040306a                memchr
 .text.__malloc_lock
                0x0000000020403084        0x2 /home/albertojor/riscv64-unknown-elf-gcc-8.3.0-2019.08.0-x86_64-linux-ubuntu14/bin/../lib/gcc/riscv64-unknown-elf/8.3.0/../../../../riscv64-unknown-elf/lib/rv32imac/ilp32/libc_nano.a(lib_a-mlock.o)
                0x0000000020403084                __malloc_lock
 .text.__malloc_unlock
                0x0000000020403086        0x2 /home/albertojor/riscv64-unknown-elf-gcc-8.3.0-2019.08.0-x86_64-linux-ubuntu14/bin/../lib/gcc/riscv64-unknown-elf/8.3.0/../../../../riscv64-unknown-elf/lib/rv32imac/ilp32/libc_nano.a(lib_a-mlock.o)
                0x0000000020403086                __malloc_unlock
 .text._printf_common
                0x0000000020403088      0x10c /home/albertojor/riscv64-unknown-elf-gcc-8.3.0-2019.08.0-x86_64-linux-ubuntu14/bin/../lib/gcc/riscv64-unknown-elf/8.3.0/../../../../riscv64-unknown-elf/lib/rv32imac/ilp32/libc_nano.a(lib_a-nano-vfprintf_i.o)
                0x0000000020403088                _printf_common
 .text._printf_i
                0x0000000020403194      0x2a2 /home/albertojor/riscv64-unknown-elf-gcc-8.3.0-2019.08.0-x86_64-linux-ubuntu14/bin/../lib/gcc/riscv64-unknown-elf/8.3.0/../../../../riscv64-unknown-elf/lib/rv32imac/ilp32/libc_nano.a(lib_a-nano-vfprintf_i.o)
                0x0000000020403194                _printf_i
 .text._read_r  0x0000000020403436       0x34 /home/albertojor/riscv64-unknown-elf-gcc-8.3.0-2019.08.0-x86_64-linux-ubuntu14/bin/../lib/gcc/riscv64-unknown-elf/8.3.0/../../../../riscv64-unknown-elf/lib/rv32imac/ilp32/libc_nano.a(lib_a-readr.o)
                0x0000000020403436                _read_r
 .text._close   0x000000002040346a       0x22 /home/albertojor/GitHub/freedom-e-sdk/bsp/freedom-e310-arty/install/lib/debug//libmetal-gloss.a(sys_close.o)
                0x000000002040346a                _close
 .text._fstat   0x000000002040348c       0x26 /home/albertojor/GitHub/freedom-e-sdk/bsp/freedom-e310-arty/install/lib/debug//libmetal-gloss.a(sys_fstat.o)
                0x000000002040348c                _fstat
 .text._isatty  0x00000000204034b2       0x20 /home/albertojor/GitHub/freedom-e-sdk/bsp/freedom-e310-arty/install/lib/debug//libmetal-gloss.a(sys_isatty.o)
                0x00000000204034b2                _isatty
 .text._lseek   0x00000000204034d2       0x2a /home/albertojor/GitHub/freedom-e-sdk/bsp/freedom-e310-arty/install/lib/debug//libmetal-gloss.a(sys_lseek.o)
                0x00000000204034d2                _lseek
 .text._read    0x00000000204034fc       0x2a /home/albertojor/GitHub/freedom-e-sdk/bsp/freedom-e310-arty/install/lib/debug//libmetal-gloss.a(sys_read.o)
                0x00000000204034fc                _read
 .text._sbrk    0x0000000020403526       0x7e /home/albertojor/GitHub/freedom-e-sdk/bsp/freedom-e310-arty/install/lib/debug//libmetal-gloss.a(sys_sbrk.o)
                0x0000000020403526                _sbrk
 .text._write   0x00000000204035a4       0x6e /home/albertojor/GitHub/freedom-e-sdk/bsp/freedom-e310-arty/install/lib/debug//libmetal-gloss.a(sys_write.o)
                0x00000000204035a4                _write
 .text.atexit   0x0000000020403612        0xa /home/albertojor/riscv64-unknown-elf-gcc-8.3.0-2019.08.0-x86_64-linux-ubuntu14/bin/../lib/gcc/riscv64-unknown-elf/8.3.0/../../../../riscv64-unknown-elf/lib/rv32imac/ilp32/libc_nano.a(lib_a-atexit.o)
                0x0000000020403612                atexit
 .text.__errno  0x000000002040361c        0xc /home/albertojor/riscv64-unknown-elf-gcc-8.3.0-2019.08.0-x86_64-linux-ubuntu14/bin/../lib/gcc/riscv64-unknown-elf/8.3.0/../../../../riscv64-unknown-elf/lib/rv32imac/ilp32/libc_nano.a(lib_a-errno.o)
                0x000000002040361c                __errno
 .text.exit     0x0000000020403628       0x2c /home/albertojor/riscv64-unknown-elf-gcc-8.3.0-2019.08.0-x86_64-linux-ubuntu14/bin/../lib/gcc/riscv64-unknown-elf/8.3.0/../../../../riscv64-unknown-elf/lib/rv32imac/ilp32/libc_nano.a(lib_a-exit.o)
                0x0000000020403628                exit
 .text.__libc_fini_array
                0x0000000020403654       0x38 /home/albertojor/riscv64-unknown-elf-gcc-8.3.0-2019.08.0-x86_64-linux-ubuntu14/bin/../lib/gcc/riscv64-unknown-elf/8.3.0/../../../../riscv64-unknown-elf/lib/rv32imac/ilp32/libc_nano.a(lib_a-fini.o)
                0x0000000020403654                __libc_fini_array
 .text.__libc_init_array
                0x000000002040368c       0x6a /home/albertojor/riscv64-unknown-elf-gcc-8.3.0-2019.08.0-x86_64-linux-ubuntu14/bin/../lib/gcc/riscv64-unknown-elf/8.3.0/../../../../riscv64-unknown-elf/lib/rv32imac/ilp32/libc_nano.a(lib_a-init.o)
                0x000000002040368c                __libc_init_array
 .text.__register_exitproc
                0x00000000204036f6       0x8c /home/albertojor/riscv64-unknown-elf-gcc-8.3.0-2019.08.0-x86_64-linux-ubuntu14/bin/../lib/gcc/riscv64-unknown-elf/8.3.0/../../../../riscv64-unknown-elf/lib/rv32imac/ilp32/libc_nano.a(lib_a-__atexit.o)
                0x00000000204036f6                __register_exitproc
 .text.__call_exitprocs
                0x0000000020403782       0xc8 /home/albertojor/riscv64-unknown-elf-gcc-8.3.0-2019.08.0-x86_64-linux-ubuntu14/bin/../lib/gcc/riscv64-unknown-elf/8.3.0/../../../../riscv64-unknown-elf/lib/rv32imac/ilp32/libc_nano.a(lib_a-__call_atexit.o)
                0x0000000020403782                __call_exitprocs
 .text.metal_tty_putc
                0x000000002040384a       0x2c /home/albertojor/GitHub/freedom-e-sdk/bsp/freedom-e310-arty/install/lib/debug//libmetal.a(libriscv__mmachine__freedom-e310-arty_a-tty.o)
                0x000000002040384a                metal_tty_putc
 .text.metal_tty_putc_raw
                0x0000000020403876       0x26 /home/albertojor/GitHub/freedom-e-sdk/bsp/freedom-e310-arty/install/lib/debug//libmetal.a(libriscv__mmachine__freedom-e310-arty_a-tty.o)
                0x0000000020403876                metal_tty_putc_raw
 .text.metal_tty_init
                0x000000002040389c       0x22 /home/albertojor/GitHub/freedom-e-sdk/bsp/freedom-e310-arty/install/lib/debug//libmetal.a(libriscv__mmachine__freedom-e310-arty_a-tty.o)
 .text.metal_uart_init
                0x00000000204038be       0x2c /home/albertojor/GitHub/freedom-e-sdk/bsp/freedom-e310-arty/install/lib/debug//libmetal.a(libriscv__mmachine__freedom-e310-arty_a-uart.o)
                0x00000000204038be                metal_uart_init
 .text.metal_uart_putc
                0x00000000204038ea       0x2e /home/albertojor/GitHub/freedom-e-sdk/bsp/freedom-e310-arty/install/lib/debug//libmetal.a(libriscv__mmachine__freedom-e310-arty_a-uart.o)
                0x00000000204038ea                metal_uart_putc
 .text.metal_uart_set_baud_rate
                0x0000000020403918       0x2e /home/albertojor/GitHub/freedom-e-sdk/bsp/freedom-e310-arty/install/lib/debug//libmetal.a(libriscv__mmachine__freedom-e310-arty_a-uart.o)
                0x0000000020403918                metal_uart_set_baud_rate
 .text.__metal_driver_sifive_clint0_control_base
                0x0000000020403946       0x26 /home/albertojor/GitHub/freedom-e-sdk/bsp/freedom-e310-arty/install/lib/debug//libmetal.a(libriscv__mmachine__freedom-e310-arty_a-riscv_clint0.o)
 .text.__metal_driver_sifive_clint0_num_interrupts
                0x000000002040396c       0x24 /home/albertojor/GitHub/freedom-e-sdk/bsp/freedom-e310-arty/install/lib/debug//libmetal.a(libriscv__mmachine__freedom-e310-arty_a-riscv_clint0.o)
 .text.__metal_driver_sifive_clint0_interrupt_parents
                0x0000000020403990       0x3c /home/albertojor/GitHub/freedom-e-sdk/bsp/freedom-e310-arty/install/lib/debug//libmetal.a(libriscv__mmachine__freedom-e310-arty_a-riscv_clint0.o)
 .text.__metal_driver_sifive_clint0_interrupt_lines
                0x00000000204039cc       0x30 /home/albertojor/GitHub/freedom-e-sdk/bsp/freedom-e310-arty/install/lib/debug//libmetal.a(libriscv__mmachine__freedom-e310-arty_a-riscv_clint0.o)
 .text.__metal_clint0_mtime_get
                0x00000000204039fc       0x9a /home/albertojor/GitHub/freedom-e-sdk/bsp/freedom-e310-arty/install/lib/debug//libmetal.a(libriscv__mmachine__freedom-e310-arty_a-riscv_clint0.o)
                0x00000000204039fc                __metal_clint0_mtime_get
 .text.__metal_driver_riscv_clint0_mtimecmp_set
                0x0000000020403a96       0x96 /home/albertojor/GitHub/freedom-e-sdk/bsp/freedom-e310-arty/install/lib/debug//libmetal.a(libriscv__mmachine__freedom-e310-arty_a-riscv_clint0.o)
                0x0000000020403a96                __metal_driver_riscv_clint0_mtimecmp_set
 .text._get_cpu_intc
                0x0000000020403b2c       0x36 /home/albertojor/GitHub/freedom-e-sdk/bsp/freedom-e310-arty/install/lib/debug//libmetal.a(libriscv__mmachine__freedom-e310-arty_a-riscv_clint0.o)
 .text.__metal_driver_riscv_clint0_init
                0x0000000020403b62       0x88 /home/albertojor/GitHub/freedom-e-sdk/bsp/freedom-e310-arty/install/lib/debug//libmetal.a(libriscv__mmachine__freedom-e310-arty_a-riscv_clint0.o)
                0x0000000020403b62                __metal_driver_riscv_clint0_init
 .text.__metal_driver_riscv_clint0_register
                0x0000000020403bea       0xda /home/albertojor/GitHub/freedom-e-sdk/bsp/freedom-e310-arty/install/lib/debug//libmetal.a(libriscv__mmachine__freedom-e310-arty_a-riscv_clint0.o)
                0x0000000020403bea                __metal_driver_riscv_clint0_register
 .text.__metal_driver_riscv_clint0_vector_register
                0x0000000020403cc4       0x28 /home/albertojor/GitHub/freedom-e-sdk/bsp/freedom-e310-arty/install/lib/debug//libmetal.a(libriscv__mmachine__freedom-e310-arty_a-riscv_clint0.o)
                0x0000000020403cc4                __metal_driver_riscv_clint0_vector_register
 .text.__metal_driver_riscv_clint0_get_vector_mode
                0x0000000020403cec       0x1c /home/albertojor/GitHub/freedom-e-sdk/bsp/freedom-e310-arty/install/lib/debug//libmetal.a(libriscv__mmachine__freedom-e310-arty_a-riscv_clint0.o)
                0x0000000020403cec                __metal_driver_riscv_clint0_get_vector_mode
 .text.__metal_driver_riscv_clint0_set_vector_mode
                0x0000000020403d08       0x54 /home/albertojor/GitHub/freedom-e-sdk/bsp/freedom-e310-arty/install/lib/debug//libmetal.a(libriscv__mmachine__freedom-e310-arty_a-riscv_clint0.o)
                0x0000000020403d08                __metal_driver_riscv_clint0_set_vector_mode
 .text.__metal_driver_riscv_clint0_enable
                0x0000000020403d5c       0xb6 /home/albertojor/GitHub/freedom-e-sdk/bsp/freedom-e310-arty/install/lib/debug//libmetal.a(libriscv__mmachine__freedom-e310-arty_a-riscv_clint0.o)
                0x0000000020403d5c                __metal_driver_riscv_clint0_enable
 .text.__metal_driver_riscv_clint0_disable
                0x0000000020403e12       0xb8 /home/albertojor/GitHub/freedom-e-sdk/bsp/freedom-e310-arty/install/lib/debug//libmetal.a(libriscv__mmachine__freedom-e310-arty_a-riscv_clint0.o)
                0x0000000020403e12                __metal_driver_riscv_clint0_disable
 .text.__metal_driver_riscv_clint0_command_request
                0x0000000020403eca      0x136 /home/albertojor/GitHub/freedom-e-sdk/bsp/freedom-e310-arty/install/lib/debug//libmetal.a(libriscv__mmachine__freedom-e310-arty_a-riscv_clint0.o)
                0x0000000020403eca                __metal_driver_riscv_clint0_command_request
 .text.__metal_driver_riscv_clint0_clear_interrupt
                0x0000000020404000       0x34 /home/albertojor/GitHub/freedom-e-sdk/bsp/freedom-e310-arty/install/lib/debug//libmetal.a(libriscv__mmachine__freedom-e310-arty_a-riscv_clint0.o)
                0x0000000020404000                __metal_driver_riscv_clint0_clear_interrupt
 .text.__metal_driver_riscv_clint0_set_interrupt
                0x0000000020404034       0x34 /home/albertojor/GitHub/freedom-e-sdk/bsp/freedom-e310-arty/install/lib/debug//libmetal.a(libriscv__mmachine__freedom-e310-arty_a-riscv_clint0.o)
                0x0000000020404034                __metal_driver_riscv_clint0_set_interrupt
 .text.__metal_driver_cpu_hartid
                0x0000000020404068       0x24 /home/albertojor/GitHub/freedom-e-sdk/bsp/freedom-e310-arty/install/lib/debug//libmetal.a(libriscv__mmachine__freedom-e310-arty_a-riscv_cpu.o)
 .text.__metal_driver_cpu_timebase
                0x000000002040408c       0x2a /home/albertojor/GitHub/freedom-e-sdk/bsp/freedom-e310-arty/install/lib/debug//libmetal.a(libriscv__mmachine__freedom-e310-arty_a-riscv_cpu.o)
 .text.__metal_driver_cpu_interrupt_controller
                0x00000000204040b6       0x2a /home/albertojor/GitHub/freedom-e-sdk/bsp/freedom-e310-arty/install/lib/debug//libmetal.a(libriscv__mmachine__freedom-e310-arty_a-riscv_cpu.o)
 .text.__metal_driver_cpu_get
                0x00000000204040e0       0x2c /home/albertojor/GitHub/freedom-e-sdk/bsp/freedom-e310-arty/install/lib/debug//libmetal.a(libriscv__mmachine__freedom-e310-arty_a-riscv_cpu.o)
                0x00000000204040e0                __metal_driver_cpu_get
 .text.__metal_myhart_id
                0x000000002040410c       0x1a /home/albertojor/GitHub/freedom-e-sdk/bsp/freedom-e310-arty/install/lib/debug//libmetal.a(libriscv__mmachine__freedom-e310-arty_a-riscv_cpu.o)
                0x000000002040410c                __metal_myhart_id
 .text.__metal_interrupt_global_enable
                0x0000000020404126       0x18 /home/albertojor/GitHub/freedom-e-sdk/bsp/freedom-e310-arty/install/lib/debug//libmetal.a(libriscv__mmachine__freedom-e310-arty_a-riscv_cpu.o)
                0x0000000020404126                __metal_interrupt_global_enable
 .text.__metal_interrupt_global_disable
                0x000000002040413e       0x18 /home/albertojor/GitHub/freedom-e-sdk/bsp/freedom-e310-arty/install/lib/debug//libmetal.a(libriscv__mmachine__freedom-e310-arty_a-riscv_cpu.o)
                0x000000002040413e                __metal_interrupt_global_disable
 .text.__metal_interrupt_software_enable
                0x0000000020404156       0x18 /home/albertojor/GitHub/freedom-e-sdk/bsp/freedom-e310-arty/install/lib/debug//libmetal.a(libriscv__mmachine__freedom-e310-arty_a-riscv_cpu.o)
                0x0000000020404156                __metal_interrupt_software_enable
 .text.__metal_interrupt_software_disable
                0x000000002040416e       0x18 /home/albertojor/GitHub/freedom-e-sdk/bsp/freedom-e310-arty/install/lib/debug//libmetal.a(libriscv__mmachine__freedom-e310-arty_a-riscv_cpu.o)
                0x000000002040416e                __metal_interrupt_software_disable
 .text.__metal_interrupt_timer_enable
                0x0000000020404186       0x1a /home/albertojor/GitHub/freedom-e-sdk/bsp/freedom-e310-arty/install/lib/debug//libmetal.a(libriscv__mmachine__freedom-e310-arty_a-riscv_cpu.o)
                0x0000000020404186                __metal_interrupt_timer_enable
 .text.__metal_interrupt_timer_disable
                0x00000000204041a0       0x1a /home/albertojor/GitHub/freedom-e-sdk/bsp/freedom-e310-arty/install/lib/debug//libmetal.a(libriscv__mmachine__freedom-e310-arty_a-riscv_cpu.o)
                0x00000000204041a0                __metal_interrupt_timer_disable
 .text.__metal_interrupt_external_enable
                0x00000000204041ba       0x1c /home/albertojor/GitHub/freedom-e-sdk/bsp/freedom-e310-arty/install/lib/debug//libmetal.a(libriscv__mmachine__freedom-e310-arty_a-riscv_cpu.o)
                0x00000000204041ba                __metal_interrupt_external_enable
 .text.__metal_interrupt_external_disable
                0x00000000204041d6       0x1c /home/albertojor/GitHub/freedom-e-sdk/bsp/freedom-e310-arty/install/lib/debug//libmetal.a(libriscv__mmachine__freedom-e310-arty_a-riscv_cpu.o)
                0x00000000204041d6                __metal_interrupt_external_disable
 .text.__metal_interrupt_local_enable
                0x00000000204041f2       0x2c /home/albertojor/GitHub/freedom-e-sdk/bsp/freedom-e310-arty/install/lib/debug//libmetal.a(libriscv__mmachine__freedom-e310-arty_a-riscv_cpu.o)
                0x00000000204041f2                __metal_interrupt_local_enable
 .text.__metal_interrupt_local_disable
                0x000000002040421e       0x2c /home/albertojor/GitHub/freedom-e-sdk/bsp/freedom-e310-arty/install/lib/debug//libmetal.a(libriscv__mmachine__freedom-e310-arty_a-riscv_cpu.o)
                0x000000002040421e                __metal_interrupt_local_disable
 .text.__metal_default_exception_handler
                0x000000002040424a       0x18 /home/albertojor/GitHub/freedom-e-sdk/bsp/freedom-e310-arty/install/lib/debug//libmetal.a(libriscv__mmachine__freedom-e310-arty_a-riscv_cpu.o)
                0x000000002040424a                __metal_default_exception_handler
 .text.__metal_default_interrupt_handler
                0x0000000020404262       0x18 /home/albertojor/GitHub/freedom-e-sdk/bsp/freedom-e310-arty/install/lib/debug//libmetal.a(libriscv__mmachine__freedom-e310-arty_a-riscv_cpu.o)
                0x0000000020404262                __metal_default_interrupt_handler
 .text.metal_interrupt_vector_handler
                0x000000002040427a       0x2e /home/albertojor/GitHub/freedom-e-sdk/bsp/freedom-e310-arty/install/lib/debug//libmetal.a(libriscv__mmachine__freedom-e310-arty_a-riscv_cpu.o)
                0x000000002040427a                metal_interrupt_vector_handler
 .text.metal_software_interrupt_vector_handler
                0x00000000204042a8       0x8e /home/albertojor/GitHub/freedom-e-sdk/bsp/freedom-e310-arty/install/lib/debug//libmetal.a(libriscv__mmachine__freedom-e310-arty_a-riscv_cpu.o)
                0x00000000204042a8                metal_software_interrupt_vector_handler
 .text.__metal_default_sw_handler
                0x0000000020404336       0x64 /home/albertojor/GitHub/freedom-e-sdk/bsp/freedom-e310-arty/install/lib/debug//libmetal.a(libriscv__mmachine__freedom-e310-arty_a-riscv_cpu.o)
                0x0000000020404336                __metal_default_sw_handler
 .text.metal_timer_interrupt_vector_handler
                0x000000002040439a       0x8e /home/albertojor/GitHub/freedom-e-sdk/bsp/freedom-e310-arty/install/lib/debug//libmetal.a(libriscv__mmachine__freedom-e310-arty_a-riscv_cpu.o)
                0x000000002040439a                metal_timer_interrupt_vector_handler
 .text.__metal_default_timer_handler
                0x0000000020404428       0x66 /home/albertojor/GitHub/freedom-e-sdk/bsp/freedom-e310-arty/install/lib/debug//libmetal.a(libriscv__mmachine__freedom-e310-arty_a-riscv_cpu.o)
                0x0000000020404428                __metal_default_timer_handler
 *fill*         0x000000002040448e       0x72 
 .text.__metal_exception_handler
                0x0000000020404500      0x176 /home/albertojor/GitHub/freedom-e-sdk/bsp/freedom-e310-arty/install/lib/debug//libmetal.a(libriscv__mmachine__freedom-e310-arty_a-riscv_cpu.o)
                0x0000000020404500                __metal_exception_handler
 .text.metal_lc0_interrupt_vector_handler
                0x0000000020404676       0x92 /home/albertojor/GitHub/freedom-e-sdk/bsp/freedom-e310-arty/install/lib/debug//libmetal.a(libriscv__mmachine__freedom-e310-arty_a-riscv_cpu.o)
                0x0000000020404676                metal_lc0_interrupt_vector_handler
 .text.metal_lc1_interrupt_vector_handler
                0x0000000020404708       0x92 /home/albertojor/GitHub/freedom-e-sdk/bsp/freedom-e310-arty/install/lib/debug//libmetal.a(libriscv__mmachine__freedom-e310-arty_a-riscv_cpu.o)
                0x0000000020404708                metal_lc1_interrupt_vector_handler
 .text.metal_lc2_interrupt_vector_handler
                0x000000002040479a       0x92 /home/albertojor/GitHub/freedom-e-sdk/bsp/freedom-e310-arty/install/lib/debug//libmetal.a(libriscv__mmachine__freedom-e310-arty_a-riscv_cpu.o)
                0x000000002040479a                metal_lc2_interrupt_vector_handler
 .text.metal_lc3_interrupt_vector_handler
                0x000000002040482c       0x92 /home/albertojor/GitHub/freedom-e-sdk/bsp/freedom-e310-arty/install/lib/debug//libmetal.a(libriscv__mmachine__freedom-e310-arty_a-riscv_cpu.o)
                0x000000002040482c                metal_lc3_interrupt_vector_handler
 .text.metal_lc4_interrupt_vector_handler
                0x00000000204048be       0x92 /home/albertojor/GitHub/freedom-e-sdk/bsp/freedom-e310-arty/install/lib/debug//libmetal.a(libriscv__mmachine__freedom-e310-arty_a-riscv_cpu.o)
                0x00000000204048be                metal_lc4_interrupt_vector_handler
 .text.metal_lc5_interrupt_vector_handler
                0x0000000020404950       0x92 /home/albertojor/GitHub/freedom-e-sdk/bsp/freedom-e310-arty/install/lib/debug//libmetal.a(libriscv__mmachine__freedom-e310-arty_a-riscv_cpu.o)
                0x0000000020404950                metal_lc5_interrupt_vector_handler
 .text.metal_lc6_interrupt_vector_handler
                0x00000000204049e2       0x92 /home/albertojor/GitHub/freedom-e-sdk/bsp/freedom-e310-arty/install/lib/debug//libmetal.a(libriscv__mmachine__freedom-e310-arty_a-riscv_cpu.o)
                0x00000000204049e2                metal_lc6_interrupt_vector_handler
 .text.metal_lc7_interrupt_vector_handler
                0x0000000020404a74       0x92 /home/albertojor/GitHub/freedom-e-sdk/bsp/freedom-e310-arty/install/lib/debug//libmetal.a(libriscv__mmachine__freedom-e310-arty_a-riscv_cpu.o)
                0x0000000020404a74                metal_lc7_interrupt_vector_handler
 .text.metal_lc8_interrupt_vector_handler
                0x0000000020404b06       0x92 /home/albertojor/GitHub/freedom-e-sdk/bsp/freedom-e310-arty/install/lib/debug//libmetal.a(libriscv__mmachine__freedom-e310-arty_a-riscv_cpu.o)
                0x0000000020404b06                metal_lc8_interrupt_vector_handler
 .text.metal_lc9_interrupt_vector_handler
                0x0000000020404b98       0x92 /home/albertojor/GitHub/freedom-e-sdk/bsp/freedom-e310-arty/install/lib/debug//libmetal.a(libriscv__mmachine__freedom-e310-arty_a-riscv_cpu.o)
                0x0000000020404b98                metal_lc9_interrupt_vector_handler
 .text.metal_lc10_interrupt_vector_handler
                0x0000000020404c2a       0x92 /home/albertojor/GitHub/freedom-e-sdk/bsp/freedom-e310-arty/install/lib/debug//libmetal.a(libriscv__mmachine__freedom-e310-arty_a-riscv_cpu.o)
                0x0000000020404c2a                metal_lc10_interrupt_vector_handler
 .text.metal_lc11_interrupt_vector_handler
                0x0000000020404cbc       0x92 /home/albertojor/GitHub/freedom-e-sdk/bsp/freedom-e310-arty/install/lib/debug//libmetal.a(libriscv__mmachine__freedom-e310-arty_a-riscv_cpu.o)
                0x0000000020404cbc                metal_lc11_interrupt_vector_handler
 .text.metal_lc12_interrupt_vector_handler
                0x0000000020404d4e       0x92 /home/albertojor/GitHub/freedom-e-sdk/bsp/freedom-e310-arty/install/lib/debug//libmetal.a(libriscv__mmachine__freedom-e310-arty_a-riscv_cpu.o)
                0x0000000020404d4e                metal_lc12_interrupt_vector_handler
 .text.metal_lc13_interrupt_vector_handler
                0x0000000020404de0       0x92 /home/albertojor/GitHub/freedom-e-sdk/bsp/freedom-e310-arty/install/lib/debug//libmetal.a(libriscv__mmachine__freedom-e310-arty_a-riscv_cpu.o)
                0x0000000020404de0                metal_lc13_interrupt_vector_handler
 .text.metal_lc14_interrupt_vector_handler
                0x0000000020404e72       0x92 /home/albertojor/GitHub/freedom-e-sdk/bsp/freedom-e310-arty/install/lib/debug//libmetal.a(libriscv__mmachine__freedom-e310-arty_a-riscv_cpu.o)
                0x0000000020404e72                metal_lc14_interrupt_vector_handler
 .text.metal_lc15_interrupt_vector_handler
                0x0000000020404f04       0x92 /home/albertojor/GitHub/freedom-e-sdk/bsp/freedom-e310-arty/install/lib/debug//libmetal.a(libriscv__mmachine__freedom-e310-arty_a-riscv_cpu.o)
                0x0000000020404f04                metal_lc15_interrupt_vector_handler
 .text.__metal_controller_interrupt_vector_mode
                0x0000000020404f96       0x50 /home/albertojor/GitHub/freedom-e-sdk/bsp/freedom-e310-arty/install/lib/debug//libmetal.a(libriscv__mmachine__freedom-e310-arty_a-riscv_cpu.o)
                0x0000000020404f96                __metal_controller_interrupt_vector_mode
 .text.__metal_controller_interrupt_vector
                0x0000000020404fe6       0x98 /home/albertojor/GitHub/freedom-e-sdk/bsp/freedom-e310-arty/install/lib/debug//libmetal.a(libriscv__mmachine__freedom-e310-arty_a-riscv_cpu.o)
                0x0000000020404fe6                __metal_controller_interrupt_vector
 .text.__metal_valid_interrupt_id
                0x000000002040507e       0x38 /home/albertojor/GitHub/freedom-e-sdk/bsp/freedom-e310-arty/install/lib/debug//libmetal.a(libriscv__mmachine__freedom-e310-arty_a-riscv_cpu.o)
                0x000000002040507e                __metal_valid_interrupt_id
 .text.__metal_local_interrupt_enable
                0x00000000204050b6       0xbc /home/albertojor/GitHub/freedom-e-sdk/bsp/freedom-e310-arty/install/lib/debug//libmetal.a(libriscv__mmachine__freedom-e310-arty_a-riscv_cpu.o)
                0x00000000204050b6                __metal_local_interrupt_enable
 .text.__metal_exception_register
                0x0000000020405172       0x4e /home/albertojor/GitHub/freedom-e-sdk/bsp/freedom-e310-arty/install/lib/debug//libmetal.a(libriscv__mmachine__freedom-e310-arty_a-riscv_cpu.o)
                0x0000000020405172                __metal_exception_register
 .text.__metal_driver_riscv_cpu_controller_interrupt_init
                0x00000000204051c0      0x140 /home/albertojor/GitHub/freedom-e-sdk/bsp/freedom-e310-arty/install/lib/debug//libmetal.a(libriscv__mmachine__freedom-e310-arty_a-riscv_cpu.o)
                0x00000000204051c0                __metal_driver_riscv_cpu_controller_interrupt_init
 .text.__metal_driver_riscv_cpu_controller_interrupt_register
                0x0000000020405300      0x150 /home/albertojor/GitHub/freedom-e-sdk/bsp/freedom-e310-arty/install/lib/debug//libmetal.a(libriscv__mmachine__freedom-e310-arty_a-riscv_cpu.o)
                0x0000000020405300                __metal_driver_riscv_cpu_controller_interrupt_register
 .text.__metal_driver_riscv_cpu_controller_interrupt_enable
                0x0000000020405450       0x2c /home/albertojor/GitHub/freedom-e-sdk/bsp/freedom-e310-arty/install/lib/debug//libmetal.a(libriscv__mmachine__freedom-e310-arty_a-riscv_cpu.o)
                0x0000000020405450                __metal_driver_riscv_cpu_controller_interrupt_enable
 .text.__metal_driver_riscv_cpu_controller_interrupt_disable
                0x000000002040547c       0x2c /home/albertojor/GitHub/freedom-e-sdk/bsp/freedom-e310-arty/install/lib/debug//libmetal.a(libriscv__mmachine__freedom-e310-arty_a-riscv_cpu.o)
                0x000000002040547c                __metal_driver_riscv_cpu_controller_interrupt_disable
 .text.__metal_driver_riscv_cpu_controller_get_vector_mode
                0x00000000204054a8       0x1c /home/albertojor/GitHub/freedom-e-sdk/bsp/freedom-e310-arty/install/lib/debug//libmetal.a(libriscv__mmachine__freedom-e310-arty_a-riscv_cpu.o)
                0x00000000204054a8                __metal_driver_riscv_cpu_controller_get_vector_mode
 .text.__metal_driver_riscv_cpu_controller_set_vector_mode
                0x00000000204054c4       0x5c /home/albertojor/GitHub/freedom-e-sdk/bsp/freedom-e310-arty/install/lib/debug//libmetal.a(libriscv__mmachine__freedom-e310-arty_a-riscv_cpu.o)
                0x00000000204054c4                __metal_driver_riscv_cpu_controller_set_vector_mode
 .text.__metal_driver_riscv_cpu_controller_command_request
                0x0000000020405520       0x1c /home/albertojor/GitHub/freedom-e-sdk/bsp/freedom-e310-arty/install/lib/debug//libmetal.a(libriscv__mmachine__freedom-e310-arty_a-riscv_cpu.o)
                0x0000000020405520                __metal_driver_riscv_cpu_controller_command_request
 .text.__metal_driver_cpu_mcycle_get
                0x000000002040553c       0x72 /home/albertojor/GitHub/freedom-e-sdk/bsp/freedom-e310-arty/install/lib/debug//libmetal.a(libriscv__mmachine__freedom-e310-arty_a-riscv_cpu.o)
                0x000000002040553c                __metal_driver_cpu_mcycle_get
 .text.__metal_driver_cpu_timebase_get
                0x00000000204055ae       0x46 /home/albertojor/GitHub/freedom-e-sdk/bsp/freedom-e310-arty/install/lib/debug//libmetal.a(libriscv__mmachine__freedom-e310-arty_a-riscv_cpu.o)
                0x00000000204055ae                __metal_driver_cpu_timebase_get
 .text.__metal_driver_cpu_mtime_get
                0x00000000204055f4       0x66 /home/albertojor/GitHub/freedom-e-sdk/bsp/freedom-e310-arty/install/lib/debug//libmetal.a(libriscv__mmachine__freedom-e310-arty_a-riscv_cpu.o)
                0x00000000204055f4                __metal_driver_cpu_mtime_get
 .text.__metal_driver_cpu_mtimecmp_set
                0x000000002040565a       0x76 /home/albertojor/GitHub/freedom-e-sdk/bsp/freedom-e310-arty/install/lib/debug//libmetal.a(libriscv__mmachine__freedom-e310-arty_a-riscv_cpu.o)
                0x000000002040565a                __metal_driver_cpu_mtimecmp_set
 .text.__metal_driver_cpu_timer_controller_interrupt
                0x00000000204056d0       0x16 /home/albertojor/GitHub/freedom-e-sdk/bsp/freedom-e310-arty/install/lib/debug//libmetal.a(libriscv__mmachine__freedom-e310-arty_a-riscv_cpu.o)
                0x00000000204056d0                __metal_driver_cpu_timer_controller_interrupt
 .text.__metal_driver_cpu_get_timer_interrupt_id
                0x00000000204056e6       0x14 /home/albertojor/GitHub/freedom-e-sdk/bsp/freedom-e310-arty/install/lib/debug//libmetal.a(libriscv__mmachine__freedom-e310-arty_a-riscv_cpu.o)
                0x00000000204056e6                __metal_driver_cpu_get_timer_interrupt_id
 .text.__metal_driver_cpu_sw_controller_interrupt
                0x00000000204056fa       0x16 /home/albertojor/GitHub/freedom-e-sdk/bsp/freedom-e310-arty/install/lib/debug//libmetal.a(libriscv__mmachine__freedom-e310-arty_a-riscv_cpu.o)
                0x00000000204056fa                __metal_driver_cpu_sw_controller_interrupt
 .text.__metal_driver_cpu_get_sw_interrupt_id
                0x0000000020405710       0x14 /home/albertojor/GitHub/freedom-e-sdk/bsp/freedom-e310-arty/install/lib/debug//libmetal.a(libriscv__mmachine__freedom-e310-arty_a-riscv_cpu.o)
                0x0000000020405710                __metal_driver_cpu_get_sw_interrupt_id
 .text.__metal_driver_cpu_set_sw_ipi
                0x0000000020405724       0x62 /home/albertojor/GitHub/freedom-e-sdk/bsp/freedom-e310-arty/install/lib/debug//libmetal.a(libriscv__mmachine__freedom-e310-arty_a-riscv_cpu.o)
                0x0000000020405724                __metal_driver_cpu_set_sw_ipi
 .text.__metal_driver_cpu_clear_sw_ipi
                0x0000000020405786       0x62 /home/albertojor/GitHub/freedom-e-sdk/bsp/freedom-e310-arty/install/lib/debug//libmetal.a(libriscv__mmachine__freedom-e310-arty_a-riscv_cpu.o)
                0x0000000020405786                __metal_driver_cpu_clear_sw_ipi
 .text.__metal_driver_cpu_get_msip
                0x00000000204057e8       0x60 /home/albertojor/GitHub/freedom-e-sdk/bsp/freedom-e310-arty/install/lib/debug//libmetal.a(libriscv__mmachine__freedom-e310-arty_a-riscv_cpu.o)
                0x00000000204057e8                __metal_driver_cpu_get_msip
 .text.__metal_driver_cpu_controller_interrupt
                0x0000000020405848       0x20 /home/albertojor/GitHub/freedom-e-sdk/bsp/freedom-e310-arty/install/lib/debug//libmetal.a(libriscv__mmachine__freedom-e310-arty_a-riscv_cpu.o)
                0x0000000020405848                __metal_driver_cpu_controller_interrupt
 .text.__metal_driver_cpu_exception_register
                0x0000000020405868       0x46 /home/albertojor/GitHub/freedom-e-sdk/bsp/freedom-e310-arty/install/lib/debug//libmetal.a(libriscv__mmachine__freedom-e310-arty_a-riscv_cpu.o)
                0x0000000020405868                __metal_driver_cpu_exception_register
 .text.__metal_driver_cpu_get_instruction_length
                0x00000000204058ae       0x2e /home/albertojor/GitHub/freedom-e-sdk/bsp/freedom-e310-arty/install/lib/debug//libmetal.a(libriscv__mmachine__freedom-e310-arty_a-riscv_cpu.o)
                0x00000000204058ae                __metal_driver_cpu_get_instruction_length
 .text.__metal_driver_cpu_get_exception_pc
                0x00000000204058dc       0x1e /home/albertojor/GitHub/freedom-e-sdk/bsp/freedom-e310-arty/install/lib/debug//libmetal.a(libriscv__mmachine__freedom-e310-arty_a-riscv_cpu.o)
                0x00000000204058dc                __metal_driver_cpu_get_exception_pc
 .text.__metal_driver_cpu_set_exception_pc
                0x00000000204058fa       0x20 /home/albertojor/GitHub/freedom-e-sdk/bsp/freedom-e310-arty/install/lib/debug//libmetal.a(libriscv__mmachine__freedom-e310-arty_a-riscv_cpu.o)
                0x00000000204058fa                __metal_driver_cpu_set_exception_pc
 .text.__metal_driver_sifive_plic0_control_base
                0x000000002040591a       0x2a /home/albertojor/GitHub/freedom-e-sdk/bsp/freedom-e310-arty/install/lib/debug//libmetal.a(libriscv__mmachine__freedom-e310-arty_a-riscv_plic0.o)
 .text.__metal_driver_sifive_plic0_num_interrupts
                0x0000000020405944       0x28 /home/albertojor/GitHub/freedom-e-sdk/bsp/freedom-e310-arty/install/lib/debug//libmetal.a(libriscv__mmachine__freedom-e310-arty_a-riscv_plic0.o)
 .text.__metal_driver_sifive_plic0_max_priority
                0x000000002040596c       0x28 /home/albertojor/GitHub/freedom-e-sdk/bsp/freedom-e310-arty/install/lib/debug//libmetal.a(libriscv__mmachine__freedom-e310-arty_a-riscv_plic0.o)
 .text.__metal_driver_sifive_plic0_interrupt_parents
                0x0000000020405994       0x28 /home/albertojor/GitHub/freedom-e-sdk/bsp/freedom-e310-arty/install/lib/debug//libmetal.a(libriscv__mmachine__freedom-e310-arty_a-riscv_plic0.o)
 .text.__metal_driver_sifive_plic0_interrupt_lines
                0x00000000204059bc       0x22 /home/albertojor/GitHub/freedom-e-sdk/bsp/freedom-e310-arty/install/lib/debug//libmetal.a(libriscv__mmachine__freedom-e310-arty_a-riscv_plic0.o)
 .text.__metal_plic0_claim_interrupt
                0x00000000204059de       0x2e /home/albertojor/GitHub/freedom-e-sdk/bsp/freedom-e310-arty/install/lib/debug//libmetal.a(libriscv__mmachine__freedom-e310-arty_a-riscv_plic0.o)
                0x00000000204059de                __metal_plic0_claim_interrupt
 .text.__metal_plic0_complete_interrupt
                0x0000000020405a0c       0x38 /home/albertojor/GitHub/freedom-e-sdk/bsp/freedom-e310-arty/install/lib/debug//libmetal.a(libriscv__mmachine__freedom-e310-arty_a-riscv_plic0.o)
                0x0000000020405a0c                __metal_plic0_complete_interrupt
 .text.__metal_plic0_set_threshold
                0x0000000020405a44       0x38 /home/albertojor/GitHub/freedom-e-sdk/bsp/freedom-e310-arty/install/lib/debug//libmetal.a(libriscv__mmachine__freedom-e310-arty_a-riscv_plic0.o)
                0x0000000020405a44                __metal_plic0_set_threshold
 .text.__metal_plic0_get_threshold
                0x0000000020405a7c       0x2c /home/albertojor/GitHub/freedom-e-sdk/bsp/freedom-e310-arty/install/lib/debug//libmetal.a(libriscv__mmachine__freedom-e310-arty_a-riscv_plic0.o)
                0x0000000020405a7c                __metal_plic0_get_threshold
 .text.__metal_plic0_set_priority
                0x0000000020405aa8       0x62 /home/albertojor/GitHub/freedom-e-sdk/bsp/freedom-e310-arty/install/lib/debug//libmetal.a(libriscv__mmachine__freedom-e310-arty_a-riscv_plic0.o)
                0x0000000020405aa8                __metal_plic0_set_priority
 .text.__metal_plic0_get_priority
                0x0000000020405b0a       0x34 /home/albertojor/GitHub/freedom-e-sdk/bsp/freedom-e310-arty/install/lib/debug//libmetal.a(libriscv__mmachine__freedom-e310-arty_a-riscv_plic0.o)
                0x0000000020405b0a                __metal_plic0_get_priority
 .text.__metal_plic0_enable
                0x0000000020405b3e       0x8e /home/albertojor/GitHub/freedom-e-sdk/bsp/freedom-e310-arty/install/lib/debug//libmetal.a(libriscv__mmachine__freedom-e310-arty_a-riscv_plic0.o)
                0x0000000020405b3e                __metal_plic0_enable
 .text.__metal_plic0_default_handler
                0x0000000020405bcc       0x18 /home/albertojor/GitHub/freedom-e-sdk/bsp/freedom-e310-arty/install/lib/debug//libmetal.a(libriscv__mmachine__freedom-e310-arty_a-riscv_plic0.o)
                0x0000000020405bcc                __metal_plic0_default_handler
 .text.__metal_plic0_handler
                0x0000000020405be4       0x94 /home/albertojor/GitHub/freedom-e-sdk/bsp/freedom-e310-arty/install/lib/debug//libmetal.a(libriscv__mmachine__freedom-e310-arty_a-riscv_plic0.o)
                0x0000000020405be4                __metal_plic0_handler
 .text.__metal_driver_riscv_plic0_init
                0x0000000020405c78      0x146 /home/albertojor/GitHub/freedom-e-sdk/bsp/freedom-e310-arty/install/lib/debug//libmetal.a(libriscv__mmachine__freedom-e310-arty_a-riscv_plic0.o)
                0x0000000020405c78                __metal_driver_riscv_plic0_init
 .text.__metal_driver_riscv_plic0_register
                0x0000000020405dbe       0xc2 /home/albertojor/GitHub/freedom-e-sdk/bsp/freedom-e310-arty/install/lib/debug//libmetal.a(libriscv__mmachine__freedom-e310-arty_a-riscv_plic0.o)
                0x0000000020405dbe                __metal_driver_riscv_plic0_register
 .text.__metal_driver_riscv_plic0_enable
                0x0000000020405e80       0x48 /home/albertojor/GitHub/freedom-e-sdk/bsp/freedom-e310-arty/install/lib/debug//libmetal.a(libriscv__mmachine__freedom-e310-arty_a-riscv_plic0.o)
                0x0000000020405e80                __metal_driver_riscv_plic0_enable
 .text.__metal_driver_riscv_plic0_disable
                0x0000000020405ec8       0x48 /home/albertojor/GitHub/freedom-e-sdk/bsp/freedom-e310-arty/install/lib/debug//libmetal.a(libriscv__mmachine__freedom-e310-arty_a-riscv_plic0.o)
                0x0000000020405ec8                __metal_driver_riscv_plic0_disable
 .text.__metal_driver_sifive_gpio0_base
                0x0000000020405f10       0x26 /home/albertojor/GitHub/freedom-e-sdk/bsp/freedom-e310-arty/install/lib/debug//libmetal.a(libriscv__mmachine__freedom-e310-arty_a-sifive_gpio0.o)
 .text.__metal_driver_sifive_gpio0_interrupt_parent
                0x0000000020405f36       0x2a /home/albertojor/GitHub/freedom-e-sdk/bsp/freedom-e310-arty/install/lib/debug//libmetal.a(libriscv__mmachine__freedom-e310-arty_a-sifive_gpio0.o)
 .text.__metal_driver_sifive_gpio0_interrupt_lines
                0x0000000020405f60      0x1b4 /home/albertojor/GitHub/freedom-e-sdk/bsp/freedom-e310-arty/install/lib/debug//libmetal.a(libriscv__mmachine__freedom-e310-arty_a-sifive_gpio0.o)
 .text.__metal_driver_sifive_gpio0_enable_input
                0x0000000020406114       0x40 /home/albertojor/GitHub/freedom-e-sdk/bsp/freedom-e310-arty/install/lib/debug//libmetal.a(libriscv__mmachine__freedom-e310-arty_a-sifive_gpio0.o)
                0x0000000020406114                __metal_driver_sifive_gpio0_enable_input
 .text.__metal_driver_sifive_gpio0_disable_input
                0x0000000020406154       0x46 /home/albertojor/GitHub/freedom-e-sdk/bsp/freedom-e310-arty/install/lib/debug//libmetal.a(libriscv__mmachine__freedom-e310-arty_a-sifive_gpio0.o)
                0x0000000020406154                __metal_driver_sifive_gpio0_disable_input
 .text.__metal_driver_sifive_gpio0_input
                0x000000002040619a       0x2a /home/albertojor/GitHub/freedom-e-sdk/bsp/freedom-e310-arty/install/lib/debug//libmetal.a(libriscv__mmachine__freedom-e310-arty_a-sifive_gpio0.o)
                0x000000002040619a                __metal_driver_sifive_gpio0_input
 .text.__metal_driver_sifive_gpio0_output
                0x00000000204061c4       0x2c /home/albertojor/GitHub/freedom-e-sdk/bsp/freedom-e310-arty/install/lib/debug//libmetal.a(libriscv__mmachine__freedom-e310-arty_a-sifive_gpio0.o)
                0x00000000204061c4                __metal_driver_sifive_gpio0_output
 .text.__metal_driver_sifive_gpio0_disable_output
                0x00000000204061f0       0x46 /home/albertojor/GitHub/freedom-e-sdk/bsp/freedom-e310-arty/install/lib/debug//libmetal.a(libriscv__mmachine__freedom-e310-arty_a-sifive_gpio0.o)
                0x00000000204061f0                __metal_driver_sifive_gpio0_disable_output
 .text.__metal_driver_sifive_gpio0_enable_output
                0x0000000020406236       0x40 /home/albertojor/GitHub/freedom-e-sdk/bsp/freedom-e310-arty/install/lib/debug//libmetal.a(libriscv__mmachine__freedom-e310-arty_a-sifive_gpio0.o)
                0x0000000020406236                __metal_driver_sifive_gpio0_enable_output
 .text.__metal_driver_sifive_gpio0_output_set
                0x0000000020406276       0x40 /home/albertojor/GitHub/freedom-e-sdk/bsp/freedom-e310-arty/install/lib/debug//libmetal.a(libriscv__mmachine__freedom-e310-arty_a-sifive_gpio0.o)
                0x0000000020406276                __metal_driver_sifive_gpio0_output_set
 .text.__metal_driver_sifive_gpio0_output_clear
                0x00000000204062b6       0x46 /home/albertojor/GitHub/freedom-e-sdk/bsp/freedom-e310-arty/install/lib/debug//libmetal.a(libriscv__mmachine__freedom-e310-arty_a-sifive_gpio0.o)
                0x00000000204062b6                __metal_driver_sifive_gpio0_output_clear
 .text.__metal_driver_sifive_gpio0_output_toggle
                0x00000000204062fc       0x40 /home/albertojor/GitHub/freedom-e-sdk/bsp/freedom-e310-arty/install/lib/debug//libmetal.a(libriscv__mmachine__freedom-e310-arty_a-sifive_gpio0.o)
                0x00000000204062fc                __metal_driver_sifive_gpio0_output_toggle
 .text.__metal_driver_sifive_gpio0_enable_io
                0x000000002040633c       0x68 /home/albertojor/GitHub/freedom-e-sdk/bsp/freedom-e310-arty/install/lib/debug//libmetal.a(libriscv__mmachine__freedom-e310-arty_a-sifive_gpio0.o)
                0x000000002040633c                __metal_driver_sifive_gpio0_enable_io
 .text.__metal_driver_sifive_gpio0_disable_io
                0x00000000204063a4       0x4a /home/albertojor/GitHub/freedom-e-sdk/bsp/freedom-e310-arty/install/lib/debug//libmetal.a(libriscv__mmachine__freedom-e310-arty_a-sifive_gpio0.o)
                0x00000000204063a4                __metal_driver_sifive_gpio0_disable_io
 .text.__metal_driver_sifive_gpio0_config_int
                0x00000000204063ee      0x206 /home/albertojor/GitHub/freedom-e-sdk/bsp/freedom-e310-arty/install/lib/debug//libmetal.a(libriscv__mmachine__freedom-e310-arty_a-sifive_gpio0.o)
                0x00000000204063ee                __metal_driver_sifive_gpio0_config_int
 .text.__metal_driver_sifive_gpio0_clear_int
                0x00000000204065f4      0x188 /home/albertojor/GitHub/freedom-e-sdk/bsp/freedom-e310-arty/install/lib/debug//libmetal.a(libriscv__mmachine__freedom-e310-arty_a-sifive_gpio0.o)
                0x00000000204065f4                __metal_driver_sifive_gpio0_clear_int
 .text.__metal_driver_gpio_interrupt_controller
                0x000000002040677c       0x20 /home/albertojor/GitHub/freedom-e-sdk/bsp/freedom-e310-arty/install/lib/debug//libmetal.a(libriscv__mmachine__freedom-e310-arty_a-sifive_gpio0.o)
                0x000000002040677c                __metal_driver_gpio_interrupt_controller
 .text.__metal_driver_gpio_get_interrupt_id
                0x000000002040679c       0x2e /home/albertojor/GitHub/freedom-e-sdk/bsp/freedom-e310-arty/install/lib/debug//libmetal.a(libriscv__mmachine__freedom-e310-arty_a-sifive_gpio0.o)
                0x000000002040679c                __metal_driver_gpio_get_interrupt_id
 .text.__metal_driver_sifive_uart0_control_base
                0x00000000204067ca       0x2a /home/albertojor/GitHub/freedom-e-sdk/bsp/freedom-e310-arty/install/lib/debug//libmetal.a(libriscv__mmachine__freedom-e310-arty_a-sifive_uart0.o)
 .text.__metal_driver_sifive_uart0_interrupt_parent
                0x00000000204067f4       0x2e /home/albertojor/GitHub/freedom-e-sdk/bsp/freedom-e310-arty/install/lib/debug//libmetal.a(libriscv__mmachine__freedom-e310-arty_a-sifive_uart0.o)
 .text.__metal_driver_sifive_uart0_interrupt_line
                0x0000000020406822       0x28 /home/albertojor/GitHub/freedom-e-sdk/bsp/freedom-e310-arty/install/lib/debug//libmetal.a(libriscv__mmachine__freedom-e310-arty_a-sifive_uart0.o)
 .text.__metal_driver_sifive_uart0_clock
                0x000000002040684a       0x2e /home/albertojor/GitHub/freedom-e-sdk/bsp/freedom-e310-arty/install/lib/debug//libmetal.a(libriscv__mmachine__freedom-e310-arty_a-sifive_uart0.o)
 .text.__metal_driver_sifive_uart0_pinmux
                0x0000000020406878       0x2a /home/albertojor/GitHub/freedom-e-sdk/bsp/freedom-e310-arty/install/lib/debug//libmetal.a(libriscv__mmachine__freedom-e310-arty_a-sifive_uart0.o)
 .text.__metal_driver_sifive_uart0_pinmux_output_selector
                0x00000000204068a2       0x2a /home/albertojor/GitHub/freedom-e-sdk/bsp/freedom-e310-arty/install/lib/debug//libmetal.a(libriscv__mmachine__freedom-e310-arty_a-sifive_uart0.o)
 .text.__metal_driver_sifive_uart0_pinmux_source_selector
                0x00000000204068cc       0x2a /home/albertojor/GitHub/freedom-e-sdk/bsp/freedom-e310-arty/install/lib/debug//libmetal.a(libriscv__mmachine__freedom-e310-arty_a-sifive_uart0.o)
 .text.__metal_driver_sifive_uart0_interrupt_controller
                0x00000000204068f6       0x1e /home/albertojor/GitHub/freedom-e-sdk/bsp/freedom-e310-arty/install/lib/debug//libmetal.a(libriscv__mmachine__freedom-e310-arty_a-sifive_uart0.o)
                0x00000000204068f6                __metal_driver_sifive_uart0_interrupt_controller
 .text.__metal_driver_sifive_uart0_get_interrupt_id
                0x0000000020406914       0x22 /home/albertojor/GitHub/freedom-e-sdk/bsp/freedom-e310-arty/install/lib/debug//libmetal.a(libriscv__mmachine__freedom-e310-arty_a-sifive_uart0.o)
                0x0000000020406914                __metal_driver_sifive_uart0_get_interrupt_id
 .text.__metal_driver_sifive_uart0_txready
                0x0000000020406936       0x34 /home/albertojor/GitHub/freedom-e-sdk/bsp/freedom-e310-arty/install/lib/debug//libmetal.a(libriscv__mmachine__freedom-e310-arty_a-sifive_uart0.o)
                0x0000000020406936                __metal_driver_sifive_uart0_txready
 .text.__metal_driver_sifive_uart0_putc
                0x000000002040696a       0x40 /home/albertojor/GitHub/freedom-e-sdk/bsp/freedom-e310-arty/install/lib/debug//libmetal.a(libriscv__mmachine__freedom-e310-arty_a-sifive_uart0.o)
                0x000000002040696a                __metal_driver_sifive_uart0_putc
 .text.__metal_driver_sifive_uart0_getc
                0x00000000204069aa       0x56 /home/albertojor/GitHub/freedom-e-sdk/bsp/freedom-e310-arty/install/lib/debug//libmetal.a(libriscv__mmachine__freedom-e310-arty_a-sifive_uart0.o)
                0x00000000204069aa                __metal_driver_sifive_uart0_getc
 .text.__metal_driver_sifive_uart0_get_baud_rate
                0x0000000020406a00       0x20 /home/albertojor/GitHub/freedom-e-sdk/bsp/freedom-e310-arty/install/lib/debug//libmetal.a(libriscv__mmachine__freedom-e310-arty_a-sifive_uart0.o)
                0x0000000020406a00                __metal_driver_sifive_uart0_get_baud_rate
 .text.__metal_driver_sifive_uart0_set_baud_rate
                0x0000000020406a20       0xa0 /home/albertojor/GitHub/freedom-e-sdk/bsp/freedom-e310-arty/install/lib/debug//libmetal.a(libriscv__mmachine__freedom-e310-arty_a-sifive_uart0.o)
                0x0000000020406a20                __metal_driver_sifive_uart0_set_baud_rate
 .text.pre_rate_change_callback_func
                0x0000000020406ac0       0xd8 /home/albertojor/GitHub/freedom-e-sdk/bsp/freedom-e310-arty/install/lib/debug//libmetal.a(libriscv__mmachine__freedom-e310-arty_a-sifive_uart0.o)
 .text.post_rate_change_callback_func
                0x0000000020406b98       0x30 /home/albertojor/GitHub/freedom-e-sdk/bsp/freedom-e310-arty/install/lib/debug//libmetal.a(libriscv__mmachine__freedom-e310-arty_a-sifive_uart0.o)
 .text.__metal_driver_sifive_uart0_init
                0x0000000020406bc8       0xd2 /home/albertojor/GitHub/freedom-e-sdk/bsp/freedom-e310-arty/install/lib/debug//libmetal.a(libriscv__mmachine__freedom-e310-arty_a-sifive_uart0.o)
                0x0000000020406bc8                __metal_driver_sifive_uart0_init
 .text._metal_clock_append_to_callbacks
                0x0000000020406c9a       0x54 /home/albertojor/GitHub/freedom-e-sdk/bsp/freedom-e310-arty/install/lib/debug//libmetal.a(libriscv__mmachine__freedom-e310-arty_a-clock.o)
                0x0000000020406c9a                _metal_clock_append_to_callbacks
 .text.metal_clock_register_pre_rate_change_callback
                0x0000000020406cee       0x30 /home/albertojor/GitHub/freedom-e-sdk/bsp/freedom-e310-arty/install/lib/debug//libmetal.a(libriscv__mmachine__freedom-e310-arty_a-clock.o)
                0x0000000020406cee                metal_clock_register_pre_rate_change_callback
 .text.metal_clock_register_post_rate_change_callback
                0x0000000020406d1e       0x30 /home/albertojor/GitHub/freedom-e-sdk/bsp/freedom-e310-arty/install/lib/debug//libmetal.a(libriscv__mmachine__freedom-e310-arty_a-clock.o)
                0x0000000020406d1e                metal_clock_register_post_rate_change_callback
 .text.metal_cpu_interrupt_controller
                0x0000000020406d4e       0x26 /home/albertojor/GitHub/freedom-e-sdk/bsp/freedom-e310-arty/install/lib/debug//libmetal.a(libriscv__mmachine__freedom-e310-arty_a-cpu.o)
                0x0000000020406d4e                metal_cpu_interrupt_controller
 .text.metal_cpu_get
                0x0000000020406d74       0x2a /home/albertojor/GitHub/freedom-e-sdk/bsp/freedom-e310-arty/install/lib/debug//libmetal.a(libriscv__mmachine__freedom-e310-arty_a-cpu.o)
                0x0000000020406d74                metal_cpu_get
 .text.metal_cpu_get_current_hartid
                0x0000000020406d9e       0x1a /home/albertojor/GitHub/freedom-e-sdk/bsp/freedom-e310-arty/install/lib/debug//libmetal.a(libriscv__mmachine__freedom-e310-arty_a-cpu.o)
                0x0000000020406d9e                metal_cpu_get_current_hartid
 .text.metal_shutdown
                0x0000000020406db8        0xe /home/albertojor/GitHub/freedom-e-sdk/bsp/freedom-e310-arty/install/lib/debug//libmetal.a(libriscv__mmachine__freedom-e310-arty_a-shutdown.o)
                0x0000000020406db8                metal_shutdown
 *fill*         0x0000000020406dc6       0x3a 
 .text          0x0000000020406e00       0x80 /home/albertojor/GitHub/freedom-e-sdk/bsp/freedom-e310-arty/install/lib/debug//libmetal.a(libriscv__mmachine__freedom-e310-arty_a-vector.o)
                0x0000000020406e00                __metal_vector_table
 .text.__metal_driver_fixed_clock_rate
                0x0000000020406e80       0x2e /home/albertojor/GitHub/freedom-e-sdk/bsp/freedom-e310-arty/install/lib/debug//libmetal.a(libriscv__mmachine__freedom-e310-arty_a-fixed-clock.o)
 .text.__metal_driver_fixed_clock_get_rate_hz
                0x0000000020406eae       0x1e /home/albertojor/GitHub/freedom-e-sdk/bsp/freedom-e310-arty/install/lib/debug//libmetal.a(libriscv__mmachine__freedom-e310-arty_a-fixed-clock.o)
                0x0000000020406eae                __metal_driver_fixed_clock_get_rate_hz
 .text.__metal_driver_fixed_clock_set_rate_hz
                0x0000000020406ecc       0x22 /home/albertojor/GitHub/freedom-e-sdk/bsp/freedom-e310-arty/install/lib/debug//libmetal.a(libriscv__mmachine__freedom-e310-arty_a-fixed-clock.o)
                0x0000000020406ecc                __metal_driver_fixed_clock_set_rate_hz
 .text._exit    0x0000000020406eee       0x14 /home/albertojor/GitHub/freedom-e-sdk/bsp/freedom-e310-arty/install/lib/debug//libmetal-gloss.a(sys_exit.o)
                0x0000000020406eee                _exit
 *(.gnu.linkonce.t.*)
                [!provide]                        PROVIDE (__etext = .)
                [!provide]                        PROVIDE (_etext = .)
                [!provide]                        PROVIDE (etext = .)

.rodata         0x0000000020406f04      0x4dc
 *(.rdata)
 *(.rodata .rodata.*)
 .rodata        0x0000000020406f04       0xee /tmp/ccBbPOra.o
 *fill*         0x0000000020406ff2        0x2 
 .rodata.__sf_fake_stderr
                0x0000000020406ff4       0x20 /home/albertojor/riscv64-unknown-elf-gcc-8.3.0-2019.08.0-x86_64-linux-ubuntu14/bin/../lib/gcc/riscv64-unknown-elf/8.3.0/../../../../riscv64-unknown-elf/lib/rv32imac/ilp32/libc_nano.a(lib_a-findfp.o)
                0x0000000020406ff4                __sf_fake_stderr
 .rodata.__sf_fake_stdin
                0x0000000020407014       0x20 /home/albertojor/riscv64-unknown-elf-gcc-8.3.0-2019.08.0-x86_64-linux-ubuntu14/bin/../lib/gcc/riscv64-unknown-elf/8.3.0/../../../../riscv64-unknown-elf/lib/rv32imac/ilp32/libc_nano.a(lib_a-findfp.o)
                0x0000000020407014                __sf_fake_stdin
 .rodata.__sf_fake_stdout
                0x0000000020407034       0x20 /home/albertojor/riscv64-unknown-elf-gcc-8.3.0-2019.08.0-x86_64-linux-ubuntu14/bin/../lib/gcc/riscv64-unknown-elf/8.3.0/../../../../riscv64-unknown-elf/lib/rv32imac/ilp32/libc_nano.a(lib_a-findfp.o)
                0x0000000020407034                __sf_fake_stdout
 .rodata._vfprintf_r.str1.4
                0x0000000020407054       0x13 /home/albertojor/riscv64-unknown-elf-gcc-8.3.0-2019.08.0-x86_64-linux-ubuntu14/bin/../lib/gcc/riscv64-unknown-elf/8.3.0/../../../../riscv64-unknown-elf/lib/rv32imac/ilp32/libc_nano.a(lib_a-nano-vfprintf.o)
 *fill*         0x0000000020407067        0x1 
 .rodata._printf_i.str1.4
                0x0000000020407068       0x28 /home/albertojor/riscv64-unknown-elf-gcc-8.3.0-2019.08.0-x86_64-linux-ubuntu14/bin/../lib/gcc/riscv64-unknown-elf/8.3.0/../../../../riscv64-unknown-elf/lib/rv32imac/ilp32/libc_nano.a(lib_a-nano-vfprintf_i.o)
                                         0x25 (size before relaxing)
 .rodata.libgloss.start
                0x0000000020407090       0x11 /home/albertojor/GitHub/freedom-e-sdk/bsp/freedom-e310-arty/install/lib/debug//libmetal-gloss.a(crt0.o)
 *fill*         0x00000000204070a1        0x3 
 .rodata.__metal_driver_vtable_riscv_clint0
                0x00000000204070a4       0x4c /home/albertojor/GitHub/freedom-e-sdk/bsp/freedom-e310-arty/install/lib/debug//libmetal.a(libriscv__mmachine__freedom-e310-arty_a-riscv_clint0.o)
                0x00000000204070a4                __metal_driver_vtable_riscv_clint0
 .rodata.__metal_controller_interrupt_vector
                0x00000000204070f0       0x14 /home/albertojor/GitHub/freedom-e-sdk/bsp/freedom-e310-arty/install/lib/debug//libmetal.a(libriscv__mmachine__freedom-e310-arty_a-riscv_cpu.o)
 .rodata.__metal_valid_interrupt_id
                0x0000000020407104       0x74 /home/albertojor/GitHub/freedom-e-sdk/bsp/freedom-e310-arty/install/lib/debug//libmetal.a(libriscv__mmachine__freedom-e310-arty_a-riscv_cpu.o)
 .rodata.__metal_local_interrupt_enable
                0x0000000020407178       0x80 /home/albertojor/GitHub/freedom-e-sdk/bsp/freedom-e310-arty/install/lib/debug//libmetal.a(libriscv__mmachine__freedom-e310-arty_a-riscv_cpu.o)
 .rodata.__metal_driver_riscv_cpu_controller_interrupt_register
                0x00000000204071f8       0x74 /home/albertojor/GitHub/freedom-e-sdk/bsp/freedom-e310-arty/install/lib/debug//libmetal.a(libriscv__mmachine__freedom-e310-arty_a-riscv_cpu.o)
 .rodata.__metal_driver_vtable_riscv_cpu_intc
                0x000000002040726c       0x4c /home/albertojor/GitHub/freedom-e-sdk/bsp/freedom-e310-arty/install/lib/debug//libmetal.a(libriscv__mmachine__freedom-e310-arty_a-riscv_cpu.o)
                0x000000002040726c                __metal_driver_vtable_riscv_cpu_intc
 .rodata.__metal_driver_vtable_cpu
                0x00000000204072b8       0x40 /home/albertojor/GitHub/freedom-e-sdk/bsp/freedom-e310-arty/install/lib/debug//libmetal.a(libriscv__mmachine__freedom-e310-arty_a-riscv_cpu.o)
                0x00000000204072b8                __metal_driver_vtable_cpu
 .rodata.__metal_driver_vtable_riscv_plic0
                0x00000000204072f8       0x4c /home/albertojor/GitHub/freedom-e-sdk/bsp/freedom-e310-arty/install/lib/debug//libmetal.a(libriscv__mmachine__freedom-e310-arty_a-riscv_plic0.o)
                0x00000000204072f8                __metal_driver_vtable_riscv_plic0
 .rodata.__metal_driver_sifive_gpio0_config_int
                0x0000000020407344       0x20 /home/albertojor/GitHub/freedom-e-sdk/bsp/freedom-e310-arty/install/lib/debug//libmetal.a(libriscv__mmachine__freedom-e310-arty_a-sifive_gpio0.o)
 .rodata.__metal_driver_sifive_gpio0_clear_int
                0x0000000020407364       0x20 /home/albertojor/GitHub/freedom-e-sdk/bsp/freedom-e310-arty/install/lib/debug//libmetal.a(libriscv__mmachine__freedom-e310-arty_a-sifive_gpio0.o)
 .rodata.__metal_driver_vtable_sifive_gpio0
                0x0000000020407384       0x3c /home/albertojor/GitHub/freedom-e-sdk/bsp/freedom-e310-arty/install/lib/debug//libmetal.a(libriscv__mmachine__freedom-e310-arty_a-sifive_gpio0.o)
                0x0000000020407384                __metal_driver_vtable_sifive_gpio0
 .rodata.__metal_driver_vtable_sifive_uart0
                0x00000000204073c0       0x20 /home/albertojor/GitHub/freedom-e-sdk/bsp/freedom-e310-arty/install/lib/debug//libmetal.a(libriscv__mmachine__freedom-e310-arty_a-sifive_uart0.o)
                0x00000000204073c0                __metal_driver_vtable_sifive_uart0
 *(.gnu.linkonce.r.*)
                0x00000000204073e0                . = ALIGN (0x8)
 *(.srodata.cst16)
 *(.srodata.cst8)
 *(.srodata.cst4)
 *(.srodata.cst2)
 *(.srodata .srodata.*)

.rela.dyn       0x00000000204073e0        0x0
 .rela.text._vfprintf_r
                0x00000000204073e0        0x0 /tmp/ccBbPOra.o
 .rela.text._sbrk_r
                0x00000000204073e0        0x0 /tmp/ccBbPOra.o
 .rela.text._write_r
                0x00000000204073e0        0x0 /tmp/ccBbPOra.o
 .rela.text._close_r
                0x00000000204073e0        0x0 /tmp/ccBbPOra.o
 .rela.text._fstat_r
                0x00000000204073e0        0x0 /tmp/ccBbPOra.o
 .rela.text._isatty_r
                0x00000000204073e0        0x0 /tmp/ccBbPOra.o
 .rela.text._lseek_r
                0x00000000204073e0        0x0 /tmp/ccBbPOra.o
 .rela.text._read_r
                0x00000000204073e0        0x0 /tmp/ccBbPOra.o
 .rela.text.metal.init.enter
                0x00000000204073e0        0x0 /tmp/ccBbPOra.o
 .rela.text.libgloss.start
                0x00000000204073e0        0x0 /tmp/ccBbPOra.o
 .rela.sdata.brk
                0x00000000204073e0        0x0 /tmp/ccBbPOra.o
 .rela.text._sbrk
                0x00000000204073e0        0x0 /tmp/ccBbPOra.o
 .rela.text.__libc_fini_array
                0x00000000204073e0        0x0 /tmp/ccBbPOra.o
 .rela.text.__libc_init_array
                0x00000000204073e0        0x0 /tmp/ccBbPOra.o
 .rela.text.__register_exitproc
                0x00000000204073e0        0x0 /tmp/ccBbPOra.o
 .rela.text.__metal_driver_cpu_get
                0x00000000204073e0        0x0 /tmp/ccBbPOra.o
 .rela.text.metal_software_interrupt_vector_handler
                0x00000000204073e0        0x0 /tmp/ccBbPOra.o
 .rela.text.__metal_default_sw_handler
                0x00000000204073e0        0x0 /tmp/ccBbPOra.o
 .rela.text.metal_timer_interrupt_vector_handler
                0x00000000204073e0        0x0 /tmp/ccBbPOra.o
 .rela.text.__metal_exception_handler
                0x00000000204073e0        0x0 /tmp/ccBbPOra.o
 .rela.text.metal_lc0_interrupt_vector_handler
                0x00000000204073e0        0x0 /tmp/ccBbPOra.o
 .rela.text.metal_lc1_interrupt_vector_handler
                0x00000000204073e0        0x0 /tmp/ccBbPOra.o
 .rela.text.metal_lc2_interrupt_vector_handler
                0x00000000204073e0        0x0 /tmp/ccBbPOra.o
 .rela.text.metal_lc3_interrupt_vector_handler
                0x00000000204073e0        0x0 /tmp/ccBbPOra.o
 .rela.text.metal_lc4_interrupt_vector_handler
                0x00000000204073e0        0x0 /tmp/ccBbPOra.o
 .rela.text.metal_lc5_interrupt_vector_handler
                0x00000000204073e0        0x0 /tmp/ccBbPOra.o
 .rela.text.metal_lc6_interrupt_vector_handler
                0x00000000204073e0        0x0 /tmp/ccBbPOra.o
 .rela.text.metal_lc7_interrupt_vector_handler
                0x00000000204073e0        0x0 /tmp/ccBbPOra.o
 .rela.text.metal_lc8_interrupt_vector_handler
                0x00000000204073e0        0x0 /tmp/ccBbPOra.o
 .rela.text.metal_lc9_interrupt_vector_handler
                0x00000000204073e0        0x0 /tmp/ccBbPOra.o
 .rela.text.metal_lc10_interrupt_vector_handler
                0x00000000204073e0        0x0 /tmp/ccBbPOra.o
 .rela.text.metal_lc11_interrupt_vector_handler
                0x00000000204073e0        0x0 /tmp/ccBbPOra.o
 .rela.text.metal_lc12_interrupt_vector_handler
                0x00000000204073e0        0x0 /tmp/ccBbPOra.o
 .rela.text.metal_lc13_interrupt_vector_handler
                0x00000000204073e0        0x0 /tmp/ccBbPOra.o
 .rela.text.metal_lc14_interrupt_vector_handler
                0x00000000204073e0        0x0 /tmp/ccBbPOra.o
 .rela.text.metal_lc15_interrupt_vector_handler
                0x00000000204073e0        0x0 /tmp/ccBbPOra.o
 .rela.text.metal_cpu_get
                0x00000000204073e0        0x0 /tmp/ccBbPOra.o
 .rela.text     0x00000000204073e0        0x0 /tmp/ccBbPOra.o
                0x00000000204073e0                . = ALIGN (0x8)

.preinit_array  0x00000000204073e0        0x0
                0x00000000204073e0                PROVIDE (__preinit_array_start = .)
 *(.preinit_array)
                0x00000000204073e0                PROVIDE (__preinit_array_end = .)

.init_array     0x00000000204073e0        0x4
                0x00000000204073e0                PROVIDE (__init_array_start = .)
 *(SORT_BY_INIT_PRIORITY(.init_array.*) SORT_BY_INIT_PRIORITY(.ctors.*))
 *(.init_array EXCLUDE_FILE(*crtend?.o *crtend.o *crtbegin?.o *crtbegin.o) .ctors)
 .init_array    0x00000000204073e0        0x4 /home/albertojor/GitHub/freedom-e-sdk/bsp/freedom-e310-arty/install/lib/debug//libmetal.a(libriscv__mmachine__freedom-e310-arty_a-tty.o)
                0x00000000204073e4                PROVIDE (__init_array_end = .)

.fini_array     0x00000000204073e4        0x0
                0x00000000204073e4                PROVIDE (__fini_array_start = .)
 *(SORT_BY_INIT_PRIORITY(.fini_array.*) SORT_BY_INIT_PRIORITY(.dtors.*))
 *(.fini_array EXCLUDE_FILE(*crtend?.o *crtend.o *crtbegin?.o *crtbegin.o) .dtors)
                0x00000000204073e4                PROVIDE (__fini_array_end = .)

.ctors
 *crtbegin.o(.ctors)
 *crtbegin?.o(.ctors)
 *(EXCLUDE_FILE(*crtend?.o *crtend.o) .ctors)
 *(SORT_BY_NAME(.ctors.*))
 *(.ctors)

.dtors
 *crtbegin.o(.dtors)
 *crtbegin?.o(.dtors)
 *(EXCLUDE_FILE(*crtend?.o *crtend.o) .dtors)
 *(SORT_BY_NAME(.dtors.*))
 *(.dtors)

.itim           0x0000000008000000        0x0 load address 0x00000000204073e8
 *(.itim .itim.*)
                0x00000000204073e8                PROVIDE (metal_segment_itim_source_start = LOADADDR (.itim))
                0x0000000008000000                PROVIDE (metal_segment_itim_target_start = ADDR (.itim))
                0x0000000008000000                PROVIDE (metal_segment_itim_target_end = (ADDR (.itim) + SIZEOF (.itim)))

.data           0x0000000080000000      0x7c8 load address 0x00000000204073e8
 *(.data .data.*)
 .data.bytes.2828
                0x0000000080000000       0x1c /tmp/ccBbPOra.o
 .data.Nonce.2824
                0x000000008000001c       0x10 /tmp/ccBbPOra.o
 .data.Key.2825
                0x000000008000002c       0x10 /tmp/ccBbPOra.o
 .data.bytesr.2829
                0x000000008000003c       0x1c /tmp/ccBbPOra.o
 .data.impure_data
                0x0000000080000058       0x60 /home/albertojor/riscv64-unknown-elf-gcc-8.3.0-2019.08.0-x86_64-linux-ubuntu14/bin/../lib/gcc/riscv64-unknown-elf/8.3.0/../../../../riscv64-unknown-elf/lib/rv32imac/ilp32/libc_nano.a(lib_a-impure.o)
 .data.__metal_dt_clock_0
                0x00000000800000b8        0xc /home/albertojor/GitHub/freedom-e-sdk/bsp/freedom-e310-arty/install/lib/debug//libmetal.a(libriscv__mmachine__freedom-e310-arty_a-inline.o)
                0x00000000800000b8                __metal_dt_clock_0
 *fill*         0x00000000800000c4        0x4 
 .data.__metal_dt_cpu_0_interrupt_controller
                0x00000000800000c8      0x3b8 /home/albertojor/GitHub/freedom-e-sdk/bsp/freedom-e310-arty/install/lib/debug//libmetal.a(libriscv__mmachine__freedom-e310-arty_a-inline.o)
                0x00000000800000c8                __metal_dt_cpu_0_interrupt_controller
 .data.__metal_dt_interrupt_controller_c000000
                0x0000000080000480      0x300 /home/albertojor/GitHub/freedom-e-sdk/bsp/freedom-e310-arty/install/lib/debug//libmetal.a(libriscv__mmachine__freedom-e310-arty_a-inline.o)
                0x0000000080000480                __metal_dt_interrupt_controller_c000000
 .data.__metal_dt_serial_10013000
                0x0000000080000780       0x20 /home/albertojor/GitHub/freedom-e-sdk/bsp/freedom-e310-arty/install/lib/debug//libmetal.a(libriscv__mmachine__freedom-e310-arty_a-inline.o)
                0x0000000080000780                __metal_dt_serial_10013000
 *(.gnu.linkonce.d.*)
                0x00000000800007a0                . = ALIGN (0x8)
                0x0000000080000fa0                PROVIDE (__global_pointer$ = (. + 0x800))
 *(.sdata .sdata.* .sdata2.*)
 .sdata._impure_ptr
                0x00000000800007a0        0x4 /home/albertojor/riscv64-unknown-elf-gcc-8.3.0-2019.08.0-x86_64-linux-ubuntu14/bin/../lib/gcc/riscv64-unknown-elf/8.3.0/../../../../riscv64-unknown-elf/lib/rv32imac/ilp32/libc_nano.a(lib_a-impure.o)
                0x00000000800007a0                _impure_ptr
 .sdata2._global_impure_ptr
                0x00000000800007a4        0x4 /home/albertojor/riscv64-unknown-elf-gcc-8.3.0-2019.08.0-x86_64-linux-ubuntu14/bin/../lib/gcc/riscv64-unknown-elf/8.3.0/../../../../riscv64-unknown-elf/lib/rv32imac/ilp32/libc_nano.a(lib_a-impure.o)
                0x00000000800007a4                _global_impure_ptr
 .sdata.brk     0x00000000800007a8        0x4 /home/albertojor/GitHub/freedom-e-sdk/bsp/freedom-e310-arty/install/lib/debug//libmetal-gloss.a(sys_sbrk.o)
 .sdata.__metal_cpu_table
                0x00000000800007ac        0x4 /home/albertojor/GitHub/freedom-e-sdk/bsp/freedom-e310-arty/install/lib/debug//libmetal.a(libriscv__mmachine__freedom-e310-arty_a-synchronize_harts.o)
                0x00000000800007ac                __metal_cpu_table
 .sdata.__metal_dt_clint_2000000
                0x00000000800007b0        0x8 /home/albertojor/GitHub/freedom-e-sdk/bsp/freedom-e310-arty/install/lib/debug//libmetal.a(libriscv__mmachine__freedom-e310-arty_a-inline.o)
                0x00000000800007b0                __metal_dt_clint_2000000
 .sdata.__metal_dt_cpu_0
                0x00000000800007b8        0x4 /home/albertojor/GitHub/freedom-e-sdk/bsp/freedom-e310-arty/install/lib/debug//libmetal.a(libriscv__mmachine__freedom-e310-arty_a-inline.o)
                0x00000000800007b8                __metal_dt_cpu_0
 .sdata.__metal_dt_gpio_10012000
                0x00000000800007bc        0x4 /home/albertojor/GitHub/freedom-e-sdk/bsp/freedom-e310-arty/install/lib/debug//libmetal.a(libriscv__mmachine__freedom-e310-arty_a-inline.o)
                0x00000000800007bc                __metal_dt_gpio_10012000
 .sdata2.__metal_driver_vtable_fixed_clock
                0x00000000800007c0        0x8 /home/albertojor/GitHub/freedom-e-sdk/bsp/freedom-e310-arty/install/lib/debug//libmetal.a(libriscv__mmachine__freedom-e310-arty_a-fixed-clock.o)
                0x00000000800007c0                __metal_driver_vtable_fixed_clock
 *(.gnu.linkonce.s.*)
                0x00000000800007c8                . = ALIGN (0x8)
 *(.srodata.cst16)
 *(.srodata.cst8)
 *(.srodata.cst4)
 *(.srodata.cst2)
 *(.srodata .srodata.*)
                0x00000000800007c8                . = ALIGN (0x8)
 *(.rdata)
 *(.rodata .rodata.*)
 *(.gnu.linkonce.r.*)
                0x00000000204073e8                PROVIDE (metal_segment_data_source_start = LOADADDR (.data))
                0x0000000080000000                PROVIDE (metal_segment_data_target_start = ADDR (.data))
                0x00000000800007c8                PROVIDE (metal_segment_data_target_end = (ADDR (.data) + SIZEOF (.data)))

.bss            0x00000000800007c8     0x28cc
 *(.sbss*)
 .sbss.__malloc_free_list
                0x00000000800007c8        0x4 /home/albertojor/riscv64-unknown-elf-gcc-8.3.0-2019.08.0-x86_64-linux-ubuntu14/bin/../lib/gcc/riscv64-unknown-elf/8.3.0/../../../../riscv64-unknown-elf/lib/rv32imac/ilp32/libc_nano.a(lib_a-nano-mallocr.o)
                0x00000000800007c8                __malloc_free_list
 .sbss.__malloc_sbrk_start
                0x00000000800007cc        0x4 /home/albertojor/riscv64-unknown-elf-gcc-8.3.0-2019.08.0-x86_64-linux-ubuntu14/bin/../lib/gcc/riscv64-unknown-elf/8.3.0/../../../../riscv64-unknown-elf/lib/rv32imac/ilp32/libc_nano.a(lib_a-nano-mallocr.o)
                0x00000000800007cc                __malloc_sbrk_start
 .sbss._global_atexit
                0x00000000800007d0        0x4 /home/albertojor/riscv64-unknown-elf-gcc-8.3.0-2019.08.0-x86_64-linux-ubuntu14/bin/../lib/gcc/riscv64-unknown-elf/8.3.0/../../../../riscv64-unknown-elf/lib/rv32imac/ilp32/libc_nano.a(lib_a-__call_atexit.o)
                0x00000000800007d0                _global_atexit
 *(.gnu.linkonce.sb.*)
 *(.bss .bss.*)
 .bss.plain_text.2819
                0x00000000800007d4     0x2740 /tmp/ccBbPOra.o
 .bss.performance.2826
                0x0000000080002f14       0x78 /tmp/ccBbPOra.o
 .bss.performance2.2827
                0x0000000080002f8c       0x78 /tmp/ccBbPOra.o
 .bss._global_atexit0
                0x0000000080003004       0x8c /home/albertojor/riscv64-unknown-elf-gcc-8.3.0-2019.08.0-x86_64-linux-ubuntu14/bin/../lib/gcc/riscv64-unknown-elf/8.3.0/../../../../riscv64-unknown-elf/lib/rv32imac/ilp32/libc_nano.a(lib_a-__atexit.o)
 *(.gnu.linkonce.b.*)
 *(COMMON)
 COMMON         0x0000000080003090        0x4 /home/albertojor/riscv64-unknown-elf-gcc-8.3.0-2019.08.0-x86_64-linux-ubuntu14/bin/../lib/gcc/riscv64-unknown-elf/8.3.0/../../../../riscv64-unknown-elf/lib/rv32imac/ilp32/libc_nano.a(lib_a-reent.o)
                0x0000000080003090                errno
                0x00000000800007c8                PROVIDE (metal_segment_bss_target_start = ADDR (.bss))
                0x0000000080003094                PROVIDE (metal_segment_bss_target_end = (ADDR (.bss) + SIZEOF (.bss)))

.stack          0x0000000080003094      0x400
                [!provide]                        PROVIDE (metal_segment_stack_begin = .)
                0x0000000080003494                . = (. + __stack_size)
 *fill*         0x0000000080003094      0x400 
                0x0000000080003494                PROVIDE (_sp = .)
                [!provide]                        PROVIDE (metal_segment_stack_end = .)

.heap           0x0000000080003494      0x800
                0x0000000080003494                PROVIDE (metal_segment_heap_target_start = .)
                0x0000000000000800                . = __heap_size
 *fill*         0x0000000080003494      0x800 
                0x0000000080003c94                PROVIDE (metal_segment_heap_target_end = .)
                [!provide]                        PROVIDE (_heap_end = .)
OUTPUT(Ascon_Test elf32-littleriscv)

.debug_info     0x0000000000000000    0x14d24
 .debug_info    0x0000000000000000     0x161a /tmp/ccBbPOra.o
 .debug_info    0x000000000000161a       0x22 /home/albertojor/GitHub/freedom-e-sdk/bsp/freedom-e310-arty/install/lib/debug//libmetal.a(libriscv__mmachine__freedom-e310-arty_a-entry.o)
 .debug_info    0x000000000000163c       0x26 /home/albertojor/GitHub/freedom-e-sdk/bsp/freedom-e310-arty/install/lib/debug//libmetal-gloss.a(crt0.o)
 .debug_info    0x0000000000001662      0x969 /home/albertojor/GitHub/freedom-e-sdk/bsp/freedom-e310-arty/install/lib/debug//libmetal-gloss.a(sys_close.o)
 .debug_info    0x0000000000001fcb      0xbac /home/albertojor/GitHub/freedom-e-sdk/bsp/freedom-e310-arty/install/lib/debug//libmetal-gloss.a(sys_fstat.o)
 .debug_info    0x0000000000002b77       0xf4 /home/albertojor/GitHub/freedom-e-sdk/bsp/freedom-e310-arty/install/lib/debug//libmetal-gloss.a(sys_isatty.o)
 .debug_info    0x0000000000002c6b      0x99f /home/albertojor/GitHub/freedom-e-sdk/bsp/freedom-e310-arty/install/lib/debug//libmetal-gloss.a(sys_lseek.o)
 .debug_info    0x000000000000360a      0x99f /home/albertojor/GitHub/freedom-e-sdk/bsp/freedom-e310-arty/install/lib/debug//libmetal-gloss.a(sys_read.o)
 .debug_info    0x0000000000003fa9      0x117 /home/albertojor/GitHub/freedom-e-sdk/bsp/freedom-e310-arty/install/lib/debug//libmetal-gloss.a(sys_sbrk.o)
 .debug_info    0x00000000000040c0      0xa1e /home/albertojor/GitHub/freedom-e-sdk/bsp/freedom-e310-arty/install/lib/debug//libmetal-gloss.a(sys_write.o)
 .debug_info    0x0000000000004ade     0x1257 /home/albertojor/GitHub/freedom-e-sdk/bsp/freedom-e310-arty/install/lib/debug//libmetal.a(libriscv__mmachine__freedom-e310-arty_a-synchronize_harts.o)
 .debug_info    0x0000000000005d35     0x12cb /home/albertojor/GitHub/freedom-e-sdk/bsp/freedom-e310-arty/install/lib/debug//libmetal.a(libriscv__mmachine__freedom-e310-arty_a-tty.o)
 .debug_info    0x0000000000007000      0x5de /home/albertojor/GitHub/freedom-e-sdk/bsp/freedom-e310-arty/install/lib/debug//libmetal.a(libriscv__mmachine__freedom-e310-arty_a-uart.o)
 .debug_info    0x00000000000075de     0x123d /home/albertojor/GitHub/freedom-e-sdk/bsp/freedom-e310-arty/install/lib/debug//libmetal.a(libriscv__mmachine__freedom-e310-arty_a-inline.o)
 .debug_info    0x000000000000881b     0x18e6 /home/albertojor/GitHub/freedom-e-sdk/bsp/freedom-e310-arty/install/lib/debug//libmetal.a(libriscv__mmachine__freedom-e310-arty_a-riscv_clint0.o)
 .debug_info    0x000000000000a101     0x271f /home/albertojor/GitHub/freedom-e-sdk/bsp/freedom-e310-arty/install/lib/debug//libmetal.a(libriscv__mmachine__freedom-e310-arty_a-riscv_cpu.o)
 .debug_info    0x000000000000c820     0x1788 /home/albertojor/GitHub/freedom-e-sdk/bsp/freedom-e310-arty/install/lib/debug//libmetal.a(libriscv__mmachine__freedom-e310-arty_a-riscv_plic0.o)
 .debug_info    0x000000000000dfa8     0x1717 /home/albertojor/GitHub/freedom-e-sdk/bsp/freedom-e310-arty/install/lib/debug//libmetal.a(libriscv__mmachine__freedom-e310-arty_a-sifive_gpio0.o)
 .debug_info    0x000000000000f6bf     0x1786 /home/albertojor/GitHub/freedom-e-sdk/bsp/freedom-e310-arty/install/lib/debug//libmetal.a(libriscv__mmachine__freedom-e310-arty_a-sifive_uart0.o)
 .debug_info    0x0000000000010e45      0x2c7 /home/albertojor/GitHub/freedom-e-sdk/bsp/freedom-e310-arty/install/lib/debug//libmetal.a(libriscv__mmachine__freedom-e310-arty_a-clock.o)
 .debug_info    0x000000000001110c     0x15c6 /home/albertojor/GitHub/freedom-e-sdk/bsp/freedom-e310-arty/install/lib/debug//libmetal.a(libriscv__mmachine__freedom-e310-arty_a-cpu.o)
 .debug_info    0x00000000000126d2     0x1302 /home/albertojor/GitHub/freedom-e-sdk/bsp/freedom-e310-arty/install/lib/debug//libmetal.a(libriscv__mmachine__freedom-e310-arty_a-shutdown.o)
 .debug_info    0x00000000000139d4       0x26 /home/albertojor/GitHub/freedom-e-sdk/bsp/freedom-e310-arty/install/lib/debug//libmetal.a(libriscv__mmachine__freedom-e310-arty_a-vector.o)
 .debug_info    0x00000000000139fa     0x12db /home/albertojor/GitHub/freedom-e-sdk/bsp/freedom-e310-arty/install/lib/debug//libmetal.a(libriscv__mmachine__freedom-e310-arty_a-fixed-clock.o)
 .debug_info    0x0000000000014cd5       0x4f /home/albertojor/GitHub/freedom-e-sdk/bsp/freedom-e310-arty/install/lib/debug//libmetal-gloss.a(sys_exit.o)

.debug_abbrev   0x0000000000000000     0x27bb
 .debug_abbrev  0x0000000000000000      0x2e7 /tmp/ccBbPOra.o
 .debug_abbrev  0x00000000000002e7       0x12 /home/albertojor/GitHub/freedom-e-sdk/bsp/freedom-e310-arty/install/lib/debug//libmetal.a(libriscv__mmachine__freedom-e310-arty_a-entry.o)
 .debug_abbrev  0x00000000000002f9       0x14 /home/albertojor/GitHub/freedom-e-sdk/bsp/freedom-e310-arty/install/lib/debug//libmetal-gloss.a(crt0.o)
 .debug_abbrev  0x000000000000030d      0x1a9 /home/albertojor/GitHub/freedom-e-sdk/bsp/freedom-e310-arty/install/lib/debug//libmetal-gloss.a(sys_close.o)
 .debug_abbrev  0x00000000000004b6      0x1bc /home/albertojor/GitHub/freedom-e-sdk/bsp/freedom-e310-arty/install/lib/debug//libmetal-gloss.a(sys_fstat.o)
 .debug_abbrev  0x0000000000000672       0x73 /home/albertojor/GitHub/freedom-e-sdk/bsp/freedom-e310-arty/install/lib/debug//libmetal-gloss.a(sys_isatty.o)
 .debug_abbrev  0x00000000000006e5      0x1ba /home/albertojor/GitHub/freedom-e-sdk/bsp/freedom-e310-arty/install/lib/debug//libmetal-gloss.a(sys_lseek.o)
 .debug_abbrev  0x000000000000089f      0x1ba /home/albertojor/GitHub/freedom-e-sdk/bsp/freedom-e310-arty/install/lib/debug//libmetal-gloss.a(sys_read.o)
 .debug_abbrev  0x0000000000000a59       0xb8 /home/albertojor/GitHub/freedom-e-sdk/bsp/freedom-e310-arty/install/lib/debug//libmetal-gloss.a(sys_sbrk.o)
 .debug_abbrev  0x0000000000000b11      0x1ec /home/albertojor/GitHub/freedom-e-sdk/bsp/freedom-e310-arty/install/lib/debug//libmetal-gloss.a(sys_write.o)
 .debug_abbrev  0x0000000000000cfd      0x192 /home/albertojor/GitHub/freedom-e-sdk/bsp/freedom-e310-arty/install/lib/debug//libmetal.a(libriscv__mmachine__freedom-e310-arty_a-synchronize_harts.o)
 .debug_abbrev  0x0000000000000e8f      0x1dd /home/albertojor/GitHub/freedom-e-sdk/bsp/freedom-e310-arty/install/lib/debug//libmetal.a(libriscv__mmachine__freedom-e310-arty_a-tty.o)
 .debug_abbrev  0x000000000000106c      0x10c /home/albertojor/GitHub/freedom-e-sdk/bsp/freedom-e310-arty/install/lib/debug//libmetal.a(libriscv__mmachine__freedom-e310-arty_a-uart.o)
 .debug_abbrev  0x0000000000001178      0x176 /home/albertojor/GitHub/freedom-e-sdk/bsp/freedom-e310-arty/install/lib/debug//libmetal.a(libriscv__mmachine__freedom-e310-arty_a-inline.o)
 .debug_abbrev  0x00000000000012ee      0x294 /home/albertojor/GitHub/freedom-e-sdk/bsp/freedom-e310-arty/install/lib/debug//libmetal.a(libriscv__mmachine__freedom-e310-arty_a-riscv_clint0.o)
 .debug_abbrev  0x0000000000001582      0x36c /home/albertojor/GitHub/freedom-e-sdk/bsp/freedom-e310-arty/install/lib/debug//libmetal.a(libriscv__mmachine__freedom-e310-arty_a-riscv_cpu.o)
 .debug_abbrev  0x00000000000018ee      0x266 /home/albertojor/GitHub/freedom-e-sdk/bsp/freedom-e310-arty/install/lib/debug//libmetal.a(libriscv__mmachine__freedom-e310-arty_a-riscv_plic0.o)
 .debug_abbrev  0x0000000000001b54      0x241 /home/albertojor/GitHub/freedom-e-sdk/bsp/freedom-e310-arty/install/lib/debug//libmetal.a(libriscv__mmachine__freedom-e310-arty_a-sifive_gpio0.o)
 .debug_abbrev  0x0000000000001d95      0x29d /home/albertojor/GitHub/freedom-e-sdk/bsp/freedom-e310-arty/install/lib/debug//libmetal.a(libriscv__mmachine__freedom-e310-arty_a-sifive_uart0.o)