Archive member included to satisfy reference by file (symbol)

/home/albertojor/riscv64-unknown-elf-gcc-8.3.0-2019.08.0-x86_64-linux-ubuntu14/bin/../lib/gcc/riscv64-unknown-elf/8.3.0/../../../../riscv64-unknown-elf/lib/rv32imac/ilp32/libc_nano.a(lib_a-printf.o)
                              /tmp/ccwCgoGm.o (printf)
/home/albertojor/riscv64-unknown-elf-gcc-8.3.0-2019.08.0-x86_64-linux-ubuntu14/bin/../lib/gcc/riscv64-unknown-elf/8.3.0/../../../../riscv64-unknown-elf/lib/rv32imac/ilp32/libc_nano.a(lib_a-puts.o)
                              /tmp/ccwCgoGm.o (puts)
/home/albertojor/riscv64-unknown-elf-gcc-8.3.0-2019.08.0-x86_64-linux-ubuntu14/bin/../lib/gcc/riscv64-unknown-elf/8.3.0/../../../../riscv64-unknown-elf/lib/rv32imac/ilp32/libc_nano.a(lib_a-wbuf.o)
                              /home/albertojor/riscv64-unknown-elf-gcc-8.3.0-2019.08.0-x86_64-linux-ubuntu14/bin/../lib/gcc/riscv64-unknown-elf/8.3.0/../../../../riscv64-unknown-elf/lib/rv32imac/ilp32/libc_nano.a(lib_a-puts.o) (__swbuf_r)
/home/albertojor/riscv64-unknown-elf-gcc-8.3.0-2019.08.0-x86_64-linux-ubuntu14/bin/../lib/gcc/riscv64-unknown-elf/8.3.0/../../../../riscv64-unknown-elf/lib/rv32imac/ilp32/libc_nano.a(lib_a-wsetup.o)
                              /home/albertojor/riscv64-unknown-elf-gcc-8.3.0-2019.08.0-x86_64-linux-ubuntu14/bin/../lib/gcc/riscv64-unknown-elf/8.3.0/../../../../riscv64-unknown-elf/lib/rv32imac/ilp32/libc_nano.a(lib_a-puts.o) (__swsetup_r)
/home/albertojor/riscv64-unknown-elf-gcc-8.3.0-2019.08.0-x86_64-linux-ubuntu14/bin/../lib/gcc/riscv64-unknown-elf/8.3.0/../../../../riscv64-unknown-elf/lib/rv32imac/ilp32/libc_nano.a(lib_a-fflush.o)
                              /home/albertojor/riscv64-unknown-elf-gcc-8.3.0-2019.08.0-x86_64-linux-ubuntu14/bin/../lib/gcc/riscv64-unknown-elf/8.3.0/../../../../riscv64-unknown-elf/lib/rv32imac/ilp32/libc_nano.a(lib_a-wbuf.o) (_fflush_r)
/home/albertojor/riscv64-unknown-elf-gcc-8.3.0-2019.08.0-x86_64-linux-ubuntu14/bin/../lib/gcc/riscv64-unknown-elf/8.3.0/../../../../riscv64-unknown-elf/lib/rv32imac/ilp32/libc_nano.a(lib_a-findfp.o)
                              /home/albertojor/riscv64-unknown-elf-gcc-8.3.0-2019.08.0-x86_64-linux-ubuntu14/bin/../lib/gcc/riscv64-unknown-elf/8.3.0/../../../../riscv64-unknown-elf/lib/rv32imac/ilp32/libc_nano.a(lib_a-printf.o) (__sinit)
/home/albertojor/riscv64-unknown-elf-gcc-8.3.0-2019.08.0-x86_64-linux-ubuntu14/bin/../lib/gcc/riscv64-unknown-elf/8.3.0/../../../../riscv64-unknown-elf/lib/rv32imac/ilp32/libc_nano.a(lib_a-fwalk.o)
                              /home/albertojor/riscv64-unknown-elf-gcc-8.3.0-2019.08.0-x86_64-linux-ubuntu14/bin/../lib/gcc/riscv64-unknown-elf/8.3.0/../../../../riscv64-unknown-elf/lib/rv32imac/ilp32/libc_nano.a(lib_a-findfp.o) (_fwalk)
/home/albertojor/riscv64-unknown-elf-gcc-8.3.0-2019.08.0-x86_64-linux-ubuntu14/bin/../lib/gcc/riscv64-unknown-elf/8.3.0/../../../../riscv64-unknown-elf/lib/rv32imac/ilp32/libc_nano.a(lib_a-impure.o)
                              /home/albertojor/riscv64-unknown-elf-gcc-8.3.0-2019.08.0-x86_64-linux-ubuntu14/bin/../lib/gcc/riscv64-unknown-elf/8.3.0/../../../../riscv64-unknown-elf/lib/rv32imac/ilp32/libc_nano.a(lib_a-fflush.o) (_global_impure_ptr)
/home/albertojor/riscv64-unknown-elf-gcc-8.3.0-2019.08.0-x86_64-linux-ubuntu14/bin/../lib/gcc/riscv64-unknown-elf/8.3.0/../../../../riscv64-unknown-elf/lib/rv32imac/ilp32/libc_nano.a(lib_a-makebuf.o)
                              /home/albertojor/riscv64-unknown-elf-gcc-8.3.0-2019.08.0-x86_64-linux-ubuntu14/bin/../lib/gcc/riscv64-unknown-elf/8.3.0/../../../../riscv64-unknown-elf/lib/rv32imac/ilp32/libc_nano.a(lib_a-wsetup.o) (__smakebuf_r)
/home/albertojor/riscv64-unknown-elf-gcc-8.3.0-2019.08.0-x86_64-linux-ubuntu14/bin/../lib/gcc/riscv64-unknown-elf/8.3.0/../../../../riscv64-unknown-elf/lib/rv32imac/ilp32/libc_nano.a(lib_a-memset.o)
                              /home/albertojor/riscv64-unknown-elf-gcc-8.3.0-2019.08.0-x86_64-linux-ubuntu14/bin/../lib/gcc/riscv64-unknown-elf/8.3.0/../../../../riscv64-unknown-elf/lib/rv32imac/ilp32/libc_nano.a(lib_a-findfp.o) (memset)
/home/albertojor/riscv64-unknown-elf-gcc-8.3.0-2019.08.0-x86_64-linux-ubuntu14/bin/../lib/gcc/riscv64-unknown-elf/8.3.0/../../../../riscv64-unknown-elf/lib/rv32imac/ilp32/libc_nano.a(lib_a-nano-freer.o)
                              /home/albertojor/riscv64-unknown-elf-gcc-8.3.0-2019.08.0-x86_64-linux-ubuntu14/bin/../lib/gcc/riscv64-unknown-elf/8.3.0/../../../../riscv64-unknown-elf/lib/rv32imac/ilp32/libc_nano.a(lib_a-wsetup.o) (_free_r)
/home/albertojor/riscv64-unknown-elf-gcc-8.3.0-2019.08.0-x86_64-linux-ubuntu14/bin/../lib/gcc/riscv64-unknown-elf/8.3.0/../../../../riscv64-unknown-elf/lib/rv32imac/ilp32/libc_nano.a(lib_a-nano-mallocr.o)
                              /home/albertojor/riscv64-unknown-elf-gcc-8.3.0-2019.08.0-x86_64-linux-ubuntu14/bin/../lib/gcc/riscv64-unknown-elf/8.3.0/../../../../riscv64-unknown-elf/lib/rv32imac/ilp32/libc_nano.a(lib_a-findfp.o) (_malloc_r)
[...]
Memory Configuration

Name             Origin             Length             Attributes
flash            0x0000000020400000 0x000000001fc00000 axrl !w
itim             0x0000000008000000 0x0000000000004000 xw !arl
ram              0x0000000080000000 0x0000000000080000 axw !rl
*default*        0x0000000000000000 0xffffffffffffffff

Linker script and memory map

LOAD /tmp/ccwCgoGm.o
START GROUP
LOAD /home/albertojor/riscv64-unknown-elf-gcc-8.3.0-2019.08.0-x86_64-linux-ubuntu14/bin/../lib/gcc/riscv64-unknown-elf/8.3.0/../../../../riscv64-unknown-elf/lib/rv32imac/ilp32/libc_nano.a
LOAD /home/albertojor/riscv64-unknown-elf-gcc-8.3.0-2019.08.0-x86_64-linux-ubuntu14/bin/../lib/gcc/riscv64-unknown-elf/8.3.0/rv32imac/ilp32/libgcc.a
LOAD /home/albertojor/riscv64-unknown-elf-gcc-8.3.0-2019.08.0-x86_64-linux-ubuntu14/bin/../lib/gcc/riscv64-unknown-elf/8.3.0/../../../../riscv64-unknown-elf/lib/rv32imac/ilp32/libm.a
LOAD /home/albertojor/GitHub/freedom-e-sdk/bsp/freedom-e310-arty-xmem/install/lib/debug//libmetal.a
LOAD /home/albertojor/GitHub/freedom-e-sdk/bsp/freedom-e310-arty-xmem/install/lib/debug//libmetal-gloss.a
END GROUP
                0x0000000000000400                __stack_size = DEFINED (__stack_size)?__stack_size:0x400
                [!provide]                        PROVIDE (__stack_size = __stack_size)
                0x0000000000000800                __heap_size = DEFINED (__heap_size)?__heap_size:0x800
                0x0000000000000000                PROVIDE (__metal_boot_hart = 0x0)
                0x0000000000000000                PROVIDE (__metal_chicken_bit = 0x0)

.init           0x0000000020400000      0x19c
 *(.text.metal.init.enter)
 .text.metal.init.enter
                0x0000000020400000       0x60 /home/albertojor/GitHub/freedom-e-sdk/bsp/freedom-e310-arty-xmem/install/lib/debug//libmetal.a(libriscv__mmachine__freedom-e310-arty-xmem_a-entry.o)
                0x0000000020400000                _enter
 *(.text.metal.init.*)
 *fill*         0x0000000020400060        0x0 
 .text.metal.init.trapvec
                0x0000000020400060        0xe /home/albertojor/GitHub/freedom-e-sdk/bsp/freedom-e310-arty-xmem/install/lib/debug//libmetal.a(libriscv__mmachine__freedom-e310-arty-xmem_a-entry.o)
 .text.metal.init.__register_frame_info
                0x000000002040006e        0x2 /home/albertojor/GitHub/freedom-e-sdk/bsp/freedom-e310-arty-xmem/install/lib/debug//libmetal.a(libriscv__mmachine__freedom-e310-arty-xmem_a-entry.o)
                0x000000002040006e                __register_frame_info
 *(SORT_NONE(.init))
 .init          0x0000000020400070        0xe /home/albertojor/GitHub/freedom-e-sdk/bsp/freedom-e310-arty-xmem/install/lib/debug//libmetal.a(libriscv__mmachine__freedom-e310-arty-xmem_a-synchronize_harts.o)
                0x0000000020400070                __metal_synchronize_harts
 *(.text.libgloss.start)
 .text.libgloss.start
                0x000000002040007e      0x11e /home/albertojor/GitHub/freedom-e-sdk/bsp/freedom-e310-arty-xmem/install/lib/debug//libmetal-gloss.a(crt0.o)
                0x000000002040007e                _start
                0x000000002040017c                _init
                0x000000002040017c                _fini
                0x000000002040017e                secondary_main

.fini
 *(SORT_NONE(.fini))

.text           0x0000000020400200     0x4e80
 *(.text.unlikely .text.unlikely.*)
 *(.text.startup .text.startup.*)
 *(.text .text.*)
 .text.rdcycle  0x0000000020400200       0x1e /tmp/ccwCgoGm.o
                0x0000000020400200                rdcycle
 .text.main     0x000000002040021e      0x13e /tmp/ccwCgoGm.o
                0x000000002040021e                main
 .text.printf   0x000000002040035c       0x44 /home/albertojor/riscv64-unknown-elf-gcc-8.3.0-2019.08.0-x86_64-linux-ubuntu14/bin/../lib/gcc/riscv64-unknown-elf/8.3.0/../../../../riscv64-unknown-elf/lib/rv32imac/ilp32/libc_nano.a(lib_a-printf.o)
                0x000000002040035c                printf
                0x000000002040035c                iprintf
 .text._puts_r  0x00000000204003a0       0xda /home/albertojor/riscv64-unknown-elf-gcc-8.3.0-2019.08.0-x86_64-linux-ubuntu14/bin/../lib/gcc/riscv64-unknown-elf/8.3.0/../../../../riscv64-unknown-elf/lib/rv32imac/ilp32/libc_nano.a(lib_a-puts.o)
                0x00000000204003a0                _puts_r
 .text.puts     0x000000002040047a        0xe /home/albertojor/riscv64-unknown-elf-gcc-8.3.0-2019.08.0-x86_64-linux-ubuntu14/bin/../lib/gcc/riscv64-unknown-elf/8.3.0/../../../../riscv64-unknown-elf/lib/rv32imac/ilp32/libc_nano.a(lib_a-puts.o)
                0x000000002040047a                puts
 .text.__swbuf_r
                0x0000000020400488       0xc0 /home/albertojor/riscv64-unknown-elf-gcc-8.3.0-2019.08.0-x86_64-linux-ubuntu14/bin/../lib/gcc/riscv64-unknown-elf/8.3.0/../../../../riscv64-unknown-elf/lib/rv32imac/ilp32/libc_nano.a(lib_a-wbuf.o)
                0x0000000020400488                __swbuf_r
 .text.__swsetup_r
                0x0000000020400548      0x110 /home/albertojor/riscv64-unknown-elf-gcc-8.3.0-2019.08.0-x86_64-linux-ubuntu14/bin/../lib/gcc/riscv64-unknown-elf/8.3.0/../../../../riscv64-unknown-elf/lib/rv32imac/ilp32/libc_nano.a(lib_a-wsetup.o)
                0x0000000020400548                __swsetup_r
 .text.__sflush_r
                0x0000000020400658      0x14a /home/albertojor/riscv64-unknown-elf-gcc-8.3.0-2019.08.0-x86_64-linux-ubuntu14/bin/../lib/gcc/riscv64-unknown-elf/8.3.0/../../../../riscv64-unknown-elf/lib/rv32imac/ilp32/libc_nano.a(lib_a-fflush.o)
                0x0000000020400658                __sflush_r
 .text._fflush_r
                0x00000000204007a2       0x64 /home/albertojor/riscv64-unknown-elf-gcc-8.3.0-2019.08.0-x86_64-linux-ubuntu14/bin/../lib/gcc/riscv64-unknown-elf/8.3.0/../../../../riscv64-unknown-elf/lib/rv32imac/ilp32/libc_nano.a(lib_a-fflush.o)
                0x00000000204007a2                _fflush_r
 .text.std      0x0000000020400806       0x68 /home/albertojor/riscv64-unknown-elf-gcc-8.3.0-2019.08.0-x86_64-linux-ubuntu14/bin/../lib/gcc/riscv64-unknown-elf/8.3.0/../../../../riscv64-unknown-elf/lib/rv32imac/ilp32/libc_nano.a(lib_a-findfp.o)
 .text._cleanup_r
                0x000000002040086e        0xa /home/albertojor/riscv64-unknown-elf-gcc-8.3.0-2019.08.0-x86_64-linux-ubuntu14/bin/../lib/gcc/riscv64-unknown-elf/8.3.0/../../../../riscv64-unknown-elf/lib/rv32imac/ilp32/libc_nano.a(lib_a-findfp.o)
                0x000000002040086e                _cleanup_r
 .text.__sfmoreglue
                0x0000000020400878       0x44 /home/albertojor/riscv64-unknown-elf-gcc-8.3.0-2019.08.0-x86_64-linux-ubuntu14/bin/../lib/gcc/riscv64-unknown-elf/8.3.0/../../../../riscv64-unknown-elf/lib/rv32imac/ilp32/libc_nano.a(lib_a-findfp.o)
                0x0000000020400878                __sfmoreglue
 .text.__sinit  0x00000000204008bc       0x6a /home/albertojor/riscv64-unknown-elf-gcc-8.3.0-2019.08.0-x86_64-linux-ubuntu14/bin/../lib/gcc/riscv64-unknown-elf/8.3.0/../../../../riscv64-unknown-elf/lib/rv32imac/ilp32/libc_nano.a(lib_a-findfp.o)
                0x00000000204008bc                __sinit
 .text.__sfp    0x0000000020400926       0x9e /home/albertojor/riscv64-unknown-elf-gcc-8.3.0-2019.08.0-x86_64-linux-ubuntu14/bin/../lib/gcc/riscv64-unknown-elf/8.3.0/../../../../riscv64-unknown-elf/lib/rv32imac/ilp32/libc_nano.a(lib_a-findfp.o)
                0x0000000020400926                __sfp
 .text._fwalk_reent
                0x00000000204009c4       0x6c /home/albertojor/riscv64-unknown-elf-gcc-8.3.0-2019.08.0-x86_64-linux-ubuntu14/bin/../lib/gcc/riscv64-unknown-elf/8.3.0/../../../../riscv64-unknown-elf/lib/rv32imac/ilp32/libc_nano.a(lib_a-fwalk.o)
                0x00000000204009c4                _fwalk_reent
 .text.__swhatbuf_r
                0x0000000020400a30       0x58 /home/albertojor/riscv64-unknown-elf-gcc-8.3.0-2019.08.0-x86_64-linux-ubuntu14/bin/../lib/gcc/riscv64-unknown-elf/8.3.0/../../../../riscv64-unknown-elf/lib/rv32imac/ilp32/libc_nano.a(lib_a-makebuf.o)
                0x0000000020400a30                __swhatbuf_r
 .text.__smakebuf_r
                0x0000000020400a88       0x9c /home/albertojor/riscv64-unknown-elf-gcc-8.3.0-2019.08.0-x86_64-linux-ubuntu14/bin/../lib/gcc/riscv64-unknown-elf/8.3.0/../../../../riscv64-unknown-elf/lib/rv32imac/ilp32/libc_nano.a(lib_a-makebuf.o)
                0x0000000020400a88                __smakebuf_r
 .text          0x0000000020400b24       0xa8 /home/albertojor/riscv64-unknown-elf-gcc-8.3.0-2019.08.0-x86_64-linux-ubuntu14/bin/../lib/gcc/riscv64-unknown-elf/8.3.0/../../../../riscv64-unknown-elf/lib/rv32imac/ilp32/libc_nano.a(lib_a-memset.o)
                0x0000000020400b24                memset
 .text._free_r  0x0000000020400bcc       0xac /home/albertojor/riscv64-unknown-elf-gcc-8.3.0-2019.08.0-x86_64-linux-ubuntu14/bin/../lib/gcc/riscv64-unknown-elf/8.3.0/../../../../riscv64-unknown-elf/lib/rv32imac/ilp32/libc_nano.a(lib_a-nano-freer.o)
                0x0000000020400bcc                _free_r
 .text._malloc_r
                0x0000000020400c78       0xde /home/albertojor/riscv64-unknown-elf-gcc-8.3.0-2019.08.0-x86_64-linux-ubuntu14/bin/../lib/gcc/riscv64-unknown-elf/8.3.0/../../../../riscv64-unknown-elf/lib/rv32imac/ilp32/libc_nano.a(lib_a-nano-mallocr.o)
                0x0000000020400c78                _malloc_r
 .text.__sfputc_r
                0x0000000020400d56       0x2a /home/albertojor/riscv64-unknown-elf-gcc-8.3.0-2019.08.0-x86_64-linux-ubuntu14/bin/../lib/gcc/riscv64-unknown-elf/8.3.0/../../../../riscv64-unknown-elf/lib/rv32imac/ilp32/libc_nano.a(lib_a-nano-vfprintf.o)
 .text.__sfputs_r
                0x0000000020400d80       0x42 /home/albertojor/riscv64-unknown-elf-gcc-8.3.0-2019.08.0-x86_64-linux-ubuntu14/bin/../lib/gcc/riscv64-unknown-elf/8.3.0/../../../../riscv64-unknown-elf/lib/rv32imac/ilp32/libc_nano.a(lib_a-nano-vfprintf.o)
                0x0000000020400d80                __sfputs_r
 .text._vfprintf_r
                0x0000000020400dc2      0x298 /home/albertojor/riscv64-unknown-elf-gcc-8.3.0-2019.08.0-x86_64-linux-ubuntu14/bin/../lib/gcc/riscv64-unknown-elf/8.3.0/../../../../riscv64-unknown-elf/lib/rv32imac/ilp32/libc_nano.a(lib_a-nano-vfprintf.o)
                0x0000000020400dc2                _vfiprintf_r
                0x0000000020400dc2                _vfprintf_r
 .text._sbrk_r  0x000000002040105a       0x30 /home/albertojor/riscv64-unknown-elf-gcc-8.3.0-2019.08.0-x86_64-linux-ubuntu14/bin/../lib/gcc/riscv64-unknown-elf/8.3.0/../../../../riscv64-unknown-elf/lib/rv32imac/ilp32/libc_nano.a(lib_a-sbrkr.o)
                0x000000002040105a                _sbrk_r
 .text.__sread  0x000000002040108a       0x30 /home/albertojor/riscv64-unknown-elf-gcc-8.3.0-2019.08.0-x86_64-linux-ubuntu14/bin/../lib/gcc/riscv64-unknown-elf/8.3.0/../../../../riscv64-unknown-elf/lib/rv32imac/ilp32/libc_nano.a(lib_a-stdio.o)
                0x000000002040108a                __sread
 .text.__swrite
                0x00000000204010ba       0x4e /home/albertojor/riscv64-unknown-elf-gcc-8.3.0-2019.08.0-x86_64-linux-ubuntu14/bin/../lib/gcc/riscv64-unknown-elf/8.3.0/../../../../riscv64-unknown-elf/lib/rv32imac/ilp32/libc_nano.a(lib_a-stdio.o)
                0x00000000204010ba                __swrite
 .text.__sseek  0x0000000020401108       0x36 /home/albertojor/riscv64-unknown-elf-gcc-8.3.0-2019.08.0-x86_64-linux-ubuntu14/bin/../lib/gcc/riscv64-unknown-elf/8.3.0/../../../../riscv64-unknown-elf/lib/rv32imac/ilp32/libc_nano.a(lib_a-stdio.o)
                0x0000000020401108                __sseek
 .text.__sclose
                0x000000002040113e        0x6 /home/albertojor/riscv64-unknown-elf-gcc-8.3.0-2019.08.0-x86_64-linux-ubuntu14/bin/../lib/gcc/riscv64-unknown-elf/8.3.0/../../../../riscv64-unknown-elf/lib/rv32imac/ilp32/libc_nano.a(lib_a-stdio.o)
                0x000000002040113e                __sclose
 .text._write_r
                0x0000000020401144       0x34 /home/albertojor/riscv64-unknown-elf-gcc-8.3.0-2019.08.0-x86_64-linux-ubuntu14/bin/../lib/gcc/riscv64-unknown-elf/8.3.0/../../../../riscv64-unknown-elf/lib/rv32imac/ilp32/libc_nano.a(lib_a-writer.o)
                0x0000000020401144                _write_r
 .text._close_r
                0x0000000020401178       0x30 /home/albertojor/riscv64-unknown-elf-gcc-8.3.0-2019.08.0-x86_64-linux-ubuntu14/bin/../lib/gcc/riscv64-unknown-elf/8.3.0/../../../../riscv64-unknown-elf/lib/rv32imac/ilp32/libc_nano.a(lib_a-closer.o)
                0x0000000020401178                _close_r
 .text._fstat_r
                0x00000000204011a8       0x32 /home/albertojor/riscv64-unknown-elf-gcc-8.3.0-2019.08.0-x86_64-linux-ubuntu14/bin/../lib/gcc/riscv64-unknown-elf/8.3.0/../../../../riscv64-unknown-elf/lib/rv32imac/ilp32/libc_nano.a(lib_a-fstatr.o)
                0x00000000204011a8                _fstat_r
 .text._isatty_r
                0x00000000204011da       0x30 /home/albertojor/riscv64-unknown-elf-gcc-8.3.0-2019.08.0-x86_64-linux-ubuntu14/bin/../lib/gcc/riscv64-unknown-elf/8.3.0/../../../../riscv64-unknown-elf/lib/rv32imac/ilp32/libc_nano.a(lib_a-isattyr.o)
                0x00000000204011da                _isatty_r
 .text._lseek_r
                0x000000002040120a       0x34 /home/albertojor/riscv64-unknown-elf-gcc-8.3.0-2019.08.0-x86_64-linux-ubuntu14/bin/../lib/gcc/riscv64-unknown-elf/8.3.0/../../../../riscv64-unknown-elf/lib/rv32imac/ilp32/libc_nano.a(lib_a-lseekr.o)
                0x000000002040120a                _lseek_r
 .text.memchr   0x000000002040123e       0x1a /home/albertojor/riscv64-unknown-elf-gcc-8.3.0-2019.08.0-x86_64-linux-ubuntu14/bin/../lib/gcc/riscv64-unknown-elf/8.3.0/../../../../riscv64-unknown-elf/lib/rv32imac/ilp32/libc_nano.a(lib_a-memchr.o)
                0x000000002040123e                memchr
 .text.__malloc_lock
                0x0000000020401258        0x2 /home/albertojor/riscv64-unknown-elf-gcc-8.3.0-2019.08.0-x86_64-linux-ubuntu14/bin/../lib/gcc/riscv64-unknown-elf/8.3.0/../../../../riscv64-unknown-elf/lib/rv32imac/ilp32/libc_nano.a(lib_a-mlock.o)
                0x0000000020401258                __malloc_lock
 .text.__malloc_unlock
                0x000000002040125a        0x2 /home/albertojor/riscv64-unknown-elf-gcc-8.3.0-2019.08.0-x86_64-linux-ubuntu14/bin/../lib/gcc/riscv64-unknown-elf/8.3.0/../../../../riscv64-unknown-elf/lib/rv32imac/ilp32/libc_nano.a(lib_a-mlock.o)
                0x000000002040125a                __malloc_unlock
 .text._printf_common
                0x000000002040125c      0x10c /home/albertojor/riscv64-unknown-elf-gcc-8.3.0-2019.08.0-x86_64-linux-ubuntu14/bin/../lib/gcc/riscv64-unknown-elf/8.3.0/../../../../riscv64-unknown-elf/lib/rv32imac/ilp32/libc_nano.a(lib_a-nano-vfprintf_i.o)
                0x000000002040125c                _printf_common
 .text._printf_i
                0x0000000020401368      0x2a2 /home/albertojor/riscv64-unknown-elf-gcc-8.3.0-2019.08.0-x86_64-linux-ubuntu14/bin/../lib/gcc/riscv64-unknown-elf/8.3.0/../../../../riscv64-unknown-elf/lib/rv32imac/ilp32/libc_nano.a(lib_a-nano-vfprintf_i.o)
                0x0000000020401368                _printf_i
 .text._read_r  0x000000002040160a       0x34 /home/albertojor/riscv64-unknown-elf-gcc-8.3.0-2019.08.0-x86_64-linux-ubuntu14/bin/../lib/gcc/riscv64-unknown-elf/8.3.0/../../../../riscv64-unknown-elf/lib/rv32imac/ilp32/libc_nano.a(lib_a-readr.o)
                0x000000002040160a                _read_r
 .text._close   0x000000002040163e       0x22 /home/albertojor/GitHub/freedom-e-sdk/bsp/freedom-e310-arty-xmem/install/lib/debug//libmetal-gloss.a(sys_close.o)
                0x000000002040163e                _close
 .text._fstat   0x0000000020401660       0x26 /home/albertojor/GitHub/freedom-e-sdk/bsp/freedom-e310-arty-xmem/install/lib/debug//libmetal-gloss.a(sys_fstat.o)
                0x0000000020401660                _fstat
 .text._isatty  0x0000000020401686       0x20 /home/albertojor/GitHub/freedom-e-sdk/bsp/freedom-e310-arty-xmem/install/lib/debug//libmetal-gloss.a(sys_isatty.o)
                0x0000000020401686                _isatty
 .text._lseek   0x00000000204016a6       0x2a /home/albertojor/GitHub/freedom-e-sdk/bsp/freedom-e310-arty-xmem/install/lib/debug//libmetal-gloss.a(sys_lseek.o)
                0x00000000204016a6                _lseek
 .text._read    0x00000000204016d0       0x2a /home/albertojor/GitHub/freedom-e-sdk/bsp/freedom-e310-arty-xmem/install/lib/debug//libmetal-gloss.a(sys_read.o)
                0x00000000204016d0                _read
 .text._sbrk    0x00000000204016fa       0x7e /home/albertojor/GitHub/freedom-e-sdk/bsp/freedom-e310-arty-xmem/install/lib/debug//libmetal-gloss.a(sys_sbrk.o)
                0x00000000204016fa                _sbrk
 .text._write   0x0000000020401778       0x6e /home/albertojor/GitHub/freedom-e-sdk/bsp/freedom-e310-arty-xmem/install/lib/debug//libmetal-gloss.a(sys_write.o)
                0x0000000020401778                _write
 .text.atexit   0x00000000204017e6        0xa /home/albertojor/riscv64-unknown-elf-gcc-8.3.0-2019.08.0-x86_64-linux-ubuntu14/bin/../lib/gcc/riscv64-unknown-elf/8.3.0/../../../../riscv64-unknown-elf/lib/rv32imac/ilp32/libc_nano.a(lib_a-atexit.o)
                0x00000000204017e6                atexit
 .text.__errno  0x00000000204017f0        0xc /home/albertojor/riscv64-unknown-elf-gcc-8.3.0-2019.08.0-x86_64-linux-ubuntu14/bin/../lib/gcc/riscv64-unknown-elf/8.3.0/../../../../riscv64-unknown-elf/lib/rv32imac/ilp32/libc_nano.a(lib_a-errno.o)
                0x00000000204017f0                __errno
 .text.exit     0x00000000204017fc       0x2c /home/albertojor/riscv64-unknown-elf-gcc-8.3.0-2019.08.0-x86_64-linux-ubuntu14/bin/../lib/gcc/riscv64-unknown-elf/8.3.0/../../../../riscv64-unknown-elf/lib/rv32imac/ilp32/libc_nano.a(lib_a-exit.o)
                0x00000000204017fc                exit
 .text.__libc_fini_array
                0x0000000020401828       0x38 /home/albertojor/riscv64-unknown-elf-gcc-8.3.0-2019.08.0-x86_64-linux-ubuntu14/bin/../lib/gcc/riscv64-unknown-elf/8.3.0/../../../../riscv64-unknown-elf/lib/rv32imac/ilp32/libc_nano.a(lib_a-fini.o)
                0x0000000020401828                __libc_fini_array
 .text.__libc_init_array
                0x0000000020401860       0x6a /home/albertojor/riscv64-unknown-elf-gcc-8.3.0-2019.08.0-x86_64-linux-ubuntu14/bin/../lib/gcc/riscv64-unknown-elf/8.3.0/../../../../riscv64-unknown-elf/lib/rv32imac/ilp32/libc_nano.a(lib_a-init.o)
                0x0000000020401860                __libc_init_array
 .text.__register_exitproc
                0x00000000204018ca       0x8c /home/albertojor/riscv64-unknown-elf-gcc-8.3.0-2019.08.0-x86_64-linux-ubuntu14/bin/../lib/gcc/riscv64-unknown-elf/8.3.0/../../../../riscv64-unknown-elf/lib/rv32imac/ilp32/libc_nano.a(lib_a-__atexit.o)
                0x00000000204018ca                __register_exitproc
 .text.__call_exitprocs
                0x0000000020401956       0xc8 /home/albertojor/riscv64-unknown-elf-gcc-8.3.0-2019.08.0-x86_64-linux-ubuntu14/bin/../lib/gcc/riscv64-unknown-elf/8.3.0/../../../../riscv64-unknown-elf/lib/rv32imac/ilp32/libc_nano.a(lib_a-__call_atexit.o)
                0x0000000020401956                __call_exitprocs
 .text.metal_tty_putc
                0x0000000020401a1e       0x2c /home/albertojor/GitHub/freedom-e-sdk/bsp/freedom-e310-arty-xmem/install/lib/debug//libmetal.a(libriscv__mmachine__freedom-e310-arty-xmem_a-tty.o)
                0x0000000020401a1e                metal_tty_putc
 .text.metal_tty_putc_raw
                0x0000000020401a4a       0x26 /home/albertojor/GitHub/freedom-e-sdk/bsp/freedom-e310-arty-xmem/install/lib/debug//libmetal.a(libriscv__mmachine__freedom-e310-arty-xmem_a-tty.o)
                0x0000000020401a4a                metal_tty_putc_raw
 .text.metal_tty_init
                0x0000000020401a70       0x22 /home/albertojor/GitHub/freedom-e-sdk/bsp/freedom-e310-arty-xmem/install/lib/debug//libmetal.a(libriscv__mmachine__freedom-e310-arty-xmem_a-tty.o)
 .text.metal_uart_init
                0x0000000020401a92       0x2c /home/albertojor/GitHub/freedom-e-sdk/bsp/freedom-e310-arty-xmem/install/lib/debug//libmetal.a(libriscv__mmachine__freedom-e310-arty-xmem_a-uart.o)
                0x0000000020401a92                metal_uart_init
 .text.metal_uart_putc
                0x0000000020401abe       0x2e /home/albertojor/GitHub/freedom-e-sdk/bsp/freedom-e310-arty-xmem/install/lib/debug//libmetal.a(libriscv__mmachine__freedom-e310-arty-xmem_a-uart.o)
                0x0000000020401abe                metal_uart_putc
 .text.metal_uart_set_baud_rate
                0x0000000020401aec       0x2e /home/albertojor/GitHub/freedom-e-sdk/bsp/freedom-e310-arty-xmem/install/lib/debug//libmetal.a(libriscv__mmachine__freedom-e310-arty-xmem_a-uart.o)
                0x0000000020401aec                metal_uart_set_baud_rate
 .text.__metal_driver_sifive_clint0_control_base
                0x0000000020401b1a       0x26 /home/albertojor/GitHub/freedom-e-sdk/bsp/freedom-e310-arty-xmem/install/lib/debug//libmetal.a(libriscv__mmachine__freedom-e310-arty-xmem_a-riscv_clint0.o)
 .text.__metal_driver_sifive_clint0_num_interrupts
                0x0000000020401b40       0x24 /home/albertojor/GitHub/freedom-e-sdk/bsp/freedom-e310-arty-xmem/install/lib/debug//libmetal.a(libriscv__mmachine__freedom-e310-arty-xmem_a-riscv_clint0.o)
 .text.__metal_driver_sifive_clint0_interrupt_parents
                0x0000000020401b64       0x3c /home/albertojor/GitHub/freedom-e-sdk/bsp/freedom-e310-arty-xmem/install/lib/debug//libmetal.a(libriscv__mmachine__freedom-e310-arty-xmem_a-riscv_clint0.o)
 .text.__metal_driver_sifive_clint0_interrupt_lines
                0x0000000020401ba0       0x30 /home/albertojor/GitHub/freedom-e-sdk/bsp/freedom-e310-arty-xmem/install/lib/debug//libmetal.a(libriscv__mmachine__freedom-e310-arty-xmem_a-riscv_clint0.o)
 .text.__metal_clint0_mtime_get
                0x0000000020401bd0       0x9a /home/albertojor/GitHub/freedom-e-sdk/bsp/freedom-e310-arty-xmem/install/lib/debug//libmetal.a(libriscv__mmachine__freedom-e310-arty-xmem_a-riscv_clint0.o)
                0x0000000020401bd0                __metal_clint0_mtime_get
 .text.__metal_driver_riscv_clint0_mtimecmp_set
                0x0000000020401c6a       0x96 /home/albertojor/GitHub/freedom-e-sdk/bsp/freedom-e310-arty-xmem/install/lib/debug//libmetal.a(libriscv__mmachine__freedom-e310-arty-xmem_a-riscv_clint0.o)
                0x0000000020401c6a                __metal_driver_riscv_clint0_mtimecmp_set
 .text._get_cpu_intc
                0x0000000020401d00       0x36 /home/albertojor/GitHub/freedom-e-sdk/bsp/freedom-e310-arty-xmem/install/lib/debug//libmetal.a(libriscv__mmachine__freedom-e310-arty-xmem_a-riscv_clint0.o)
 .text.__metal_driver_riscv_clint0_init
                0x0000000020401d36       0x88 /home/albertojor/GitHub/freedom-e-sdk/bsp/freedom-e310-arty-xmem/install/lib/debug//libmetal.a(libriscv__mmachine__freedom-e310-arty-xmem_a-riscv_clint0.o)
                0x0000000020401d36                __metal_driver_riscv_clint0_init
 .text.__metal_driver_riscv_clint0_register
                0x0000000020401dbe       0xda /home/albertojor/GitHub/freedom-e-sdk/bsp/freedom-e310-arty-xmem/install/lib/debug//libmetal.a(libriscv__mmachine__freedom-e310-arty-xmem_a-riscv_clint0.o)
                0x0000000020401dbe                __metal_driver_riscv_clint0_register
 .text.__metal_driver_riscv_clint0_vector_register
                0x0000000020401e98       0x28 /home/albertojor/GitHub/freedom-e-sdk/bsp/freedom-e310-arty-xmem/install/lib/debug//libmetal.a(libriscv__mmachine__freedom-e310-arty-xmem_a-riscv_clint0.o)
                0x0000000020401e98                __metal_driver_riscv_clint0_vector_register
 .text.__metal_driver_riscv_clint0_get_vector_mode
                0x0000000020401ec0       0x1c /home/albertojor/GitHub/freedom-e-sdk/bsp/freedom-e310-arty-xmem/install/lib/debug//libmetal.a(libriscv__mmachine__freedom-e310-arty-xmem_a-riscv_clint0.o)
                0x0000000020401ec0                __metal_driver_riscv_clint0_get_vector_mode
 .text.__metal_driver_riscv_clint0_set_vector_mode
                0x0000000020401edc       0x54 /home/albertojor/GitHub/freedom-e-sdk/bsp/freedom-e310-arty-xmem/install/lib/debug//libmetal.a(libriscv__mmachine__freedom-e310-arty-xmem_a-riscv_clint0.o)
                0x0000000020401edc                __metal_driver_riscv_clint0_set_vector_mode
 .text.__metal_driver_riscv_clint0_enable
                0x0000000020401f30       0xb2 /home/albertojor/GitHub/freedom-e-sdk/bsp/freedom-e310-arty-xmem/install/lib/debug//libmetal.a(libriscv__mmachine__freedom-e310-arty-xmem_a-riscv_clint0.o)
                0x0000000020401f30                __metal_driver_riscv_clint0_enable
 .text.__metal_driver_riscv_clint0_disable
                0x0000000020401fe2       0xb2 /home/albertojor/GitHub/freedom-e-sdk/bsp/freedom-e310-arty-xmem/install/lib/debug//libmetal.a(libriscv__mmachine__freedom-e310-arty-xmem_a-riscv_clint0.o)
                0x0000000020401fe2                __metal_driver_riscv_clint0_disable
 .text.__metal_driver_riscv_clint0_command_request
                0x0000000020402094      0x134 /home/albertojor/GitHub/freedom-e-sdk/bsp/freedom-e310-arty-xmem/install/lib/debug//libmetal.a(libriscv__mmachine__freedom-e310-arty-xmem_a-riscv_clint0.o)
                0x0000000020402094                __metal_driver_riscv_clint0_command_request
 .text.__metal_driver_riscv_clint0_clear_interrupt
                0x00000000204021c8       0x34 /home/albertojor/GitHub/freedom-e-sdk/bsp/freedom-e310-arty-xmem/install/lib/debug//libmetal.a(libriscv__mmachine__freedom-e310-arty-xmem_a-riscv_clint0.o)
                0x00000000204021c8                __metal_driver_riscv_clint0_clear_interrupt
 .text.__metal_driver_riscv_clint0_set_interrupt
                0x00000000204021fc       0x34 /home/albertojor/GitHub/freedom-e-sdk/bsp/freedom-e310-arty-xmem/install/lib/debug//libmetal.a(libriscv__mmachine__freedom-e310-arty-xmem_a-riscv_clint0.o)
                0x00000000204021fc                __metal_driver_riscv_clint0_set_interrupt
 .text.__metal_driver_cpu_hartid
                0x0000000020402230       0x24 /home/albertojor/GitHub/freedom-e-sdk/bsp/freedom-e310-arty-xmem/install/lib/debug//libmetal.a(libriscv__mmachine__freedom-e310-arty-xmem_a-riscv_cpu.o)
 .text.__metal_driver_cpu_timebase
                0x0000000020402254       0x2a /home/albertojor/GitHub/freedom-e-sdk/bsp/freedom-e310-arty-xmem/install/lib/debug//libmetal.a(libriscv__mmachine__freedom-e310-arty-xmem_a-riscv_cpu.o)
 .text.__metal_driver_cpu_interrupt_controller
                0x000000002040227e       0x2a /home/albertojor/GitHub/freedom-e-sdk/bsp/freedom-e310-arty-xmem/install/lib/debug//libmetal.a(libriscv__mmachine__freedom-e310-arty-xmem_a-riscv_cpu.o)
 .text.__metal_driver_cpu_get
                0x00000000204022a8       0x2c /home/albertojor/GitHub/freedom-e-sdk/bsp/freedom-e310-arty-xmem/install/lib/debug//libmetal.a(libriscv__mmachine__freedom-e310-arty-xmem_a-riscv_cpu.o)
                0x00000000204022a8                __metal_driver_cpu_get
 .text.__metal_myhart_id
                0x00000000204022d4       0x1a /home/albertojor/GitHub/freedom-e-sdk/bsp/freedom-e310-arty-xmem/install/lib/debug//libmetal.a(libriscv__mmachine__freedom-e310-arty-xmem_a-riscv_cpu.o)
                0x00000000204022d4                __metal_myhart_id
 .text.__metal_interrupt_global_enable
                0x00000000204022ee       0x18 /home/albertojor/GitHub/freedom-e-sdk/bsp/freedom-e310-arty-xmem/install/lib/debug//libmetal.a(libriscv__mmachine__freedom-e310-arty-xmem_a-riscv_cpu.o)
                0x00000000204022ee                __metal_interrupt_global_enable
 .text.__metal_interrupt_global_disable
                0x0000000020402306       0x18 /home/albertojor/GitHub/freedom-e-sdk/bsp/freedom-e310-arty-xmem/install/lib/debug//libmetal.a(libriscv__mmachine__freedom-e310-arty-xmem_a-riscv_cpu.o)
                0x0000000020402306                __metal_interrupt_global_disable
 .text.__metal_interrupt_software_enable
                0x000000002040231e       0x18 /home/albertojor/GitHub/freedom-e-sdk/bsp/freedom-e310-arty-xmem/install/lib/debug//libmetal.a(libriscv__mmachine__freedom-e310-arty-xmem_a-riscv_cpu.o)
                0x000000002040231e                __metal_interrupt_software_enable
 .text.__metal_interrupt_software_disable
                0x0000000020402336       0x18 /home/albertojor/GitHub/freedom-e-sdk/bsp/freedom-e310-arty-xmem/install/lib/debug//libmetal.a(libriscv__mmachine__freedom-e310-arty-xmem_a-riscv_cpu.o)
                0x0000000020402336                __metal_interrupt_software_disable
 .text.__metal_interrupt_timer_enable
                0x000000002040234e       0x1a /home/albertojor/GitHub/freedom-e-sdk/bsp/freedom-e310-arty-xmem/install/lib/debug//libmetal.a(libriscv__mmachine__freedom-e310-arty-xmem_a-riscv_cpu.o)
                0x000000002040234e                __metal_interrupt_timer_enable
 .text.__metal_interrupt_timer_disable
                0x0000000020402368       0x1a /home/albertojor/GitHub/freedom-e-sdk/bsp/freedom-e310-arty-xmem/install/lib/debug//libmetal.a(libriscv__mmachine__freedom-e310-arty-xmem_a-riscv_cpu.o)
                0x0000000020402368                __metal_interrupt_timer_disable
 .text.__metal_interrupt_external_enable
                0x0000000020402382       0x1c /home/albertojor/GitHub/freedom-e-sdk/bsp/freedom-e310-arty-xmem/install/lib/debug//libmetal.a(libriscv__mmachine__freedom-e310-arty-xmem_a-riscv_cpu.o)
                0x0000000020402382                __metal_interrupt_external_enable
 .text.__metal_interrupt_external_disable
                0x000000002040239e       0x1c /home/albertojor/GitHub/freedom-e-sdk/bsp/freedom-e310-arty-xmem/install/lib/debug//libmetal.a(libriscv__mmachine__freedom-e310-arty-xmem_a-riscv_cpu.o)
                0x000000002040239e                __metal_interrupt_external_disable
 .text.__metal_interrupt_local_enable
                0x00000000204023ba       0x2c /home/albertojor/GitHub/freedom-e-sdk/bsp/freedom-e310-arty-xmem/install/lib/debug//libmetal.a(libriscv__mmachine__freedom-e310-arty-xmem_a-riscv_cpu.o)
                0x00000000204023ba                __metal_interrupt_local_enable
 .text.__metal_interrupt_local_disable
                0x00000000204023e6       0x2c /home/albertojor/GitHub/freedom-e-sdk/bsp/freedom-e310-arty-xmem/install/lib/debug//libmetal.a(libriscv__mmachine__freedom-e310-arty-xmem_a-riscv_cpu.o)
                0x00000000204023e6                __metal_interrupt_local_disable
 .text.__metal_default_exception_handler
                0x0000000020402412       0x18 /home/albertojor/GitHub/freedom-e-sdk/bsp/freedom-e310-arty-xmem/install/lib/debug//libmetal.a(libriscv__mmachine__freedom-e310-arty-xmem_a-riscv_cpu.o)
                0x0000000020402412                __metal_default_exception_handler
 .text.__metal_default_interrupt_handler
                0x000000002040242a       0x18 /home/albertojor/GitHub/freedom-e-sdk/bsp/freedom-e310-arty-xmem/install/lib/debug//libmetal.a(libriscv__mmachine__freedom-e310-arty-xmem_a-riscv_cpu.o)
                0x000000002040242a                __metal_default_interrupt_handler
 .text.metal_interrupt_vector_handler
                0x0000000020402442       0x2e /home/albertojor/GitHub/freedom-e-sdk/bsp/freedom-e310-arty-xmem/install/lib/debug//libmetal.a(libriscv__mmachine__freedom-e310-arty-xmem_a-riscv_cpu.o)
                0x0000000020402442                metal_interrupt_vector_handler
 .text.metal_software_interrupt_vector_handler
                0x0000000020402470       0x8e /home/albertojor/GitHub/freedom-e-sdk/bsp/freedom-e310-arty-xmem/install/lib/debug//libmetal.a(libriscv__mmachine__freedom-e310-arty-xmem_a-riscv_cpu.o)
                0x0000000020402470                metal_software_interrupt_vector_handler
 .text.__metal_default_sw_handler
                0x00000000204024fe       0x64 /home/albertojor/GitHub/freedom-e-sdk/bsp/freedom-e310-arty-xmem/install/lib/debug//libmetal.a(libriscv__mmachine__freedom-e310-arty-xmem_a-riscv_cpu.o)
                0x00000000204024fe                __metal_default_sw_handler
 .text.metal_timer_interrupt_vector_handler
                0x0000000020402562       0x8e /home/albertojor/GitHub/freedom-e-sdk/bsp/freedom-e310-arty-xmem/install/lib/debug//libmetal.a(libriscv__mmachine__freedom-e310-arty-xmem_a-riscv_cpu.o)
                0x0000000020402562                metal_timer_interrupt_vector_handler
 .text.__metal_default_timer_handler
                0x00000000204025f0       0x66 /home/albertojor/GitHub/freedom-e-sdk/bsp/freedom-e310-arty-xmem/install/lib/debug//libmetal.a(libriscv__mmachine__freedom-e310-arty-xmem_a-riscv_cpu.o)
                0x00000000204025f0                __metal_default_timer_handler
 *fill*         0x0000000020402656       0x2a 
 .text.__metal_exception_handler
                0x0000000020402680      0x172 /home/albertojor/GitHub/freedom-e-sdk/bsp/freedom-e310-arty-xmem/install/lib/debug//libmetal.a(libriscv__mmachine__freedom-e310-arty-xmem_a-riscv_cpu.o)
                0x0000000020402680                __metal_exception_handler
 .text.metal_lc0_interrupt_vector_handler
                0x00000000204027f2       0x92 /home/albertojor/GitHub/freedom-e-sdk/bsp/freedom-e310-arty-xmem/install/lib/debug//libmetal.a(libriscv__mmachine__freedom-e310-arty-xmem_a-riscv_cpu.o)
                0x00000000204027f2                metal_lc0_interrupt_vector_handler
 .text.metal_lc1_interrupt_vector_handler
                0x0000000020402884       0x92 /home/albertojor/GitHub/freedom-e-sdk/bsp/freedom-e310-arty-xmem/install/lib/debug//libmetal.a(libriscv__mmachine__freedom-e310-arty-xmem_a-riscv_cpu.o)
                0x0000000020402884                metal_lc1_interrupt_vector_handler
 .text.metal_lc2_interrupt_vector_handler
                0x0000000020402916       0x92 /home/albertojor/GitHub/freedom-e-sdk/bsp/freedom-e310-arty-xmem/install/lib/debug//libmetal.a(libriscv__mmachine__freedom-e310-arty-xmem_a-riscv_cpu.o)
                0x0000000020402916                metal_lc2_interrupt_vector_handler
 .text.metal_lc3_interrupt_vector_handler
                0x00000000204029a8       0x92 /home/albertojor/GitHub/freedom-e-sdk/bsp/freedom-e310-arty-xmem/install/lib/debug//libmetal.a(libriscv__mmachine__freedom-e310-arty-xmem_a-riscv_cpu.o)
                0x00000000204029a8                metal_lc3_interrupt_vector_handler
 .text.metal_lc4_interrupt_vector_handler
                0x0000000020402a3a       0x92 /home/albertojor/GitHub/freedom-e-sdk/bsp/freedom-e310-arty-xmem/install/lib/debug//libmetal.a(libriscv__mmachine__freedom-e310-arty-xmem_a-riscv_cpu.o)
                0x0000000020402a3a                metal_lc4_interrupt_vector_handler
 .text.metal_lc5_interrupt_vector_handler
                0x0000000020402acc       0x92 /home/albertojor/GitHub/freedom-e-sdk/bsp/freedom-e310-arty-xmem/install/lib/debug//libmetal.a(libriscv__mmachine__freedom-e310-arty-xmem_a-riscv_cpu.o)
                0x0000000020402acc                metal_lc5_interrupt_vector_handler
 .text.metal_lc6_interrupt_vector_handler
                0x0000000020402b5e       0x92 /home/albertojor/GitHub/freedom-e-sdk/bsp/freedom-e310-arty-xmem/install/lib/debug//libmetal.a(libriscv__mmachine__freedom-e310-arty-xmem_a-riscv_cpu.o)
                0x0000000020402b5e                metal_lc6_interrupt_vector_handler
 .text.metal_lc7_interrupt_vector_handler
                0x0000000020402bf0       0x92 /home/albertojor/GitHub/freedom-e-sdk/bsp/freedom-e310-arty-xmem/install/lib/debug//libmetal.a(libriscv__mmachine__freedom-e310-arty-xmem_a-riscv_cpu.o)
                0x0000000020402bf0                metal_lc7_interrupt_vector_handler
 .text.metal_lc8_interrupt_vector_handler
                0x0000000020402c82       0x92 /home/albertojor/GitHub/freedom-e-sdk/bsp/freedom-e310-arty-xmem/install/lib/debug//libmetal.a(libriscv__mmachine__freedom-e310-arty-xmem_a-riscv_cpu.o)
                0x0000000020402c82                metal_lc8_interrupt_vector_handler
 .text.metal_lc9_interrupt_vector_handler
                0x0000000020402d14       0x92 /home/albertojor/GitHub/freedom-e-sdk/bsp/freedom-e310-arty-xmem/install/lib/debug//libmetal.a(libriscv__mmachine__freedom-e310-arty-xmem_a-riscv_cpu.o)
                0x0000000020402d14                metal_lc9_interrupt_vector_handler
 .text.metal_lc10_interrupt_vector_handler
                0x0000000020402da6       0x92 /home/albertojor/GitHub/freedom-e-sdk/bsp/freedom-e310-arty-xmem/install/lib/debug//libmetal.a(libriscv__mmachine__freedom-e310-arty-xmem_a-riscv_cpu.o)
                0x0000000020402da6                metal_lc10_interrupt_vector_handler
 .text.metal_lc11_interrupt_vector_handler
                0x0000000020402e38       0x92 /home/albertojor/GitHub/freedom-e-sdk/bsp/freedom-e310-arty-xmem/install/lib/debug//libmetal.a(libriscv__mmachine__freedom-e310-arty-xmem_a-riscv_cpu.o)
                0x0000000020402e38                metal_lc11_interrupt_vector_handler
 .text.metal_lc12_interrupt_vector_handler
                0x0000000020402eca       0x92 /home/albertojor/GitHub/freedom-e-sdk/bsp/freedom-e310-arty-xmem/install/lib/debug//libmetal.a(libriscv__mmachine__freedom-e310-arty-xmem_a-riscv_cpu.o)
                0x0000000020402eca                metal_lc12_interrupt_vector_handler
 .text.metal_lc13_interrupt_vector_handler
                0x0000000020402f5c       0x92 /home/albertojor/GitHub/freedom-e-sdk/bsp/freedom-e310-arty-xmem/install/lib/debug//libmetal.a(libriscv__mmachine__freedom-e310-arty-xmem_a-riscv_cpu.o)
                0x0000000020402f5c                metal_lc13_interrupt_vector_handler
 .text.metal_lc14_interrupt_vector_handler
                0x0000000020402fee       0x92 /home/albertojor/GitHub/freedom-e-sdk/bsp/freedom-e310-arty-xmem/install/lib/debug//libmetal.a(libriscv__mmachine__freedom-e310-arty-xmem_a-riscv_cpu.o)
                0x0000000020402fee                metal_lc14_interrupt_vector_handler
 .text.metal_lc15_interrupt_vector_handler
                0x0000000020403080       0x92 /home/albertojor/GitHub/freedom-e-sdk/bsp/freedom-e310-arty-xmem/install/lib/debug//libmetal.a(libriscv__mmachine__freedom-e310-arty-xmem_a-riscv_cpu.o)
                0x0000000020403080                metal_lc15_interrupt_vector_handler
 .text.__metal_controller_interrupt_vector_mode
                0x0000000020403112       0x50 /home/albertojor/GitHub/freedom-e-sdk/bsp/freedom-e310-arty-xmem/install/lib/debug//libmetal.a(libriscv__mmachine__freedom-e310-arty-xmem_a-riscv_cpu.o)
                0x0000000020403112                __metal_controller_interrupt_vector_mode
 .text.__metal_controller_interrupt_vector
                0x0000000020403162       0x98 /home/albertojor/GitHub/freedom-e-sdk/bsp/freedom-e310-arty-xmem/install/lib/debug//libmetal.a(libriscv__mmachine__freedom-e310-arty-xmem_a-riscv_cpu.o)
                0x0000000020403162                __metal_controller_interrupt_vector
 .text.__metal_valid_interrupt_id
                0x00000000204031fa       0x38 /home/albertojor/GitHub/freedom-e-sdk/bsp/freedom-e310-arty-xmem/install/lib/debug//libmetal.a(libriscv__mmachine__freedom-e310-arty-xmem_a-riscv_cpu.o)
                0x00000000204031fa                __metal_valid_interrupt_id
 .text.__metal_local_interrupt_enable
                0x0000000020403232       0xbc /home/albertojor/GitHub/freedom-e-sdk/bsp/freedom-e310-arty-xmem/install/lib/debug//libmetal.a(libriscv__mmachine__freedom-e310-arty-xmem_a-riscv_cpu.o)
                0x0000000020403232                __metal_local_interrupt_enable
 .text.__metal_exception_register
                0x00000000204032ee       0x4e /home/albertojor/GitHub/freedom-e-sdk/bsp/freedom-e310-arty-xmem/install/lib/debug//libmetal.a(libriscv__mmachine__freedom-e310-arty-xmem_a-riscv_cpu.o)
                0x00000000204032ee                __metal_exception_register
 .text.__metal_driver_riscv_cpu_controller_interrupt_init
                0x000000002040333c      0x13e /home/albertojor/GitHub/freedom-e-sdk/bsp/freedom-e310-arty-xmem/install/lib/debug//libmetal.a(libriscv__mmachine__freedom-e310-arty-xmem_a-riscv_cpu.o)
                0x000000002040333c                __metal_driver_riscv_cpu_controller_interrupt_init
 .text.__metal_driver_riscv_cpu_controller_interrupt_register
                0x000000002040347a      0x14e /home/albertojor/GitHub/freedom-e-sdk/bsp/freedom-e310-arty-xmem/install/lib/debug//libmetal.a(libriscv__mmachine__freedom-e310-arty-xmem_a-riscv_cpu.o)
                0x000000002040347a                __metal_driver_riscv_cpu_controller_interrupt_register
 .text.__metal_driver_riscv_cpu_controller_interrupt_enable
                0x00000000204035c8       0x2a /home/albertojor/GitHub/freedom-e-sdk/bsp/freedom-e310-arty-xmem/install/lib/debug//libmetal.a(libriscv__mmachine__freedom-e310-arty-xmem_a-riscv_cpu.o)
                0x00000000204035c8                __metal_driver_riscv_cpu_controller_interrupt_enable
 .text.__metal_driver_riscv_cpu_controller_interrupt_disable
                0x00000000204035f2       0x2a /home/albertojor/GitHub/freedom-e-sdk/bsp/freedom-e310-arty-xmem/install/lib/debug//libmetal.a(libriscv__mmachine__freedom-e310-arty-xmem_a-riscv_cpu.o)
                0x00000000204035f2                __metal_driver_riscv_cpu_controller_interrupt_disable
 .text.__metal_driver_riscv_cpu_controller_get_vector_mode
                0x000000002040361c       0x1c /home/albertojor/GitHub/freedom-e-sdk/bsp/freedom-e310-arty-xmem/install/lib/debug//libmetal.a(libriscv__mmachine__freedom-e310-arty-xmem_a-riscv_cpu.o)
                0x000000002040361c                __metal_driver_riscv_cpu_controller_get_vector_mode
 .text.__metal_driver_riscv_cpu_controller_set_vector_mode
                0x0000000020403638       0x5c /home/albertojor/GitHub/freedom-e-sdk/bsp/freedom-e310-arty-xmem/install/lib/debug//libmetal.a(libriscv__mmachine__freedom-e310-arty-xmem_a-riscv_cpu.o)
                0x0000000020403638                __metal_driver_riscv_cpu_controller_set_vector_mode
 .text.__metal_driver_riscv_cpu_controller_command_request
                0x0000000020403694       0x1c /home/albertojor/GitHub/freedom-e-sdk/bsp/freedom-e310-arty-xmem/install/lib/debug//libmetal.a(libriscv__mmachine__freedom-e310-arty-xmem_a-riscv_cpu.o)
                0x0000000020403694                __metal_driver_riscv_cpu_controller_command_request
 .text.__metal_driver_cpu_mcycle_get
                0x00000000204036b0       0x72 /home/albertojor/GitHub/freedom-e-sdk/bsp/freedom-e310-arty-xmem/install/lib/debug//libmetal.a(libriscv__mmachine__freedom-e310-arty-xmem_a-riscv_cpu.o)
                0x00000000204036b0                __metal_driver_cpu_mcycle_get
 .text.__metal_driver_cpu_timebase_get
                0x0000000020403722       0x46 /home/albertojor/GitHub/freedom-e-sdk/bsp/freedom-e310-arty-xmem/install/lib/debug//libmetal.a(libriscv__mmachine__freedom-e310-arty-xmem_a-riscv_cpu.o)
                0x0000000020403722                __metal_driver_cpu_timebase_get
 .text.__metal_driver_cpu_mtime_get
                0x0000000020403768       0x66 /home/albertojor/GitHub/freedom-e-sdk/bsp/freedom-e310-arty-xmem/install/lib/debug//libmetal.a(libriscv__mmachine__freedom-e310-arty-xmem_a-riscv_cpu.o)
                0x0000000020403768                __metal_driver_cpu_mtime_get
 .text.__metal_driver_cpu_mtimecmp_set
                0x00000000204037ce       0x76 /home/albertojor/GitHub/freedom-e-sdk/bsp/freedom-e310-arty-xmem/install/lib/debug//libmetal.a(libriscv__mmachine__freedom-e310-arty-xmem_a-riscv_cpu.o)
                0x00000000204037ce                __metal_driver_cpu_mtimecmp_set
 .text.__metal_driver_cpu_timer_controller_interrupt
                0x0000000020403844       0x16 /home/albertojor/GitHub/freedom-e-sdk/bsp/freedom-e310-arty-xmem/install/lib/debug//libmetal.a(libriscv__mmachine__freedom-e310-arty-xmem_a-riscv_cpu.o)
                0x0000000020403844                __metal_driver_cpu_timer_controller_interrupt
 .text.__metal_driver_cpu_get_timer_interrupt_id
                0x000000002040385a       0x14 /home/albertojor/GitHub/freedom-e-sdk/bsp/freedom-e310-arty-xmem/install/lib/debug//libmetal.a(libriscv__mmachine__freedom-e310-arty-xmem_a-riscv_cpu.o)
                0x000000002040385a                __metal_driver_cpu_get_timer_interrupt_id
 .text.__metal_driver_cpu_sw_controller_interrupt
                0x000000002040386e       0x16 /home/albertojor/GitHub/freedom-e-sdk/bsp/freedom-e310-arty-xmem/install/lib/debug//libmetal.a(libriscv__mmachine__freedom-e310-arty-xmem_a-riscv_cpu.o)
                0x000000002040386e                __metal_driver_cpu_sw_controller_interrupt
 .text.__metal_driver_cpu_get_sw_interrupt_id
                0x0000000020403884       0x14 /home/albertojor/GitHub/freedom-e-sdk/bsp/freedom-e310-arty-xmem/install/lib/debug//libmetal.a(libriscv__mmachine__freedom-e310-arty-xmem_a-riscv_cpu.o)
                0x0000000020403884                __metal_driver_cpu_get_sw_interrupt_id
 .text.__metal_driver_cpu_set_sw_ipi
                0x0000000020403898       0x62 /home/albertojor/GitHub/freedom-e-sdk/bsp/freedom-e310-arty-xmem/install/lib/debug//libmetal.a(libriscv__mmachine__freedom-e310-arty-xmem_a-riscv_cpu.o)
                0x0000000020403898                __metal_driver_cpu_set_sw_ipi
 .text.__metal_driver_cpu_clear_sw_ipi
                0x00000000204038fa       0x62 /home/albertojor/GitHub/freedom-e-sdk/bsp/freedom-e310-arty-xmem/install/lib/debug//libmetal.a(libriscv__mmachine__freedom-e310-arty-xmem_a-riscv_cpu.o)
                0x00000000204038fa                __metal_driver_cpu_clear_sw_ipi
 .text.__metal_driver_cpu_get_msip
                0x000000002040395c       0x60 /home/albertojor/GitHub/freedom-e-sdk/bsp/freedom-e310-arty-xmem/install/lib/debug//libmetal.a(libriscv__mmachine__freedom-e310-arty-xmem_a-riscv_cpu.o)
                0x000000002040395c                __metal_driver_cpu_get_msip
 .text.__metal_driver_cpu_controller_interrupt
                0x00000000204039bc       0x20 /home/albertojor/GitHub/freedom-e-sdk/bsp/freedom-e310-arty-xmem/install/lib/debug//libmetal.a(libriscv__mmachine__freedom-e310-arty-xmem_a-riscv_cpu.o)
                0x00000000204039bc                __metal_driver_cpu_controller_interrupt
 .text.__metal_driver_cpu_exception_register
                0x00000000204039dc       0x46 /home/albertojor/GitHub/freedom-e-sdk/bsp/freedom-e310-arty-xmem/install/lib/debug//libmetal.a(libriscv__mmachine__freedom-e310-arty-xmem_a-riscv_cpu.o)
                0x00000000204039dc                __metal_driver_cpu_exception_register
 .text.__metal_driver_cpu_get_instruction_length
                0x0000000020403a22       0x2e /home/albertojor/GitHub/freedom-e-sdk/bsp/freedom-e310-arty-xmem/install/lib/debug//libmetal.a(libriscv__mmachine__freedom-e310-arty-xmem_a-riscv_cpu.o)
                0x0000000020403a22                __metal_driver_cpu_get_instruction_length
 .text.__metal_driver_cpu_get_exception_pc
                0x0000000020403a50       0x1e /home/albertojor/GitHub/freedom-e-sdk/bsp/freedom-e310-arty-xmem/install/lib/debug//libmetal.a(libriscv__mmachine__freedom-e310-arty-xmem_a-riscv_cpu.o)
                0x0000000020403a50                __metal_driver_cpu_get_exception_pc
 .text.__metal_driver_cpu_set_exception_pc
                0x0000000020403a6e       0x20 /home/albertojor/GitHub/freedom-e-sdk/bsp/freedom-e310-arty-xmem/install/lib/debug//libmetal.a(libriscv__mmachine__freedom-e310-arty-xmem_a-riscv_cpu.o)
                0x0000000020403a6e                __metal_driver_cpu_set_exception_pc
 .text.__metal_driver_sifive_plic0_control_base
                0x0000000020403a8e       0x2a /home/albertojor/GitHub/freedom-e-sdk/bsp/freedom-e310-arty-xmem/install/lib/debug//libmetal.a(libriscv__mmachine__freedom-e310-arty-xmem_a-riscv_plic0.o)
 .text.__metal_driver_sifive_plic0_num_interrupts
                0x0000000020403ab8       0x28 /home/albertojor/GitHub/freedom-e-sdk/bsp/freedom-e310-arty-xmem/install/lib/debug//libmetal.a(libriscv__mmachine__freedom-e310-arty-xmem_a-riscv_plic0.o)
 .text.__metal_driver_sifive_plic0_max_priority
                0x0000000020403ae0       0x28 /home/albertojor/GitHub/freedom-e-sdk/bsp/freedom-e310-arty-xmem/install/lib/debug//libmetal.a(libriscv__mmachine__freedom-e310-arty-xmem_a-riscv_plic0.o)
 .text.__metal_driver_sifive_plic0_interrupt_parents
                0x0000000020403b08       0x28 /home/albertojor/GitHub/freedom-e-sdk/bsp/freedom-e310-arty-xmem/install/lib/debug//libmetal.a(libriscv__mmachine__freedom-e310-arty-xmem_a-riscv_plic0.o)
 .text.__metal_driver_sifive_plic0_interrupt_lines
                0x0000000020403b30       0x22 /home/albertojor/GitHub/freedom-e-sdk/bsp/freedom-e310-arty-xmem/install/lib/debug//libmetal.a(libriscv__mmachine__freedom-e310-arty-xmem_a-riscv_plic0.o)
 .text.__metal_plic0_claim_interrupt
                0x0000000020403b52       0x2e /home/albertojor/GitHub/freedom-e-sdk/bsp/freedom-e310-arty-xmem/install/lib/debug//libmetal.a(libriscv__mmachine__freedom-e310-arty-xmem_a-riscv_plic0.o)
                0x0000000020403b52                __metal_plic0_claim_interrupt
 .text.__metal_plic0_complete_interrupt
                0x0000000020403b80       0x38 /home/albertojor/GitHub/freedom-e-sdk/bsp/freedom-e310-arty-xmem/install/lib/debug//libmetal.a(libriscv__mmachine__freedom-e310-arty-xmem_a-riscv_plic0.o)
                0x0000000020403b80                __metal_plic0_complete_interrupt
 .text.__metal_plic0_set_threshold
                0x0000000020403bb8       0x38 /home/albertojor/GitHub/freedom-e-sdk/bsp/freedom-e310-arty-xmem/install/lib/debug//libmetal.a(libriscv__mmachine__freedom-e310-arty-xmem_a-riscv_plic0.o)
                0x0000000020403bb8                __metal_plic0_set_threshold
 .text.__metal_plic0_get_threshold
                0x0000000020403bf0       0x2c /home/albertojor/GitHub/freedom-e-sdk/bsp/freedom-e310-arty-xmem/install/lib/debug//libmetal.a(libriscv__mmachine__freedom-e310-arty-xmem_a-riscv_plic0.o)
                0x0000000020403bf0                __metal_plic0_get_threshold
 .text.__metal_plic0_set_priority
                0x0000000020403c1c       0x62 /home/albertojor/GitHub/freedom-e-sdk/bsp/freedom-e310-arty-xmem/install/lib/debug//libmetal.a(libriscv__mmachine__freedom-e310-arty-xmem_a-riscv_plic0.o)
                0x0000000020403c1c                __metal_plic0_set_priority
 .text.__metal_plic0_get_priority
                0x0000000020403c7e       0x34 /home/albertojor/GitHub/freedom-e-sdk/bsp/freedom-e310-arty-xmem/install/lib/debug//libmetal.a(libriscv__mmachine__freedom-e310-arty-xmem_a-riscv_plic0.o)
                0x0000000020403c7e                __metal_plic0_get_priority
 .text.__metal_plic0_enable
                0x0000000020403cb2       0x8c /home/albertojor/GitHub/freedom-e-sdk/bsp/freedom-e310-arty-xmem/install/lib/debug//libmetal.a(libriscv__mmachine__freedom-e310-arty-xmem_a-riscv_plic0.o)
                0x0000000020403cb2                __metal_plic0_enable
 .text.__metal_plic0_default_handler
                0x0000000020403d3e       0x18 /home/albertojor/GitHub/freedom-e-sdk/bsp/freedom-e310-arty-xmem/install/lib/debug//libmetal.a(libriscv__mmachine__freedom-e310-arty-xmem_a-riscv_plic0.o)
                0x0000000020403d3e                __metal_plic0_default_handler
 .text.__metal_plic0_handler
                0x0000000020403d56       0x8e /home/albertojor/GitHub/freedom-e-sdk/bsp/freedom-e310-arty-xmem/install/lib/debug//libmetal.a(libriscv__mmachine__freedom-e310-arty-xmem_a-riscv_plic0.o)
                0x0000000020403d56                __metal_plic0_handler
 .text.__metal_driver_riscv_plic0_init
                0x0000000020403de4      0x13c /home/albertojor/GitHub/freedom-e-sdk/bsp/freedom-e310-arty-xmem/install/lib/debug//libmetal.a(libriscv__mmachine__freedom-e310-arty-xmem_a-riscv_plic0.o)
                0x0000000020403de4                __metal_driver_riscv_plic0_init
 .text.__metal_driver_riscv_plic0_register
                0x0000000020403f20       0xc0 /home/albertojor/GitHub/freedom-e-sdk/bsp/freedom-e310-arty-xmem/install/lib/debug//libmetal.a(libriscv__mmachine__freedom-e310-arty-xmem_a-riscv_plic0.o)
                0x0000000020403f20                __metal_driver_riscv_plic0_register
 .text.__metal_driver_riscv_plic0_enable
                0x0000000020403fe0       0x48 /home/albertojor/GitHub/freedom-e-sdk/bsp/freedom-e310-arty-xmem/install/lib/debug//libmetal.a(libriscv__mmachine__freedom-e310-arty-xmem_a-riscv_plic0.o)
                0x0000000020403fe0                __metal_driver_riscv_plic0_enable
 .text.__metal_driver_riscv_plic0_disable
                0x0000000020404028       0x48 /home/albertojor/GitHub/freedom-e-sdk/bsp/freedom-e310-arty-xmem/install/lib/debug//libmetal.a(libriscv__mmachine__freedom-e310-arty-xmem_a-riscv_plic0.o)
                0x0000000020404028                __metal_driver_riscv_plic0_disable
 .text.__metal_driver_sifive_gpio0_base
                0x0000000020404070       0x26 /home/albertojor/GitHub/freedom-e-sdk/bsp/freedom-e310-arty-xmem/install/lib/debug//libmetal.a(libriscv__mmachine__freedom-e310-arty-xmem_a-sifive_gpio0.o)
 .text.__metal_driver_sifive_gpio0_interrupt_parent
                0x0000000020404096       0x2a /home/albertojor/GitHub/freedom-e-sdk/bsp/freedom-e310-arty-xmem/install/lib/debug//libmetal.a(libriscv__mmachine__freedom-e310-arty-xmem_a-sifive_gpio0.o)
 .text.__metal_driver_sifive_gpio0_interrupt_lines
                0x00000000204040c0      0x1b4 /home/albertojor/GitHub/freedom-e-sdk/bsp/freedom-e310-arty-xmem/install/lib/debug//libmetal.a(libriscv__mmachine__freedom-e310-arty-xmem_a-sifive_gpio0.o)
 .text.__metal_driver_sifive_gpio0_enable_input
                0x0000000020404274       0x3e /home/albertojor/GitHub/freedom-e-sdk/bsp/freedom-e310-arty-xmem/install/lib/debug//libmetal.a(libriscv__mmachine__freedom-e310-arty-xmem_a-sifive_gpio0.o)
                0x0000000020404274                __metal_driver_sifive_gpio0_enable_input
 .text.__metal_driver_sifive_gpio0_disable_input
                0x00000000204042b2       0x44 /home/albertojor/GitHub/freedom-e-sdk/bsp/freedom-e310-arty-xmem/install/lib/debug//libmetal.a(libriscv__mmachine__freedom-e310-arty-xmem_a-sifive_gpio0.o)
                0x00000000204042b2                __metal_driver_sifive_gpio0_disable_input
 .text.__metal_driver_sifive_gpio0_input
                0x00000000204042f6       0x28 /home/albertojor/GitHub/freedom-e-sdk/bsp/freedom-e310-arty-xmem/install/lib/debug//libmetal.a(libriscv__mmachine__freedom-e310-arty-xmem_a-sifive_gpio0.o)
                0x00000000204042f6                __metal_driver_sifive_gpio0_input
 .text.__metal_driver_sifive_gpio0_output
                0x000000002040431e       0x2a /home/albertojor/GitHub/freedom-e-sdk/bsp/freedom-e310-arty-xmem/install/lib/debug//libmetal.a(libriscv__mmachine__freedom-e310-arty-xmem_a-sifive_gpio0.o)
                0x000000002040431e                __metal_driver_sifive_gpio0_output
 .text.__metal_driver_sifive_gpio0_disable_output
                0x0000000020404348       0x46 /home/albertojor/GitHub/freedom-e-sdk/bsp/freedom-e310-arty-xmem/install/lib/debug//libmetal.a(libriscv__mmachine__freedom-e310-arty-xmem_a-sifive_gpio0.o)
                0x0000000020404348                __metal_driver_sifive_gpio0_disable_output
 .text.__metal_driver_sifive_gpio0_enable_output
                0x000000002040438e       0x40 /home/albertojor/GitHub/freedom-e-sdk/bsp/freedom-e310-arty-xmem/install/lib/debug//libmetal.a(libriscv__mmachine__freedom-e310-arty-xmem_a-sifive_gpio0.o)
                0x000000002040438e                __metal_driver_sifive_gpio0_enable_output
 .text.__metal_driver_sifive_gpio0_output_set
                0x00000000204043ce       0x40 /home/albertojor/GitHub/freedom-e-sdk/bsp/freedom-e310-arty-xmem/install/lib/debug//libmetal.a(libriscv__mmachine__freedom-e310-arty-xmem_a-sifive_gpio0.o)
                0x00000000204043ce                __metal_driver_sifive_gpio0_output_set
 .text.__metal_driver_sifive_gpio0_output_clear
                0x000000002040440e       0x46 /home/albertojor/GitHub/freedom-e-sdk/bsp/freedom-e310-arty-xmem/install/lib/debug//libmetal.a(libriscv__mmachine__freedom-e310-arty-xmem_a-sifive_gpio0.o)
                0x000000002040440e                __metal_driver_sifive_gpio0_output_clear
 .text.__metal_driver_sifive_gpio0_output_toggle
                0x0000000020404454       0x40 /home/albertojor/GitHub/freedom-e-sdk/bsp/freedom-e310-arty-xmem/install/lib/debug//libmetal.a(libriscv__mmachine__freedom-e310-arty-xmem_a-sifive_gpio0.o)
                0x0000000020404454                __metal_driver_sifive_gpio0_output_toggle
 .text.__metal_driver_sifive_gpio0_enable_io
                0x0000000020404494       0x68 /home/albertojor/GitHub/freedom-e-sdk/bsp/freedom-e310-arty-xmem/install/lib/debug//libmetal.a(libriscv__mmachine__freedom-e310-arty-xmem_a-sifive_gpio0.o)
                0x0000000020404494                __metal_driver_sifive_gpio0_enable_io
 .text.__metal_driver_sifive_gpio0_disable_io
                0x00000000204044fc       0x4a /home/albertojor/GitHub/freedom-e-sdk/bsp/freedom-e310-arty-xmem/install/lib/debug//libmetal.a(libriscv__mmachine__freedom-e310-arty-xmem_a-sifive_gpio0.o)
                0x00000000204044fc                __metal_driver_sifive_gpio0_disable_io
 .text.__metal_driver_sifive_gpio0_config_int
                0x0000000020404546      0x206 /home/albertojor/GitHub/freedom-e-sdk/bsp/freedom-e310-arty-xmem/install/lib/debug//libmetal.a(libriscv__mmachine__freedom-e310-arty-xmem_a-sifive_gpio0.o)
                0x0000000020404546                __metal_driver_sifive_gpio0_config_int
 .text.__metal_driver_sifive_gpio0_clear_int
                0x000000002040474c      0x188 /home/albertojor/GitHub/freedom-e-sdk/bsp/freedom-e310-arty-xmem/install/lib/debug//libmetal.a(libriscv__mmachine__freedom-e310-arty-xmem_a-sifive_gpio0.o)
                0x000000002040474c                __metal_driver_sifive_gpio0_clear_int
 .text.__metal_driver_gpio_interrupt_controller
                0x00000000204048d4       0x20 /home/albertojor/GitHub/freedom-e-sdk/bsp/freedom-e310-arty-xmem/install/lib/debug//libmetal.a(libriscv__mmachine__freedom-e310-arty-xmem_a-sifive_gpio0.o)
                0x00000000204048d4                __metal_driver_gpio_interrupt_controller
 .text.__metal_driver_gpio_get_interrupt_id
                0x00000000204048f4       0x2e /home/albertojor/GitHub/freedom-e-sdk/bsp/freedom-e310-arty-xmem/install/lib/debug//libmetal.a(libriscv__mmachine__freedom-e310-arty-xmem_a-sifive_gpio0.o)
                0x00000000204048f4                __metal_driver_gpio_get_interrupt_id
 .text.__metal_driver_sifive_uart0_control_base
                0x0000000020404922       0x2a /home/albertojor/GitHub/freedom-e-sdk/bsp/freedom-e310-arty-xmem/install/lib/debug//libmetal.a(libriscv__mmachine__freedom-e310-arty-xmem_a-sifive_uart0.o)
 .text.__metal_driver_sifive_uart0_interrupt_parent
                0x000000002040494c       0x2e /home/albertojor/GitHub/freedom-e-sdk/bsp/freedom-e310-arty-xmem/install/lib/debug//libmetal.a(libriscv__mmachine__freedom-e310-arty-xmem_a-sifive_uart0.o)
 .text.__metal_driver_sifive_uart0_interrupt_line
                0x000000002040497a       0x28 /home/albertojor/GitHub/freedom-e-sdk/bsp/freedom-e310-arty-xmem/install/lib/debug//libmetal.a(libriscv__mmachine__freedom-e310-arty-xmem_a-sifive_uart0.o)
 .text.__metal_driver_sifive_uart0_clock
                0x00000000204049a2       0x2e /home/albertojor/GitHub/freedom-e-sdk/bsp/freedom-e310-arty-xmem/install/lib/debug//libmetal.a(libriscv__mmachine__freedom-e310-arty-xmem_a-sifive_uart0.o)
 .text.__metal_driver_sifive_uart0_pinmux
                0x00000000204049d0       0x2a /home/albertojor/GitHub/freedom-e-sdk/bsp/freedom-e310-arty-xmem/install/lib/debug//libmetal.a(libriscv__mmachine__freedom-e310-arty-xmem_a-sifive_uart0.o)
 .text.__metal_driver_sifive_uart0_pinmux_output_selector
                0x00000000204049fa       0x2a /home/albertojor/GitHub/freedom-e-sdk/bsp/freedom-e310-arty-xmem/install/lib/debug//libmetal.a(libriscv__mmachine__freedom-e310-arty-xmem_a-sifive_uart0.o)
 .text.__metal_driver_sifive_uart0_pinmux_source_selector
                0x0000000020404a24       0x2a /home/albertojor/GitHub/freedom-e-sdk/bsp/freedom-e310-arty-xmem/install/lib/debug//libmetal.a(libriscv__mmachine__freedom-e310-arty-xmem_a-sifive_uart0.o)
 .text.__metal_driver_sifive_uart0_interrupt_controller
                0x0000000020404a4e       0x1e /home/albertojor/GitHub/freedom-e-sdk/bsp/freedom-e310-arty-xmem/install/lib/debug//libmetal.a(libriscv__mmachine__freedom-e310-arty-xmem_a-sifive_uart0.o)
                0x0000000020404a4e                __metal_driver_sifive_uart0_interrupt_controller
 .text.__metal_driver_sifive_uart0_get_interrupt_id
                0x0000000020404a6c       0x22 /home/albertojor/GitHub/freedom-e-sdk/bsp/freedom-e310-arty-xmem/install/lib/debug//libmetal.a(libriscv__mmachine__freedom-e310-arty-xmem_a-sifive_uart0.o)
                0x0000000020404a6c                __metal_driver_sifive_uart0_get_interrupt_id
 .text.__metal_driver_sifive_uart0_txready
                0x0000000020404a8e       0x32 /home/albertojor/GitHub/freedom-e-sdk/bsp/freedom-e310-arty-xmem/install/lib/debug//libmetal.a(libriscv__mmachine__freedom-e310-arty-xmem_a-sifive_uart0.o)
                0x0000000020404a8e                __metal_driver_sifive_uart0_txready
 .text.__metal_driver_sifive_uart0_putc
                0x0000000020404ac0       0x3e /home/albertojor/GitHub/freedom-e-sdk/bsp/freedom-e310-arty-xmem/install/lib/debug//libmetal.a(libriscv__mmachine__freedom-e310-arty-xmem_a-sifive_uart0.o)
                0x0000000020404ac0                __metal_driver_sifive_uart0_putc
 .text.__metal_driver_sifive_uart0_getc
                0x0000000020404afe       0x54 /home/albertojor/GitHub/freedom-e-sdk/bsp/freedom-e310-arty-xmem/install/lib/debug//libmetal.a(libriscv__mmachine__freedom-e310-arty-xmem_a-sifive_uart0.o)
                0x0000000020404afe                __metal_driver_sifive_uart0_getc
 .text.__metal_driver_sifive_uart0_get_baud_rate
                0x0000000020404b52       0x20 /home/albertojor/GitHub/freedom-e-sdk/bsp/freedom-e310-arty-xmem/install/lib/debug//libmetal.a(libriscv__mmachine__freedom-e310-arty-xmem_a-sifive_uart0.o)
                0x0000000020404b52                __metal_driver_sifive_uart0_get_baud_rate
 .text.__metal_driver_sifive_uart0_set_baud_rate
                0x0000000020404b72       0x9c /home/albertojor/GitHub/freedom-e-sdk/bsp/freedom-e310-arty-xmem/install/lib/debug//libmetal.a(libriscv__mmachine__freedom-e310-arty-xmem_a-sifive_uart0.o)
                0x0000000020404b72                __metal_driver_sifive_uart0_set_baud_rate
 .text.pre_rate_change_callback_func
                0x0000000020404c0e       0xd8 /home/albertojor/GitHub/freedom-e-sdk/bsp/freedom-e310-arty-xmem/install/lib/debug//libmetal.a(libriscv__mmachine__freedom-e310-arty-xmem_a-sifive_uart0.o)
 .text.post_rate_change_callback_func
                0x0000000020404ce6       0x30 /home/albertojor/GitHub/freedom-e-sdk/bsp/freedom-e310-arty-xmem/install/lib/debug//libmetal.a(libriscv__mmachine__freedom-e310-arty-xmem_a-sifive_uart0.o)
 .text.__metal_driver_sifive_uart0_init
                0x0000000020404d16       0xd2 /home/albertojor/GitHub/freedom-e-sdk/bsp/freedom-e310-arty-xmem/install/lib/debug//libmetal.a(libriscv__mmachine__freedom-e310-arty-xmem_a-sifive_uart0.o)
                0x0000000020404d16                __metal_driver_sifive_uart0_init
 .text._metal_clock_append_to_callbacks
                0x0000000020404de8       0x54 /home/albertojor/GitHub/freedom-e-sdk/bsp/freedom-e310-arty-xmem/install/lib/debug//libmetal.a(libriscv__mmachine__freedom-e310-arty-xmem_a-clock.o)
                0x0000000020404de8                _metal_clock_append_to_callbacks
 .text.metal_clock_register_pre_rate_change_callback
                0x0000000020404e3c       0x30 /home/albertojor/GitHub/freedom-e-sdk/bsp/freedom-e310-arty-xmem/install/lib/debug//libmetal.a(libriscv__mmachine__freedom-e310-arty-xmem_a-clock.o)
                0x0000000020404e3c                metal_clock_register_pre_rate_change_callback
 .text.metal_clock_register_post_rate_change_callback
                0x0000000020404e6c       0x30 /home/albertojor/GitHub/freedom-e-sdk/bsp/freedom-e310-arty-xmem/install/lib/debug//libmetal.a(libriscv__mmachine__freedom-e310-arty-xmem_a-clock.o)
                0x0000000020404e6c                metal_clock_register_post_rate_change_callback
 .text.metal_cpu_interrupt_controller
                0x0000000020404e9c       0x26 /home/albertojor/GitHub/freedom-e-sdk/bsp/freedom-e310-arty-xmem/install/lib/debug//libmetal.a(libriscv__mmachine__freedom-e310-arty-xmem_a-cpu.o)
                0x0000000020404e9c                metal_cpu_interrupt_controller
 .text.metal_cpu_get
                0x0000000020404ec2       0x2a /home/albertojor/GitHub/freedom-e-sdk/bsp/freedom-e310-arty-xmem/install/lib/debug//libmetal.a(libriscv__mmachine__freedom-e310-arty-xmem_a-cpu.o)
                0x0000000020404ec2                metal_cpu_get
 .text.metal_cpu_get_current_hartid
                0x0000000020404eec       0x1a /home/albertojor/GitHub/freedom-e-sdk/bsp/freedom-e310-arty-xmem/install/lib/debug//libmetal.a(libriscv__mmachine__freedom-e310-arty-xmem_a-cpu.o)
                0x0000000020404eec                metal_cpu_get_current_hartid
 .text.metal_shutdown
                0x0000000020404f06        0xe /home/albertojor/GitHub/freedom-e-sdk/bsp/freedom-e310-arty-xmem/install/lib/debug//libmetal.a(libriscv__mmachine__freedom-e310-arty-xmem_a-shutdown.o)
                0x0000000020404f06                metal_shutdown
 *fill*         0x0000000020404f14       0x6c 
 .text          0x0000000020404f80       0x80 /home/albertojor/GitHub/freedom-e-sdk/bsp/freedom-e310-arty-xmem/install/lib/debug//libmetal.a(libriscv__mmachine__freedom-e310-arty-xmem_a-vector.o)
                0x0000000020404f80                __metal_vector_table
 .text.__metal_driver_fixed_clock_rate
                0x0000000020405000       0x2e /home/albertojor/GitHub/freedom-e-sdk/bsp/freedom-e310-arty-xmem/install/lib/debug//libmetal.a(libriscv__mmachine__freedom-e310-arty-xmem_a-fixed-clock.o)
 .text.__metal_driver_fixed_clock_get_rate_hz
                0x000000002040502e       0x1e /home/albertojor/GitHub/freedom-e-sdk/bsp/freedom-e310-arty-xmem/install/lib/debug//libmetal.a(libriscv__mmachine__freedom-e310-arty-xmem_a-fixed-clock.o)
                0x000000002040502e                __metal_driver_fixed_clock_get_rate_hz
 .text.__metal_driver_fixed_clock_set_rate_hz
                0x000000002040504c       0x22 /home/albertojor/GitHub/freedom-e-sdk/bsp/freedom-e310-arty-xmem/install/lib/debug//libmetal.a(libriscv__mmachine__freedom-e310-arty-xmem_a-fixed-clock.o)
                0x000000002040504c                __metal_driver_fixed_clock_set_rate_hz
 .text._exit    0x000000002040506e       0x12 /home/albertojor/GitHub/freedom-e-sdk/bsp/freedom-e310-arty-xmem/install/lib/debug//libmetal-gloss.a(sys_exit.o)
                0x000000002040506e                _exit
 *(.gnu.linkonce.t.*)
                [!provide]                        PROVIDE (__etext = .)
                [!provide]                        PROVIDE (_etext = .)
                [!provide]                        PROVIDE (etext = .)

.rodata         0x0000000020405080      0x470
 *(.rdata)
 *(.rodata .rodata.*)
 .rodata        0x0000000020405080       0x80 /tmp/ccwCgoGm.o
 .rodata.__sf_fake_stderr
                0x0000000020405100       0x20 /home/albertojor/riscv64-unknown-elf-gcc-8.3.0-2019.08.0-x86_64-linux-ubuntu14/bin/../lib/gcc/riscv64-unknown-elf/8.3.0/../../../../riscv64-unknown-elf/lib/rv32imac/ilp32/libc_nano.a(lib_a-findfp.o)
                0x0000000020405100                __sf_fake_stderr
 .rodata.__sf_fake_stdin
                0x0000000020405120       0x20 /home/albertojor/riscv64-unknown-elf-gcc-8.3.0-2019.08.0-x86_64-linux-ubuntu14/bin/../lib/gcc/riscv64-unknown-elf/8.3.0/../../../../riscv64-unknown-elf/lib/rv32imac/ilp32/libc_nano.a(lib_a-findfp.o)
                0x0000000020405120                __sf_fake_stdin
 .rodata.__sf_fake_stdout
                0x0000000020405140       0x20 /home/albertojor/riscv64-unknown-elf-gcc-8.3.0-2019.08.0-x86_64-linux-ubuntu14/bin/../lib/gcc/riscv64-unknown-elf/8.3.0/../../../../riscv64-unknown-elf/lib/rv32imac/ilp32/libc_nano.a(lib_a-findfp.o)
                0x0000000020405140                __sf_fake_stdout
 .rodata._vfprintf_r.str1.4
                0x0000000020405160       0x13 /home/albertojor/riscv64-unknown-elf-gcc-8.3.0-2019.08.0-x86_64-linux-ubuntu14/bin/../lib/gcc/riscv64-unknown-elf/8.3.0/../../../../riscv64-unknown-elf/lib/rv32imac/ilp32/libc_nano.a(lib_a-nano-vfprintf.o)
 *fill*         0x0000000020405173        0x1 
 .rodata._printf_i.str1.4
                0x0000000020405174       0x28 /home/albertojor/riscv64-unknown-elf-gcc-8.3.0-2019.08.0-x86_64-linux-ubuntu14/bin/../lib/gcc/riscv64-unknown-elf/8.3.0/../../../../riscv64-unknown-elf/lib/rv32imac/ilp32/libc_nano.a(lib_a-nano-vfprintf_i.o)
                                         0x25 (size before relaxing)
 .rodata.libgloss.start
                0x000000002040519c       0x11 /home/albertojor/GitHub/freedom-e-sdk/bsp/freedom-e310-arty-xmem/install/lib/debug//libmetal-gloss.a(crt0.o)
 *fill*         0x00000000204051ad        0x3 
 .rodata.__metal_driver_vtable_riscv_clint0
                0x00000000204051b0       0x4c /home/albertojor/GitHub/freedom-e-sdk/bsp/freedom-e310-arty-xmem/install/lib/debug//libmetal.a(libriscv__mmachine__freedom-e310-arty-xmem_a-riscv_clint0.o)
                0x00000000204051b0                __metal_driver_vtable_riscv_clint0
 .rodata.__metal_controller_interrupt_vector
                0x00000000204051fc       0x14 /home/albertojor/GitHub/freedom-e-sdk/bsp/freedom-e310-arty-xmem/install/lib/debug//libmetal.a(libriscv__mmachine__freedom-e310-arty-xmem_a-riscv_cpu.o)
 .rodata.__metal_valid_interrupt_id
                0x0000000020405210       0x74 /home/albertojor/GitHub/freedom-e-sdk/bsp/freedom-e310-arty-xmem/install/lib/debug//libmetal.a(libriscv__mmachine__freedom-e310-arty-xmem_a-riscv_cpu.o)
 .rodata.__metal_local_interrupt_enable
                0x0000000020405284       0x80 /home/albertojor/GitHub/freedom-e-sdk/bsp/freedom-e310-arty-xmem/install/lib/debug//libmetal.a(libriscv__mmachine__freedom-e310-arty-xmem_a-riscv_cpu.o)
 .rodata.__metal_driver_riscv_cpu_controller_interrupt_register
                0x0000000020405304       0x74 /home/albertojor/GitHub/freedom-e-sdk/bsp/freedom-e310-arty-xmem/install/lib/debug//libmetal.a(libriscv__mmachine__freedom-e310-arty-xmem_a-riscv_cpu.o)
 .rodata.__metal_driver_vtable_riscv_cpu_intc
                0x0000000020405378       0x4c /home/albertojor/GitHub/freedom-e-sdk/bsp/freedom-e310-arty-xmem/install/lib/debug//libmetal.a(libriscv__mmachine__freedom-e310-arty-xmem_a-riscv_cpu.o)
                0x0000000020405378                __metal_driver_vtable_riscv_cpu_intc
 .rodata.__metal_driver_vtable_cpu
                0x00000000204053c4       0x40 /home/albertojor/GitHub/freedom-e-sdk/bsp/freedom-e310-arty-xmem/install/lib/debug//libmetal.a(libriscv__mmachine__freedom-e310-arty-xmem_a-riscv_cpu.o)
                0x00000000204053c4                __metal_driver_vtable_cpu
 .rodata.__metal_driver_vtable_riscv_plic0
                0x0000000020405404       0x4c /home/albertojor/GitHub/freedom-e-sdk/bsp/freedom-e310-arty-xmem/install/lib/debug//libmetal.a(libriscv__mmachine__freedom-e310-arty-xmem_a-riscv_plic0.o)
                0x0000000020405404                __metal_driver_vtable_riscv_plic0
 .rodata.__metal_driver_sifive_gpio0_config_int
                0x0000000020405450       0x20 /home/albertojor/GitHub/freedom-e-sdk/bsp/freedom-e310-arty-xmem/install/lib/debug//libmetal.a(libriscv__mmachine__freedom-e310-arty-xmem_a-sifive_gpio0.o)
 .rodata.__metal_driver_sifive_gpio0_clear_int
                0x0000000020405470       0x20 /home/albertojor/GitHub/freedom-e-sdk/bsp/freedom-e310-arty-xmem/install/lib/debug//libmetal.a(libriscv__mmachine__freedom-e310-arty-xmem_a-sifive_gpio0.o)
 .rodata.__metal_driver_vtable_sifive_gpio0
                0x0000000020405490       0x3c /home/albertojor/GitHub/freedom-e-sdk/bsp/freedom-e310-arty-xmem/install/lib/debug//libmetal.a(libriscv__mmachine__freedom-e310-arty-xmem_a-sifive_gpio0.o)
                0x0000000020405490                __metal_driver_vtable_sifive_gpio0
 .rodata.__metal_driver_vtable_sifive_uart0
                0x00000000204054cc       0x20 /home/albertojor/GitHub/freedom-e-sdk/bsp/freedom-e310-arty-xmem/install/lib/debug//libmetal.a(libriscv__mmachine__freedom-e310-arty-xmem_a-sifive_uart0.o)
                0x00000000204054cc                __metal_driver_vtable_sifive_uart0
 *(.gnu.linkonce.r.*)
                0x00000000204054f0                . = ALIGN (0x8)
 *fill*         0x00000000204054ec        0x4 
 *(.srodata.cst16)
 *(.srodata.cst8)
 *(.srodata.cst4)
 *(.srodata.cst2)
 *(.srodata .srodata.*)

.rela.dyn       0x00000000204054f0        0x0
 .rela.text._vfprintf_r
                0x00000000204054f0        0x0 /tmp/ccwCgoGm.o
 .rela.text._sbrk_r
                0x00000000204054f0        0x0 /tmp/ccwCgoGm.o
 .rela.text._write_r
                0x00000000204054f0        0x0 /tmp/ccwCgoGm.o
 .rela.text._close_r
                0x00000000204054f0        0x0 /tmp/ccwCgoGm.o
 .rela.text._fstat_r
                0x00000000204054f0        0x0 /tmp/ccwCgoGm.o
 .rela.text._isatty_r
                0x00000000204054f0        0x0 /tmp/ccwCgoGm.o
 .rela.text._lseek_r
                0x00000000204054f0        0x0 /tmp/ccwCgoGm.o
 .rela.text._read_r
                0x00000000204054f0        0x0 /tmp/ccwCgoGm.o
 .rela.text.metal.init.enter
                0x00000000204054f0        0x0 /tmp/ccwCgoGm.o
 .rela.text.libgloss.start
                0x00000000204054f0        0x0 /tmp/ccwCgoGm.o
 .rela.sdata.brk
                0x00000000204054f0        0x0 /tmp/ccwCgoGm.o
 .rela.text._sbrk
                0x00000000204054f0        0x0 /tmp/ccwCgoGm.o
 .rela.text.__libc_fini_array
                0x00000000204054f0        0x0 /tmp/ccwCgoGm.o
 .rela.text.__libc_init_array
                0x00000000204054f0        0x0 /tmp/ccwCgoGm.o
 .rela.text.__register_exitproc
                0x00000000204054f0        0x0 /tmp/ccwCgoGm.o
 .rela.text.__metal_driver_cpu_get
                0x00000000204054f0        0x0 /tmp/ccwCgoGm.o
 .rela.text.metal_software_interrupt_vector_handler
                0x00000000204054f0        0x0 /tmp/ccwCgoGm.o
 .rela.text.__metal_default_sw_handler
                0x00000000204054f0        0x0 /tmp/ccwCgoGm.o
 .rela.text.metal_timer_interrupt_vector_handler
                0x00000000204054f0        0x0 /tmp/ccwCgoGm.o
 .rela.text.__metal_exception_handler
                0x00000000204054f0        0x0 /tmp/ccwCgoGm.o
 .rela.text.metal_lc0_interrupt_vector_handler
                0x00000000204054f0        0x0 /tmp/ccwCgoGm.o
 .rela.text.metal_lc1_interrupt_vector_handler
                0x00000000204054f0        0x0 /tmp/ccwCgoGm.o
 .rela.text.metal_lc2_interrupt_vector_handler
                0x00000000204054f0        0x0 /tmp/ccwCgoGm.o
 .rela.text.metal_lc3_interrupt_vector_handler
                0x00000000204054f0        0x0 /tmp/ccwCgoGm.o
 .rela.text.metal_lc4_interrupt_vector_handler
                0x00000000204054f0        0x0 /tmp/ccwCgoGm.o
 .rela.text.metal_lc5_interrupt_vector_handler
                0x00000000204054f0        0x0 /tmp/ccwCgoGm.o
 .rela.text.metal_lc6_interrupt_vector_handler
                0x00000000204054f0        0x0 /tmp/ccwCgoGm.o
 .rela.text.metal_lc7_interrupt_vector_handler
                0x00000000204054f0        0x0 /tmp/ccwCgoGm.o
 .rela.text.metal_lc8_interrupt_vector_handler
                0x00000000204054f0        0x0 /tmp/ccwCgoGm.o
 .rela.text.metal_lc9_interrupt_vector_handler
                0x00000000204054f0        0x0 /tmp/ccwCgoGm.o
 .rela.text.metal_lc10_interrupt_vector_handler
                0x00000000204054f0        0x0 /tmp/ccwCgoGm.o
 .rela.text.metal_lc11_interrupt_vector_handler
                0x00000000204054f0        0x0 /tmp/ccwCgoGm.o
 .rela.text.metal_lc12_interrupt_vector_handler
                0x00000000204054f0        0x0 /tmp/ccwCgoGm.o
 .rela.text.metal_lc13_interrupt_vector_handler
                0x00000000204054f0        0x0 /tmp/ccwCgoGm.o
 .rela.text.metal_lc14_interrupt_vector_handler
                0x00000000204054f0        0x0 /tmp/ccwCgoGm.o
 .rela.text.metal_lc15_interrupt_vector_handler
                0x00000000204054f0        0x0 /tmp/ccwCgoGm.o
 .rela.text.metal_cpu_get
                0x00000000204054f0        0x0 /tmp/ccwCgoGm.o
 .rela.text     0x00000000204054f0        0x0 /tmp/ccwCgoGm.o
                0x00000000204054f0                . = ALIGN (0x8)

.preinit_array  0x00000000204054f0        0x0
                0x00000000204054f0                PROVIDE (__preinit_array_start = .)
 *(.preinit_array)
                0x00000000204054f0                PROVIDE (__preinit_array_end = .)

.init_array     0x00000000204054f0        0x4
                0x00000000204054f0                PROVIDE (__init_array_start = .)
 *(SORT_BY_INIT_PRIORITY(.init_array.*) SORT_BY_INIT_PRIORITY(.ctors.*))
 *(.init_array EXCLUDE_FILE(*crtend?.o *crtend.o *crtbegin?.o *crtbegin.o) .ctors)
 .init_array    0x00000000204054f0        0x4 /home/albertojor/GitHub/freedom-e-sdk/bsp/freedom-e310-arty-xmem/install/lib/debug//libmetal.a(libriscv__mmachine__freedom-e310-arty-xmem_a-tty.o)
                0x00000000204054f4                PROVIDE (__init_array_end = .)

.fini_array     0x00000000204054f4        0x0
                0x00000000204054f4                PROVIDE (__fini_array_start = .)
 *(SORT_BY_INIT_PRIORITY(.fini_array.*) SORT_BY_INIT_PRIORITY(.dtors.*))
 *(.fini_array EXCLUDE_FILE(*crtend?.o *crtend.o *crtbegin?.o *crtbegin.o) .dtors)
                0x00000000204054f4                PROVIDE (__fini_array_end = .)

.ctors
 *crtbegin.o(.ctors)
 *crtbegin?.o(.ctors)
 *(EXCLUDE_FILE(*crtend?.o *crtend.o) .ctors)
 *(SORT_BY_NAME(.ctors.*))
 *(.ctors)

.dtors
 *crtbegin.o(.dtors)
 *crtbegin?.o(.dtors)
 *(EXCLUDE_FILE(*crtend?.o *crtend.o) .dtors)
 *(SORT_BY_NAME(.dtors.*))
 *(.dtors)

.itim           0x0000000008000000        0x0 load address 0x00000000204054f8
 *(.itim .itim.*)
                0x00000000204054f8                PROVIDE (metal_segment_itim_source_start = LOADADDR (.itim))
                0x0000000008000000                PROVIDE (metal_segment_itim_target_start = ADDR (.itim))
                0x0000000008000000                PROVIDE (metal_segment_itim_target_end = (ADDR (.itim) + SIZEOF (.itim)))

.data           0x0000000080000000      0x770 load address 0x00000000204054f8
 *(.data .data.*)
 .data.impure_data
                0x0000000080000000       0x60 /home/albertojor/riscv64-unknown-elf-gcc-8.3.0-2019.08.0-x86_64-linux-ubuntu14/bin/../lib/gcc/riscv64-unknown-elf/8.3.0/../../../../riscv64-unknown-elf/lib/rv32imac/ilp32/libc_nano.a(lib_a-impure.o)
 .data.__metal_dt_clock_0
                0x0000000080000060        0xc /home/albertojor/GitHub/freedom-e-sdk/bsp/freedom-e310-arty-xmem/install/lib/debug//libmetal.a(libriscv__mmachine__freedom-e310-arty-xmem_a-inline.o)
                0x0000000080000060                __metal_dt_clock_0
 *fill*         0x000000008000006c        0x4 
 .data.__metal_dt_cpu_0_interrupt_controller
                0x0000000080000070      0x3b8 /home/albertojor/GitHub/freedom-e-sdk/bsp/freedom-e310-arty-xmem/install/lib/debug//libmetal.a(libriscv__mmachine__freedom-e310-arty-xmem_a-inline.o)
                0x0000000080000070                __metal_dt_cpu_0_interrupt_controller
 .data.__metal_dt_interrupt_controller_c000000
                0x0000000080000428      0x300 /home/albertojor/GitHub/freedom-e-sdk/bsp/freedom-e310-arty-xmem/install/lib/debug//libmetal.a(libriscv__mmachine__freedom-e310-arty-xmem_a-inline.o)
                0x0000000080000428                __metal_dt_interrupt_controller_c000000
 .data.__metal_dt_serial_10013000
                0x0000000080000728       0x20 /home/albertojor/GitHub/freedom-e-sdk/bsp/freedom-e310-arty-xmem/install/lib/debug//libmetal.a(libriscv__mmachine__freedom-e310-arty-xmem_a-inline.o)
                0x0000000080000728                __metal_dt_serial_10013000
 *(.gnu.linkonce.d.*)
                0x0000000080000748                . = ALIGN (0x8)
                0x0000000080000f48                PROVIDE (__global_pointer$ = (. + 0x800))
 *(.sdata .sdata.* .sdata2.*)
 .sdata._impure_ptr
                0x0000000080000748        0x4 /home/albertojor/riscv64-unknown-elf-gcc-8.3.0-2019.08.0-x86_64-linux-ubuntu14/bin/../lib/gcc/riscv64-unknown-elf/8.3.0/../../../../riscv64-unknown-elf/lib/rv32imac/ilp32/libc_nano.a(lib_a-impure.o)
                0x0000000080000748                _impure_ptr
 .sdata2._global_impure_ptr
                0x000000008000074c        0x4 /home/albertojor/riscv64-unknown-elf-gcc-8.3.0-2019.08.0-x86_64-linux-ubuntu14/bin/../lib/gcc/riscv64-unknown-elf/8.3.0/../../../../riscv64-unknown-elf/lib/rv32imac/ilp32/libc_nano.a(lib_a-impure.o)
                0x000000008000074c                _global_impure_ptr
 .sdata.brk     0x0000000080000750        0x4 /home/albertojor/GitHub/freedom-e-sdk/bsp/freedom-e310-arty-xmem/install/lib/debug//libmetal-gloss.a(sys_sbrk.o)
 .sdata.__metal_cpu_table
                0x0000000080000754        0x4 /home/albertojor/GitHub/freedom-e-sdk/bsp/freedom-e310-arty-xmem/install/lib/debug//libmetal.a(libriscv__mmachine__freedom-e310-arty-xmem_a-synchronize_harts.o)
                0x0000000080000754                __metal_cpu_table
 .sdata.__metal_dt_clint_2000000
                0x0000000080000758        0x8 /home/albertojor/GitHub/freedom-e-sdk/bsp/freedom-e310-arty-xmem/install/lib/debug//libmetal.a(libriscv__mmachine__freedom-e310-arty-xmem_a-inline.o)
                0x0000000080000758                __metal_dt_clint_2000000
 .sdata.__metal_dt_cpu_0
                0x0000000080000760        0x4 /home/albertojor/GitHub/freedom-e-sdk/bsp/freedom-e310-arty-xmem/install/lib/debug//libmetal.a(libriscv__mmachine__freedom-e310-arty-xmem_a-inline.o)
                0x0000000080000760                __metal_dt_cpu_0
 .sdata.__metal_dt_gpio_10012000
                0x0000000080000764        0x4 /home/albertojor/GitHub/freedom-e-sdk/bsp/freedom-e310-arty-xmem/install/lib/debug//libmetal.a(libriscv__mmachine__freedom-e310-arty-xmem_a-inline.o)
                0x0000000080000764                __metal_dt_gpio_10012000
 .sdata2.__metal_driver_vtable_fixed_clock
                0x0000000080000768        0x8 /home/albertojor/GitHub/freedom-e-sdk/bsp/freedom-e310-arty-xmem/install/lib/debug//libmetal.a(libriscv__mmachine__freedom-e310-arty-xmem_a-fixed-clock.o)
                0x0000000080000768                __metal_driver_vtable_fixed_clock
 *(.gnu.linkonce.s.*)
                0x0000000080000770                . = ALIGN (0x8)
 *(.srodata.cst16)
 *(.srodata.cst8)
 *(.srodata.cst4)
 *(.srodata.cst2)
 *(.srodata .srodata.*)
                0x0000000080000770                . = ALIGN (0x8)
 *(.rdata)
 *(.rodata .rodata.*)
 *(.gnu.linkonce.r.*)
                0x00000000204054f8                PROVIDE (metal_segment_data_source_start = LOADADDR (.data))
                0x0000000080000000                PROVIDE (metal_segment_data_target_start = ADDR (.data))
                0x0000000080000770                PROVIDE (metal_segment_data_target_end = (ADDR (.data) + SIZEOF (.data)))

.bss            0x0000000080000770     0x50a4
 *(.sbss*)
 .sbss.__malloc_free_list
                0x0000000080000770        0x4 /home/albertojor/riscv64-unknown-elf-gcc-8.3.0-2019.08.0-x86_64-linux-ubuntu14/bin/../lib/gcc/riscv64-unknown-elf/8.3.0/../../../../riscv64-unknown-elf/lib/rv32imac/ilp32/libc_nano.a(lib_a-nano-mallocr.o)
                0x0000000080000770                __malloc_free_list
 .sbss.__malloc_sbrk_start
                0x0000000080000774        0x4 /home/albertojor/riscv64-unknown-elf-gcc-8.3.0-2019.08.0-x86_64-linux-ubuntu14/bin/../lib/gcc/riscv64-unknown-elf/8.3.0/../../../../riscv64-unknown-elf/lib/rv32imac/ilp32/libc_nano.a(lib_a-nano-mallocr.o)
                0x0000000080000774                __malloc_sbrk_start
 .sbss._global_atexit
                0x0000000080000778        0x4 /home/albertojor/riscv64-unknown-elf-gcc-8.3.0-2019.08.0-x86_64-linux-ubuntu14/bin/../lib/gcc/riscv64-unknown-elf/8.3.0/../../../../riscv64-unknown-elf/lib/rv32imac/ilp32/libc_nano.a(lib_a-__call_atexit.o)
                0x0000000080000778                _global_atexit
 *(.gnu.linkonce.sb.*)
 *(.bss .bss.*)
 .bss.arrHW.2576
                0x000000008000077c     0x2804 /tmp/ccwCgoGm.o
 .bss.resHW.2577
                0x0000000080002f80     0x2804 /tmp/ccwCgoGm.o
 .bss._global_atexit0
                0x0000000080005784       0x8c /home/albertojor/riscv64-unknown-elf-gcc-8.3.0-2019.08.0-x86_64-linux-ubuntu14/bin/../lib/gcc/riscv64-unknown-elf/8.3.0/../../../../riscv64-unknown-elf/lib/rv32imac/ilp32/libc_nano.a(lib_a-__atexit.o)
 *(.gnu.linkonce.b.*)
 *(COMMON)
 COMMON         0x0000000080005810        0x4 /home/albertojor/riscv64-unknown-elf-gcc-8.3.0-2019.08.0-x86_64-linux-ubuntu14/bin/../lib/gcc/riscv64-unknown-elf/8.3.0/../../../../riscv64-unknown-elf/lib/rv32imac/ilp32/libc_nano.a(lib_a-reent.o)
                0x0000000080005810                errno
                0x0000000080000770                PROVIDE (metal_segment_bss_target_start = ADDR (.bss))
                0x0000000080005814                PROVIDE (metal_segment_bss_target_end = (ADDR (.bss) + SIZEOF (.bss)))

.stack          0x0000000080005814      0x400
                [!provide]                        PROVIDE (metal_segment_stack_begin = .)
                0x0000000080005c14                . = (. + __stack_size)
 *fill*         0x0000000080005814      0x400 
                0x0000000080005c14                PROVIDE (_sp = .)
                [!provide]                        PROVIDE (metal_segment_stack_end = .)

.heap           0x0000000080005c14      0x800
                0x0000000080005c14                PROVIDE (metal_segment_heap_target_start = .)
                0x0000000000000800                . = __heap_size
 *fill*         0x0000000080005c14      0x800 
                0x0000000080006414                PROVIDE (metal_segment_heap_target_end = .)
                [!provide]                        PROVIDE (_heap_end = .)
OUTPUT(MyRoCC2 elf32-littleriscv)

.debug_info     0x0000000000000000    0x14162
 .debug_info    0x0000000000000000      0xa58 /tmp/ccwCgoGm.o
 .debug_info    0x0000000000000a58       0x22 /home/albertojor/GitHub/freedom-e-sdk/bsp/freedom-e310-arty-xmem/install/lib/debug//libmetal.a(libriscv__mmachine__freedom-e310-arty-xmem_a-entry.o)
 .debug_info    0x0000000000000a7a       0x26 /home/albertojor/GitHub/freedom-e-sdk/bsp/freedom-e310-arty-xmem/install/lib/debug//libmetal-gloss.a(crt0.o)
 .debug_info    0x0000000000000aa0      0x969 /home/albertojor/GitHub/freedom-e-sdk/bsp/freedom-e310-arty-xmem/install/lib/debug//libmetal-gloss.a(sys_close.o)
 .debug_info    0x0000000000001409      0xbac /home/albertojor/GitHub/freedom-e-sdk/bsp/freedom-e310-arty-xmem/install/lib/debug//libmetal-gloss.a(sys_fstat.o)
 .debug_info    0x0000000000001fb5       0xf4 /home/albertojor/GitHub/freedom-e-sdk/bsp/freedom-e310-arty-xmem/install/lib/debug//libmetal-gloss.a(sys_isatty.o)
 .debug_info    0x00000000000020a9      0x99f /home/albertojor/GitHub/freedom-e-sdk/bsp/freedom-e310-arty-xmem/install/lib/debug//libmetal-gloss.a(sys_lseek.o)
 .debug_info    0x0000000000002a48      0x99f /home/albertojor/GitHub/freedom-e-sdk/bsp/freedom-e310-arty-xmem/install/lib/debug//libmetal-gloss.a(sys_read.o)
 .debug_info    0x00000000000033e7      0x117 /home/albertojor/GitHub/freedom-e-sdk/bsp/freedom-e310-arty-xmem/install/lib/debug//libmetal-gloss.a(sys_sbrk.o)
 .debug_info    0x00000000000034fe      0xa1e /home/albertojor/GitHub/freedom-e-sdk/bsp/freedom-e310-arty-xmem/install/lib/debug//libmetal-gloss.a(sys_write.o)
 .debug_info    0x0000000000003f1c     0x1257 /home/albertojor/GitHub/freedom-e-sdk/bsp/freedom-e310-arty-xmem/install/lib/debug//libmetal.a(libriscv__mmachine__freedom-e310-arty-xmem_a-synchronize_harts.o)
 .debug_info    0x0000000000005173     0x12cb /home/albertojor/GitHub/freedom-e-sdk/bsp/freedom-e310-arty-xmem/install/lib/debug//libmetal.a(libriscv__mmachine__freedom-e310-arty-xmem_a-tty.o)
 .debug_info    0x000000000000643e      0x5de /home/albertojor/GitHub/freedom-e-sdk/bsp/freedom-e310-arty-xmem/install/lib/debug//libmetal.a(libriscv__mmachine__freedom-e310-arty-xmem_a-uart.o)
 .debug_info    0x0000000000006a1c     0x123d /home/albertojor/GitHub/freedom-e-sdk/bsp/freedom-e310-arty-xmem/install/lib/debug//libmetal.a(libriscv__mmachine__freedom-e310-arty-xmem_a-inline.o)
 .debug_info    0x0000000000007c59     0x18e6 /home/albertojor/GitHub/freedom-e-sdk/bsp/freedom-e310-arty-xmem/install/lib/debug//libmetal.a(libriscv__mmachine__freedom-e310-arty-xmem_a-riscv_clint0.o)
 .debug_info    0x000000000000953f     0x271f /home/albertojor/GitHub/freedom-e-sdk/bsp/freedom-e310-arty-xmem/install/lib/debug//libmetal.a(libriscv__mmachine__freedom-e310-arty-xmem_a-riscv_cpu.o)
 .debug_info    0x000000000000bc5e     0x1788 /home/albertojor/GitHub/freedom-e-sdk/bsp/freedom-e310-arty-xmem/install/lib/debug//libmetal.a(libriscv__mmachine__freedom-e310-arty-xmem_a-riscv_plic0.o)
 .debug_info    0x000000000000d3e6     0x1717 /home/albertojor/GitHub/freedom-e-sdk/bsp/freedom-e310-arty-xmem/install/lib/debug//libmetal.a(libriscv__mmachine__freedom-e310-arty-xmem_a-sifive_gpio0.o)
 .debug_info    0x000000000000eafd     0x1786 /home/albertojor/GitHub/freedom-e-sdk/bsp/freedom-e310-arty-xmem/install/lib/debug//libmetal.a(libriscv__mmachine__freedom-e310-arty-xmem_a-sifive_uart0.o)
 .debug_info    0x0000000000010283      0x2c7 /home/albertojor/GitHub/freedom-e-sdk/bsp/freedom-e310-arty-xmem/install/lib/debug//libmetal.a(libriscv__mmachine__freedom-e310-arty-xmem_a-clock.o)
 .debug_info    0x000000000001054a     0x15c6 /home/albertojor/GitHub/freedom-e-sdk/bsp/freedom-e310-arty-xmem/install/lib/debug//libmetal.a(libriscv__mmachine__freedom-e310-arty-xmem_a-cpu.o)
 .debug_info    0x0000000000011b10     0x1302 /home/albertojor/GitHub/freedom-e-sdk/bsp/freedom-e310-arty-xmem/install/lib/debug//libmetal.a(libriscv__mmachine__freedom-e310-arty-xmem_a-shutdown.o)
 .debug_info    0x0000000000012e12       0x26 /home/albertojor/GitHub/freedom-e-sdk/bsp/freedom-e310-arty-xmem/install/lib/debug//libmetal.a(libriscv__mmachine__freedom-e310-arty-xmem_a-vector.o)
 .debug_info    0x0000000000012e38     0x12db /home/albertojor/GitHub/freedom-e-sdk/bsp/freedom-e310-arty-xmem/install/lib/debug//libmetal.a(libriscv__mmachine__freedom-e310-arty-xmem_a-fixed-clock.o)
 .debug_info    0x0000000000014113       0x4f /home/albertojor/GitHub/freedom-e-sdk/bsp/freedom-e310-arty-xmem/install/lib/debug//libmetal-gloss.a(sys_exit.o)

.debug_abbrev   0x0000000000000000     0x26af
 .debug_abbrev  0x0000000000000000      0x1db /tmp/ccwCgoGm.o
 .debug_abbrev  0x00000000000001db       0x12 /home/albertojor/GitHub/freedom-e-sdk/bsp/freedom-e310-arty-xmem/install/lib/debug//libmetal.a(libriscv__mmachine__freedom-e310-arty-xmem_a-entry.o)
 .debug_abbrev  0x00000000000001ed       0x14 /home/albertojor/GitHub/freedom-e-sdk/bsp/freedom-e310-arty-xmem/install/lib/debug//libmetal-gloss.a(crt0.o)
 .debug_abbrev  0x0000000000000201      0x1a9 /home/albertojor/GitHub/freedom-e-sdk/bsp/freedom-e310-arty-xmem/install/lib/debug//libmetal-gloss.a(sys_close.o)
 .debug_abbrev  0x00000000000003aa      0x1bc /home/albertojor/GitHub/freedom-e-sdk/bsp/freedom-e310-arty-xmem/install/lib/debug//libmetal-gloss.a(sys_fstat.o)
 .debug_abbrev  0x0000000000000566       0x73 /home/albertojor/GitHub/freedom-e-sdk/bsp/freedom-e310-arty-xmem/install/lib/debug//libmetal-gloss.a(sys_isatty.o)
 .debug_abbrev  0x00000000000005d9      0x1ba /home/albertojor/GitHub/freedom-e-sdk/bsp/freedom-e310-arty-xmem/install/lib/debug//libmetal-gloss.a(sys_lseek.o)
 .debug_abbrev  0x0000000000000793      0x1ba /home/albertojor/GitHub/freedom-e-sdk/bsp/freedom-e310-arty-xmem/install/lib/debug//libmetal-gloss.a(sys_read.o)
 .debug_abbrev  0x000000000000094d       0xb8 /home/albertojor/GitHub/freedom-e-sdk/bsp/freedom-e310-arty-xmem/install/lib/debug//libmetal-gloss.a(sys_sbrk.o)
 .debug_abbrev  0x0000000000000a05      0x1ec /home/albertojor/GitHub/freedom-e-sdk/bsp/freedom-e310-arty-xmem/install/lib/debug//libmetal-gloss.a(sys_write.o)
 .debug_abbrev  0x0000000000000bf1      0x192 /home/albertojor/GitHub/freedom-e-sdk/bsp/freedom-e310-arty-xmem/install/lib/debug//libmetal.a(libriscv__mmachine__freedom-e310-arty-xmem_a-synchronize_harts.o)
 .debug_abbrev  0x0000000000000d83      0x1dd /home/albertojor/GitHub/freedom-e-sdk/bsp/freedom-e310-arty-xmem/install/lib/debug//libmetal.a(libriscv__mmachine__freedom-e310-arty-xmem_a-tty.o)
 .debug_abbrev  0x0000000000000f60      0x10c /home/albertojor/GitHub/freedom-e-sdk/bsp/freedom-e310-arty-xmem/install/lib/debug//libmetal.a(libriscv__mmachine__freedom-e310-arty-xmem_a-uart.o)
 .debug_abbrev  0x000000000000106c      0x176 /home/albertojor/GitHub/freedom-e-sdk/bsp/freedom-e310-arty-xmem/install/lib/debug//libmetal.a(libriscv__mmachine__freedom-e310-arty-xmem_a-inline.o)
 .debug_abbrev  0x00000000000011e2      0x294 /home/albertojor/GitHub/freedom-e-sdk/bsp/freedom-e310-arty-xmem/install/lib/debug//libmetal.a(libriscv__mmachine__freedom-e310-arty-xmem_a-riscv_clint0.o)
 .debug_abbrev  0x0000000000001476      0x36c /home/albertojor/GitHub/freedom-e-sdk/bsp/freedom-e310-arty-xmem/install/lib/debug//libmetal.a(libriscv__mmachine__freedom-e310-arty-xmem_a-riscv_cpu.o)
 .debug_abbrev  0x00000000000017e2      0x266 /home/albertojor/GitHub/freedom-e-sdk/bsp/freedom-e310-arty-xmem/install/lib/debug//libmetal.a(libriscv__mmachine__freedom-e310-arty-xmem_a-riscv_plic0.o)
 .debug_abbrev  0x0000000000001a48      0x241 /home/albertojor/GitHub/freedom-e-sdk/bsp/freedom-e310-arty-xmem/install/lib/debug//libmetal.a(libriscv__mmachine__freedom-e310-arty-xmem_a-sifive_gpio0.o)